CONFIG_LOADED baseUrl=https://procon.ptit.edu.vn matchId=m-3266 plannerMode=ANYTIME_INTENT_AWARE PROCON_TOKEN=<set>
SETUP_WAITING matchId=m-3266
SETUP_RECEIVED matchId=m-3266 agents=4 days=4
ASSIGNMENT_SUBMITTED matchId=m-3266 agents=4
ASSIGNMENT_ACCEPTED matchId=m-3266 agents=4
MATCH_STARTED matchId=m-3266
DAY_STATE_RECEIVED matchId=m-3266 day=0 agents=4
TEAM_REFUEL_NO_ASSIGN day=0 reason=NO_POSITIVE_TEAM_VALUE
TEAM_TARGET_SELECT day=0 iteration=1 agent=0 target=62 brand=numeric:1 teamNewBrand=true steps=8 fuel=4
TEAM_TARGET_SELECT day=0 iteration=2 agent=1 target=5 brand=numeric:0 teamNewBrand=true steps=9 fuel=6
TEAM_TARGET_SELECT day=0 iteration=3 agent=2 target=11 brand=numeric:3 teamNewBrand=false steps=4 fuel=5
TEAM_TARGET_SELECT day=0 iteration=4 agent=2 target=1 brand=numeric:0 teamNewBrand=false steps=4 fuel=2
TEAM_TARGET_SELECT day=0 iteration=5 agent=0 target=38 brand=numeric:2 teamNewBrand=false steps=6 fuel=3
TEAM_TARGET_SELECT day=0 iteration=6 agent=0 target=5 brand=numeric:0 teamNewBrand=false steps=7 fuel=5
TEAM_TARGET_SELECT day=0 iteration=7 agent=2 target=49 brand=numeric:1 teamNewBrand=false steps=11 fuel=7
TEAM_TARGET_SELECT day=0 iteration=8 agent=2 target=40 brand=numeric:2 teamNewBrand=false steps=4 fuel=2
TEAM_TARGET_SELECT day=0 iteration=9 agent=1 target=49 brand=numeric:1 teamNewBrand=false steps=13 fuel=8
TEAM_TARGET_SELECT day=0 iteration=10 agent=1 target=59 brand=numeric:3 teamNewBrand=false steps=4 fuel=2
TEAM_TARGET_SELECT day=0 iteration=11 agent=0 target=1 brand=numeric:0 teamNewBrand=false steps=9 fuel=5
TEAM_PLAN_VALID day=0
ANYTIME_HARVEST_START day=0 incumbentBrands=4 incumbentUdon=13 budget=64
ANYTIME_HARVEST_IMPROVEMENT day=0 brands=4 udon=14 expanded=31
ANYTIME_HARVEST_IMPROVEMENT day=0 brands=4 udon=14 expanded=35
ANYTIME_HARVEST_DONE day=0 brands=4 udon=14 expanded=64 coverageExpanded=2 harvestExpanded=62 generatedCandidates=224 retainedCandidates=131 prunedByTopK=93 improvements=2 safeProjected=0 tiedProjected=0 contestedProjected=0 unobservedProjected=0 stronglyContestedProjected=0 budgetExhausted=true
OPPONENT_INTENT_SUMMARY day=0 groups=1 observedAgents=4 collectionEligibleAgents=3 stockedSpots=8 physicalPairsAllObserved=32 physicalPairsCollectionEligible=24 retainedIntentTargets=9 forecastClaims=9
OPPONENT_OBSERVED_AGENT groupRawId=1 agentIndex=0 rawKind=0 collectionEligible=true physicallyReachableSpots=8 collectorIntentTargets=3
OPPONENT_OBSERVED_AGENT groupRawId=1 agentIndex=1 rawKind=0 collectionEligible=true physicallyReachableSpots=8 collectorIntentTargets=3
OPPONENT_OBSERVED_AGENT groupRawId=1 agentIndex=2 rawKind=0 collectionEligible=true physicallyReachableSpots=8 collectorIntentTargets=3
OPPONENT_OBSERVED_AGENT groupRawId=1 agentIndex=3 rawKind=1 collectionEligible=false physicallyReachableSpots=8 collectorIntentTargets=0
OPPONENT_INTENT_TARGET groupRawId=1 agentIndex=0 rawKind=0 collectionEligible=true spot=59 rank=PRIMARY travelSteps=2 pressureUnits=3 forecastArrivalStep=2
OPPONENT_INTENT_TARGET groupRawId=1 agentIndex=0 rawKind=0 collectionEligible=true spot=49 rank=SECONDARY travelSteps=2 pressureUnits=2 forecastArrivalStep=4
OPPONENT_INTENT_TARGET groupRawId=1 agentIndex=0 rawKind=0 collectionEligible=true spot=40 rank=TERTIARY travelSteps=6 pressureUnits=1 forecastArrivalStep=10
OPPONENT_INTENT_TARGET groupRawId=1 agentIndex=1 rawKind=0 collectionEligible=true spot=38 rank=PRIMARY travelSteps=2 pressureUnits=3 forecastArrivalStep=2
OPPONENT_INTENT_TARGET groupRawId=1 agentIndex=1 rawKind=0 collectionEligible=true spot=62 rank=SECONDARY travelSteps=4 pressureUnits=2 forecastArrivalStep=6
OPPONENT_INTENT_TARGET groupRawId=1 agentIndex=1 rawKind=0 collectionEligible=true spot=5 rank=TERTIARY travelSteps=9 pressureUnits=1 forecastArrivalStep=15
OPPONENT_INTENT_TARGET groupRawId=1 agentIndex=2 rawKind=0 collectionEligible=true spot=11 rank=PRIMARY travelSteps=4 pressureUnits=3 forecastArrivalStep=4
OPPONENT_INTENT_TARGET groupRawId=1 agentIndex=2 rawKind=0 collectionEligible=true spot=59 rank=SECONDARY travelSteps=6 pressureUnits=2 forecastArrivalStep=10
OPPONENT_INTENT_TARGET groupRawId=1 agentIndex=2 rawKind=0 collectionEligible=true spot=38 rank=TERTIARY travelSteps=6 pressureUnits=1 forecastArrivalStep=16
INTENT_STOCK_PRESSURE spot=5 currentStock=3 forecastClaims=1 earliestClaimStep=15 pressureUnits=1
INTENT_STOCK_PRESSURE spot=11 currentStock=1 forecastClaims=1 earliestClaimStep=4 pressureUnits=3
INTENT_STOCK_PRESSURE spot=38 currentStock=2 forecastClaims=2 earliestClaimStep=2 pressureUnits=4
INTENT_STOCK_PRESSURE spot=40 currentStock=1 forecastClaims=1 earliestClaimStep=10 pressureUnits=1
INTENT_STOCK_PRESSURE spot=49 currentStock=2 forecastClaims=1 earliestClaimStep=4 pressureUnits=2
INTENT_STOCK_PRESSURE spot=59 currentStock=4 forecastClaims=2 earliestClaimStep=2 pressureUnits=5
INTENT_STOCK_PRESSURE spot=62 currentStock=1 forecastClaims=1 earliestClaimStep=6 pressureUnits=2
ANYTIME_INTENT_AWARE_START day=0 incumbentLocalBrands=4 incumbentForecastBrands=4 incumbentRawUdon=14 incumbentForecastRealizable=10 incumbentIntentScore=34 budget=64
ANYTIME_INTENT_AWARE_DONE day=0 localBrands=4 forecastBrands=4 rawUdon=14 intentAdjustedScore=34 forecastRealizableCollections=10 likelyClaimedFirst=4 tieCollections=3 unforecastedCollections=3 expanded=64 completedPlans=65 improvements=0 budgetExhausted=true
LOCAL_PLAN_VALID matchId=m-3266 day=0 mode=IntentAwareAnytimePlanner
ACTIONS_SUBMITTED matchId=m-3266 day=0
UDON_OBSERVABILITY matchId=m-3266 day=0 predictedDayUdon=14 authoritativeActual=UNAVAILABLE
ACTIONS_ACCEPTED matchId=m-3266 day=0
DAY_STATE_RECEIVED matchId=m-3266 day=0 agents=4
DAY_STATE_RECEIVED matchId=m-3266 day=0 agents=4
DAY_STATE_RECEIVED matchId=m-3266 day=0 agents=4
DAY_STATE_RECEIVED matchId=m-3266 day=0 agents=4
DAY_STATE_RECEIVED matchId=m-3266 day=0 agents=4
DAY_STATE_RECEIVED matchId=m-3266 day=0 agents=4
DAY_STATE_RECEIVED matchId=m-3266 day=0 agents=4
DAY_STATE_RECEIVED matchId=m-3266 day=0 agents=4
DAY_STATE_RECEIVED matchId=m-3266 day=0 agents=4
DAY_STATE_RECEIVED matchId=m-3266 day=0 agents=4
DAY_STATE_RECEIVED matchId=m-3266 day=0 agents=4
DAY_STATE_RECEIVED matchId=m-3266 day=0 agents=4
DAY_STATE_RECEIVED matchId=m-3266 day=0 agents=4
DAY_STATE_RECEIVED matchId=m-3266 day=0 agents=4
DAY_STATE_RECEIVED matchId=m-3266 day=0 agents=4
DAY_STATE_RECEIVED matchId=m-3266 day=0 agents=4
DAY_STATE_RECEIVED matchId=m-3266 day=0 agents=4
DAY_STATE_RECEIVED matchId=m-3266 day=1 agents=4
PARITY_OBSERVED matchId=m-3266 day=0 position=MATCH patrolFuel=MATCH
DAY_ADVANCED matchId=m-3266 from=0 to=1
TEAM_REFUEL_NO_ASSIGN day=1 reason=NO_POSITIVE_TEAM_VALUE
TEAM_TARGET_SELECT day=1 iteration=1 agent=0 target=11 brand=numeric:3 teamNewBrand=true steps=4 fuel=2
TEAM_TARGET_SELECT day=1 iteration=2 agent=1 target=59 brand=numeric:3 teamNewBrand=false steps=4 fuel=2
TEAM_TARGET_SELECT day=1 iteration=3 agent=2 target=49 brand=numeric:1 teamNewBrand=false steps=4 fuel=2
TEAM_TARGET_SELECT day=1 iteration=4 agent=2 target=59 brand=numeric:3 teamNewBrand=false steps=4 fuel=2
TEAM_TARGET_SELECT day=1 iteration=5 agent=0 target=38 brand=numeric:2 teamNewBrand=false steps=7 fuel=8
TEAM_TARGET_SELECT day=1 iteration=6 agent=0 target=62 brand=numeric:1 teamNewBrand=false steps=6 fuel=3
TEAM_TARGET_SELECT day=1 iteration=7 agent=1 target=38 brand=numeric:2 teamNewBrand=false steps=10 fuel=5
TEAM_TARGET_SELECT day=1 iteration=8 agent=1 target=5 brand=numeric:0 teamNewBrand=false steps=7 fuel=5
TEAM_TARGET_SELECT day=1 iteration=9 agent=2 target=1 brand=numeric:0 teamNewBrand=false steps=13 fuel=8
TEAM_TARGET_SELECT day=1 iteration=10 agent=0 target=59 brand=numeric:3 teamNewBrand=false steps=6 fuel=3
TEAM_TARGET_SELECT day=1 iteration=11 agent=1 target=1 brand=numeric:0 teamNewBrand=false steps=9 fuel=5
TEAM_TARGET_SELECT day=1 iteration=12 agent=2 target=5 brand=numeric:0 teamNewBrand=false steps=9 fuel=5
TEAM_PLAN_VALID day=1
ANYTIME_HARVEST_START day=1 incumbentBrands=4 incumbentUdon=15 budget=64
ANYTIME_HARVEST_IMPROVEMENT day=1 brands=4 udon=15 expanded=12
ANYTIME_HARVEST_DONE day=1 brands=4 udon=15 expanded=64 coverageExpanded=1 harvestExpanded=63 generatedCandidates=186 retainedCandidates=130 prunedByTopK=56 improvements=1 safeProjected=0 tiedProjected=0 contestedProjected=0 unobservedProjected=0 stronglyContestedProjected=0 budgetExhausted=true
OPPONENT_INTENT_SUMMARY day=1 groups=1 observedAgents=4 collectionEligibleAgents=3 stockedSpots=8 physicalPairsAllObserved=32 physicalPairsCollectionEligible=24 retainedIntentTargets=9 forecastClaims=8
OPPONENT_OBSERVED_AGENT groupRawId=1 agentIndex=0 rawKind=0 collectionEligible=true physicallyReachableSpots=8 collectorIntentTargets=3
OPPONENT_OBSERVED_AGENT groupRawId=1 agentIndex=1 rawKind=0 collectionEligible=true physicallyReachableSpots=8 collectorIntentTargets=3
OPPONENT_OBSERVED_AGENT groupRawId=1 agentIndex=2 rawKind=0 collectionEligible=true physicallyReachableSpots=8 collectorIntentTargets=3
OPPONENT_OBSERVED_AGENT groupRawId=1 agentIndex=3 rawKind=1 collectionEligible=false physicallyReachableSpots=8 collectorIntentTargets=0
OPPONENT_INTENT_TARGET groupRawId=1 agentIndex=0 rawKind=0 collectionEligible=true spot=38 rank=PRIMARY travelSteps=0 pressureUnits=3 forecastArrivalStep=0
OPPONENT_INTENT_TARGET groupRawId=1 agentIndex=0 rawKind=0 collectionEligible=true spot=62 rank=SECONDARY travelSteps=6 pressureUnits=2 forecastArrivalStep=6
OPPONENT_INTENT_TARGET groupRawId=1 agentIndex=0 rawKind=0 collectionEligible=true spot=5 rank=TERTIARY travelSteps=7 pressureUnits=1 forecastArrivalStep=13
OPPONENT_INTENT_TARGET groupRawId=1 agentIndex=1 rawKind=0 collectionEligible=true spot=49 rank=PRIMARY travelSteps=0 pressureUnits=3 forecastArrivalStep=0
OPPONENT_INTENT_TARGET groupRawId=1 agentIndex=1 rawKind=0 collectionEligible=true spot=59 rank=SECONDARY travelSteps=4 pressureUnits=2 forecastArrivalStep=4
OPPONENT_INTENT_TARGET groupRawId=1 agentIndex=1 rawKind=0 collectionEligible=true spot=40 rank=TERTIARY travelSteps=4 pressureUnits=1 forecastArrivalStep=8
OPPONENT_INTENT_TARGET groupRawId=1 agentIndex=2 rawKind=0 collectionEligible=true spot=59 rank=PRIMARY travelSteps=0 pressureUnits=3 forecastArrivalStep=0
OPPONENT_INTENT_TARGET groupRawId=1 agentIndex=2 rawKind=0 collectionEligible=true spot=49 rank=SECONDARY travelSteps=4 pressureUnits=2 forecastArrivalStep=4
OPPONENT_INTENT_TARGET groupRawId=1 agentIndex=2 rawKind=0 collectionEligible=true spot=62 rank=TERTIARY travelSteps=6 pressureUnits=1 forecastArrivalStep=UNCLAIMED
INTENT_STOCK_PRESSURE spot=5 currentStock=3 forecastClaims=1 earliestClaimStep=13 pressureUnits=1
INTENT_STOCK_PRESSURE spot=38 currentStock=2 forecastClaims=1 earliestClaimStep=0 pressureUnits=3
INTENT_STOCK_PRESSURE spot=40 currentStock=1 forecastClaims=1 earliestClaimStep=8 pressureUnits=1
INTENT_STOCK_PRESSURE spot=49 currentStock=2 forecastClaims=2 earliestClaimStep=0 pressureUnits=5
INTENT_STOCK_PRESSURE spot=59 currentStock=4 forecastClaims=2 earliestClaimStep=0 pressureUnits=5
INTENT_STOCK_PRESSURE spot=62 currentStock=1 forecastClaims=1 earliestClaimStep=6 pressureUnits=3
ANYTIME_INTENT_AWARE_START day=1 incumbentLocalBrands=4 incumbentForecastBrands=4 incumbentRawUdon=15 incumbentForecastRealizable=10 incumbentIntentScore=36 budget=64
ANYTIME_INTENT_AWARE_IMPROVEMENT day=1 localBrands=4 forecastBrands=4 rawUdon=10 forecastRealizableCollections=10 intentAdjustedScore=38 expanded=8
ANYTIME_INTENT_AWARE_IMPROVEMENT day=1 localBrands=4 forecastBrands=4 rawUdon=11 forecastRealizableCollections=11 intentAdjustedScore=42 expanded=9
ANYTIME_INTENT_AWARE_IMPROVEMENT day=1 localBrands=4 forecastBrands=4 rawUdon=12 forecastRealizableCollections=11 intentAdjustedScore=42 expanded=10
ANYTIME_INTENT_AWARE_IMPROVEMENT day=1 localBrands=4 forecastBrands=4 rawUdon=13 forecastRealizableCollections=11 intentAdjustedScore=42 expanded=11
ANYTIME_INTENT_AWARE_IMPROVEMENT day=1 localBrands=4 forecastBrands=4 rawUdon=13 forecastRealizableCollections=11 intentAdjustedScore=42 expanded=15
ANYTIME_INTENT_AWARE_IMPROVEMENT day=1 localBrands=4 forecastBrands=4 rawUdon=13 forecastRealizableCollections=11 intentAdjustedScore=42 expanded=25
ANYTIME_INTENT_AWARE_IMPROVEMENT day=1 localBrands=4 forecastBrands=4 rawUdon=13 forecastRealizableCollections=11 intentAdjustedScore=42 expanded=27
ANYTIME_INTENT_AWARE_IMPROVEMENT day=1 localBrands=4 forecastBrands=4 rawUdon=13 forecastRealizableCollections=11 intentAdjustedScore=42 expanded=39
ANYTIME_INTENT_AWARE_DONE day=1 localBrands=4 forecastBrands=4 rawUdon=13 intentAdjustedScore=42 forecastRealizableCollections=11 likelyClaimedFirst=2 tieCollections=1 unforecastedCollections=4 expanded=64 completedPlans=65 improvements=8 budgetExhausted=true
LOCAL_PLAN_VALID matchId=m-3266 day=1 mode=IntentAwareAnytimePlanner
ACTIONS_SUBMITTED matchId=m-3266 day=1
UDON_OBSERVABILITY matchId=m-3266 day=1 predictedDayUdon=13 authoritativeActual=UNAVAILABLE
ACTIONS_ACCEPTED matchId=m-3266 day=1
DAY_STATE_RECEIVED matchId=m-3266 day=1 agents=4
DAY_STATE_RECEIVED matchId=m-3266 day=1 agents=4
DAY_STATE_RECEIVED matchId=m-3266 day=1 agents=4
DAY_STATE_RECEIVED matchId=m-3266 day=1 agents=4
DAY_STATE_RECEIVED matchId=m-3266 day=1 agents=4
DAY_STATE_RECEIVED matchId=m-3266 day=1 agents=4
DAY_STATE_RECEIVED matchId=m-3266 day=1 agents=4
DAY_STATE_RECEIVED matchId=m-3266 day=1 agents=4
DAY_STATE_RECEIVED matchId=m-3266 day=1 agents=4
DAY_STATE_RECEIVED matchId=m-3266 day=1 agents=4
DAY_STATE_RECEIVED matchId=m-3266 day=1 agents=4
DAY_STATE_RECEIVED matchId=m-3266 day=1 agents=4
DAY_STATE_RECEIVED matchId=m-3266 day=1 agents=4
DAY_STATE_RECEIVED matchId=m-3266 day=1 agents=4
DAY_STATE_RECEIVED matchId=m-3266 day=1 agents=4
DAY_STATE_RECEIVED matchId=m-3266 day=1 agents=4
DAY_STATE_RECEIVED matchId=m-3266 day=1 agents=4
DAY_STATE_RECEIVED matchId=m-3266 day=1 agents=4
DAY_STATE_RECEIVED matchId=m-3266 day=2 agents=4
PARITY_OBSERVED matchId=m-3266 day=1 position=MATCH patrolFuel=MATCH
DAY_ADVANCED matchId=m-3266 from=1 to=2
TEAM_REFUEL_NO_ASSIGN day=2 reason=NO_POSITIVE_TEAM_VALUE
TEAM_TARGET_SELECT day=2 iteration=1 agent=1 target=38 brand=numeric:2 teamNewBrand=true steps=6 fuel=3
TEAM_TARGET_SELECT day=2 iteration=2 agent=0 target=49 brand=numeric:1 teamNewBrand=false steps=4 fuel=2
TEAM_TARGET_SELECT day=2 iteration=3 agent=0 target=40 brand=numeric:2 teamNewBrand=false steps=4 fuel=2
TEAM_TARGET_SELECT day=2 iteration=4 agent=2 target=11 brand=numeric:3 teamNewBrand=false steps=7 fuel=4
TEAM_TARGET_SELECT day=2 iteration=5 agent=1 target=5 brand=numeric:0 teamNewBrand=false steps=7 fuel=5
TEAM_TARGET_SELECT day=2 iteration=6 agent=2 target=38 brand=numeric:2 teamNewBrand=false steps=7 fuel=8
TEAM_TARGET_SELECT day=2 iteration=7 agent=2 target=49 brand=numeric:1 teamNewBrand=false steps=12 fuel=6
TEAM_TARGET_SELECT day=2 iteration=8 agent=0 target=1 brand=numeric:0 teamNewBrand=false steps=13 fuel=8
TEAM_TARGET_SELECT day=2 iteration=9 agent=1 target=59 brand=numeric:3 teamNewBrand=false steps=13 fuel=8
TEAM_TARGET_SELECT day=2 iteration=10 agent=2 target=59 brand=numeric:3 teamNewBrand=false steps=4 fuel=2
TEAM_TARGET_SELECT day=2 iteration=11 agent=0 target=5 brand=numeric:0 teamNewBrand=false steps=9 fuel=5
TEAM_PLAN_VALID day=2
ANYTIME_HARVEST_START day=2 incumbentBrands=4 incumbentUdon=14 budget=64
ANYTIME_HARVEST_IMPROVEMENT day=2 brands=4 udon=14 expanded=16
ANYTIME_HARVEST_IMPROVEMENT day=2 brands=4 udon=14 expanded=18
ANYTIME_HARVEST_DONE day=2 brands=4 udon=14 expanded=64 coverageExpanded=1 harvestExpanded=63 generatedCandidates=198 retainedCandidates=122 prunedByTopK=76 improvements=2 safeProjected=0 tiedProjected=0 contestedProjected=0 unobservedProjected=0 stronglyContestedProjected=0 budgetExhausted=true
OPPONENT_INTENT_SUMMARY day=2 groups=1 observedAgents=4 collectionEligibleAgents=3 stockedSpots=8 physicalPairsAllObserved=32 physicalPairsCollectionEligible=24 retainedIntentTargets=9 forecastClaims=9
OPPONENT_OBSERVED_AGENT groupRawId=1 agentIndex=0 rawKind=0 collectionEligible=true physicallyReachableSpots=8 collectorIntentTargets=3
OPPONENT_OBSERVED_AGENT groupRawId=1 agentIndex=1 rawKind=0 collectionEligible=true physicallyReachableSpots=8 collectorIntentTargets=3
OPPONENT_OBSERVED_AGENT groupRawId=1 agentIndex=2 rawKind=0 collectionEligible=true physicallyReachableSpots=8 collectorIntentTargets=3
OPPONENT_OBSERVED_AGENT groupRawId=1 agentIndex=3 rawKind=1 collectionEligible=false physicallyReachableSpots=8 collectorIntentTargets=0
OPPONENT_INTENT_TARGET groupRawId=1 agentIndex=0 rawKind=0 collectionEligible=true spot=49 rank=PRIMARY travelSteps=0 pressureUnits=3 forecastArrivalStep=0
OPPONENT_INTENT_TARGET groupRawId=1 agentIndex=0 rawKind=0 collectionEligible=true spot=59 rank=SECONDARY travelSteps=4 pressureUnits=2 forecastArrivalStep=4
OPPONENT_INTENT_TARGET groupRawId=1 agentIndex=0 rawKind=0 collectionEligible=true spot=40 rank=TERTIARY travelSteps=4 pressureUnits=1 forecastArrivalStep=8
OPPONENT_INTENT_TARGET groupRawId=1 agentIndex=1 rawKind=0 collectionEligible=true spot=38 rank=PRIMARY travelSteps=0 pressureUnits=3 forecastArrivalStep=0
OPPONENT_INTENT_TARGET groupRawId=1 agentIndex=1 rawKind=0 collectionEligible=true spot=62 rank=SECONDARY travelSteps=6 pressureUnits=2 forecastArrivalStep=6
OPPONENT_INTENT_TARGET groupRawId=1 agentIndex=1 rawKind=0 collectionEligible=true spot=5 rank=TERTIARY travelSteps=7 pressureUnits=1 forecastArrivalStep=13
OPPONENT_INTENT_TARGET groupRawId=1 agentIndex=2 rawKind=0 collectionEligible=true spot=5 rank=PRIMARY travelSteps=0 pressureUnits=3 forecastArrivalStep=0
OPPONENT_INTENT_TARGET groupRawId=1 agentIndex=2 rawKind=0 collectionEligible=true spot=38 rank=SECONDARY travelSteps=7 pressureUnits=2 forecastArrivalStep=7
OPPONENT_INTENT_TARGET groupRawId=1 agentIndex=2 rawKind=0 collectionEligible=true spot=11 rank=TERTIARY travelSteps=7 pressureUnits=1 forecastArrivalStep=14
INTENT_STOCK_PRESSURE spot=5 currentStock=3 forecastClaims=2 earliestClaimStep=0 pressureUnits=4
INTENT_STOCK_PRESSURE spot=11 currentStock=1 forecastClaims=1 earliestClaimStep=14 pressureUnits=1
INTENT_STOCK_PRESSURE spot=38 currentStock=2 forecastClaims=2 earliestClaimStep=0 pressureUnits=5
INTENT_STOCK_PRESSURE spot=40 currentStock=1 forecastClaims=1 earliestClaimStep=8 pressureUnits=1
INTENT_STOCK_PRESSURE spot=49 currentStock=2 forecastClaims=1 earliestClaimStep=0 pressureUnits=3
INTENT_STOCK_PRESSURE spot=59 currentStock=4 forecastClaims=1 earliestClaimStep=4 pressureUnits=2
INTENT_STOCK_PRESSURE spot=62 currentStock=1 forecastClaims=1 earliestClaimStep=6 pressureUnits=2
ANYTIME_INTENT_AWARE_START day=2 incumbentLocalBrands=4 incumbentForecastBrands=4 incumbentRawUdon=14 incumbentForecastRealizable=11 incumbentIntentScore=38 budget=64
ANYTIME_INTENT_AWARE_IMPROVEMENT day=2 localBrands=4 forecastBrands=4 rawUdon=11 forecastRealizableCollections=11 intentAdjustedScore=42 expanded=9
ANYTIME_INTENT_AWARE_IMPROVEMENT day=2 localBrands=4 forecastBrands=4 rawUdon=12 forecastRealizableCollections=11 intentAdjustedScore=42 expanded=10
ANYTIME_INTENT_AWARE_IMPROVEMENT day=2 localBrands=4 forecastBrands=4 rawUdon=13 forecastRealizableCollections=11 intentAdjustedScore=42 expanded=11
ANYTIME_INTENT_AWARE_IMPROVEMENT day=2 localBrands=4 forecastBrands=4 rawUdon=13 forecastRealizableCollections=11 intentAdjustedScore=42 expanded=20
ANYTIME_INTENT_AWARE_DONE day=2 localBrands=4 forecastBrands=4 rawUdon=13 intentAdjustedScore=42 forecastRealizableCollections=11 likelyClaimedFirst=2 tieCollections=1 unforecastedCollections=3 expanded=64 completedPlans=65 improvements=4 budgetExhausted=true
LOCAL_PLAN_VALID matchId=m-3266 day=2 mode=IntentAwareAnytimePlanner
ACTIONS_SUBMITTED matchId=m-3266 day=2
UDON_OBSERVABILITY matchId=m-3266 day=2 predictedDayUdon=13 authoritativeActual=UNAVAILABLE
ACTIONS_ACCEPTED matchId=m-3266 day=2
DAY_STATE_RECEIVED matchId=m-3266 day=2 agents=4
DAY_STATE_RECEIVED matchId=m-3266 day=2 agents=4
DAY_STATE_RECEIVED matchId=m-3266 day=2 agents=4
DAY_STATE_RECEIVED matchId=m-3266 day=2 agents=4
DAY_STATE_RECEIVED matchId=m-3266 day=2 agents=4
DAY_STATE_RECEIVED matchId=m-3266 day=2 agents=4
DAY_STATE_RECEIVED matchId=m-3266 day=2 agents=4
DAY_STATE_RECEIVED matchId=m-3266 day=2 agents=4
DAY_STATE_RECEIVED matchId=m-3266 day=2 agents=4
DAY_STATE_RECEIVED matchId=m-3266 day=2 agents=4
DAY_STATE_RECEIVED matchId=m-3266 day=2 agents=4
DAY_STATE_RECEIVED matchId=m-3266 day=2 agents=4
DAY_STATE_RECEIVED matchId=m-3266 day=2 agents=4
DAY_STATE_RECEIVED matchId=m-3266 day=2 agents=4
DAY_STATE_RECEIVED matchId=m-3266 day=2 agents=4
DAY_STATE_RECEIVED matchId=m-3266 day=2 agents=4
DAY_STATE_RECEIVED matchId=m-3266 day=2 agents=4
DAY_STATE_RECEIVED matchId=m-3266 day=3 agents=4
PARITY_OBSERVED matchId=m-3266 day=2 position=MATCH patrolFuel=MATCH
DAY_ADVANCED matchId=m-3266 from=2 to=3
TEAM_REFUEL_ASSIGN day=3 refuelAgent=3 patrolAgent=2 projectedBrandGain=0 projectedCollectionGain=1 arrivalStep=6
TEAM_TARGET_SELECT day=3 iteration=1 agent=1 target=38 brand=numeric:2 teamNewBrand=true steps=11 fuel=10
TEAM_TARGET_SELECT day=3 iteration=2 agent=2 target=49 brand=numeric:1 teamNewBrand=true steps=4 fuel=2
TEAM_TARGET_SELECT day=3 iteration=3 agent=2 target=40 brand=numeric:2 teamNewBrand=false steps=4 fuel=2
TEAM_TARGET_SELECT day=3 iteration=4 agent=1 target=62 brand=numeric:1 teamNewBrand=false steps=6 fuel=3
TEAM_TARGET_SELECT day=3 iteration=5 agent=0 target=38 brand=numeric:2 teamNewBrand=false steps=7 fuel=5
TEAM_TARGET_SELECT day=3 iteration=6 agent=0 target=59 brand=numeric:3 teamNewBrand=false steps=10 fuel=5
TEAM_TARGET_SELECT day=3 iteration=7 agent=0 target=49 brand=numeric:1 teamNewBrand=false steps=4 fuel=2
TEAM_TARGET_SELECT day=3 iteration=8 agent=2 target=1 brand=numeric:0 teamNewBrand=false steps=14 fuel=8
TEAM_TARGET_SELECT day=3 iteration=9 agent=1 target=59 brand=numeric:3 teamNewBrand=false steps=6 fuel=3
TEAM_PLAN_VALID day=3
ANYTIME_HARVEST_START day=3 incumbentBrands=4 incumbentUdon=13 budget=64
ANYTIME_HARVEST_DONE day=3 brands=4 udon=13 expanded=64 coverageExpanded=2 harvestExpanded=62 generatedCandidates=171 retainedCandidates=111 prunedByTopK=60 improvements=0 safeProjected=0 tiedProjected=0 contestedProjected=0 unobservedProjected=0 stronglyContestedProjected=0 budgetExhausted=true
OPPONENT_INTENT_SUMMARY day=3 groups=1 observedAgents=4 collectionEligibleAgents=3 stockedSpots=8 physicalPairsAllObserved=32 physicalPairsCollectionEligible=24 retainedIntentTargets=9 forecastClaims=8
OPPONENT_OBSERVED_AGENT groupRawId=1 agentIndex=0 rawKind=0 collectionEligible=true physicallyReachableSpots=8 collectorIntentTargets=3
OPPONENT_OBSERVED_AGENT groupRawId=1 agentIndex=1 rawKind=0 collectionEligible=true physicallyReachableSpots=8 collectorIntentTargets=3
OPPONENT_OBSERVED_AGENT groupRawId=1 agentIndex=2 rawKind=0 collectionEligible=true physicallyReachableSpots=8 collectorIntentTargets=3
OPPONENT_OBSERVED_AGENT groupRawId=1 agentIndex=3 rawKind=1 collectionEligible=false physicallyReachableSpots=8 collectorIntentTargets=0
OPPONENT_INTENT_TARGET groupRawId=1 agentIndex=0 rawKind=0 collectionEligible=true spot=11 rank=PRIMARY travelSteps=0 pressureUnits=3 forecastArrivalStep=0
OPPONENT_INTENT_TARGET groupRawId=1 agentIndex=0 rawKind=0 collectionEligible=true spot=1 rank=SECONDARY travelSteps=4 pressureUnits=2 forecastArrivalStep=4
OPPONENT_INTENT_TARGET groupRawId=1 agentIndex=0 rawKind=0 collectionEligible=true spot=5 rank=TERTIARY travelSteps=7 pressureUnits=1 forecastArrivalStep=11
OPPONENT_INTENT_TARGET groupRawId=1 agentIndex=1 rawKind=0 collectionEligible=true spot=49 rank=PRIMARY travelSteps=2 pressureUnits=3 forecastArrivalStep=2
OPPONENT_INTENT_TARGET groupRawId=1 agentIndex=1 rawKind=0 collectionEligible=true spot=40 rank=SECONDARY travelSteps=2 pressureUnits=2 forecastArrivalStep=UNCLAIMED
OPPONENT_INTENT_TARGET groupRawId=1 agentIndex=1 rawKind=0 collectionEligible=true spot=59 rank=TERTIARY travelSteps=6 pressureUnits=1 forecastArrivalStep=10
OPPONENT_INTENT_TARGET groupRawId=1 agentIndex=2 rawKind=0 collectionEligible=true spot=40 rank=PRIMARY travelSteps=0 pressureUnits=3 forecastArrivalStep=0
OPPONENT_INTENT_TARGET groupRawId=1 agentIndex=2 rawKind=0 collectionEligible=true spot=49 rank=SECONDARY travelSteps=4 pressureUnits=2 forecastArrivalStep=4
OPPONENT_INTENT_TARGET groupRawId=1 agentIndex=2 rawKind=0 collectionEligible=true spot=59 rank=TERTIARY travelSteps=8 pressureUnits=1 forecastArrivalStep=12
INTENT_STOCK_PRESSURE spot=1 currentStock=4 forecastClaims=1 earliestClaimStep=4 pressureUnits=2
INTENT_STOCK_PRESSURE spot=5 currentStock=3 forecastClaims=1 earliestClaimStep=11 pressureUnits=1
INTENT_STOCK_PRESSURE spot=11 currentStock=1 forecastClaims=1 earliestClaimStep=0 pressureUnits=3
INTENT_STOCK_PRESSURE spot=40 currentStock=1 forecastClaims=1 earliestClaimStep=0 pressureUnits=5
INTENT_STOCK_PRESSURE spot=49 currentStock=2 forecastClaims=2 earliestClaimStep=2 pressureUnits=5
INTENT_STOCK_PRESSURE spot=59 currentStock=4 forecastClaims=2 earliestClaimStep=10 pressureUnits=2
ANYTIME_INTENT_AWARE_START day=3 incumbentLocalBrands=4 incumbentForecastBrands=4 incumbentRawUdon=13 incumbentForecastRealizable=8 incumbentIntentScore=32 budget=64
ANYTIME_INTENT_AWARE_IMPROVEMENT day=3 localBrands=4 forecastBrands=4 rawUdon=11 forecastRealizableCollections=9 intentAdjustedScore=36 expanded=7
ANYTIME_INTENT_AWARE_IMPROVEMENT day=3 localBrands=4 forecastBrands=4 rawUdon=12 forecastRealizableCollections=9 intentAdjustedScore=36 expanded=8
ANYTIME_INTENT_AWARE_IMPROVEMENT day=3 localBrands=4 forecastBrands=4 rawUdon=12 forecastRealizableCollections=10 intentAdjustedScore=38 expanded=12
ANYTIME_INTENT_AWARE_DONE day=3 localBrands=4 forecastBrands=4 rawUdon=12 intentAdjustedScore=38 forecastRealizableCollections=10 likelyClaimedFirst=2 tieCollections=1 unforecastedCollections=3 expanded=64 completedPlans=65 improvements=3 budgetExhausted=true
LOCAL_PLAN_VALID matchId=m-3266 day=3 mode=IntentAwareAnytimePlanner
ACTIONS_SUBMITTED matchId=m-3266 day=3
UDON_OBSERVABILITY matchId=m-3266 day=3 predictedDayUdon=12 authoritativeActual=UNAVAILABLE
ACTIONS_ACCEPTED matchId=m-3266 day=3
RESULT_WAITING matchId=m-3266 httpStatus=425
RESULT_WAITING matchId=m-3266 httpStatus=425
RESULT_WAITING matchId=m-3266 httpStatus=425
RESULT_WAITING matchId=m-3266 httpStatus=425
RESULT_WAITING matchId=m-3266 httpStatus=425
RESULT_WAITING matchId=m-3266 httpStatus=425
RESULT_WAITING matchId=m-3266 httpStatus=425
RESULT_WAITING matchId=m-3266 httpStatus=425
RESULT_WAITING matchId=m-3266 httpStatus=425
RESULT_WAITING matchId=m-3266 httpStatus=425
RESULT_WAITING matchId=m-3266 httpStatus=425
RESULT_WAITING matchId=m-3266 httpStatus=425
RESULT_WAITING matchId=m-3266 httpStatus=425
RESULT_WAITING matchId=m-3266 httpStatus=425
RESULT_WAITING matchId=m-3266 httpStatus=425
RESULT_WAITING matchId=m-3266 httpStatus=425
RESULT_WAITING matchId=m-3266 httpStatus=425
RESULT_WAITING matchId=m-3266 httpStatus=425
RESULT_WAITING matchId=m-3266 httpStatus=425
RESULT_RECEIVED matchId=m-3266 submittedDays=4
FINAL matchId=m-3266 submittedDays=4 rateLimits=0 result={"protocol_version":"v0.1-draft","type":"match_result","match_id":"m-3266","standings":[{"rank":1,"team_id":"team-B","udon_types":4,"daily_types_sum":16,"udon_total":49,"response_ms_total":1311},{"rank":2,"team_id":"team-A","udon_types":4,"daily_types_sum":16,"udon_total":43,"response_ms_total":1019}]}
