CONFIG_LOADED baseUrl=https://procon.ptit.edu.vn matchId=m-4126 plannerMode=ANYTIME_STRATIFIED_SEMI_COMMITMENT_HARVEST_HORIZON_AWARE PROCON_TOKEN=<set>
SETUP_WAITING matchId=m-4126
SETUP_RECEIVED matchId=m-4126 agents=4 days=4
ASSIGNMENT_SUBMITTED matchId=m-4126 agents=4
ASSIGNMENT_ACCEPTED matchId=m-4126 agents=4
MATCH_STARTED matchId=m-4126
DAY_STATE_RECEIVED matchId=m-4126 day=0 agents=4
NEXT_DAY_HARVEST_CAPACITY_SUMMARY day=0 remainingFutureDays=3 patrolAgents=3 nextDayStepBudget=30 minimumPatrolDistinctSpots=7 minimumPatrolDistinctBrands=4 totalPatrolDistinctSpotCapacity=21 totalPatrolDistinctBrandCapacity=12 routeCostCacheEntries=488 pathfindingExecutions=8
TEAM_REFUEL_HARVEST_HORIZON_NO_ASSIGN day=0 reason=NO_HARVEST_CAPACITY_GAIN currentSemiBrandDelta=0 currentSemiCollectionDelta=0 weakestCapacityDelta=0 totalSpotCapacityDelta=0 totalBrandCapacityDelta=0 fuelRestored=0 arrivalStep=0
TEAM_REFUEL_NO_ASSIGN day=0 reason=NO_POSITIVE_TEAM_VALUE
TEAM_TARGET_SELECT day=0 iteration=1 agent=0 target=50 brand=numeric:3 teamNewBrand=true steps=10 fuel=8
TEAM_TARGET_SELECT day=0 iteration=2 agent=2 target=7 brand=numeric:1 teamNewBrand=true steps=11 fuel=7
TEAM_TARGET_SELECT day=0 iteration=3 agent=2 target=50 brand=numeric:3 teamNewBrand=false steps=13 fuel=11
TEAM_TARGET_SELECT day=0 iteration=4 agent=1 target=24 brand=numeric:3 teamNewBrand=false steps=4 fuel=2
TEAM_TARGET_SELECT day=0 iteration=5 agent=1 target=47 brand=numeric:0 teamNewBrand=false steps=12 fuel=15
TEAM_TARGET_SELECT day=0 iteration=6 agent=0 target=26 brand=numeric:1 teamNewBrand=false steps=6 fuel=3
TEAM_TARGET_SELECT day=0 iteration=7 agent=1 target=7 brand=numeric:1 teamNewBrand=false steps=9 fuel=6
TEAM_TARGET_SELECT day=0 iteration=8 agent=2 target=57 brand=numeric:2 teamNewBrand=false steps=4 fuel=2
TEAM_TARGET_SELECT day=0 iteration=9 agent=0 target=24 brand=numeric:3 teamNewBrand=false steps=4 fuel=5
TEAM_TARGET_SELECT day=0 iteration=10 agent=0 target=57 brand=numeric:2 teamNewBrand=false steps=8 fuel=4
TEAM_PLAN_VALID day=0
ANYTIME_STRATIFIED_HARVEST_HORIZON_START day=0 remainingFutureDays=3 semiBrands=4 semiScore=41 semiCollections=14 rawUdon=15 minimumPatrolDistinctSpots=7 minimumPatrolDistinctBrands=4 totalPatrolDistinctSpotCapacity=21 totalPatrolDistinctBrandCapacity=12 budget=64 discoveryBudget=16 qualificationBudget=24 exploitationBudget=24
ANYTIME_STRATIFIED_HARVEST_HORIZON_IMPROVEMENT day=0 semiBrands=4 semiScore=42 semiCollections=14 minimumPatrolDistinctSpots=7 expanded=14
ANYTIME_STRATIFIED_HARVEST_HORIZON_IMPROVEMENT day=0 semiBrands=4 semiScore=46 semiCollections=15 minimumPatrolDistinctSpots=7 expanded=15
ANYTIME_STRATIFIED_HARVEST_HORIZON_DONE day=0 remainingFutureDays=3 semiBrands=4 semiScore=46 semiCollections=15 rawUdon=16 minimumPatrolDistinctSpots=7 minimumPatrolDistinctBrands=4 totalPatrolDistinctSpotCapacity=21 totalPatrolDistinctBrandCapacity=12 expanded=64 completedPlans=65 improvements=2 strategiesDiscovered=21 strategiesQualified=8 strategiesWithAtLeast2Expansions=8 strategiesWithAtLeast3Expansions=6 maxStrategyExpansionCount=43 discoveryExpansions=16 qualificationExpansions=24 exploitationExpansions=24 frontierPeak=48 budgetExhausted=true
NEXT_DAY_HARVEST_CAPACITY_SUMMARY day=0 remainingFutureDays=3 patrolAgents=3 nextDayStepBudget=30 minimumPatrolDistinctSpots=7 minimumPatrolDistinctBrands=4 totalPatrolDistinctSpotCapacity=21 totalPatrolDistinctBrandCapacity=12 routeCostCacheEntries=488 pathfindingExecutions=8
PATROL_NEXT_DAY_HARVEST_CAPACITY day=0 agent=0 endPosition=26 endFuel=48 stationaryOpportunity=true maxDistinctSpots=7 maxDistinctBrands=4 bestRemainingFuel=31
PATROL_NEXT_DAY_HARVEST_CAPACITY day=0 agent=1 endPosition=26 endFuel=37 stationaryOpportunity=true maxDistinctSpots=7 maxDistinctBrands=4 bestRemainingFuel=20
PATROL_NEXT_DAY_HARVEST_CAPACITY day=0 agent=2 endPosition=57 endFuel=57 stationaryOpportunity=true maxDistinctSpots=7 maxDistinctBrands=4 bestRemainingFuel=40
LOCAL_PLAN_VALID matchId=m-4126 day=0 mode=HarvestHorizonAwareSemiCommitmentPlanner
ACTIONS_SUBMITTED matchId=m-4126 day=0
UDON_OBSERVABILITY matchId=m-4126 day=0 predictedDayUdon=16 authoritativeActual=UNAVAILABLE
ACTIONS_ACCEPTED matchId=m-4126 day=0
DAY_STATE_RECEIVED matchId=m-4126 day=0 agents=4
DAY_STATE_RECEIVED matchId=m-4126 day=0 agents=4
DAY_STATE_RECEIVED matchId=m-4126 day=0 agents=4
DAY_STATE_RECEIVED matchId=m-4126 day=0 agents=4
DAY_STATE_RECEIVED matchId=m-4126 day=0 agents=4
DAY_STATE_RECEIVED matchId=m-4126 day=0 agents=4
DAY_STATE_RECEIVED matchId=m-4126 day=0 agents=4
DAY_STATE_RECEIVED matchId=m-4126 day=0 agents=4
DAY_STATE_RECEIVED matchId=m-4126 day=0 agents=4
DAY_STATE_RECEIVED matchId=m-4126 day=0 agents=4
DAY_STATE_RECEIVED matchId=m-4126 day=0 agents=4
DAY_STATE_RECEIVED matchId=m-4126 day=0 agents=4
DAY_STATE_RECEIVED matchId=m-4126 day=0 agents=4
DAY_STATE_RECEIVED matchId=m-4126 day=0 agents=4
DAY_STATE_RECEIVED matchId=m-4126 day=0 agents=4
DAY_STATE_RECEIVED matchId=m-4126 day=1 agents=4
PARITY_OBSERVED matchId=m-4126 day=0 position=MATCH patrolFuel=MATCH
DAY_ADVANCED matchId=m-4126 from=0 to=1
NEXT_DAY_HARVEST_CAPACITY_SUMMARY day=1 remainingFutureDays=2 patrolAgents=3 nextDayStepBudget=30 minimumPatrolDistinctSpots=7 minimumPatrolDistinctBrands=4 totalPatrolDistinctSpotCapacity=21 totalPatrolDistinctBrandCapacity=12 routeCostCacheEntries=488 pathfindingExecutions=8
TEAM_REFUEL_HARVEST_HORIZON_NO_ASSIGN day=1 reason=NO_HARVEST_CAPACITY_GAIN currentSemiBrandDelta=0 currentSemiCollectionDelta=0 weakestCapacityDelta=0 totalSpotCapacityDelta=0 totalBrandCapacityDelta=0 fuelRestored=0 arrivalStep=0
TEAM_REFUEL_NO_ASSIGN day=1 reason=NO_POSITIVE_TEAM_VALUE
TEAM_TARGET_SELECT day=1 iteration=1 agent=0 target=47 brand=numeric:0 teamNewBrand=true steps=10 fuel=8
TEAM_TARGET_SELECT day=1 iteration=2 agent=2 target=50 brand=numeric:3 teamNewBrand=true steps=4 fuel=2
TEAM_TARGET_SELECT day=1 iteration=3 agent=1 target=47 brand=numeric:0 teamNewBrand=false steps=10 fuel=8
TEAM_TARGET_SELECT day=1 iteration=4 agent=2 target=7 brand=numeric:1 teamNewBrand=false steps=13 fuel=11
TEAM_TARGET_SELECT day=1 iteration=5 agent=0 target=50 brand=numeric:3 teamNewBrand=false steps=11 fuel=6
TEAM_TARGET_SELECT day=1 iteration=6 agent=1 target=50 brand=numeric:3 teamNewBrand=false steps=11 fuel=6
TEAM_TARGET_SELECT day=1 iteration=7 agent=2 target=47 brand=numeric:0 teamNewBrand=false steps=9 fuel=6
TEAM_TARGET_SELECT day=1 iteration=8 agent=0 target=35 brand=numeric:0 teamNewBrand=false steps=4 fuel=2
TEAM_TARGET_SELECT day=1 iteration=9 agent=1 target=35 brand=numeric:0 teamNewBrand=false steps=4 fuel=2
TEAM_PLAN_VALID day=1
ANYTIME_STRATIFIED_HARVEST_HORIZON_START day=1 remainingFutureDays=2 semiBrands=4 semiScore=47 semiCollections=16 rawUdon=16 minimumPatrolDistinctSpots=7 minimumPatrolDistinctBrands=4 totalPatrolDistinctSpotCapacity=21 totalPatrolDistinctBrandCapacity=12 budget=64 discoveryBudget=16 qualificationBudget=24 exploitationBudget=24
ANYTIME_STRATIFIED_HARVEST_HORIZON_IMPROVEMENT day=1 semiBrands=4 semiScore=47 semiCollections=16 minimumPatrolDistinctSpots=7 expanded=15
ANYTIME_STRATIFIED_HARVEST_HORIZON_IMPROVEMENT day=1 semiBrands=4 semiScore=51 semiCollections=17 minimumPatrolDistinctSpots=7 expanded=16
ANYTIME_STRATIFIED_HARVEST_HORIZON_IMPROVEMENT day=1 semiBrands=4 semiScore=55 semiCollections=18 minimumPatrolDistinctSpots=7 expanded=17
ANYTIME_STRATIFIED_HARVEST_HORIZON_DONE day=1 remainingFutureDays=2 semiBrands=4 semiScore=55 semiCollections=18 rawUdon=18 minimumPatrolDistinctSpots=7 minimumPatrolDistinctBrands=4 totalPatrolDistinctSpotCapacity=21 totalPatrolDistinctBrandCapacity=12 expanded=64 completedPlans=65 improvements=3 strategiesDiscovered=15 strategiesQualified=8 strategiesWithAtLeast2Expansions=8 strategiesWithAtLeast3Expansions=7 maxStrategyExpansionCount=43 discoveryExpansions=16 qualificationExpansions=24 exploitationExpansions=24 frontierPeak=48 budgetExhausted=true
NEXT_DAY_HARVEST_CAPACITY_SUMMARY day=1 remainingFutureDays=2 patrolAgents=3 nextDayStepBudget=30 minimumPatrolDistinctSpots=7 minimumPatrolDistinctBrands=4 totalPatrolDistinctSpotCapacity=21 totalPatrolDistinctBrandCapacity=12 routeCostCacheEntries=488 pathfindingExecutions=8
PATROL_NEXT_DAY_HARVEST_CAPACITY day=1 agent=0 endPosition=57 endFuel=57 stationaryOpportunity=true maxDistinctSpots=7 maxDistinctBrands=4 bestRemainingFuel=40
PATROL_NEXT_DAY_HARVEST_CAPACITY day=1 agent=1 endPosition=57 endFuel=57 stationaryOpportunity=true maxDistinctSpots=7 maxDistinctBrands=4 bestRemainingFuel=40
PATROL_NEXT_DAY_HARVEST_CAPACITY day=1 agent=2 endPosition=7 endFuel=46 stationaryOpportunity=true maxDistinctSpots=7 maxDistinctBrands=4 bestRemainingFuel=26
LOCAL_PLAN_VALID matchId=m-4126 day=1 mode=HarvestHorizonAwareSemiCommitmentPlanner
ACTIONS_SUBMITTED matchId=m-4126 day=1
UDON_OBSERVABILITY matchId=m-4126 day=1 predictedDayUdon=18 authoritativeActual=UNAVAILABLE
ACTIONS_ACCEPTED matchId=m-4126 day=1
DAY_STATE_RECEIVED matchId=m-4126 day=1 agents=4
DAY_STATE_RECEIVED matchId=m-4126 day=1 agents=4
DAY_STATE_RECEIVED matchId=m-4126 day=1 agents=4
DAY_STATE_RECEIVED matchId=m-4126 day=1 agents=4
DAY_STATE_RECEIVED matchId=m-4126 day=1 agents=4
DAY_STATE_RECEIVED matchId=m-4126 day=1 agents=4
DAY_STATE_RECEIVED matchId=m-4126 day=1 agents=4
DAY_STATE_RECEIVED matchId=m-4126 day=1 agents=4
DAY_STATE_RECEIVED matchId=m-4126 day=1 agents=4
DAY_STATE_RECEIVED matchId=m-4126 day=1 agents=4
DAY_STATE_RECEIVED matchId=m-4126 day=1 agents=4
DAY_STATE_RECEIVED matchId=m-4126 day=1 agents=4
DAY_STATE_RECEIVED matchId=m-4126 day=1 agents=4
DAY_STATE_RECEIVED matchId=m-4126 day=1 agents=4
DAY_STATE_RECEIVED matchId=m-4126 day=1 agents=4
DAY_STATE_RECEIVED matchId=m-4126 day=1 agents=4
DAY_STATE_RECEIVED matchId=m-4126 day=2 agents=4
PARITY_OBSERVED matchId=m-4126 day=1 position=MATCH patrolFuel=MATCH
DAY_ADVANCED matchId=m-4126 from=1 to=2
NEXT_DAY_HARVEST_CAPACITY_SUMMARY day=2 remainingFutureDays=1 patrolAgents=3 nextDayStepBudget=30 minimumPatrolDistinctSpots=7 minimumPatrolDistinctBrands=4 totalPatrolDistinctSpotCapacity=21 totalPatrolDistinctBrandCapacity=12 routeCostCacheEntries=488 pathfindingExecutions=8
TEAM_REFUEL_HARVEST_HORIZON_NO_ASSIGN day=2 reason=NO_HARVEST_CAPACITY_GAIN currentSemiBrandDelta=0 currentSemiCollectionDelta=0 weakestCapacityDelta=0 totalSpotCapacityDelta=0 totalBrandCapacityDelta=0 fuelRestored=0 arrivalStep=0
TEAM_REFUEL_NO_ASSIGN day=2 reason=NO_POSITIVE_TEAM_VALUE
TEAM_TARGET_SELECT day=2 iteration=1 agent=2 target=50 brand=numeric:3 teamNewBrand=true steps=15 fuel=9
TEAM_TARGET_SELECT day=2 iteration=2 agent=0 target=50 brand=numeric:3 teamNewBrand=false steps=4 fuel=2
TEAM_TARGET_SELECT day=2 iteration=3 agent=0 target=7 brand=numeric:1 teamNewBrand=false steps=15 fuel=9
TEAM_TARGET_SELECT day=2 iteration=4 agent=1 target=50 brand=numeric:3 teamNewBrand=false steps=4 fuel=2
TEAM_TARGET_SELECT day=2 iteration=5 agent=1 target=7 brand=numeric:1 teamNewBrand=false steps=15 fuel=9
TEAM_TARGET_SELECT day=2 iteration=6 agent=2 target=57 brand=numeric:2 teamNewBrand=false steps=4 fuel=2
TEAM_TARGET_SELECT day=2 iteration=7 agent=2 target=24 brand=numeric:3 teamNewBrand=false steps=8 fuel=4
TEAM_TARGET_SELECT day=2 iteration=8 agent=0 target=47 brand=numeric:0 teamNewBrand=false steps=9 fuel=6
TEAM_TARGET_SELECT day=2 iteration=9 agent=1 target=47 brand=numeric:0 teamNewBrand=false steps=9 fuel=6
TEAM_PLAN_VALID day=2
ANYTIME_STRATIFIED_HARVEST_HORIZON_START day=2 remainingFutureDays=1 semiBrands=4 semiScore=58 semiCollections=18 rawUdon=18 minimumPatrolDistinctSpots=7 minimumPatrolDistinctBrands=4 totalPatrolDistinctSpotCapacity=21 totalPatrolDistinctBrandCapacity=12 budget=64 discoveryBudget=16 qualificationBudget=24 exploitationBudget=24
ANYTIME_STRATIFIED_HARVEST_HORIZON_DONE day=2 remainingFutureDays=1 semiBrands=4 semiScore=58 semiCollections=18 rawUdon=18 minimumPatrolDistinctSpots=7 minimumPatrolDistinctBrands=4 totalPatrolDistinctSpotCapacity=21 totalPatrolDistinctBrandCapacity=12 expanded=64 completedPlans=65 improvements=0 strategiesDiscovered=13 strategiesQualified=8 strategiesWithAtLeast2Expansions=8 strategiesWithAtLeast3Expansions=8 maxStrategyExpansionCount=30 discoveryExpansions=16 qualificationExpansions=24 exploitationExpansions=24 frontierPeak=48 budgetExhausted=true
NEXT_DAY_HARVEST_CAPACITY_SUMMARY day=2 remainingFutureDays=1 patrolAgents=3 nextDayStepBudget=30 minimumPatrolDistinctSpots=7 minimumPatrolDistinctBrands=4 totalPatrolDistinctSpotCapacity=21 totalPatrolDistinctBrandCapacity=12 routeCostCacheEntries=488 pathfindingExecutions=8
PATROL_NEXT_DAY_HARVEST_CAPACITY day=2 agent=0 endPosition=47 endFuel=46 stationaryOpportunity=true maxDistinctSpots=7 maxDistinctBrands=4 bestRemainingFuel=29
PATROL_NEXT_DAY_HARVEST_CAPACITY day=2 agent=1 endPosition=47 endFuel=46 stationaryOpportunity=true maxDistinctSpots=7 maxDistinctBrands=4 bestRemainingFuel=29
PATROL_NEXT_DAY_HARVEST_CAPACITY day=2 agent=2 endPosition=24 endFuel=53 stationaryOpportunity=true maxDistinctSpots=7 maxDistinctBrands=4 bestRemainingFuel=36
LOCAL_PLAN_VALID matchId=m-4126 day=2 mode=HarvestHorizonAwareSemiCommitmentPlanner
ACTIONS_SUBMITTED matchId=m-4126 day=2
UDON_OBSERVABILITY matchId=m-4126 day=2 predictedDayUdon=18 authoritativeActual=UNAVAILABLE
ACTIONS_ACCEPTED matchId=m-4126 day=2
DAY_STATE_RECEIVED matchId=m-4126 day=2 agents=4
DAY_STATE_RECEIVED matchId=m-4126 day=2 agents=4
DAY_STATE_RECEIVED matchId=m-4126 day=2 agents=4
DAY_STATE_RECEIVED matchId=m-4126 day=2 agents=4
DAY_STATE_RECEIVED matchId=m-4126 day=2 agents=4
DAY_STATE_RECEIVED matchId=m-4126 day=2 agents=4
DAY_STATE_RECEIVED matchId=m-4126 day=2 agents=4
DAY_STATE_RECEIVED matchId=m-4126 day=2 agents=4
DAY_STATE_RECEIVED matchId=m-4126 day=2 agents=4
DAY_STATE_RECEIVED matchId=m-4126 day=2 agents=4
DAY_STATE_RECEIVED matchId=m-4126 day=2 agents=4
DAY_STATE_RECEIVED matchId=m-4126 day=2 agents=4
DAY_STATE_RECEIVED matchId=m-4126 day=2 agents=4
DAY_STATE_RECEIVED matchId=m-4126 day=2 agents=4
DAY_STATE_RECEIVED matchId=m-4126 day=2 agents=4
DAY_STATE_RECEIVED matchId=m-4126 day=2 agents=4
DAY_STATE_RECEIVED matchId=m-4126 day=3 agents=4
PARITY_OBSERVED matchId=m-4126 day=2 position=MATCH patrolFuel=MATCH
DAY_ADVANCED matchId=m-4126 from=2 to=3
NEXT_DAY_HARVEST_CAPACITY_SUMMARY day=3 remainingFutureDays=0 patrolAgents=3 nextDayStepBudget=0 minimumPatrolDistinctSpots=0 minimumPatrolDistinctBrands=0 totalPatrolDistinctSpotCapacity=0 totalPatrolDistinctBrandCapacity=0 routeCostCacheEntries=0 pathfindingExecutions=0
TEAM_REFUEL_HARVEST_HORIZON_NO_ASSIGN day=3 reason=FINAL_DAY_NO_PROACTIVE_REFUEL currentSemiBrandDelta=0 currentSemiCollectionDelta=0 weakestCapacityDelta=0 totalSpotCapacityDelta=0 totalBrandCapacityDelta=0 fuelRestored=0 arrivalStep=0
TEAM_REFUEL_NO_ASSIGN day=3 reason=NO_POSITIVE_TEAM_VALUE
TEAM_TARGET_SELECT day=3 iteration=1 agent=0 target=7 brand=numeric:1 teamNewBrand=true steps=9 fuel=6
TEAM_TARGET_SELECT day=3 iteration=2 agent=1 target=7 brand=numeric:1 teamNewBrand=false steps=9 fuel=6
TEAM_TARGET_SELECT day=3 iteration=3 agent=2 target=47 brand=numeric:0 teamNewBrand=false steps=12 fuel=15
TEAM_TARGET_SELECT day=3 iteration=4 agent=0 target=50 brand=numeric:3 teamNewBrand=false steps=13 fuel=11
TEAM_TARGET_SELECT day=3 iteration=5 agent=1 target=50 brand=numeric:3 teamNewBrand=false steps=13 fuel=11
TEAM_TARGET_SELECT day=3 iteration=6 agent=2 target=7 brand=numeric:1 teamNewBrand=false steps=9 fuel=6
TEAM_TARGET_SELECT day=3 iteration=7 agent=0 target=57 brand=numeric:2 teamNewBrand=false steps=4 fuel=2
TEAM_TARGET_SELECT day=3 iteration=8 agent=1 target=57 brand=numeric:2 teamNewBrand=false steps=4 fuel=2
TEAM_TARGET_SELECT day=3 iteration=9 agent=2 target=35 brand=numeric:0 teamNewBrand=false steps=9 fuel=9
TEAM_PLAN_VALID day=3
ANYTIME_STRATIFIED_HARVEST_HORIZON_START day=3 remainingFutureDays=0 semiBrands=4 semiScore=55 semiCollections=17 rawUdon=17 minimumPatrolDistinctSpots=0 minimumPatrolDistinctBrands=0 totalPatrolDistinctSpotCapacity=0 totalPatrolDistinctBrandCapacity=0 budget=64 discoveryBudget=16 qualificationBudget=24 exploitationBudget=24
ANYTIME_STRATIFIED_HARVEST_HORIZON_IMPROVEMENT day=3 semiBrands=4 semiScore=55 semiCollections=17 minimumPatrolDistinctSpots=0 expanded=34
ANYTIME_STRATIFIED_HARVEST_HORIZON_DONE day=3 remainingFutureDays=0 semiBrands=4 semiScore=55 semiCollections=17 rawUdon=17 minimumPatrolDistinctSpots=0 minimumPatrolDistinctBrands=0 totalPatrolDistinctSpotCapacity=0 totalPatrolDistinctBrandCapacity=0 expanded=64 completedPlans=65 improvements=1 strategiesDiscovered=14 strategiesQualified=8 strategiesWithAtLeast2Expansions=8 strategiesWithAtLeast3Expansions=7 maxStrategyExpansionCount=43 discoveryExpansions=16 qualificationExpansions=24 exploitationExpansions=24 frontierPeak=48 budgetExhausted=true
NEXT_DAY_HARVEST_CAPACITY_SUMMARY day=3 remainingFutureDays=0 patrolAgents=3 nextDayStepBudget=0 minimumPatrolDistinctSpots=0 minimumPatrolDistinctBrands=0 totalPatrolDistinctSpotCapacity=0 totalPatrolDistinctBrandCapacity=0 routeCostCacheEntries=0 pathfindingExecutions=0
PATROL_NEXT_DAY_HARVEST_CAPACITY day=3 agent=0 endPosition=57 endFuel=57 stationaryOpportunity=false maxDistinctSpots=0 maxDistinctBrands=0 bestRemainingFuel=0
PATROL_NEXT_DAY_HARVEST_CAPACITY day=3 agent=1 endPosition=57 endFuel=57 stationaryOpportunity=false maxDistinctSpots=0 maxDistinctBrands=0 bestRemainingFuel=0
PATROL_NEXT_DAY_HARVEST_CAPACITY day=3 agent=2 endPosition=7 endFuel=25 stationaryOpportunity=false maxDistinctSpots=0 maxDistinctBrands=0 bestRemainingFuel=0
LOCAL_PLAN_VALID matchId=m-4126 day=3 mode=HarvestHorizonAwareSemiCommitmentPlanner
ACTIONS_SUBMITTED matchId=m-4126 day=3
UDON_OBSERVABILITY matchId=m-4126 day=3 predictedDayUdon=17 authoritativeActual=UNAVAILABLE
ACTIONS_ACCEPTED matchId=m-4126 day=3
RESULT_WAITING matchId=m-4126 httpStatus=425
RESULT_WAITING matchId=m-4126 httpStatus=425
RESULT_WAITING matchId=m-4126 httpStatus=425
RESULT_WAITING matchId=m-4126 httpStatus=425
RESULT_WAITING matchId=m-4126 httpStatus=425
RESULT_WAITING matchId=m-4126 httpStatus=425
RESULT_WAITING matchId=m-4126 httpStatus=425
RESULT_WAITING matchId=m-4126 httpStatus=425
RESULT_WAITING matchId=m-4126 httpStatus=425
RESULT_WAITING matchId=m-4126 httpStatus=425
RESULT_WAITING matchId=m-4126 httpStatus=425
RESULT_WAITING matchId=m-4126 httpStatus=425
RESULT_WAITING matchId=m-4126 httpStatus=425
RESULT_WAITING matchId=m-4126 httpStatus=425
RESULT_WAITING matchId=m-4126 httpStatus=425
RESULT_WAITING matchId=m-4126 httpStatus=425
RESULT_WAITING matchId=m-4126 httpStatus=425
RESULT_WAITING matchId=m-4126 httpStatus=425
RESULT_RECEIVED matchId=m-4126 submittedDays=4
FINAL matchId=m-4126 submittedDays=4 rateLimits=0 result={"protocol_version":"v0.1-draft","type":"match_result","match_id":"m-4126","standings":[{"rank":1,"team_id":"team-B","udon_types":4,"daily_types_sum":16,"udon_total":63,"response_ms_total":820},{"rank":2,"team_id":"team-A","udon_types":4,"daily_types_sum":16,"udon_total":60,"response_ms_total":2581}]}
