CONFIG_LOADED baseUrl=https://procon.ptit.edu.vn matchId=m-4772 plannerMode=ANYTIME_STRATIFIED_COUPLED_COMPETITIVE_MARGIN PROCON_TOKEN=<set>
SETUP_WAITING matchId=m-4772
SETUP_RECEIVED matchId=m-4772 agents=6 days=4
ASSIGNMENT_SUBMITTED matchId=m-4772 agents=6
ASSIGNMENT_ACCEPTED matchId=m-4772 agents=6
MATCH_STARTED matchId=m-4772
DAY_STATE_RECEIVED matchId=m-4772 day=0 agents=6
NEXT_DAY_HARVEST_CAPACITY_SUMMARY day=0 remainingFutureDays=3 patrolAgents=5 nextDayStepBudget=60 minimumPatrolDistinctSpots=8 minimumPatrolDistinctBrands=4 totalPatrolDistinctSpotCapacity=40 totalPatrolDistinctBrandCapacity=20 routeCostCacheEntries=1104 pathfindingExecutions=8
TEAM_REFUEL_HARVEST_HORIZON_NO_ASSIGN day=0 reason=NO_HARVEST_CAPACITY_GAIN currentSemiBrandDelta=0 currentSemiCollectionDelta=0 weakestCapacityDelta=0 totalSpotCapacityDelta=0 totalBrandCapacityDelta=0 fuelRestored=0 arrivalStep=0
TEAM_REFUEL_NO_ASSIGN day=0 reason=NO_POSITIVE_TEAM_VALUE
TEAM_TARGET_SELECT day=0 iteration=1 agent=3 target=111 brand=numeric:1 teamNewBrand=true steps=13 fuel=8
TEAM_TARGET_SELECT day=0 iteration=2 agent=0 target=37 brand=numeric:0 teamNewBrand=true steps=2 fuel=1
TEAM_TARGET_SELECT day=0 iteration=3 agent=1 target=69 brand=numeric:2 teamNewBrand=true steps=4 fuel=2
TEAM_TARGET_SELECT day=0 iteration=4 agent=4 target=138 brand=numeric:2 teamNewBrand=false steps=4 fuel=2
TEAM_TARGET_SELECT day=0 iteration=5 agent=1 target=33 brand=numeric:1 teamNewBrand=false steps=5 fuel=7
TEAM_TARGET_SELECT day=0 iteration=6 agent=1 target=10 brand=numeric:3 teamNewBrand=false steps=4 fuel=2
TEAM_TARGET_SELECT day=0 iteration=7 agent=2 target=37 brand=numeric:0 teamNewBrand=false steps=7 fuel=5
TEAM_TARGET_SELECT day=0 iteration=8 agent=3 target=138 brand=numeric:2 teamNewBrand=false steps=8 fuel=4
TEAM_TARGET_SELECT day=0 iteration=9 agent=1 target=59 brand=numeric:0 teamNewBrand=false steps=8 fuel=4
TEAM_TARGET_SELECT day=0 iteration=10 agent=0 target=76 brand=numeric:3 teamNewBrand=false steps=8 fuel=7
TEAM_TARGET_SELECT day=0 iteration=11 agent=0 target=69 brand=numeric:2 teamNewBrand=false steps=7 fuel=8
TEAM_TARGET_SELECT day=0 iteration=12 agent=0 target=33 brand=numeric:1 teamNewBrand=false steps=5 fuel=7
TEAM_TARGET_SELECT day=0 iteration=13 agent=2 target=69 brand=numeric:2 teamNewBrand=false steps=15 fuel=12
TEAM_TARGET_SELECT day=0 iteration=14 agent=2 target=10 brand=numeric:3 teamNewBrand=false steps=9 fuel=9
TEAM_TARGET_SELECT day=0 iteration=15 agent=4 target=37 brand=numeric:0 teamNewBrand=false steps=16 fuel=11
TEAM_TARGET_SELECT day=0 iteration=16 agent=3 target=37 brand=numeric:0 teamNewBrand=false steps=16 fuel=11
TEAM_TARGET_SELECT day=0 iteration=17 agent=4 target=10 brand=numeric:3 teamNewBrand=false steps=22 fuel=14
TEAM_TARGET_SELECT day=0 iteration=18 agent=0 target=10 brand=numeric:3 teamNewBrand=false steps=4 fuel=2
TEAM_TARGET_SELECT day=0 iteration=19 agent=1 target=138 brand=numeric:2 teamNewBrand=false steps=14 fuel=13
TEAM_TARGET_SELECT day=0 iteration=20 agent=1 target=37 brand=numeric:0 teamNewBrand=false steps=16 fuel=11
TEAM_TARGET_SELECT day=0 iteration=21 agent=0 target=138 brand=numeric:2 teamNewBrand=false steps=18 fuel=18
TEAM_TARGET_SELECT day=0 iteration=22 agent=2 target=138 brand=numeric:2 teamNewBrand=false steps=18 fuel=18
TEAM_TARGET_SELECT day=0 iteration=23 agent=3 target=10 brand=numeric:3 teamNewBrand=false steps=22 fuel=14
TEAM_PLAN_VALID day=0
OPPONENT_COUPLED_BASELINE day=0 stepBudget=60 collectors=5 stockedSpots=8 opponentBaselineCollections=24 observedNow=0 directIntent=5 followOnIntent=19 strongCollections=5 maxCollectorCollections=5 rolloutEvents=24 routeCostCacheEntries=1104 pathfindingExecutions=8
COUPLED_COMPETITIVE_EVENT day=0 agent=0 spot=37 arrivalStep=2 stableOrdinal=0 brand=numeric:0 outcome=COLLECTED equalStepContest=true
COUPLED_COMPETITIVE_EVENT day=0 agent=1 spot=69 arrivalStep=4 stableOrdinal=1 brand=numeric:2 outcome=COLLECTED equalStepContest=true
COUPLED_COMPETITIVE_EVENT day=0 agent=4 spot=138 arrivalStep=4 stableOrdinal=2 brand=numeric:2 outcome=COLLECTED equalStepContest=true
COUPLED_COMPETITIVE_EVENT day=0 agent=2 spot=37 arrivalStep=7 stableOrdinal=3 brand=numeric:0 outcome=COLLECTED equalStepContest=false
COUPLED_COMPETITIVE_EVENT day=0 agent=3 spot=76 arrivalStep=7 stableOrdinal=4 brand=numeric:3 outcome=COLLECTED equalStepContest=false
COUPLED_COMPETITIVE_EVENT day=0 agent=1 spot=33 arrivalStep=9 stableOrdinal=5 brand=numeric:1 outcome=INVALIDATED_BY_OPPONENT equalStepContest=true
COUPLED_COMPETITIVE_EVENT day=0 agent=0 spot=76 arrivalStep=10 stableOrdinal=6 brand=numeric:3 outcome=INVALIDATED_BY_OPPONENT equalStepContest=false
COUPLED_COMPETITIVE_EVENT day=0 agent=1 spot=10 arrivalStep=13 stableOrdinal=7 brand=numeric:3 outcome=COLLECTED equalStepContest=true
COUPLED_COMPETITIVE_EVENT day=0 agent=3 spot=111 arrivalStep=13 stableOrdinal=8 brand=numeric:1 outcome=INVALIDATED_BY_OPPONENT equalStepContest=true
COUPLED_COMPETITIVE_EVENT day=0 agent=0 spot=69 arrivalStep=17 stableOrdinal=9 brand=numeric:2 outcome=INVALIDATED_BY_OPPONENT equalStepContest=false
COUPLED_COMPETITIVE_EVENT day=0 agent=4 spot=37 arrivalStep=20 stableOrdinal=10 brand=numeric:0 outcome=COLLECTED equalStepContest=false
COUPLED_COMPETITIVE_EVENT day=0 agent=1 spot=59 arrivalStep=21 stableOrdinal=11 brand=numeric:0 outcome=INVALIDATED_BY_OPPONENT equalStepContest=false
COUPLED_COMPETITIVE_EVENT day=0 agent=3 spot=138 arrivalStep=21 stableOrdinal=12 brand=numeric:2 outcome=COLLECTED equalStepContest=true
COUPLED_COMPETITIVE_EVENT day=0 agent=0 spot=33 arrivalStep=22 stableOrdinal=13 brand=numeric:1 outcome=INVALIDATED_BY_OPPONENT equalStepContest=false
COUPLED_COMPETITIVE_EVENT day=0 agent=2 spot=69 arrivalStep=22 stableOrdinal=14 brand=numeric:2 outcome=INVALIDATED_BY_OPPONENT equalStepContest=false
COUPLED_COMPETITIVE_EVENT day=0 agent=0 spot=10 arrivalStep=26 stableOrdinal=15 brand=numeric:3 outcome=COLLECTED equalStepContest=true
COUPLED_COMPETITIVE_EVENT day=0 agent=2 spot=10 arrivalStep=31 stableOrdinal=16 brand=numeric:3 outcome=COLLECTED equalStepContest=false
COUPLED_COMPETITIVE_EVENT day=0 agent=1 spot=138 arrivalStep=35 stableOrdinal=17 brand=numeric:2 outcome=INVALIDATED_BY_OPPONENT equalStepContest=false
COUPLED_COMPETITIVE_EVENT day=0 agent=3 spot=37 arrivalStep=37 stableOrdinal=18 brand=numeric:0 outcome=INVALIDATED_BY_OPPONENT equalStepContest=false
COUPLED_COMPETITIVE_EVENT day=0 agent=4 spot=10 arrivalStep=42 stableOrdinal=19 brand=numeric:3 outcome=INVALIDATED_BY_OPPONENT equalStepContest=false
COUPLED_COMPETITIVE_EVENT day=0 agent=0 spot=138 arrivalStep=44 stableOrdinal=20 brand=numeric:2 outcome=INVALIDATED_BY_OPPONENT equalStepContest=false
COUPLED_COMPETITIVE_EVENT day=0 agent=2 spot=138 arrivalStep=49 stableOrdinal=21 brand=numeric:2 outcome=INVALIDATED_BY_OPPONENT equalStepContest=false
COUPLED_COMPETITIVE_EVENT day=0 agent=1 spot=37 arrivalStep=51 stableOrdinal=22 brand=numeric:0 outcome=INVALIDATED_BY_OPPONENT equalStepContest=false
COUPLED_COMPETITIVE_EVENT day=0 agent=3 spot=10 arrivalStep=59 stableOrdinal=23 brand=numeric:3 outcome=INVALIDATED_BY_OPPONENT equalStepContest=false
ANYTIME_STRATIFIED_COUPLED_MARGIN_START day=0 remainingFutureDays=3 plannedOwnOpportunityEvents=24 coupledOwnBrands=3 coupledOwnCollections=10 opponentBaselineCollections=24 coupledOpponentCollections=16 opponentCollectionsRemovedVsBaseline=8 ownPlannedEventsInvalidatedByOpponent=14 opponentReplacementCollections=2 projectedCoupledMargin=-6 ownSemiBrands=4 ownSemiCollections=22 semiScore=65 minimumPatrolDistinctSpots=8 totalPatrolDistinctSpotCapacity=40 budget=64 discoveryBudget=16 qualificationBudget=24 exploitationBudget=24
ANYTIME_STRATIFIED_COUPLED_MARGIN_IMPROVEMENT day=0 coupledOwnBrands=4 coupledOwnCollections=7 coupledOpponentCollections=19 opponentCollectionsRemovedVsBaseline=5 ownPlannedEventsInvalidatedByOpponent=9 opponentReplacementCollections=2 projectedCoupledMargin=-12 expanded=25
ANYTIME_STRATIFIED_COUPLED_MARGIN_IMPROVEMENT day=0 coupledOwnBrands=4 coupledOwnCollections=8 coupledOpponentCollections=18 opponentCollectionsRemovedVsBaseline=6 ownPlannedEventsInvalidatedByOpponent=9 opponentReplacementCollections=2 projectedCoupledMargin=-10 expanded=33
ANYTIME_STRATIFIED_COUPLED_MARGIN_IMPROVEMENT day=0 coupledOwnBrands=4 coupledOwnCollections=9 coupledOpponentCollections=17 opponentCollectionsRemovedVsBaseline=7 ownPlannedEventsInvalidatedByOpponent=9 opponentReplacementCollections=2 projectedCoupledMargin=-8 expanded=34
ANYTIME_STRATIFIED_COUPLED_MARGIN_IMPROVEMENT day=0 coupledOwnBrands=4 coupledOwnCollections=9 coupledOpponentCollections=17 opponentCollectionsRemovedVsBaseline=7 ownPlannedEventsInvalidatedByOpponent=10 opponentReplacementCollections=2 projectedCoupledMargin=-8 expanded=35
ANYTIME_STRATIFIED_COUPLED_MARGIN_IMPROVEMENT day=0 coupledOwnBrands=4 coupledOwnCollections=9 coupledOpponentCollections=17 opponentCollectionsRemovedVsBaseline=7 ownPlannedEventsInvalidatedByOpponent=11 opponentReplacementCollections=2 projectedCoupledMargin=-8 expanded=42
ANYTIME_STRATIFIED_COUPLED_MARGIN_IMPROVEMENT day=0 coupledOwnBrands=4 coupledOwnCollections=9 coupledOpponentCollections=17 opponentCollectionsRemovedVsBaseline=7 ownPlannedEventsInvalidatedByOpponent=12 opponentReplacementCollections=2 projectedCoupledMargin=-8 expanded=45
ANYTIME_STRATIFIED_COUPLED_MARGIN_IMPROVEMENT day=0 coupledOwnBrands=4 coupledOwnCollections=9 coupledOpponentCollections=17 opponentCollectionsRemovedVsBaseline=7 ownPlannedEventsInvalidatedByOpponent=12 opponentReplacementCollections=2 projectedCoupledMargin=-8 expanded=48
ANYTIME_STRATIFIED_COUPLED_MARGIN_IMPROVEMENT day=0 coupledOwnBrands=4 coupledOwnCollections=9 coupledOpponentCollections=17 opponentCollectionsRemovedVsBaseline=7 ownPlannedEventsInvalidatedByOpponent=12 opponentReplacementCollections=2 projectedCoupledMargin=-8 expanded=52
ANYTIME_STRATIFIED_COUPLED_MARGIN_DONE day=0 remainingFutureDays=3 plannedOwnOpportunityEvents=21 coupledOwnBrands=4 coupledOwnCollections=9 rawUdon=21 opponentBaselineCollections=24 coupledOpponentCollections=17 opponentCollectionsRemovedVsBaseline=7 ownPlannedEventsInvalidatedByOpponent=12 ownPlannedEventsExhaustedByOwnTeam=0 opponentReplacementCollections=2 coupledObservedNow=0 coupledDirect=5 coupledFollowOn=12 equalStepContests=5 projectedCoupledMargin=-8 ownSemiBrands=4 ownSemiCollections=20 semiScore=59 baselineRolloutEvents=24 coupledRolloutEvents=39 maxBaselineCollectorCollections=5 maxCoupledCollectorCollections=5 routeCostCacheEntries=1104 pathfindingExecutions=8 minimumPatrolDistinctSpots=8 minimumPatrolDistinctBrands=4 totalPatrolDistinctSpotCapacity=40 totalPatrolDistinctBrandCapacity=20 expanded=64 completedPlans=65 improvements=8 strategiesDiscovered=16 strategiesQualified=8 strategiesWithAtLeast2Expansions=8 strategiesWithAtLeast3Expansions=6 maxStrategyExpansionCount=41 discoveryExpansions=16 qualificationExpansions=24 exploitationExpansions=24 frontierPeak=48 budgetExhausted=true
COUPLED_COMPETITIVE_EVENT day=0 agent=0 spot=37 arrivalStep=2 stableOrdinal=0 brand=numeric:0 outcome=COLLECTED equalStepContest=true
COUPLED_COMPETITIVE_EVENT day=0 agent=1 spot=69 arrivalStep=4 stableOrdinal=1 brand=numeric:2 outcome=COLLECTED equalStepContest=false
COUPLED_COMPETITIVE_EVENT day=0 agent=4 spot=138 arrivalStep=4 stableOrdinal=2 brand=numeric:2 outcome=COLLECTED equalStepContest=false
COUPLED_COMPETITIVE_EVENT day=0 agent=3 spot=76 arrivalStep=7 stableOrdinal=3 brand=numeric:3 outcome=COLLECTED equalStepContest=false
COUPLED_COMPETITIVE_EVENT day=0 agent=1 spot=10 arrivalStep=13 stableOrdinal=4 brand=numeric:3 outcome=COLLECTED equalStepContest=true
COUPLED_COMPETITIVE_EVENT day=0 agent=3 spot=111 arrivalStep=13 stableOrdinal=5 brand=numeric:1 outcome=COLLECTED equalStepContest=false
COUPLED_COMPETITIVE_EVENT day=0 agent=4 spot=76 arrivalStep=14 stableOrdinal=6 brand=numeric:3 outcome=INVALIDATED_BY_OPPONENT equalStepContest=false
COUPLED_COMPETITIVE_EVENT day=0 agent=1 spot=33 arrivalStep=17 stableOrdinal=7 brand=numeric:1 outcome=COLLECTED equalStepContest=false
COUPLED_COMPETITIVE_EVENT day=0 agent=2 spot=59 arrivalStep=20 stableOrdinal=8 brand=numeric:0 outcome=INVALIDATED_BY_OPPONENT equalStepContest=false
COUPLED_COMPETITIVE_EVENT day=0 agent=0 spot=10 arrivalStep=24 stableOrdinal=9 brand=numeric:3 outcome=INVALIDATED_BY_OPPONENT equalStepContest=true
COUPLED_COMPETITIVE_EVENT day=0 agent=0 spot=33 arrivalStep=28 stableOrdinal=10 brand=numeric:1 outcome=INVALIDATED_BY_OPPONENT equalStepContest=false
COUPLED_COMPETITIVE_EVENT day=0 agent=2 spot=10 arrivalStep=28 stableOrdinal=11 brand=numeric:3 outcome=INVALIDATED_BY_OPPONENT equalStepContest=false
COUPLED_COMPETITIVE_EVENT day=0 agent=4 spot=10 arrivalStep=28 stableOrdinal=12 brand=numeric:3 outcome=INVALIDATED_BY_OPPONENT equalStepContest=false
COUPLED_COMPETITIVE_EVENT day=0 agent=1 spot=138 arrivalStep=31 stableOrdinal=13 brand=numeric:2 outcome=COLLECTED equalStepContest=true
COUPLED_COMPETITIVE_EVENT day=0 agent=0 spot=69 arrivalStep=33 stableOrdinal=14 brand=numeric:2 outcome=INVALIDATED_BY_OPPONENT equalStepContest=false
COUPLED_COMPETITIVE_EVENT day=0 agent=3 spot=10 arrivalStep=33 stableOrdinal=15 brand=numeric:3 outcome=INVALIDATED_BY_OPPONENT equalStepContest=false
COUPLED_COMPETITIVE_EVENT day=0 agent=0 spot=138 arrivalStep=43 stableOrdinal=16 brand=numeric:2 outcome=INVALIDATED_BY_OPPONENT equalStepContest=false
COUPLED_COMPETITIVE_EVENT day=0 agent=2 spot=138 arrivalStep=46 stableOrdinal=17 brand=numeric:2 outcome=INVALIDATED_BY_OPPONENT equalStepContest=false
COUPLED_COMPETITIVE_EVENT day=0 agent=1 spot=37 arrivalStep=47 stableOrdinal=18 brand=numeric:0 outcome=COLLECTED equalStepContest=true
COUPLED_COMPETITIVE_EVENT day=0 agent=3 spot=37 arrivalStep=55 stableOrdinal=19 brand=numeric:0 outcome=INVALIDATED_BY_OPPONENT equalStepContest=false
COUPLED_COMPETITIVE_EVENT day=0 agent=2 spot=69 arrivalStep=56 stableOrdinal=20 brand=numeric:2 outcome=INVALIDATED_BY_OPPONENT equalStepContest=false
NEXT_DAY_HARVEST_CAPACITY_SUMMARY day=0 remainingFutureDays=3 patrolAgents=5 nextDayStepBudget=60 minimumPatrolDistinctSpots=8 minimumPatrolDistinctBrands=4 totalPatrolDistinctSpotCapacity=40 totalPatrolDistinctBrandCapacity=20 routeCostCacheEntries=1104 pathfindingExecutions=8
PATROL_NEXT_DAY_HARVEST_CAPACITY day=0 agent=0 endPosition=138 endFuel=88 stationaryOpportunity=true maxDistinctSpots=8 maxDistinctBrands=4 bestRemainingFuel=58
PATROL_NEXT_DAY_HARVEST_CAPACITY day=0 agent=1 endPosition=37 endFuel=80 stationaryOpportunity=true maxDistinctSpots=8 maxDistinctBrands=4 bestRemainingFuel=51
PATROL_NEXT_DAY_HARVEST_CAPACITY day=0 agent=2 endPosition=69 endFuel=71 stationaryOpportunity=true maxDistinctSpots=8 maxDistinctBrands=4 bestRemainingFuel=38
PATROL_NEXT_DAY_HARVEST_CAPACITY day=0 agent=3 endPosition=37 endFuel=91 stationaryOpportunity=true maxDistinctSpots=8 maxDistinctBrands=4 bestRemainingFuel=62
PATROL_NEXT_DAY_HARVEST_CAPACITY day=0 agent=4 endPosition=10 endFuel=105 stationaryOpportunity=true maxDistinctSpots=8 maxDistinctBrands=4 bestRemainingFuel=76
LOCAL_PLAN_VALID matchId=m-4772 day=0 mode=CoupledCompetitiveMarginPlanner
ACTION_REQUEST_FINGERPRINT matchId=m-4772 day=0 agentCount=6 serializedLength=311 fingerprint=51a87f5d
ACTION_DURATION_AUDIT matchId=m-4772 day=0 agent=0 dayBudget=60 plannerDuration=60 validatedDuration=60 encodedDuration=60 actionCount=26 finalAction=WAIT(17) paddingApplied=false
ACTION_WIRE_REPLAY_AUDIT matchId=m-4772 day=0 agent=0 dayBudget=60 simulatedDuration=60 wireReplayDuration=60 simulatedEndPosition=138 wireReplayEndPosition=138 simulatedPatrolFuel=88 wireReplayPatrolFuel=88 actionCount=26 durationMatch=true positionMatch=true fuelMatch=true
ACTION_DURATION_AUDIT matchId=m-4772 day=0 agent=1 dayBudget=60 plannerDuration=60 validatedDuration=60 encodedDuration=60 actionCount=30 finalAction=WAIT(13) paddingApplied=false
ACTION_WIRE_REPLAY_AUDIT matchId=m-4772 day=0 agent=1 dayBudget=60 simulatedDuration=60 wireReplayDuration=60 simulatedEndPosition=37 wireReplayEndPosition=37 simulatedPatrolFuel=80 wireReplayPatrolFuel=80 actionCount=30 durationMatch=true positionMatch=true fuelMatch=true
ACTION_DURATION_AUDIT matchId=m-4772 day=0 agent=2 dayBudget=60 plannerDuration=60 validatedDuration=60 encodedDuration=60 actionCount=36 finalAction=WAIT(4) paddingApplied=false
ACTION_WIRE_REPLAY_AUDIT matchId=m-4772 day=0 agent=2 dayBudget=60 simulatedDuration=60 wireReplayDuration=60 simulatedEndPosition=69 wireReplayEndPosition=69 simulatedPatrolFuel=71 wireReplayPatrolFuel=71 actionCount=36 durationMatch=true positionMatch=true fuelMatch=true
ACTION_DURATION_AUDIT matchId=m-4772 day=0 agent=3 dayBudget=60 plannerDuration=60 validatedDuration=60 encodedDuration=60 actionCount=33 finalAction=WAIT(5) paddingApplied=false
ACTION_WIRE_REPLAY_AUDIT matchId=m-4772 day=0 agent=3 dayBudget=60 simulatedDuration=60 wireReplayDuration=60 simulatedEndPosition=37 wireReplayEndPosition=37 simulatedPatrolFuel=91 wireReplayPatrolFuel=79 actionCount=33 durationMatch=true positionMatch=true fuelMatch=true
ACTION_DURATION_AUDIT matchId=m-4772 day=0 agent=4 dayBudget=60 plannerDuration=60 validatedDuration=60 encodedDuration=60 actionCount=18 finalAction=WAIT(32) paddingApplied=false
ACTION_WIRE_REPLAY_AUDIT matchId=m-4772 day=0 agent=4 dayBudget=60 simulatedDuration=60 wireReplayDuration=60 simulatedEndPosition=10 wireReplayEndPosition=10 simulatedPatrolFuel=105 wireReplayPatrolFuel=97 actionCount=18 durationMatch=true positionMatch=true fuelMatch=true
ACTION_DURATION_AUDIT matchId=m-4772 day=0 agent=5 dayBudget=60 plannerDuration=60 validatedDuration=60 encodedDuration=60 actionCount=1 finalAction=WAIT(60) paddingApplied=false
ACTION_WIRE_REPLAY_AUDIT matchId=m-4772 day=0 agent=5 dayBudget=60 simulatedDuration=60 wireReplayDuration=60 simulatedEndPosition=77 wireReplayEndPosition=77 simulatedPatrolFuel=UNAVAILABLE wireReplayPatrolFuel=UNAVAILABLE actionCount=1 durationMatch=true positionMatch=true fuelMatch=NA
ACTIONS_SUBMITTED matchId=m-4772 day=0 fingerprint=51a87f5d
ACTION_RESPONSE_POST_ADVANCE matchId=m-4772 submittedDay=0 responseDay=1
UDON_OBSERVABILITY matchId=m-4772 day=0 predictedDayUdon=21 authoritativeActual=UNAVAILABLE
ACTIONS_ACCEPTED matchId=m-4772 day=0
DAY_STATE_RECEIVED matchId=m-4772 day=1 agents=6
PARITY_OBSERVED matchId=m-4772 day=0 position=MATCH patrolFuel=MATCH
DAY_ADVANCED matchId=m-4772 from=0 to=1
NEXT_DAY_HARVEST_CAPACITY_SUMMARY day=1 remainingFutureDays=2 patrolAgents=5 nextDayStepBudget=60 minimumPatrolDistinctSpots=8 minimumPatrolDistinctBrands=4 totalPatrolDistinctSpotCapacity=40 totalPatrolDistinctBrandCapacity=20 routeCostCacheEntries=1104 pathfindingExecutions=8
TEAM_REFUEL_HARVEST_HORIZON_NO_ASSIGN day=1 reason=NO_HARVEST_CAPACITY_GAIN currentSemiBrandDelta=0 currentSemiCollectionDelta=0 weakestCapacityDelta=0 totalSpotCapacityDelta=0 totalBrandCapacityDelta=0 fuelRestored=0 arrivalStep=0
TEAM_REFUEL_NO_ASSIGN day=1 reason=NO_POSITIVE_TEAM_VALUE
TEAM_TARGET_SELECT day=1 iteration=1 agent=2 target=111 brand=numeric:1 teamNewBrand=true steps=13 fuel=11
TEAM_TARGET_SELECT day=1 iteration=2 agent=4 target=138 brand=numeric:2 teamNewBrand=false steps=20 fuel=13
TEAM_TARGET_SELECT day=1 iteration=3 agent=0 target=10 brand=numeric:3 teamNewBrand=false steps=20 fuel=13
TEAM_TARGET_SELECT day=1 iteration=4 agent=0 target=59 brand=numeric:0 teamNewBrand=false steps=8 fuel=4
TEAM_TARGET_SELECT day=1 iteration=5 agent=3 target=76 brand=numeric:3 teamNewBrand=false steps=8 fuel=7
TEAM_TARGET_SELECT day=1 iteration=6 agent=3 target=138 brand=numeric:2 teamNewBrand=false steps=10 fuel=5
TEAM_TARGET_SELECT day=1 iteration=7 agent=2 target=37 brand=numeric:0 teamNewBrand=false steps=11 fuel=7
TEAM_TARGET_SELECT day=1 iteration=8 agent=4 target=37 brand=numeric:0 teamNewBrand=false steps=16 fuel=11
TEAM_TARGET_SELECT day=1 iteration=9 agent=1 target=138 brand=numeric:2 teamNewBrand=false steps=16 fuel=11
TEAM_TARGET_SELECT day=1 iteration=10 agent=1 target=10 brand=numeric:3 teamNewBrand=false steps=20 fuel=13
TEAM_TARGET_SELECT day=1 iteration=11 agent=2 target=138 brand=numeric:2 teamNewBrand=false steps=16 fuel=11
TEAM_TARGET_SELECT day=1 iteration=12 agent=3 target=10 brand=numeric:3 teamNewBrand=false steps=20 fuel=13
TEAM_TARGET_SELECT day=1 iteration=13 agent=2 target=10 brand=numeric:3 teamNewBrand=false steps=20 fuel=13
TEAM_TARGET_SELECT day=1 iteration=14 agent=0 target=37 brand=numeric:0 teamNewBrand=false steps=20 fuel=19
TEAM_PLAN_VALID day=1
OPPONENT_COUPLED_BASELINE day=1 stepBudget=60 collectors=5 stockedSpots=8 opponentBaselineCollections=24 observedNow=4 directIntent=5 followOnIntent=15 strongCollections=9 maxCollectorCollections=5 rolloutEvents=24 routeCostCacheEntries=1104 pathfindingExecutions=8
COUPLED_COMPETITIVE_EVENT day=1 agent=0 spot=138 arrivalStep=0 stableOrdinal=0 brand=numeric:2 outcome=COLLECTED equalStepContest=false
COUPLED_COMPETITIVE_EVENT day=1 agent=1 spot=37 arrivalStep=0 stableOrdinal=1 brand=numeric:0 outcome=COLLECTED equalStepContest=false
COUPLED_COMPETITIVE_EVENT day=1 agent=2 spot=69 arrivalStep=0 stableOrdinal=2 brand=numeric:2 outcome=COLLECTED equalStepContest=false
COUPLED_COMPETITIVE_EVENT day=1 agent=3 spot=37 arrivalStep=0 stableOrdinal=3 brand=numeric:0 outcome=COLLECTED equalStepContest=false
COUPLED_COMPETITIVE_EVENT day=1 agent=4 spot=10 arrivalStep=0 stableOrdinal=4 brand=numeric:3 outcome=COLLECTED equalStepContest=false
COUPLED_COMPETITIVE_EVENT day=1 agent=4 spot=33 arrivalStep=4 stableOrdinal=5 brand=numeric:1 outcome=INVALIDATED_BY_OPPONENT equalStepContest=false
COUPLED_COMPETITIVE_EVENT day=1 agent=2 spot=76 arrivalStep=7 stableOrdinal=6 brand=numeric:3 outcome=INVALIDATED_BY_OPPONENT equalStepContest=false
COUPLED_COMPETITIVE_EVENT day=1 agent=3 spot=76 arrivalStep=8 stableOrdinal=7 brand=numeric:3 outcome=INVALIDATED_BY_OPPONENT equalStepContest=false
COUPLED_COMPETITIVE_EVENT day=1 agent=0 spot=69 arrivalStep=10 stableOrdinal=8 brand=numeric:2 outcome=COLLECTED equalStepContest=false
COUPLED_COMPETITIVE_EVENT day=1 agent=4 spot=69 arrivalStep=10 stableOrdinal=9 brand=numeric:2 outcome=INVALIDATED_BY_OPPONENT equalStepContest=false
COUPLED_COMPETITIVE_EVENT day=1 agent=2 spot=111 arrivalStep=13 stableOrdinal=10 brand=numeric:1 outcome=INVALIDATED_BY_OPPONENT equalStepContest=false
COUPLED_COMPETITIVE_EVENT day=1 agent=0 spot=33 arrivalStep=16 stableOrdinal=11 brand=numeric:1 outcome=INVALIDATED_BY_OPPONENT equalStepContest=false
COUPLED_COMPETITIVE_EVENT day=1 agent=1 spot=138 arrivalStep=16 stableOrdinal=12 brand=numeric:2 outcome=COLLECTED equalStepContest=false
COUPLED_COMPETITIVE_EVENT day=1 agent=3 spot=138 arrivalStep=18 stableOrdinal=13 brand=numeric:2 outcome=COLLECTED equalStepContest=false
COUPLED_COMPETITIVE_EVENT day=1 agent=0 spot=10 arrivalStep=20 stableOrdinal=14 brand=numeric:3 outcome=COLLECTED equalStepContest=false
COUPLED_COMPETITIVE_EVENT day=1 agent=4 spot=138 arrivalStep=20 stableOrdinal=15 brand=numeric:2 outcome=COLLECTED equalStepContest=false
COUPLED_COMPETITIVE_EVENT day=1 agent=2 spot=37 arrivalStep=24 stableOrdinal=16 brand=numeric:0 outcome=COLLECTED equalStepContest=true
COUPLED_COMPETITIVE_EVENT day=1 agent=1 spot=69 arrivalStep=26 stableOrdinal=17 brand=numeric:2 outcome=EXHAUSTED_BY_OWN_TEAM equalStepContest=false
COUPLED_COMPETITIVE_EVENT day=1 agent=0 spot=59 arrivalStep=28 stableOrdinal=18 brand=numeric:0 outcome=INVALIDATED_BY_OPPONENT equalStepContest=false
COUPLED_COMPETITIVE_EVENT day=1 agent=3 spot=69 arrivalStep=28 stableOrdinal=19 brand=numeric:2 outcome=EXHAUSTED_BY_OWN_TEAM equalStepContest=false
COUPLED_COMPETITIVE_EVENT day=1 agent=1 spot=33 arrivalStep=32 stableOrdinal=20 brand=numeric:1 outcome=EXHAUSTED_BY_OWN_TEAM equalStepContest=false
COUPLED_COMPETITIVE_EVENT day=1 agent=3 spot=33 arrivalStep=34 stableOrdinal=21 brand=numeric:1 outcome=EXHAUSTED_BY_OWN_TEAM equalStepContest=false
COUPLED_COMPETITIVE_EVENT day=1 agent=1 spot=10 arrivalStep=36 stableOrdinal=22 brand=numeric:3 outcome=COLLECTED equalStepContest=true
COUPLED_COMPETITIVE_EVENT day=1 agent=4 spot=37 arrivalStep=36 stableOrdinal=23 brand=numeric:0 outcome=INVALIDATED_BY_OPPONENT equalStepContest=false
ANYTIME_STRATIFIED_COUPLED_MARGIN_START day=1 remainingFutureDays=2 plannedOwnOpportunityEvents=29 coupledOwnBrands=3 coupledOwnCollections=12 opponentBaselineCollections=24 coupledOpponentCollections=14 opponentCollectionsRemovedVsBaseline=10 ownPlannedEventsInvalidatedByOpponent=12 opponentReplacementCollections=0 projectedCoupledMargin=-2 ownSemiBrands=3 ownSemiCollections=18 semiScore=56 minimumPatrolDistinctSpots=8 totalPatrolDistinctSpotCapacity=40 budget=64 discoveryBudget=16 qualificationBudget=24 exploitationBudget=24
ANYTIME_STRATIFIED_COUPLED_MARGIN_IMPROVEMENT day=1 coupledOwnBrands=4 coupledOwnCollections=7 coupledOpponentCollections=19 opponentCollectionsRemovedVsBaseline=5 ownPlannedEventsInvalidatedByOpponent=3 opponentReplacementCollections=1 projectedCoupledMargin=-12 expanded=4
ANYTIME_STRATIFIED_COUPLED_MARGIN_IMPROVEMENT day=1 coupledOwnBrands=4 coupledOwnCollections=10 coupledOpponentCollections=16 opponentCollectionsRemovedVsBaseline=8 ownPlannedEventsInvalidatedByOpponent=4 opponentReplacementCollections=0 projectedCoupledMargin=-6 expanded=7
ANYTIME_STRATIFIED_COUPLED_MARGIN_IMPROVEMENT day=1 coupledOwnBrands=4 coupledOwnCollections=10 coupledOpponentCollections=16 opponentCollectionsRemovedVsBaseline=8 ownPlannedEventsInvalidatedByOpponent=6 opponentReplacementCollections=0 projectedCoupledMargin=-6 expanded=8
ANYTIME_STRATIFIED_COUPLED_MARGIN_IMPROVEMENT day=1 coupledOwnBrands=4 coupledOwnCollections=11 coupledOpponentCollections=15 opponentCollectionsRemovedVsBaseline=9 ownPlannedEventsInvalidatedByOpponent=6 opponentReplacementCollections=0 projectedCoupledMargin=-4 expanded=9
ANYTIME_STRATIFIED_COUPLED_MARGIN_IMPROVEMENT day=1 coupledOwnBrands=4 coupledOwnCollections=11 coupledOpponentCollections=15 opponentCollectionsRemovedVsBaseline=9 ownPlannedEventsInvalidatedByOpponent=8 opponentReplacementCollections=0 projectedCoupledMargin=-4 expanded=12
ANYTIME_STRATIFIED_COUPLED_MARGIN_IMPROVEMENT day=1 coupledOwnBrands=4 coupledOwnCollections=11 coupledOpponentCollections=15 opponentCollectionsRemovedVsBaseline=9 ownPlannedEventsInvalidatedByOpponent=9 opponentReplacementCollections=1 projectedCoupledMargin=-4 expanded=14
ANYTIME_STRATIFIED_COUPLED_MARGIN_IMPROVEMENT day=1 coupledOwnBrands=4 coupledOwnCollections=11 coupledOpponentCollections=15 opponentCollectionsRemovedVsBaseline=9 ownPlannedEventsInvalidatedByOpponent=10 opponentReplacementCollections=1 projectedCoupledMargin=-4 expanded=15
ANYTIME_STRATIFIED_COUPLED_MARGIN_IMPROVEMENT day=1 coupledOwnBrands=4 coupledOwnCollections=11 coupledOpponentCollections=15 opponentCollectionsRemovedVsBaseline=9 ownPlannedEventsInvalidatedByOpponent=11 opponentReplacementCollections=1 projectedCoupledMargin=-4 expanded=17
ANYTIME_STRATIFIED_COUPLED_MARGIN_IMPROVEMENT day=1 coupledOwnBrands=4 coupledOwnCollections=11 coupledOpponentCollections=15 opponentCollectionsRemovedVsBaseline=9 ownPlannedEventsInvalidatedByOpponent=12 opponentReplacementCollections=1 projectedCoupledMargin=-4 expanded=25
ANYTIME_STRATIFIED_COUPLED_MARGIN_IMPROVEMENT day=1 coupledOwnBrands=4 coupledOwnCollections=11 coupledOpponentCollections=15 opponentCollectionsRemovedVsBaseline=9 ownPlannedEventsInvalidatedByOpponent=13 opponentReplacementCollections=1 projectedCoupledMargin=-4 expanded=33
ANYTIME_STRATIFIED_COUPLED_MARGIN_IMPROVEMENT day=1 coupledOwnBrands=4 coupledOwnCollections=11 coupledOpponentCollections=15 opponentCollectionsRemovedVsBaseline=9 ownPlannedEventsInvalidatedByOpponent=13 opponentReplacementCollections=1 projectedCoupledMargin=-4 expanded=35
ANYTIME_STRATIFIED_COUPLED_MARGIN_IMPROVEMENT day=1 coupledOwnBrands=4 coupledOwnCollections=11 coupledOpponentCollections=15 opponentCollectionsRemovedVsBaseline=9 ownPlannedEventsInvalidatedByOpponent=13 opponentReplacementCollections=1 projectedCoupledMargin=-4 expanded=38
ANYTIME_STRATIFIED_COUPLED_MARGIN_IMPROVEMENT day=1 coupledOwnBrands=4 coupledOwnCollections=12 coupledOpponentCollections=14 opponentCollectionsRemovedVsBaseline=10 ownPlannedEventsInvalidatedByOpponent=12 opponentReplacementCollections=1 projectedCoupledMargin=-2 expanded=63
ANYTIME_STRATIFIED_COUPLED_MARGIN_DONE day=1 remainingFutureDays=2 plannedOwnOpportunityEvents=27 coupledOwnBrands=4 coupledOwnCollections=12 rawUdon=24 opponentBaselineCollections=24 coupledOpponentCollections=14 opponentCollectionsRemovedVsBaseline=10 ownPlannedEventsInvalidatedByOpponent=12 ownPlannedEventsExhaustedByOwnTeam=3 opponentReplacementCollections=1 coupledObservedNow=1 coupledDirect=5 coupledFollowOn=8 equalStepContests=2 projectedCoupledMargin=-2 ownSemiBrands=3 ownSemiCollections=17 semiScore=54 baselineRolloutEvents=24 coupledRolloutEvents=42 maxBaselineCollectorCollections=5 maxCoupledCollectorCollections=4 routeCostCacheEntries=1104 pathfindingExecutions=8 minimumPatrolDistinctSpots=8 minimumPatrolDistinctBrands=4 totalPatrolDistinctSpotCapacity=40 totalPatrolDistinctBrandCapacity=20 expanded=64 completedPlans=65 improvements=13 strategiesDiscovered=21 strategiesQualified=8 strategiesWithAtLeast2Expansions=8 strategiesWithAtLeast3Expansions=7 maxStrategyExpansionCount=41 discoveryExpansions=16 qualificationExpansions=24 exploitationExpansions=24 frontierPeak=48 budgetExhausted=true
COUPLED_COMPETITIVE_EVENT day=1 agent=0 spot=138 arrivalStep=0 stableOrdinal=0 brand=numeric:2 outcome=COLLECTED equalStepContest=false
COUPLED_COMPETITIVE_EVENT day=1 agent=1 spot=37 arrivalStep=0 stableOrdinal=1 brand=numeric:0 outcome=COLLECTED equalStepContest=false
COUPLED_COMPETITIVE_EVENT day=1 agent=2 spot=69 arrivalStep=0 stableOrdinal=2 brand=numeric:2 outcome=COLLECTED equalStepContest=false
COUPLED_COMPETITIVE_EVENT day=1 agent=3 spot=37 arrivalStep=0 stableOrdinal=3 brand=numeric:0 outcome=COLLECTED equalStepContest=false
COUPLED_COMPETITIVE_EVENT day=1 agent=4 spot=10 arrivalStep=0 stableOrdinal=4 brand=numeric:3 outcome=COLLECTED equalStepContest=false
COUPLED_COMPETITIVE_EVENT day=1 agent=2 spot=33 arrivalStep=6 stableOrdinal=5 brand=numeric:1 outcome=COLLECTED equalStepContest=false
COUPLED_COMPETITIVE_EVENT day=1 agent=4 spot=59 arrivalStep=8 stableOrdinal=6 brand=numeric:0 outcome=INVALIDATED_BY_OPPONENT equalStepContest=false
COUPLED_COMPETITIVE_EVENT day=1 agent=0 spot=69 arrivalStep=10 stableOrdinal=7 brand=numeric:2 outcome=COLLECTED equalStepContest=false
COUPLED_COMPETITIVE_EVENT day=1 agent=2 spot=10 arrivalStep=10 stableOrdinal=8 brand=numeric:3 outcome=COLLECTED equalStepContest=false
COUPLED_COMPETITIVE_EVENT day=1 agent=0 spot=33 arrivalStep=16 stableOrdinal=9 brand=numeric:1 outcome=INVALIDATED_BY_OPPONENT equalStepContest=false
COUPLED_COMPETITIVE_EVENT day=1 agent=1 spot=138 arrivalStep=16 stableOrdinal=10 brand=numeric:2 outcome=COLLECTED equalStepContest=true
COUPLED_COMPETITIVE_EVENT day=1 agent=0 spot=10 arrivalStep=20 stableOrdinal=11 brand=numeric:3 outcome=COLLECTED equalStepContest=false
COUPLED_COMPETITIVE_EVENT day=1 agent=3 spot=10 arrivalStep=22 stableOrdinal=12 brand=numeric:3 outcome=COLLECTED equalStepContest=false
COUPLED_COMPETITIVE_EVENT day=1 agent=4 spot=138 arrivalStep=22 stableOrdinal=13 brand=numeric:2 outcome=COLLECTED equalStepContest=false
COUPLED_COMPETITIVE_EVENT day=1 agent=1 spot=69 arrivalStep=26 stableOrdinal=14 brand=numeric:2 outcome=INVALIDATED_BY_OPPONENT equalStepContest=false
COUPLED_COMPETITIVE_EVENT day=1 agent=3 spot=33 arrivalStep=26 stableOrdinal=15 brand=numeric:1 outcome=EXHAUSTED_BY_OWN_TEAM equalStepContest=false
COUPLED_COMPETITIVE_EVENT day=1 agent=2 spot=138 arrivalStep=30 stableOrdinal=16 brand=numeric:2 outcome=INVALIDATED_BY_OPPONENT equalStepContest=false
COUPLED_COMPETITIVE_EVENT day=1 agent=1 spot=33 arrivalStep=32 stableOrdinal=17 brand=numeric:1 outcome=EXHAUSTED_BY_OWN_TEAM equalStepContest=false
COUPLED_COMPETITIVE_EVENT day=1 agent=3 spot=69 arrivalStep=32 stableOrdinal=18 brand=numeric:2 outcome=EXHAUSTED_BY_OWN_TEAM equalStepContest=false
COUPLED_COMPETITIVE_EVENT day=1 agent=0 spot=76 arrivalStep=35 stableOrdinal=19 brand=numeric:3 outcome=INVALIDATED_BY_OPPONENT equalStepContest=false
COUPLED_COMPETITIVE_EVENT day=1 agent=1 spot=10 arrivalStep=36 stableOrdinal=20 brand=numeric:3 outcome=INVALIDATED_BY_OPPONENT equalStepContest=true
COUPLED_COMPETITIVE_EVENT day=1 agent=4 spot=37 arrivalStep=38 stableOrdinal=21 brand=numeric:0 outcome=INVALIDATED_BY_OPPONENT equalStepContest=false
COUPLED_COMPETITIVE_EVENT day=1 agent=0 spot=111 arrivalStep=41 stableOrdinal=22 brand=numeric:1 outcome=INVALIDATED_BY_OPPONENT equalStepContest=false
COUPLED_COMPETITIVE_EVENT day=1 agent=3 spot=138 arrivalStep=42 stableOrdinal=23 brand=numeric:2 outcome=INVALIDATED_BY_OPPONENT equalStepContest=false
NEXT_DAY_HARVEST_CAPACITY_SUMMARY day=1 remainingFutureDays=2 patrolAgents=5 nextDayStepBudget=60 minimumPatrolDistinctSpots=8 minimumPatrolDistinctBrands=4 totalPatrolDistinctSpotCapacity=40 totalPatrolDistinctBrandCapacity=20 routeCostCacheEntries=1104 pathfindingExecutions=8
PATROL_NEXT_DAY_HARVEST_CAPACITY day=1 agent=0 endPosition=37 endFuel=53 stationaryOpportunity=true maxDistinctSpots=8 maxDistinctBrands=4 bestRemainingFuel=24
PATROL_NEXT_DAY_HARVEST_CAPACITY day=1 agent=1 endPosition=10 endFuel=56 stationaryOpportunity=true maxDistinctSpots=8 maxDistinctBrands=4 bestRemainingFuel=27
PATROL_NEXT_DAY_HARVEST_CAPACITY day=1 agent=2 endPosition=37 endFuel=42 stationaryOpportunity=true maxDistinctSpots=8 maxDistinctBrands=4 bestRemainingFuel=13
PATROL_NEXT_DAY_HARVEST_CAPACITY day=1 agent=3 endPosition=138 endFuel=64 stationaryOpportunity=true maxDistinctSpots=8 maxDistinctBrands=4 bestRemainingFuel=34
PATROL_NEXT_DAY_HARVEST_CAPACITY day=1 agent=4 endPosition=76 endFuel=70 stationaryOpportunity=true maxDistinctSpots=8 maxDistinctBrands=4 bestRemainingFuel=38
LOCAL_PLAN_VALID matchId=m-4772 day=1 mode=CoupledCompetitiveMarginPlanner
ACTION_REQUEST_FINGERPRINT matchId=m-4772 day=1 agentCount=6 serializedLength=284 fingerprint=7ed857e0
ACTION_DURATION_AUDIT matchId=m-4772 day=1 agent=0 dayBudget=60 plannerDuration=60 validatedDuration=60 encodedDuration=60 actionCount=30 finalAction=WAIT(8) paddingApplied=false
ACTION_WIRE_REPLAY_AUDIT matchId=m-4772 day=1 agent=0 dayBudget=60 simulatedDuration=60 wireReplayDuration=60 simulatedEndPosition=37 wireReplayEndPosition=37 simulatedPatrolFuel=53 wireReplayPatrolFuel=53 actionCount=30 durationMatch=true positionMatch=true fuelMatch=true
ACTION_DURATION_AUDIT matchId=m-4772 day=1 agent=1 dayBudget=60 plannerDuration=60 validatedDuration=60 encodedDuration=60 actionCount=21 finalAction=WAIT(24) paddingApplied=false
ACTION_WIRE_REPLAY_AUDIT matchId=m-4772 day=1 agent=1 dayBudget=60 simulatedDuration=60 wireReplayDuration=60 simulatedEndPosition=10 wireReplayEndPosition=10 simulatedPatrolFuel=56 wireReplayPatrolFuel=56 actionCount=21 durationMatch=true positionMatch=true fuelMatch=true
ACTION_DURATION_AUDIT matchId=m-4772 day=1 agent=2 dayBudget=60 plannerDuration=60 validatedDuration=60 encodedDuration=60 actionCount=26 finalAction=WAIT(14) paddingApplied=false
ACTION_WIRE_REPLAY_AUDIT matchId=m-4772 day=1 agent=2 dayBudget=60 simulatedDuration=60 wireReplayDuration=60 simulatedEndPosition=37 wireReplayEndPosition=37 simulatedPatrolFuel=42 wireReplayPatrolFuel=42 actionCount=26 durationMatch=true positionMatch=true fuelMatch=true
ACTION_DURATION_AUDIT matchId=m-4772 day=1 agent=3 dayBudget=60 plannerDuration=60 validatedDuration=60 encodedDuration=60 actionCount=24 finalAction=WAIT(18) paddingApplied=false
ACTION_WIRE_REPLAY_AUDIT matchId=m-4772 day=1 agent=3 dayBudget=60 simulatedDuration=60 wireReplayDuration=60 simulatedEndPosition=138 wireReplayEndPosition=138 simulatedPatrolFuel=64 wireReplayPatrolFuel=64 actionCount=24 durationMatch=true positionMatch=true fuelMatch=true
ACTION_DURATION_AUDIT matchId=m-4772 day=1 agent=4 dayBudget=60 plannerDuration=60 validatedDuration=60 encodedDuration=60 actionCount=28 finalAction=WAIT(14) paddingApplied=false
ACTION_WIRE_REPLAY_AUDIT matchId=m-4772 day=1 agent=4 dayBudget=60 simulatedDuration=60 wireReplayDuration=60 simulatedEndPosition=76 wireReplayEndPosition=76 simulatedPatrolFuel=70 wireReplayPatrolFuel=70 actionCount=28 durationMatch=true positionMatch=true fuelMatch=true
ACTION_DURATION_AUDIT matchId=m-4772 day=1 agent=5 dayBudget=60 plannerDuration=60 validatedDuration=60 encodedDuration=60 actionCount=1 finalAction=WAIT(60) paddingApplied=false
ACTION_WIRE_REPLAY_AUDIT matchId=m-4772 day=1 agent=5 dayBudget=60 simulatedDuration=60 wireReplayDuration=60 simulatedEndPosition=77 wireReplayEndPosition=77 simulatedPatrolFuel=UNAVAILABLE wireReplayPatrolFuel=UNAVAILABLE actionCount=1 durationMatch=true positionMatch=true fuelMatch=NA
ACTIONS_SUBMITTED matchId=m-4772 day=1 fingerprint=7ed857e0
ACTION_RESPONSE_POST_ADVANCE matchId=m-4772 submittedDay=1 responseDay=2
UDON_OBSERVABILITY matchId=m-4772 day=1 predictedDayUdon=24 authoritativeActual=UNAVAILABLE
ACTIONS_ACCEPTED matchId=m-4772 day=1
DAY_STATE_RECEIVED matchId=m-4772 day=1 agents=6
DAY_STATE_RECEIVED matchId=m-4772 day=1 agents=6
DAY_STATE_RECEIVED matchId=m-4772 day=2 agents=6
PARITY_OBSERVED matchId=m-4772 day=1 position=MATCH patrolFuel=MATCH
DAY_ADVANCED matchId=m-4772 from=1 to=2
NEXT_DAY_HARVEST_CAPACITY_SUMMARY day=2 remainingFutureDays=1 patrolAgents=5 nextDayStepBudget=60 minimumPatrolDistinctSpots=3 minimumPatrolDistinctBrands=3 totalPatrolDistinctSpotCapacity=33 totalPatrolDistinctBrandCapacity=19 routeCostCacheEntries=1104 pathfindingExecutions=8
TEAM_REFUEL_HARVEST_HORIZON_ASSIGN day=2 refuelAgent=5 patrolAgent=3 currentSemiBrandDelta=0 currentSemiCollectionDelta=0 minimumSpotCapacityDelta=5 minimumBrandCapacityDelta=1 totalSpotCapacityDelta=7 totalBrandCapacityDelta=1 fuelRestored=56 arrivalStep=10
TEAM_REFUEL_ASSIGN day=2 refuelAgent=5 patrolAgent=3 projectedBrandGain=0 projectedCollectionGain=0 arrivalStep=10
TEAM_TARGET_SELECT day=2 iteration=1 agent=1 target=111 brand=numeric:1 teamNewBrand=true steps=21 fuel=15
TEAM_TARGET_SELECT day=2 iteration=2 agent=4 target=59 brand=numeric:0 teamNewBrand=false steps=13 fuel=11
TEAM_TARGET_SELECT day=2 iteration=3 agent=3 target=10 brand=numeric:3 teamNewBrand=false steps=21 fuel=15
TEAM_TARGET_SELECT day=2 iteration=4 agent=4 target=33 brand=numeric:1 teamNewBrand=false steps=6 fuel=3
TEAM_TARGET_SELECT day=2 iteration=5 agent=1 target=138 brand=numeric:2 teamNewBrand=false steps=8 fuel=4
TEAM_TARGET_SELECT day=2 iteration=6 agent=0 target=69 brand=numeric:2 teamNewBrand=false steps=15 fuel=12
TEAM_TARGET_SELECT day=2 iteration=7 agent=0 target=10 brand=numeric:3 teamNewBrand=false steps=10 fuel=5
TEAM_TARGET_SELECT day=2 iteration=8 agent=2 target=69 brand=numeric:2 teamNewBrand=false steps=15 fuel=12
TEAM_TARGET_SELECT day=2 iteration=9 agent=2 target=10 brand=numeric:3 teamNewBrand=false steps=10 fuel=5
TEAM_TARGET_SELECT day=2 iteration=10 agent=1 target=37 brand=numeric:0 teamNewBrand=false steps=18 fuel=10
TEAM_TARGET_SELECT day=2 iteration=11 agent=3 target=37 brand=numeric:0 teamNewBrand=false steps=22 fuel=14
TEAM_TARGET_SELECT day=2 iteration=12 agent=4 target=10 brand=numeric:3 teamNewBrand=false steps=4 fuel=2
TEAM_TARGET_SELECT day=2 iteration=13 agent=4 target=138 brand=numeric:2 teamNewBrand=false steps=21 fuel=15
TEAM_TARGET_SELECT day=2 iteration=14 agent=0 target=138 brand=numeric:2 teamNewBrand=false steps=21 fuel=15
TEAM_TARGET_SELECT day=2 iteration=15 agent=2 target=138 brand=numeric:2 teamNewBrand=false steps=21 fuel=15
TEAM_PLAN_VALID day=2
OPPONENT_COUPLED_BASELINE day=2 stepBudget=60 collectors=5 stockedSpots=8 opponentBaselineCollections=24 observedNow=3 directIntent=5 followOnIntent=16 strongCollections=8 maxCollectorCollections=6 rolloutEvents=24 routeCostCacheEntries=1104 pathfindingExecutions=8
COUPLED_COMPETITIVE_EVENT day=2 agent=0 spot=37 arrivalStep=0 stableOrdinal=0 brand=numeric:0 outcome=COLLECTED equalStepContest=false
COUPLED_COMPETITIVE_EVENT day=2 agent=1 spot=10 arrivalStep=0 stableOrdinal=1 brand=numeric:3 outcome=COLLECTED equalStepContest=false
COUPLED_COMPETITIVE_EVENT day=2 agent=2 spot=37 arrivalStep=0 stableOrdinal=2 brand=numeric:0 outcome=COLLECTED equalStepContest=false
COUPLED_COMPETITIVE_EVENT day=2 agent=3 spot=138 arrivalStep=0 stableOrdinal=3 brand=numeric:2 outcome=COLLECTED equalStepContest=false
COUPLED_COMPETITIVE_EVENT day=2 agent=4 spot=76 arrivalStep=0 stableOrdinal=4 brand=numeric:3 outcome=COLLECTED equalStepContest=false
COUPLED_COMPETITIVE_EVENT day=2 agent=4 spot=69 arrivalStep=7 stableOrdinal=5 brand=numeric:2 outcome=COLLECTED equalStepContest=false
COUPLED_COMPETITIVE_EVENT day=2 agent=4 spot=59 arrivalStep=13 stableOrdinal=6 brand=numeric:0 outcome=INVALIDATED_BY_OPPONENT equalStepContest=false
COUPLED_COMPETITIVE_EVENT day=2 agent=0 spot=69 arrivalStep=15 stableOrdinal=7 brand=numeric:2 outcome=INVALIDATED_BY_OPPONENT equalStepContest=false
COUPLED_COMPETITIVE_EVENT day=2 agent=1 spot=76 arrivalStep=15 stableOrdinal=8 brand=numeric:3 outcome=INVALIDATED_BY_OPPONENT equalStepContest=false
COUPLED_COMPETITIVE_EVENT day=2 agent=2 spot=69 arrivalStep=15 stableOrdinal=9 brand=numeric:2 outcome=INVALIDATED_BY_OPPONENT equalStepContest=false
COUPLED_COMPETITIVE_EVENT day=2 agent=4 spot=33 arrivalStep=19 stableOrdinal=10 brand=numeric:1 outcome=INVALIDATED_BY_OPPONENT equalStepContest=false
COUPLED_COMPETITIVE_EVENT day=2 agent=0 spot=33 arrivalStep=21 stableOrdinal=11 brand=numeric:1 outcome=INVALIDATED_BY_OPPONENT equalStepContest=false
COUPLED_COMPETITIVE_EVENT day=2 agent=1 spot=111 arrivalStep=21 stableOrdinal=12 brand=numeric:1 outcome=INVALIDATED_BY_OPPONENT equalStepContest=false
COUPLED_COMPETITIVE_EVENT day=2 agent=2 spot=33 arrivalStep=21 stableOrdinal=13 brand=numeric:1 outcome=EXHAUSTED_BY_OWN_TEAM equalStepContest=false
COUPLED_COMPETITIVE_EVENT day=2 agent=4 spot=10 arrivalStep=23 stableOrdinal=14 brand=numeric:3 outcome=INVALIDATED_BY_OPPONENT equalStepContest=true
COUPLED_COMPETITIVE_EVENT day=2 agent=0 spot=10 arrivalStep=25 stableOrdinal=15 brand=numeric:3 outcome=INVALIDATED_BY_OPPONENT equalStepContest=false
COUPLED_COMPETITIVE_EVENT day=2 agent=2 spot=10 arrivalStep=25 stableOrdinal=16 brand=numeric:3 outcome=INVALIDATED_BY_OPPONENT equalStepContest=false
COUPLED_COMPETITIVE_EVENT day=2 agent=3 spot=33 arrivalStep=27 stableOrdinal=17 brand=numeric:1 outcome=EXHAUSTED_BY_OWN_TEAM equalStepContest=false
COUPLED_COMPETITIVE_EVENT day=2 agent=1 spot=138 arrivalStep=29 stableOrdinal=18 brand=numeric:2 outcome=COLLECTED equalStepContest=false
COUPLED_COMPETITIVE_EVENT day=2 agent=3 spot=10 arrivalStep=31 stableOrdinal=19 brand=numeric:3 outcome=INVALIDATED_BY_OPPONENT equalStepContest=false
COUPLED_COMPETITIVE_EVENT day=2 agent=4 spot=138 arrivalStep=44 stableOrdinal=20 brand=numeric:2 outcome=INVALIDATED_BY_OPPONENT equalStepContest=false
COUPLED_COMPETITIVE_EVENT day=2 agent=0 spot=138 arrivalStep=46 stableOrdinal=21 brand=numeric:2 outcome=INVALIDATED_BY_OPPONENT equalStepContest=false
COUPLED_COMPETITIVE_EVENT day=2 agent=2 spot=138 arrivalStep=46 stableOrdinal=22 brand=numeric:2 outcome=INVALIDATED_BY_OPPONENT equalStepContest=false
COUPLED_COMPETITIVE_EVENT day=2 agent=1 spot=37 arrivalStep=47 stableOrdinal=23 brand=numeric:0 outcome=COLLECTED equalStepContest=false
ANYTIME_STRATIFIED_COUPLED_MARGIN_START day=2 remainingFutureDays=1 plannedOwnOpportunityEvents=25 coupledOwnBrands=3 coupledOwnCollections=8 opponentBaselineCollections=24 coupledOpponentCollections=18 opponentCollectionsRemovedVsBaseline=6 ownPlannedEventsInvalidatedByOpponent=15 opponentReplacementCollections=1 projectedCoupledMargin=-10 ownSemiBrands=3 ownSemiCollections=19 semiScore=59 minimumPatrolDistinctSpots=8 totalPatrolDistinctSpotCapacity=40 budget=64 discoveryBudget=16 qualificationBudget=24 exploitationBudget=24
ANYTIME_STRATIFIED_COUPLED_MARGIN_IMPROVEMENT day=2 coupledOwnBrands=3 coupledOwnCollections=10 coupledOpponentCollections=16 opponentCollectionsRemovedVsBaseline=8 ownPlannedEventsInvalidatedByOpponent=8 opponentReplacementCollections=1 projectedCoupledMargin=-6 expanded=12
ANYTIME_STRATIFIED_COUPLED_MARGIN_DONE day=2 remainingFutureDays=1 plannedOwnOpportunityEvents=19 coupledOwnBrands=3 coupledOwnCollections=10 rawUdon=18 opponentBaselineCollections=24 coupledOpponentCollections=16 opponentCollectionsRemovedVsBaseline=8 ownPlannedEventsInvalidatedByOpponent=8 ownPlannedEventsExhaustedByOwnTeam=1 opponentReplacementCollections=1 coupledObservedNow=3 coupledDirect=5 coupledFollowOn=8 equalStepContests=0 projectedCoupledMargin=-6 ownSemiBrands=3 ownSemiCollections=15 semiScore=53 baselineRolloutEvents=24 coupledRolloutEvents=35 maxBaselineCollectorCollections=6 maxCoupledCollectorCollections=5 routeCostCacheEntries=1104 pathfindingExecutions=8 minimumPatrolDistinctSpots=8 minimumPatrolDistinctBrands=4 totalPatrolDistinctSpotCapacity=40 totalPatrolDistinctBrandCapacity=20 expanded=64 completedPlans=65 improvements=1 strategiesDiscovered=25 strategiesQualified=8 strategiesWithAtLeast2Expansions=8 strategiesWithAtLeast3Expansions=6 maxStrategyExpansionCount=41 discoveryExpansions=16 qualificationExpansions=24 exploitationExpansions=24 frontierPeak=48 budgetExhausted=true
COUPLED_COMPETITIVE_EVENT day=2 agent=0 spot=37 arrivalStep=0 stableOrdinal=0 brand=numeric:0 outcome=COLLECTED equalStepContest=false
COUPLED_COMPETITIVE_EVENT day=2 agent=1 spot=10 arrivalStep=0 stableOrdinal=1 brand=numeric:3 outcome=COLLECTED equalStepContest=false
COUPLED_COMPETITIVE_EVENT day=2 agent=2 spot=37 arrivalStep=0 stableOrdinal=2 brand=numeric:0 outcome=COLLECTED equalStepContest=false
COUPLED_COMPETITIVE_EVENT day=2 agent=3 spot=138 arrivalStep=0 stableOrdinal=3 brand=numeric:2 outcome=COLLECTED equalStepContest=false
COUPLED_COMPETITIVE_EVENT day=2 agent=4 spot=76 arrivalStep=0 stableOrdinal=4 brand=numeric:3 outcome=COLLECTED equalStepContest=false
COUPLED_COMPETITIVE_EVENT day=2 agent=1 spot=33 arrivalStep=4 stableOrdinal=5 brand=numeric:1 outcome=INVALIDATED_BY_OPPONENT equalStepContest=false
COUPLED_COMPETITIVE_EVENT day=2 agent=4 spot=69 arrivalStep=7 stableOrdinal=6 brand=numeric:2 outcome=COLLECTED equalStepContest=false
COUPLED_COMPETITIVE_EVENT day=2 agent=2 spot=76 arrivalStep=9 stableOrdinal=7 brand=numeric:3 outcome=INVALIDATED_BY_OPPONENT equalStepContest=false
COUPLED_COMPETITIVE_EVENT day=2 agent=1 spot=69 arrivalStep=10 stableOrdinal=8 brand=numeric:2 outcome=INVALIDATED_BY_OPPONENT equalStepContest=false
COUPLED_COMPETITIVE_EVENT day=2 agent=4 spot=59 arrivalStep=13 stableOrdinal=9 brand=numeric:0 outcome=INVALIDATED_BY_OPPONENT equalStepContest=false
COUPLED_COMPETITIVE_EVENT day=2 agent=0 spot=69 arrivalStep=15 stableOrdinal=10 brand=numeric:2 outcome=INVALIDATED_BY_OPPONENT equalStepContest=false
COUPLED_COMPETITIVE_EVENT day=2 agent=3 spot=33 arrivalStep=17 stableOrdinal=11 brand=numeric:1 outcome=INVALIDATED_BY_OPPONENT equalStepContest=false
COUPLED_COMPETITIVE_EVENT day=2 agent=2 spot=138 arrivalStep=19 stableOrdinal=12 brand=numeric:2 outcome=COLLECTED equalStepContest=false
COUPLED_COMPETITIVE_EVENT day=2 agent=0 spot=33 arrivalStep=21 stableOrdinal=13 brand=numeric:1 outcome=EXHAUSTED_BY_OWN_TEAM equalStepContest=false
COUPLED_COMPETITIVE_EVENT day=2 agent=3 spot=10 arrivalStep=21 stableOrdinal=14 brand=numeric:3 outcome=COLLECTED equalStepContest=false
COUPLED_COMPETITIVE_EVENT day=2 agent=0 spot=10 arrivalStep=25 stableOrdinal=15 brand=numeric:3 outcome=COLLECTED equalStepContest=false
COUPLED_COMPETITIVE_EVENT day=2 agent=1 spot=37 arrivalStep=25 stableOrdinal=16 brand=numeric:0 outcome=COLLECTED equalStepContest=false
COUPLED_COMPETITIVE_EVENT day=2 agent=4 spot=37 arrivalStep=34 stableOrdinal=17 brand=numeric:0 outcome=INVALIDATED_BY_OPPONENT equalStepContest=false
COUPLED_COMPETITIVE_EVENT day=2 agent=3 spot=37 arrivalStep=43 stableOrdinal=18 brand=numeric:0 outcome=INVALIDATED_BY_OPPONENT equalStepContest=false
NEXT_DAY_HARVEST_CAPACITY_SUMMARY day=2 remainingFutureDays=1 patrolAgents=5 nextDayStepBudget=60 minimumPatrolDistinctSpots=8 minimumPatrolDistinctBrands=4 totalPatrolDistinctSpotCapacity=40 totalPatrolDistinctBrandCapacity=20 routeCostCacheEntries=1104 pathfindingExecutions=8
PATROL_NEXT_DAY_HARVEST_CAPACITY day=2 agent=0 endPosition=10 endFuel=36 stationaryOpportunity=true maxDistinctSpots=8 maxDistinctBrands=4 bestRemainingFuel=7
PATROL_NEXT_DAY_HARVEST_CAPACITY day=2 agent=1 endPosition=37 endFuel=39 stationaryOpportunity=true maxDistinctSpots=8 maxDistinctBrands=4 bestRemainingFuel=10
PATROL_NEXT_DAY_HARVEST_CAPACITY day=2 agent=2 endPosition=138 endFuel=31 stationaryOpportunity=true maxDistinctSpots=8 maxDistinctBrands=4 bestRemainingFuel=1
PATROL_NEXT_DAY_HARVEST_CAPACITY day=2 agent=3 endPosition=37 endFuel=35 stationaryOpportunity=true maxDistinctSpots=8 maxDistinctBrands=4 bestRemainingFuel=6
PATROL_NEXT_DAY_HARVEST_CAPACITY day=2 agent=4 endPosition=37 endFuel=95 stationaryOpportunity=true maxDistinctSpots=8 maxDistinctBrands=4 bestRemainingFuel=66
LOCAL_PLAN_VALID matchId=m-4772 day=2 mode=CoupledCompetitiveMarginPlanner
ACTION_REQUEST_FINGERPRINT matchId=m-4772 day=2 agentCount=6 serializedLength=199 fingerprint=eadbbd62
ACTION_DURATION_AUDIT matchId=m-4772 day=2 agent=0 dayBudget=60 plannerDuration=60 validatedDuration=60 encodedDuration=60 actionCount=15 finalAction=WAIT(35) paddingApplied=false
ACTION_WIRE_REPLAY_AUDIT matchId=m-4772 day=2 agent=0 dayBudget=60 simulatedDuration=60 wireReplayDuration=60 simulatedEndPosition=10 wireReplayEndPosition=10 simulatedPatrolFuel=36 wireReplayPatrolFuel=36 actionCount=15 durationMatch=true positionMatch=true fuelMatch=true
ACTION_DURATION_AUDIT matchId=m-4772 day=2 agent=1 dayBudget=60 plannerDuration=60 validatedDuration=60 encodedDuration=60 actionCount=15 finalAction=WAIT(35) paddingApplied=false
ACTION_WIRE_REPLAY_AUDIT matchId=m-4772 day=2 agent=1 dayBudget=60 simulatedDuration=60 wireReplayDuration=60 simulatedEndPosition=37 wireReplayEndPosition=37 simulatedPatrolFuel=39 wireReplayPatrolFuel=39 actionCount=15 durationMatch=true positionMatch=true fuelMatch=true
ACTION_DURATION_AUDIT matchId=m-4772 day=2 agent=2 dayBudget=60 plannerDuration=60 validatedDuration=60 encodedDuration=60 actionCount=11 finalAction=WAIT(41) paddingApplied=false
ACTION_WIRE_REPLAY_AUDIT matchId=m-4772 day=2 agent=2 dayBudget=60 simulatedDuration=60 wireReplayDuration=60 simulatedEndPosition=138 wireReplayEndPosition=138 simulatedPatrolFuel=31 wireReplayPatrolFuel=31 actionCount=11 durationMatch=true positionMatch=true fuelMatch=true
ACTION_DURATION_AUDIT matchId=m-4772 day=2 agent=3 dayBudget=60 plannerDuration=60 validatedDuration=60 encodedDuration=60 actionCount=24 finalAction=WAIT(17) paddingApplied=false
ACTION_WIRE_REPLAY_AUDIT matchId=m-4772 day=2 agent=3 dayBudget=60 simulatedDuration=60 wireReplayDuration=60 simulatedEndPosition=37 wireReplayEndPosition=37 simulatedPatrolFuel=35 wireReplayPatrolFuel=35 actionCount=24 durationMatch=true positionMatch=true fuelMatch=true
ACTION_DURATION_AUDIT matchId=m-4772 day=2 agent=4 dayBudget=60 plannerDuration=60 validatedDuration=60 encodedDuration=60 actionCount=21 finalAction=WAIT(26) paddingApplied=false
ACTION_WIRE_REPLAY_AUDIT matchId=m-4772 day=2 agent=4 dayBudget=60 simulatedDuration=60 wireReplayDuration=60 simulatedEndPosition=37 wireReplayEndPosition=37 simulatedPatrolFuel=95 wireReplayPatrolFuel=44 actionCount=21 durationMatch=true positionMatch=true fuelMatch=true
ACTION_DURATION_AUDIT matchId=m-4772 day=2 agent=5 dayBudget=60 plannerDuration=60 validatedDuration=60 encodedDuration=60 actionCount=1 finalAction=WAIT(60) paddingApplied=false
ACTION_WIRE_REPLAY_AUDIT matchId=m-4772 day=2 agent=5 dayBudget=60 simulatedDuration=60 wireReplayDuration=60 simulatedEndPosition=77 wireReplayEndPosition=77 simulatedPatrolFuel=UNAVAILABLE wireReplayPatrolFuel=UNAVAILABLE actionCount=1 durationMatch=true positionMatch=true fuelMatch=NA
ACTIONS_SUBMITTED matchId=m-4772 day=2 fingerprint=eadbbd62
ACTION_RESPONSE_POST_ADVANCE matchId=m-4772 submittedDay=2 responseDay=3
UDON_OBSERVABILITY matchId=m-4772 day=2 predictedDayUdon=18 authoritativeActual=UNAVAILABLE
ACTIONS_ACCEPTED matchId=m-4772 day=2
DAY_STATE_RECEIVED matchId=m-4772 day=2 agents=6
DAY_STATE_RECEIVED matchId=m-4772 day=2 agents=6
DAY_STATE_RECEIVED matchId=m-4772 day=2 agents=6
DAY_STATE_RECEIVED matchId=m-4772 day=2 agents=6
DAY_STATE_RECEIVED matchId=m-4772 day=2 agents=6
DAY_STATE_RECEIVED matchId=m-4772 day=2 agents=6
DAY_STATE_RECEIVED matchId=m-4772 day=3 agents=6
PARITY_OBSERVED matchId=m-4772 day=2 position=MATCH patrolFuel=MATCH
DAY_ADVANCED matchId=m-4772 from=2 to=3
NEXT_DAY_HARVEST_CAPACITY_SUMMARY day=3 remainingFutureDays=0 patrolAgents=5 nextDayStepBudget=0 minimumPatrolDistinctSpots=0 minimumPatrolDistinctBrands=0 totalPatrolDistinctSpotCapacity=0 totalPatrolDistinctBrandCapacity=0 routeCostCacheEntries=0 pathfindingExecutions=0
TEAM_REFUEL_HARVEST_HORIZON_NO_ASSIGN day=3 reason=FINAL_DAY_NO_PROACTIVE_REFUEL currentSemiBrandDelta=0 currentSemiCollectionDelta=0 weakestCapacityDelta=0 totalSpotCapacityDelta=0 totalBrandCapacityDelta=0 fuelRestored=0 arrivalStep=0
TEAM_REFUEL_NO_ASSIGN day=3 reason=NO_POSITIVE_TEAM_VALUE
TEAM_TARGET_SELECT day=3 iteration=1 agent=0 target=111 brand=numeric:1 teamNewBrand=true steps=20 fuel=19
TEAM_TARGET_SELECT day=3 iteration=2 agent=0 target=138 brand=numeric:2 teamNewBrand=false steps=8 fuel=4
TEAM_TARGET_SELECT day=3 iteration=3 agent=4 target=76 brand=numeric:3 teamNewBrand=false steps=8 fuel=7
TEAM_TARGET_SELECT day=3 iteration=4 agent=4 target=69 brand=numeric:2 teamNewBrand=false steps=7 fuel=8
TEAM_TARGET_SELECT day=3 iteration=5 agent=4 target=33 brand=numeric:1 teamNewBrand=false steps=5 fuel=7
TEAM_TARGET_SELECT day=3 iteration=6 agent=2 target=59 brand=numeric:0 teamNewBrand=false steps=14 fuel=13
TEAM_TARGET_SELECT day=3 iteration=7 agent=2 target=33 brand=numeric:1 teamNewBrand=false steps=6 fuel=3
TEAM_TARGET_SELECT day=3 iteration=8 agent=2 target=10 brand=numeric:3 teamNewBrand=false steps=4 fuel=2
TEAM_TARGET_SELECT day=3 iteration=9 agent=1 target=69 brand=numeric:2 teamNewBrand=false steps=15 fuel=12
TEAM_TARGET_SELECT day=3 iteration=10 agent=1 target=10 brand=numeric:3 teamNewBrand=false steps=9 fuel=9
TEAM_TARGET_SELECT day=3 iteration=11 agent=3 target=69 brand=numeric:2 teamNewBrand=false steps=15 fuel=12
TEAM_TARGET_SELECT day=3 iteration=12 agent=3 target=10 brand=numeric:3 teamNewBrand=false steps=9 fuel=9
TEAM_TARGET_SELECT day=3 iteration=13 agent=0 target=37 brand=numeric:0 teamNewBrand=false steps=16 fuel=11
TEAM_TARGET_SELECT day=3 iteration=14 agent=4 target=10 brand=numeric:3 teamNewBrand=false steps=4 fuel=2
TEAM_TARGET_SELECT day=3 iteration=15 agent=4 target=138 brand=numeric:2 teamNewBrand=false steps=18 fuel=18
TEAM_TARGET_SELECT day=3 iteration=16 agent=1 target=138 brand=numeric:2 teamNewBrand=false steps=18 fuel=18
TEAM_TARGET_SELECT day=3 iteration=17 agent=3 target=138 brand=numeric:2 teamNewBrand=false steps=20 fuel=13
TEAM_TARGET_SELECT day=3 iteration=18 agent=2 target=37 brand=numeric:0 teamNewBrand=false steps=23 fuel=13
TEAM_PLAN_VALID day=3
OPPONENT_COUPLED_BASELINE day=3 stepBudget=60 collectors=5 stockedSpots=8 opponentBaselineCollections=24 observedNow=3 directIntent=5 followOnIntent=16 strongCollections=8 maxCollectorCollections=5 rolloutEvents=24 routeCostCacheEntries=1104 pathfindingExecutions=8
COUPLED_COMPETITIVE_EVENT day=3 agent=0 spot=10 arrivalStep=0 stableOrdinal=0 brand=numeric:3 outcome=COLLECTED equalStepContest=false
COUPLED_COMPETITIVE_EVENT day=3 agent=1 spot=37 arrivalStep=0 stableOrdinal=1 brand=numeric:0 outcome=COLLECTED equalStepContest=false
COUPLED_COMPETITIVE_EVENT day=3 agent=2 spot=138 arrivalStep=0 stableOrdinal=2 brand=numeric:2 outcome=COLLECTED equalStepContest=false
COUPLED_COMPETITIVE_EVENT day=3 agent=3 spot=37 arrivalStep=0 stableOrdinal=3 brand=numeric:0 outcome=COLLECTED equalStepContest=false
COUPLED_COMPETITIVE_EVENT day=3 agent=4 spot=37 arrivalStep=0 stableOrdinal=4 brand=numeric:0 outcome=COLLECTED equalStepContest=false
COUPLED_COMPETITIVE_EVENT day=3 agent=4 spot=76 arrivalStep=8 stableOrdinal=5 brand=numeric:3 outcome=INVALIDATED_BY_OPPONENT equalStepContest=false
COUPLED_COMPETITIVE_EVENT day=3 agent=0 spot=76 arrivalStep=14 stableOrdinal=6 brand=numeric:3 outcome=INVALIDATED_BY_OPPONENT equalStepContest=false
COUPLED_COMPETITIVE_EVENT day=3 agent=2 spot=59 arrivalStep=14 stableOrdinal=7 brand=numeric:0 outcome=INVALIDATED_BY_OPPONENT equalStepContest=false
COUPLED_COMPETITIVE_EVENT day=3 agent=1 spot=69 arrivalStep=15 stableOrdinal=8 brand=numeric:2 outcome=INVALIDATED_BY_OPPONENT equalStepContest=false
COUPLED_COMPETITIVE_EVENT day=3 agent=3 spot=69 arrivalStep=15 stableOrdinal=9 brand=numeric:2 outcome=INVALIDATED_BY_OPPONENT equalStepContest=false
COUPLED_COMPETITIVE_EVENT day=3 agent=4 spot=69 arrivalStep=15 stableOrdinal=10 brand=numeric:2 outcome=INVALIDATED_BY_OPPONENT equalStepContest=false
COUPLED_COMPETITIVE_EVENT day=3 agent=0 spot=111 arrivalStep=20 stableOrdinal=11 brand=numeric:1 outcome=INVALIDATED_BY_OPPONENT equalStepContest=false
COUPLED_COMPETITIVE_EVENT day=3 agent=2 spot=33 arrivalStep=20 stableOrdinal=12 brand=numeric:1 outcome=INVALIDATED_BY_OPPONENT equalStepContest=false
COUPLED_COMPETITIVE_EVENT day=3 agent=4 spot=33 arrivalStep=20 stableOrdinal=13 brand=numeric:1 outcome=INVALIDATED_BY_OPPONENT equalStepContest=false
COUPLED_COMPETITIVE_EVENT day=3 agent=1 spot=10 arrivalStep=24 stableOrdinal=14 brand=numeric:3 outcome=COLLECTED equalStepContest=false
COUPLED_COMPETITIVE_EVENT day=3 agent=2 spot=10 arrivalStep=24 stableOrdinal=15 brand=numeric:3 outcome=INVALIDATED_BY_OPPONENT equalStepContest=false
COUPLED_COMPETITIVE_EVENT day=3 agent=3 spot=10 arrivalStep=24 stableOrdinal=16 brand=numeric:3 outcome=INVALIDATED_BY_OPPONENT equalStepContest=false
COUPLED_COMPETITIVE_EVENT day=3 agent=4 spot=10 arrivalStep=24 stableOrdinal=17 brand=numeric:3 outcome=INVALIDATED_BY_OPPONENT equalStepContest=false
COUPLED_COMPETITIVE_EVENT day=3 agent=0 spot=138 arrivalStep=28 stableOrdinal=18 brand=numeric:2 outcome=COLLECTED equalStepContest=false
COUPLED_COMPETITIVE_EVENT day=3 agent=3 spot=33 arrivalStep=28 stableOrdinal=19 brand=numeric:1 outcome=EXHAUSTED_BY_OWN_TEAM equalStepContest=false
COUPLED_COMPETITIVE_EVENT day=3 agent=1 spot=138 arrivalStep=42 stableOrdinal=20 brand=numeric:2 outcome=INVALIDATED_BY_OPPONENT equalStepContest=false
COUPLED_COMPETITIVE_EVENT day=3 agent=4 spot=138 arrivalStep=42 stableOrdinal=21 brand=numeric:2 outcome=INVALIDATED_BY_OPPONENT equalStepContest=false
COUPLED_COMPETITIVE_EVENT day=3 agent=0 spot=37 arrivalStep=44 stableOrdinal=22 brand=numeric:0 outcome=INVALIDATED_BY_OPPONENT equalStepContest=true
COUPLED_COMPETITIVE_EVENT day=3 agent=3 spot=138 arrivalStep=44 stableOrdinal=23 brand=numeric:2 outcome=INVALIDATED_BY_OPPONENT equalStepContest=false
ANYTIME_STRATIFIED_COUPLED_MARGIN_START day=3 remainingFutureDays=0 plannedOwnOpportunityEvents=25 coupledOwnBrands=3 coupledOwnCollections=7 opponentBaselineCollections=24 coupledOpponentCollections=19 opponentCollectionsRemovedVsBaseline=5 ownPlannedEventsInvalidatedByOpponent=17 opponentReplacementCollections=2 projectedCoupledMargin=-12 ownSemiBrands=3 ownSemiCollections=19 semiScore=59 minimumPatrolDistinctSpots=0 totalPatrolDistinctSpotCapacity=0 budget=64 discoveryBudget=16 qualificationBudget=24 exploitationBudget=24
ANYTIME_STRATIFIED_COUPLED_MARGIN_IMPROVEMENT day=3 coupledOwnBrands=3 coupledOwnCollections=8 coupledOpponentCollections=18 opponentCollectionsRemovedVsBaseline=6 ownPlannedEventsInvalidatedByOpponent=4 opponentReplacementCollections=2 projectedCoupledMargin=-10 expanded=7
ANYTIME_STRATIFIED_COUPLED_MARGIN_IMPROVEMENT day=3 coupledOwnBrands=3 coupledOwnCollections=8 coupledOpponentCollections=18 opponentCollectionsRemovedVsBaseline=6 ownPlannedEventsInvalidatedByOpponent=5 opponentReplacementCollections=1 projectedCoupledMargin=-10 expanded=8
ANYTIME_STRATIFIED_COUPLED_MARGIN_IMPROVEMENT day=3 coupledOwnBrands=3 coupledOwnCollections=8 coupledOpponentCollections=18 opponentCollectionsRemovedVsBaseline=6 ownPlannedEventsInvalidatedByOpponent=6 opponentReplacementCollections=2 projectedCoupledMargin=-10 expanded=9
ANYTIME_STRATIFIED_COUPLED_MARGIN_IMPROVEMENT day=3 coupledOwnBrands=3 coupledOwnCollections=9 coupledOpponentCollections=17 opponentCollectionsRemovedVsBaseline=7 ownPlannedEventsInvalidatedByOpponent=7 opponentReplacementCollections=2 projectedCoupledMargin=-8 expanded=11
ANYTIME_STRATIFIED_COUPLED_MARGIN_IMPROVEMENT day=3 coupledOwnBrands=3 coupledOwnCollections=10 coupledOpponentCollections=16 opponentCollectionsRemovedVsBaseline=8 ownPlannedEventsInvalidatedByOpponent=7 opponentReplacementCollections=2 projectedCoupledMargin=-6 expanded=12
ANYTIME_STRATIFIED_COUPLED_MARGIN_IMPROVEMENT day=3 coupledOwnBrands=3 coupledOwnCollections=10 coupledOpponentCollections=16 opponentCollectionsRemovedVsBaseline=8 ownPlannedEventsInvalidatedByOpponent=8 opponentReplacementCollections=2 projectedCoupledMargin=-6 expanded=14
ANYTIME_STRATIFIED_COUPLED_MARGIN_IMPROVEMENT day=3 coupledOwnBrands=3 coupledOwnCollections=11 coupledOpponentCollections=15 opponentCollectionsRemovedVsBaseline=9 ownPlannedEventsInvalidatedByOpponent=8 opponentReplacementCollections=2 projectedCoupledMargin=-4 expanded=15
ANYTIME_STRATIFIED_COUPLED_MARGIN_IMPROVEMENT day=3 coupledOwnBrands=3 coupledOwnCollections=11 coupledOpponentCollections=15 opponentCollectionsRemovedVsBaseline=9 ownPlannedEventsInvalidatedByOpponent=10 opponentReplacementCollections=2 projectedCoupledMargin=-4 expanded=17
ANYTIME_STRATIFIED_COUPLED_MARGIN_IMPROVEMENT day=3 coupledOwnBrands=3 coupledOwnCollections=11 coupledOpponentCollections=15 opponentCollectionsRemovedVsBaseline=9 ownPlannedEventsInvalidatedByOpponent=11 opponentReplacementCollections=4 projectedCoupledMargin=-4 expanded=25
ANYTIME_STRATIFIED_COUPLED_MARGIN_IMPROVEMENT day=3 coupledOwnBrands=3 coupledOwnCollections=11 coupledOpponentCollections=15 opponentCollectionsRemovedVsBaseline=9 ownPlannedEventsInvalidatedByOpponent=12 opponentReplacementCollections=4 projectedCoupledMargin=-4 expanded=33
ANYTIME_STRATIFIED_COUPLED_MARGIN_IMPROVEMENT day=3 coupledOwnBrands=3 coupledOwnCollections=11 coupledOpponentCollections=15 opponentCollectionsRemovedVsBaseline=9 ownPlannedEventsInvalidatedByOpponent=12 opponentReplacementCollections=4 projectedCoupledMargin=-4 expanded=34
ANYTIME_STRATIFIED_COUPLED_MARGIN_IMPROVEMENT day=3 coupledOwnBrands=3 coupledOwnCollections=11 coupledOpponentCollections=15 opponentCollectionsRemovedVsBaseline=9 ownPlannedEventsInvalidatedByOpponent=12 opponentReplacementCollections=4 projectedCoupledMargin=-4 expanded=60
ANYTIME_STRATIFIED_COUPLED_MARGIN_DONE day=3 remainingFutureDays=0 plannedOwnOpportunityEvents=24 coupledOwnBrands=3 coupledOwnCollections=11 rawUdon=23 opponentBaselineCollections=24 coupledOpponentCollections=15 opponentCollectionsRemovedVsBaseline=9 ownPlannedEventsInvalidatedByOpponent=12 ownPlannedEventsExhaustedByOwnTeam=1 opponentReplacementCollections=4 coupledObservedNow=1 coupledDirect=5 coupledFollowOn=9 equalStepContests=0 projectedCoupledMargin=-4 ownSemiBrands=3 ownSemiCollections=19 semiScore=58 baselineRolloutEvents=24 coupledRolloutEvents=40 maxBaselineCollectorCollections=5 maxCoupledCollectorCollections=4 routeCostCacheEntries=1104 pathfindingExecutions=8 minimumPatrolDistinctSpots=0 minimumPatrolDistinctBrands=0 totalPatrolDistinctSpotCapacity=0 totalPatrolDistinctBrandCapacity=0 expanded=64 completedPlans=65 improvements=12 strategiesDiscovered=22 strategiesQualified=8 strategiesWithAtLeast2Expansions=8 strategiesWithAtLeast3Expansions=7 maxStrategyExpansionCount=41 discoveryExpansions=16 qualificationExpansions=24 exploitationExpansions=24 frontierPeak=48 budgetExhausted=true
COUPLED_COMPETITIVE_EVENT day=3 agent=0 spot=10 arrivalStep=0 stableOrdinal=0 brand=numeric:3 outcome=COLLECTED equalStepContest=false
COUPLED_COMPETITIVE_EVENT day=3 agent=1 spot=37 arrivalStep=0 stableOrdinal=1 brand=numeric:0 outcome=COLLECTED equalStepContest=false
COUPLED_COMPETITIVE_EVENT day=3 agent=2 spot=138 arrivalStep=0 stableOrdinal=2 brand=numeric:2 outcome=COLLECTED equalStepContest=false
COUPLED_COMPETITIVE_EVENT day=3 agent=3 spot=37 arrivalStep=0 stableOrdinal=3 brand=numeric:0 outcome=COLLECTED equalStepContest=false
COUPLED_COMPETITIVE_EVENT day=3 agent=4 spot=37 arrivalStep=0 stableOrdinal=4 brand=numeric:0 outcome=COLLECTED equalStepContest=false
COUPLED_COMPETITIVE_EVENT day=3 agent=0 spot=59 arrivalStep=8 stableOrdinal=5 brand=numeric:0 outcome=INVALIDATED_BY_OPPONENT equalStepContest=false
COUPLED_COMPETITIVE_EVENT day=3 agent=2 spot=69 arrivalStep=10 stableOrdinal=6 brand=numeric:2 outcome=COLLECTED equalStepContest=false
COUPLED_COMPETITIVE_EVENT day=3 agent=3 spot=69 arrivalStep=15 stableOrdinal=7 brand=numeric:2 outcome=INVALIDATED_BY_OPPONENT equalStepContest=false
COUPLED_COMPETITIVE_EVENT day=3 agent=1 spot=138 arrivalStep=16 stableOrdinal=8 brand=numeric:2 outcome=COLLECTED equalStepContest=false
COUPLED_COMPETITIVE_EVENT day=3 agent=4 spot=138 arrivalStep=16 stableOrdinal=9 brand=numeric:2 outcome=COLLECTED equalStepContest=false
COUPLED_COMPETITIVE_EVENT day=3 agent=2 spot=10 arrivalStep=19 stableOrdinal=10 brand=numeric:3 outcome=COLLECTED equalStepContest=false
COUPLED_COMPETITIVE_EVENT day=3 agent=0 spot=76 arrivalStep=20 stableOrdinal=11 brand=numeric:3 outcome=INVALIDATED_BY_OPPONENT equalStepContest=false
COUPLED_COMPETITIVE_EVENT day=3 agent=2 spot=33 arrivalStep=23 stableOrdinal=12 brand=numeric:1 outcome=INVALIDATED_BY_OPPONENT equalStepContest=false
COUPLED_COMPETITIVE_EVENT day=3 agent=3 spot=138 arrivalStep=25 stableOrdinal=13 brand=numeric:2 outcome=INVALIDATED_BY_OPPONENT equalStepContest=false
COUPLED_COMPETITIVE_EVENT day=3 agent=0 spot=111 arrivalStep=26 stableOrdinal=14 brand=numeric:1 outcome=INVALIDATED_BY_OPPONENT equalStepContest=false
COUPLED_COMPETITIVE_EVENT day=3 agent=0 spot=138 arrivalStep=34 stableOrdinal=15 brand=numeric:2 outcome=INVALIDATED_BY_OPPONENT equalStepContest=false
COUPLED_COMPETITIVE_EVENT day=3 agent=1 spot=10 arrivalStep=34 stableOrdinal=16 brand=numeric:3 outcome=COLLECTED equalStepContest=false
COUPLED_COMPETITIVE_EVENT day=3 agent=4 spot=10 arrivalStep=34 stableOrdinal=17 brand=numeric:3 outcome=COLLECTED equalStepContest=false
COUPLED_COMPETITIVE_EVENT day=3 agent=2 spot=37 arrivalStep=41 stableOrdinal=18 brand=numeric:0 outcome=INVALIDATED_BY_OPPONENT equalStepContest=false
COUPLED_COMPETITIVE_EVENT day=3 agent=3 spot=33 arrivalStep=41 stableOrdinal=19 brand=numeric:1 outcome=INVALIDATED_BY_OPPONENT equalStepContest=false
COUPLED_COMPETITIVE_EVENT day=3 agent=0 spot=69 arrivalStep=44 stableOrdinal=20 brand=numeric:2 outcome=INVALIDATED_BY_OPPONENT equalStepContest=false
COUPLED_COMPETITIVE_EVENT day=3 agent=3 spot=10 arrivalStep=45 stableOrdinal=21 brand=numeric:3 outcome=INVALIDATED_BY_OPPONENT equalStepContest=false
COUPLED_COMPETITIVE_EVENT day=3 agent=0 spot=33 arrivalStep=50 stableOrdinal=22 brand=numeric:1 outcome=EXHAUSTED_BY_OWN_TEAM equalStepContest=false
COUPLED_COMPETITIVE_EVENT day=3 agent=1 spot=76 arrivalStep=51 stableOrdinal=23 brand=numeric:3 outcome=INVALIDATED_BY_OPPONENT equalStepContest=false
NEXT_DAY_HARVEST_CAPACITY_SUMMARY day=3 remainingFutureDays=0 patrolAgents=5 nextDayStepBudget=0 minimumPatrolDistinctSpots=0 minimumPatrolDistinctBrands=0 totalPatrolDistinctSpotCapacity=0 totalPatrolDistinctBrandCapacity=0 routeCostCacheEntries=0 pathfindingExecutions=0
PATROL_NEXT_DAY_HARVEST_CAPACITY day=3 agent=0 endPosition=33 endFuel=101 stationaryOpportunity=false maxDistinctSpots=0 maxDistinctBrands=0 bestRemainingFuel=0
PATROL_NEXT_DAY_HARVEST_CAPACITY day=3 agent=1 endPosition=76 endFuel=119 stationaryOpportunity=false maxDistinctSpots=0 maxDistinctBrands=0 bestRemainingFuel=0
PATROL_NEXT_DAY_HARVEST_CAPACITY day=3 agent=2 endPosition=37 endFuel=0 stationaryOpportunity=false maxDistinctSpots=0 maxDistinctBrands=0 bestRemainingFuel=0
PATROL_NEXT_DAY_HARVEST_CAPACITY day=3 agent=3 endPosition=10 endFuel=2 stationaryOpportunity=false maxDistinctSpots=0 maxDistinctBrands=0 bestRemainingFuel=0
PATROL_NEXT_DAY_HARVEST_CAPACITY day=3 agent=4 endPosition=10 endFuel=66 stationaryOpportunity=false maxDistinctSpots=0 maxDistinctBrands=0 bestRemainingFuel=0
LOCAL_PLAN_VALID matchId=m-4772 day=3 mode=CoupledCompetitiveMarginPlanner
ACTION_REQUEST_FINGERPRINT matchId=m-4772 day=3 agentCount=6 serializedLength=294 fingerprint=4c39acca
ACTION_DURATION_AUDIT matchId=m-4772 day=3 agent=0 dayBudget=60 plannerDuration=60 validatedDuration=60 encodedDuration=60 actionCount=29 finalAction=WAIT(10) paddingApplied=false
ACTION_WIRE_REPLAY_AUDIT matchId=m-4772 day=3 agent=0 dayBudget=60 simulatedDuration=60 wireReplayDuration=60 simulatedEndPosition=33 wireReplayEndPosition=33 simulatedPatrolFuel=101 wireReplayPatrolFuel=2 actionCount=29 durationMatch=true positionMatch=true fuelMatch=true
ACTION_DURATION_AUDIT matchId=m-4772 day=3 agent=1 dayBudget=60 plannerDuration=60 validatedDuration=60 encodedDuration=60 actionCount=31 finalAction=WAIT(9) paddingApplied=false
ACTION_WIRE_REPLAY_AUDIT matchId=m-4772 day=3 agent=1 dayBudget=60 simulatedDuration=60 wireReplayDuration=60 simulatedEndPosition=76 wireReplayEndPosition=76 simulatedPatrolFuel=119 wireReplayPatrolFuel=0 actionCount=31 durationMatch=true positionMatch=true fuelMatch=true
ACTION_DURATION_AUDIT matchId=m-4772 day=3 agent=2 dayBudget=60 plannerDuration=60 validatedDuration=60 encodedDuration=60 actionCount=25 finalAction=WAIT(19) paddingApplied=false
ACTION_WIRE_REPLAY_AUDIT matchId=m-4772 day=3 agent=2 dayBudget=60 simulatedDuration=60 wireReplayDuration=60 simulatedEndPosition=37 wireReplayEndPosition=37 simulatedPatrolFuel=0 wireReplayPatrolFuel=0 actionCount=25 durationMatch=true positionMatch=true fuelMatch=true
ACTION_DURATION_AUDIT matchId=m-4772 day=3 agent=3 dayBudget=60 plannerDuration=60 validatedDuration=60 encodedDuration=60 actionCount=27 finalAction=WAIT(15) paddingApplied=false
ACTION_WIRE_REPLAY_AUDIT matchId=m-4772 day=3 agent=3 dayBudget=60 simulatedDuration=60 wireReplayDuration=60 simulatedEndPosition=10 wireReplayEndPosition=10 simulatedPatrolFuel=2 wireReplayPatrolFuel=2 actionCount=27 durationMatch=true positionMatch=true fuelMatch=true
ACTION_DURATION_AUDIT matchId=m-4772 day=3 agent=4 dayBudget=60 plannerDuration=60 validatedDuration=60 encodedDuration=60 actionCount=22 finalAction=WAIT(26) paddingApplied=false
ACTION_WIRE_REPLAY_AUDIT matchId=m-4772 day=3 agent=4 dayBudget=60 simulatedDuration=60 wireReplayDuration=60 simulatedEndPosition=10 wireReplayEndPosition=10 simulatedPatrolFuel=66 wireReplayPatrolFuel=66 actionCount=22 durationMatch=true positionMatch=true fuelMatch=true
ACTION_DURATION_AUDIT matchId=m-4772 day=3 agent=5 dayBudget=60 plannerDuration=60 validatedDuration=60 encodedDuration=60 actionCount=1 finalAction=WAIT(60) paddingApplied=false
ACTION_WIRE_REPLAY_AUDIT matchId=m-4772 day=3 agent=5 dayBudget=60 simulatedDuration=60 wireReplayDuration=60 simulatedEndPosition=77 wireReplayEndPosition=77 simulatedPatrolFuel=UNAVAILABLE wireReplayPatrolFuel=UNAVAILABLE actionCount=1 durationMatch=true positionMatch=true fuelMatch=NA
ACTIONS_SUBMITTED matchId=m-4772 day=3 fingerprint=4c39acca
ACTION_RESPONSE_POST_ADVANCE matchId=m-4772 submittedDay=3 responseDay=4
UDON_OBSERVABILITY matchId=m-4772 day=3 predictedDayUdon=23 authoritativeActual=UNAVAILABLE
ACTIONS_ACCEPTED matchId=m-4772 day=3
RESULT_WAITING matchId=m-4772 httpStatus=425
RESULT_WAITING matchId=m-4772 httpStatus=425
RESULT_WAITING matchId=m-4772 httpStatus=425
RESULT_WAITING matchId=m-4772 httpStatus=425
RESULT_WAITING matchId=m-4772 httpStatus=425
RESULT_WAITING matchId=m-4772 httpStatus=425
RESULT_WAITING matchId=m-4772 httpStatus=425
RESULT_WAITING matchId=m-4772 httpStatus=425
RESULT_WAITING matchId=m-4772 httpStatus=425
RESULT_WAITING matchId=m-4772 httpStatus=425
RESULT_WAITING matchId=m-4772 httpStatus=425
RESULT_WAITING matchId=m-4772 httpStatus=425
RESULT_WAITING matchId=m-4772 httpStatus=425
RESULT_WAITING matchId=m-4772 httpStatus=425
RESULT_WAITING matchId=m-4772 httpStatus=425
RESULT_WAITING matchId=m-4772 httpStatus=425
RESULT_WAITING matchId=m-4772 httpStatus=425
RESULT_WAITING matchId=m-4772 httpStatus=425
RESULT_RECEIVED matchId=m-4772 submittedDays=4
FINAL matchId=m-4772 submittedDays=4 rateLimits=0 result={"protocol_version":"v0.1-draft","type":"match_result","match_id":"m-4772","standings":[{"rank":1,"team_id":"team-B","udon_types":4,"daily_types_sum":16,"udon_total":94,"response_ms_total":2000},{"rank":2,"team_id":"team-A","udon_types":4,"daily_types_sum":16,"udon_total":72,"response_ms_total":12851}]}
