CONFIG_LOADED baseUrl=https://procon.ptit.edu.vn matchId=m-5043 plannerMode=ANYTIME_STRATIFIED_COUPLED_COMPETITIVE_MARGIN PROCON_TOKEN=<set>
SETUP_WAITING matchId=m-5043
SETUP_RECEIVED matchId=m-5043 agents=4 days=4
ASSIGNMENT_SUBMITTED matchId=m-5043 agents=4
ASSIGNMENT_ACCEPTED matchId=m-5043 agents=4
MATCH_STARTED matchId=m-5043
DAY_STATE_RECEIVED matchId=m-5043 day=0 agents=4
NEXT_DAY_HARVEST_CAPACITY_SUMMARY day=0 remainingFutureDays=3 patrolAgents=3 nextDayStepBudget=30 minimumPatrolDistinctSpots=7 minimumPatrolDistinctBrands=4 totalPatrolDistinctSpotCapacity=23 totalPatrolDistinctBrandCapacity=12 routeCostCacheEntries=472 pathfindingExecutions=8
TEAM_REFUEL_HARVEST_HORIZON_NO_ASSIGN day=0 reason=NO_HARVEST_CAPACITY_GAIN currentSemiBrandDelta=0 currentSemiCollectionDelta=0 weakestCapacityDelta=0 totalSpotCapacityDelta=0 totalBrandCapacityDelta=0 fuelRestored=0 arrivalStep=0
TEAM_REFUEL_NO_ASSIGN day=0 reason=NO_POSITIVE_TEAM_VALUE
TEAM_TARGET_SELECT day=0 iteration=1 agent=0 target=3 brand=numeric:0 teamNewBrand=true steps=9 fuel=6
TEAM_TARGET_SELECT day=0 iteration=2 agent=1 target=27 brand=numeric:1 teamNewBrand=true steps=10 fuel=5
TEAM_TARGET_SELECT day=0 iteration=3 agent=0 target=13 brand=numeric:2 teamNewBrand=true steps=4 fuel=2
TEAM_TARGET_SELECT day=0 iteration=4 agent=0 target=6 brand=numeric:3 teamNewBrand=true steps=3 fuel=3
TEAM_TARGET_SELECT day=0 iteration=5 agent=1 target=13 brand=numeric:2 teamNewBrand=false steps=4 fuel=5
TEAM_TARGET_SELECT day=0 iteration=6 agent=1 target=6 brand=numeric:3 teamNewBrand=false steps=3 fuel=3
TEAM_TARGET_SELECT day=0 iteration=7 agent=0 target=31 brand=numeric:1 teamNewBrand=false steps=5 fuel=4
TEAM_TARGET_SELECT day=0 iteration=8 agent=2 target=50 brand=numeric:3 teamNewBrand=false steps=6 fuel=3
TEAM_TARGET_SELECT day=0 iteration=9 agent=2 target=37 brand=numeric:2 teamNewBrand=false steps=8 fuel=4
TEAM_TARGET_SELECT day=0 iteration=10 agent=2 target=13 brand=numeric:2 teamNewBrand=false steps=5 fuel=4
TEAM_TARGET_SELECT day=0 iteration=11 agent=2 target=6 brand=numeric:3 teamNewBrand=false steps=3 fuel=3
TEAM_TARGET_SELECT day=0 iteration=12 agent=1 target=50 brand=numeric:3 teamNewBrand=false steps=11 fuel=10
TEAM_PLAN_VALID day=0
OPPONENT_COUPLED_BASELINE day=0 stepBudget=30 collectors=3 stockedSpots=8 opponentBaselineCollections=14 observedNow=0 directIntent=3 followOnIntent=11 strongCollections=3 maxCollectorCollections=6 rolloutEvents=14 routeCostCacheEntries=472 pathfindingExecutions=8
COUPLED_COMPETITIVE_EVENT day=0 agent=0 spot=33 arrivalStep=2 stableOrdinal=0 brand=numeric:0 outcome=COLLECTED equalStepContest=true
COUPLED_COMPETITIVE_EVENT day=0 agent=1 spot=33 arrivalStep=6 stableOrdinal=1 brand=numeric:0 outcome=INVALIDATED_BY_OPPONENT equalStepContest=false
COUPLED_COMPETITIVE_EVENT day=0 agent=2 spot=50 arrivalStep=6 stableOrdinal=2 brand=numeric:3 outcome=INVALIDATED_BY_OPPONENT equalStepContest=true
COUPLED_COMPETITIVE_EVENT day=0 agent=0 spot=3 arrivalStep=9 stableOrdinal=3 brand=numeric:0 outcome=COLLECTED equalStepContest=false
COUPLED_COMPETITIVE_EVENT day=0 agent=1 spot=27 arrivalStep=10 stableOrdinal=4 brand=numeric:1 outcome=INVALIDATED_BY_OPPONENT equalStepContest=true
COUPLED_COMPETITIVE_EVENT day=0 agent=0 spot=13 arrivalStep=13 stableOrdinal=5 brand=numeric:2 outcome=COLLECTED equalStepContest=false
COUPLED_COMPETITIVE_EVENT day=0 agent=1 spot=13 arrivalStep=14 stableOrdinal=6 brand=numeric:2 outcome=COLLECTED equalStepContest=true
COUPLED_COMPETITIVE_EVENT day=0 agent=2 spot=37 arrivalStep=14 stableOrdinal=7 brand=numeric:2 outcome=INVALIDATED_BY_OPPONENT equalStepContest=true
COUPLED_COMPETITIVE_EVENT day=0 agent=0 spot=6 arrivalStep=16 stableOrdinal=8 brand=numeric:3 outcome=COLLECTED equalStepContest=false
COUPLED_COMPETITIVE_EVENT day=0 agent=1 spot=6 arrivalStep=17 stableOrdinal=9 brand=numeric:3 outcome=COLLECTED equalStepContest=true
COUPLED_COMPETITIVE_EVENT day=0 agent=2 spot=13 arrivalStep=19 stableOrdinal=10 brand=numeric:2 outcome=INVALIDATED_BY_OPPONENT equalStepContest=true
COUPLED_COMPETITIVE_EVENT day=0 agent=0 spot=31 arrivalStep=21 stableOrdinal=11 brand=numeric:1 outcome=INVALIDATED_BY_OPPONENT equalStepContest=false
COUPLED_COMPETITIVE_EVENT day=0 agent=2 spot=6 arrivalStep=22 stableOrdinal=12 brand=numeric:3 outcome=INVALIDATED_BY_OPPONENT equalStepContest=true
COUPLED_COMPETITIVE_EVENT day=0 agent=1 spot=50 arrivalStep=28 stableOrdinal=13 brand=numeric:3 outcome=INVALIDATED_BY_OPPONENT equalStepContest=false
ANYTIME_STRATIFIED_COUPLED_MARGIN_START day=0 remainingFutureDays=3 plannedOwnOpportunityEvents=14 coupledOwnBrands=3 coupledOwnCollections=6 opponentBaselineCollections=14 coupledOpponentCollections=10 opponentCollectionsRemovedVsBaseline=4 ownPlannedEventsInvalidatedByOpponent=8 opponentReplacementCollections=4 projectedCoupledMargin=-4 ownSemiBrands=4 ownSemiCollections=13 semiScore=48 minimumPatrolDistinctSpots=7 totalPatrolDistinctSpotCapacity=23 budget=64 discoveryBudget=16 qualificationBudget=24 exploitationBudget=24
ANYTIME_STRATIFIED_COUPLED_MARGIN_IMPROVEMENT day=0 coupledOwnBrands=4 coupledOwnCollections=5 coupledOpponentCollections=11 opponentCollectionsRemovedVsBaseline=3 ownPlannedEventsInvalidatedByOpponent=1 opponentReplacementCollections=2 projectedCoupledMargin=-6 expanded=27
ANYTIME_STRATIFIED_COUPLED_MARGIN_DONE day=0 remainingFutureDays=3 plannedOwnOpportunityEvents=6 coupledOwnBrands=4 coupledOwnCollections=5 rawUdon=6 opponentBaselineCollections=14 coupledOpponentCollections=11 opponentCollectionsRemovedVsBaseline=3 ownPlannedEventsInvalidatedByOpponent=1 ownPlannedEventsExhaustedByOwnTeam=0 opponentReplacementCollections=2 coupledObservedNow=0 coupledDirect=3 coupledFollowOn=8 equalStepContests=3 projectedCoupledMargin=-6 ownSemiBrands=4 ownSemiCollections=6 semiScore=21 baselineRolloutEvents=14 coupledRolloutEvents=17 maxBaselineCollectorCollections=6 maxCoupledCollectorCollections=4 routeCostCacheEntries=472 pathfindingExecutions=8 minimumPatrolDistinctSpots=7 minimumPatrolDistinctBrands=4 totalPatrolDistinctSpotCapacity=23 totalPatrolDistinctBrandCapacity=12 expanded=64 completedPlans=65 improvements=1 strategiesDiscovered=16 strategiesQualified=8 strategiesWithAtLeast2Expansions=8 strategiesWithAtLeast3Expansions=7 maxStrategyExpansionCount=43 discoveryExpansions=16 qualificationExpansions=24 exploitationExpansions=24 frontierPeak=48 budgetExhausted=true
COUPLED_COMPETITIVE_EVENT day=0 agent=0 spot=27 arrivalStep=5 stableOrdinal=0 brand=numeric:1 outcome=COLLECTED equalStepContest=false
COUPLED_COMPETITIVE_EVENT day=0 agent=1 spot=33 arrivalStep=6 stableOrdinal=1 brand=numeric:0 outcome=INVALIDATED_BY_OPPONENT equalStepContest=true
COUPLED_COMPETITIVE_EVENT day=0 agent=2 spot=50 arrivalStep=6 stableOrdinal=2 brand=numeric:3 outcome=COLLECTED equalStepContest=false
COUPLED_COMPETITIVE_EVENT day=0 agent=0 spot=3 arrivalStep=10 stableOrdinal=3 brand=numeric:0 outcome=COLLECTED equalStepContest=false
COUPLED_COMPETITIVE_EVENT day=0 agent=1 spot=13 arrivalStep=13 stableOrdinal=4 brand=numeric:2 outcome=COLLECTED equalStepContest=true
COUPLED_COMPETITIVE_EVENT day=0 agent=1 spot=6 arrivalStep=16 stableOrdinal=5 brand=numeric:3 outcome=COLLECTED equalStepContest=true
NEXT_DAY_HARVEST_CAPACITY_SUMMARY day=0 remainingFutureDays=3 patrolAgents=3 nextDayStepBudget=30 minimumPatrolDistinctSpots=7 minimumPatrolDistinctBrands=4 totalPatrolDistinctSpotCapacity=23 totalPatrolDistinctBrandCapacity=12 routeCostCacheEntries=472 pathfindingExecutions=8
PATROL_NEXT_DAY_HARVEST_CAPACITY day=0 agent=0 endPosition=3 endFuel=53 stationaryOpportunity=true maxDistinctSpots=8 maxDistinctBrands=4 bestRemainingFuel=35
PATROL_NEXT_DAY_HARVEST_CAPACITY day=0 agent=1 endPosition=6 endFuel=46 stationaryOpportunity=true maxDistinctSpots=7 maxDistinctBrands=4 bestRemainingFuel=31
PATROL_NEXT_DAY_HARVEST_CAPACITY day=0 agent=2 endPosition=50 endFuel=57 stationaryOpportunity=true maxDistinctSpots=8 maxDistinctBrands=4 bestRemainingFuel=39
LOCAL_PLAN_VALID matchId=m-5043 day=0 mode=CoupledCompetitiveMarginPlanner
ACTION_REQUEST_FINGERPRINT matchId=m-5043 day=0 agentCount=4 serializedLength=61 fingerprint=0450f270
ACTION_DURATION_AUDIT matchId=m-5043 day=0 agent=0 dayBudget=30 plannerDuration=30 validatedDuration=30 encodedDuration=30 actionCount=6 finalAction=WAIT(20) paddingApplied=false
ACTION_WIRE_REPLAY_AUDIT matchId=m-5043 day=0 agent=0 dayBudget=30 simulatedDuration=30 wireReplayDuration=30 simulatedEndPosition=3 wireReplayEndPosition=3 simulatedPatrolFuel=53 wireReplayPatrolFuel=53 actionCount=6 durationMatch=true positionMatch=true fuelMatch=true fuelCheckReason=finiteFuelCompared
ACTION_DURATION_AUDIT matchId=m-5043 day=0 agent=1 dayBudget=30 plannerDuration=30 validatedDuration=30 encodedDuration=30 actionCount=11 finalAction=WAIT(14) paddingApplied=false
ACTION_WIRE_REPLAY_AUDIT matchId=m-5043 day=0 agent=1 dayBudget=30 simulatedDuration=30 wireReplayDuration=30 simulatedEndPosition=6 wireReplayEndPosition=6 simulatedPatrolFuel=46 wireReplayPatrolFuel=46 actionCount=11 durationMatch=true positionMatch=true fuelMatch=true fuelCheckReason=finiteFuelCompared
ACTION_DURATION_AUDIT matchId=m-5043 day=0 agent=2 dayBudget=30 plannerDuration=30 validatedDuration=30 encodedDuration=30 actionCount=4 finalAction=WAIT(24) paddingApplied=false
ACTION_WIRE_REPLAY_AUDIT matchId=m-5043 day=0 agent=2 dayBudget=30 simulatedDuration=30 wireReplayDuration=30 simulatedEndPosition=50 wireReplayEndPosition=50 simulatedPatrolFuel=57 wireReplayPatrolFuel=57 actionCount=4 durationMatch=true positionMatch=true fuelMatch=true fuelCheckReason=finiteFuelCompared
ACTION_DURATION_AUDIT matchId=m-5043 day=0 agent=3 dayBudget=30 plannerDuration=30 validatedDuration=30 encodedDuration=30 actionCount=1 finalAction=WAIT(30) paddingApplied=false
ACTION_WIRE_REPLAY_AUDIT matchId=m-5043 day=0 agent=3 dayBudget=30 simulatedDuration=30 wireReplayDuration=30 simulatedEndPosition=12 wireReplayEndPosition=12 simulatedPatrolFuel=UNAVAILABLE wireReplayPatrolFuel=UNAVAILABLE actionCount=1 durationMatch=true positionMatch=true fuelMatch=NA fuelCheckReason=nonPatrolOrUnavailableFuel
ACTIONS_SUBMITTED matchId=m-5043 day=0 fingerprint=0450f270
ACTION_RESPONSE_DAY_OBSERVED matchId=m-5043 submittedDay=0 responseDay=1 delta=1 fingerprint=0450f270
UDON_OBSERVABILITY matchId=m-5043 day=0 predictedDayUdon=6 authoritativeActual=UNAVAILABLE
ACTIONS_ACCEPTED matchId=m-5043 day=0
DAY_STATE_RECEIVED matchId=m-5043 day=0 agents=4
DAY_STATE_RECEIVED matchId=m-5043 day=0 agents=4
DAY_STATE_RECEIVED matchId=m-5043 day=0 agents=4
DAY_STATE_RECEIVED matchId=m-5043 day=0 agents=4
DAY_STATE_RECEIVED matchId=m-5043 day=0 agents=4
DAY_STATE_RECEIVED matchId=m-5043 day=0 agents=4
DAY_STATE_RECEIVED matchId=m-5043 day=0 agents=4
DAY_STATE_RECEIVED matchId=m-5043 day=0 agents=4
DAY_STATE_RECEIVED matchId=m-5043 day=0 agents=4
DAY_STATE_RECEIVED matchId=m-5043 day=0 agents=4
DAY_STATE_RECEIVED matchId=m-5043 day=0 agents=4
DAY_STATE_RECEIVED matchId=m-5043 day=0 agents=4
DAY_STATE_RECEIVED matchId=m-5043 day=0 agents=4
DAY_STATE_RECEIVED matchId=m-5043 day=0 agents=4
DAY_STATE_RECEIVED matchId=m-5043 day=1 agents=4
PARITY_OBSERVED matchId=m-5043 day=0 position=MATCH patrolFuel=MATCH
DAY_ADVANCED matchId=m-5043 from=0 to=1
NEXT_DAY_HARVEST_CAPACITY_SUMMARY day=1 remainingFutureDays=2 patrolAgents=3 nextDayStepBudget=30 minimumPatrolDistinctSpots=7 minimumPatrolDistinctBrands=4 totalPatrolDistinctSpotCapacity=21 totalPatrolDistinctBrandCapacity=12 routeCostCacheEntries=472 pathfindingExecutions=8
TEAM_REFUEL_HARVEST_HORIZON_NO_ASSIGN day=1 reason=NO_HARVEST_CAPACITY_GAIN currentSemiBrandDelta=0 currentSemiCollectionDelta=0 weakestCapacityDelta=0 totalSpotCapacityDelta=0 totalBrandCapacityDelta=0 fuelRestored=0 arrivalStep=0
TEAM_REFUEL_NO_ASSIGN day=1 reason=NO_POSITIVE_TEAM_VALUE
TEAM_TARGET_SELECT day=1 iteration=1 agent=1 target=13 brand=numeric:2 teamNewBrand=true steps=3 fuel=3
TEAM_TARGET_SELECT day=1 iteration=2 agent=1 target=27 brand=numeric:1 teamNewBrand=true steps=4 fuel=5
TEAM_TARGET_SELECT day=1 iteration=3 agent=0 target=50 brand=numeric:3 teamNewBrand=false steps=11 fuel=7
TEAM_TARGET_SELECT day=1 iteration=4 agent=2 target=33 brand=numeric:0 teamNewBrand=false steps=4 fuel=2
TEAM_TARGET_SELECT day=1 iteration=5 agent=2 target=13 brand=numeric:2 teamNewBrand=false steps=7 fuel=8
TEAM_TARGET_SELECT day=1 iteration=6 agent=2 target=31 brand=numeric:1 teamNewBrand=false steps=5 fuel=4
TEAM_TARGET_SELECT day=1 iteration=7 agent=0 target=37 brand=numeric:2 teamNewBrand=false steps=8 fuel=4
TEAM_TARGET_SELECT day=1 iteration=8 agent=2 target=6 brand=numeric:3 teamNewBrand=false steps=5 fuel=4
TEAM_TARGET_SELECT day=1 iteration=9 agent=0 target=13 brand=numeric:2 teamNewBrand=false steps=5 fuel=4
TEAM_TARGET_SELECT day=1 iteration=10 agent=0 target=6 brand=numeric:3 teamNewBrand=false steps=3 fuel=3
TEAM_PLAN_VALID day=1
OPPONENT_COUPLED_BASELINE day=1 stepBudget=30 collectors=3 stockedSpots=8 opponentBaselineCollections=14 observedNow=1 directIntent=3 followOnIntent=10 strongCollections=4 maxCollectorCollections=5 rolloutEvents=14 routeCostCacheEntries=472 pathfindingExecutions=8
COUPLED_COMPETITIVE_EVENT day=1 agent=0 spot=3 arrivalStep=0 stableOrdinal=0 brand=numeric:0 outcome=COLLECTED equalStepContest=false
COUPLED_COMPETITIVE_EVENT day=1 agent=1 spot=6 arrivalStep=0 stableOrdinal=1 brand=numeric:3 outcome=COLLECTED equalStepContest=false
COUPLED_COMPETITIVE_EVENT day=1 agent=2 spot=50 arrivalStep=0 stableOrdinal=2 brand=numeric:3 outcome=COLLECTED equalStepContest=false
COUPLED_COMPETITIVE_EVENT day=1 agent=1 spot=13 arrivalStep=3 stableOrdinal=3 brand=numeric:2 outcome=COLLECTED equalStepContest=false
COUPLED_COMPETITIVE_EVENT day=1 agent=2 spot=33 arrivalStep=4 stableOrdinal=4 brand=numeric:0 outcome=COLLECTED equalStepContest=false
COUPLED_COMPETITIVE_EVENT day=1 agent=0 spot=33 arrivalStep=7 stableOrdinal=5 brand=numeric:0 outcome=INVALIDATED_BY_OPPONENT equalStepContest=true
COUPLED_COMPETITIVE_EVENT day=1 agent=1 spot=27 arrivalStep=7 stableOrdinal=6 brand=numeric:1 outcome=INVALIDATED_BY_OPPONENT equalStepContest=false
COUPLED_COMPETITIVE_EVENT day=1 agent=0 spot=50 arrivalStep=11 stableOrdinal=7 brand=numeric:3 outcome=INVALIDATED_BY_OPPONENT equalStepContest=true
COUPLED_COMPETITIVE_EVENT day=1 agent=2 spot=13 arrivalStep=11 stableOrdinal=8 brand=numeric:2 outcome=COLLECTED equalStepContest=false
COUPLED_COMPETITIVE_EVENT day=1 agent=2 spot=31 arrivalStep=16 stableOrdinal=9 brand=numeric:1 outcome=INVALIDATED_BY_OPPONENT equalStepContest=false
COUPLED_COMPETITIVE_EVENT day=1 agent=0 spot=37 arrivalStep=19 stableOrdinal=10 brand=numeric:2 outcome=INVALIDATED_BY_OPPONENT equalStepContest=false
COUPLED_COMPETITIVE_EVENT day=1 agent=2 spot=6 arrivalStep=21 stableOrdinal=11 brand=numeric:3 outcome=COLLECTED equalStepContest=false
COUPLED_COMPETITIVE_EVENT day=1 agent=0 spot=13 arrivalStep=24 stableOrdinal=12 brand=numeric:2 outcome=INVALIDATED_BY_OPPONENT equalStepContest=false
COUPLED_COMPETITIVE_EVENT day=1 agent=0 spot=6 arrivalStep=27 stableOrdinal=13 brand=numeric:3 outcome=INVALIDATED_BY_OPPONENT equalStepContest=false
ANYTIME_STRATIFIED_COUPLED_MARGIN_START day=1 remainingFutureDays=2 plannedOwnOpportunityEvents=14 coupledOwnBrands=3 coupledOwnCollections=7 opponentBaselineCollections=14 coupledOpponentCollections=9 opponentCollectionsRemovedVsBaseline=5 ownPlannedEventsInvalidatedByOpponent=7 opponentReplacementCollections=4 projectedCoupledMargin=-2 ownSemiBrands=4 ownSemiCollections=13 semiScore=43 minimumPatrolDistinctSpots=7 totalPatrolDistinctSpotCapacity=21 budget=64 discoveryBudget=16 qualificationBudget=24 exploitationBudget=24
ANYTIME_STRATIFIED_COUPLED_MARGIN_IMPROVEMENT day=1 coupledOwnBrands=4 coupledOwnCollections=6 coupledOpponentCollections=10 opponentCollectionsRemovedVsBaseline=4 ownPlannedEventsInvalidatedByOpponent=4 opponentReplacementCollections=3 projectedCoupledMargin=-4 expanded=9
ANYTIME_STRATIFIED_COUPLED_MARGIN_IMPROVEMENT day=1 coupledOwnBrands=4 coupledOwnCollections=7 coupledOpponentCollections=9 opponentCollectionsRemovedVsBaseline=5 ownPlannedEventsInvalidatedByOpponent=4 opponentReplacementCollections=3 projectedCoupledMargin=-2 expanded=10
ANYTIME_STRATIFIED_COUPLED_MARGIN_IMPROVEMENT day=1 coupledOwnBrands=4 coupledOwnCollections=8 coupledOpponentCollections=8 opponentCollectionsRemovedVsBaseline=6 ownPlannedEventsInvalidatedByOpponent=4 opponentReplacementCollections=3 projectedCoupledMargin=0 expanded=12
ANYTIME_STRATIFIED_COUPLED_MARGIN_IMPROVEMENT day=1 coupledOwnBrands=4 coupledOwnCollections=8 coupledOpponentCollections=8 opponentCollectionsRemovedVsBaseline=6 ownPlannedEventsInvalidatedByOpponent=4 opponentReplacementCollections=3 projectedCoupledMargin=0 expanded=52
ANYTIME_STRATIFIED_COUPLED_MARGIN_DONE day=1 remainingFutureDays=2 plannedOwnOpportunityEvents=12 coupledOwnBrands=4 coupledOwnCollections=8 rawUdon=12 opponentBaselineCollections=14 coupledOpponentCollections=8 opponentCollectionsRemovedVsBaseline=6 ownPlannedEventsInvalidatedByOpponent=4 ownPlannedEventsExhaustedByOwnTeam=0 opponentReplacementCollections=3 coupledObservedNow=0 coupledDirect=3 coupledFollowOn=5 equalStepContests=3 projectedCoupledMargin=0 ownSemiBrands=4 ownSemiCollections=12 semiScore=42 baselineRolloutEvents=14 coupledRolloutEvents=21 maxBaselineCollectorCollections=5 maxCoupledCollectorCollections=4 routeCostCacheEntries=472 pathfindingExecutions=8 minimumPatrolDistinctSpots=7 minimumPatrolDistinctBrands=4 totalPatrolDistinctSpotCapacity=23 totalPatrolDistinctBrandCapacity=12 expanded=64 completedPlans=65 improvements=4 strategiesDiscovered=16 strategiesQualified=8 strategiesWithAtLeast2Expansions=8 strategiesWithAtLeast3Expansions=7 maxStrategyExpansionCount=28 discoveryExpansions=16 qualificationExpansions=24 exploitationExpansions=24 frontierPeak=48 budgetExhausted=true
COUPLED_COMPETITIVE_EVENT day=1 agent=0 spot=3 arrivalStep=0 stableOrdinal=0 brand=numeric:0 outcome=COLLECTED equalStepContest=false
COUPLED_COMPETITIVE_EVENT day=1 agent=1 spot=6 arrivalStep=0 stableOrdinal=1 brand=numeric:3 outcome=COLLECTED equalStepContest=false
COUPLED_COMPETITIVE_EVENT day=1 agent=2 spot=50 arrivalStep=0 stableOrdinal=2 brand=numeric:3 outcome=COLLECTED equalStepContest=false
COUPLED_COMPETITIVE_EVENT day=1 agent=1 spot=13 arrivalStep=3 stableOrdinal=3 brand=numeric:2 outcome=COLLECTED equalStepContest=false
COUPLED_COMPETITIVE_EVENT day=1 agent=2 spot=27 arrivalStep=6 stableOrdinal=4 brand=numeric:1 outcome=COLLECTED equalStepContest=false
COUPLED_COMPETITIVE_EVENT day=1 agent=0 spot=33 arrivalStep=7 stableOrdinal=5 brand=numeric:0 outcome=COLLECTED equalStepContest=true
COUPLED_COMPETITIVE_EVENT day=1 agent=1 spot=37 arrivalStep=8 stableOrdinal=6 brand=numeric:2 outcome=INVALIDATED_BY_OPPONENT equalStepContest=false
COUPLED_COMPETITIVE_EVENT day=1 agent=2 spot=33 arrivalStep=10 stableOrdinal=7 brand=numeric:0 outcome=INVALIDATED_BY_OPPONENT equalStepContest=false
COUPLED_COMPETITIVE_EVENT day=1 agent=0 spot=50 arrivalStep=11 stableOrdinal=8 brand=numeric:3 outcome=INVALIDATED_BY_OPPONENT equalStepContest=true
COUPLED_COMPETITIVE_EVENT day=1 agent=1 spot=31 arrivalStep=12 stableOrdinal=9 brand=numeric:1 outcome=INVALIDATED_BY_OPPONENT equalStepContest=false
COUPLED_COMPETITIVE_EVENT day=1 agent=2 spot=13 arrivalStep=17 stableOrdinal=10 brand=numeric:2 outcome=COLLECTED equalStepContest=true
COUPLED_COMPETITIVE_EVENT day=1 agent=2 spot=6 arrivalStep=20 stableOrdinal=11 brand=numeric:3 outcome=COLLECTED equalStepContest=false
NEXT_DAY_HARVEST_CAPACITY_SUMMARY day=1 remainingFutureDays=2 patrolAgents=3 nextDayStepBudget=30 minimumPatrolDistinctSpots=7 minimumPatrolDistinctBrands=4 totalPatrolDistinctSpotCapacity=23 totalPatrolDistinctBrandCapacity=12 routeCostCacheEntries=472 pathfindingExecutions=8
PATROL_NEXT_DAY_HARVEST_CAPACITY day=1 agent=0 endPosition=50 endFuel=46 stationaryOpportunity=true maxDistinctSpots=8 maxDistinctBrands=4 bestRemainingFuel=28
PATROL_NEXT_DAY_HARVEST_CAPACITY day=1 agent=1 endPosition=31 endFuel=37 stationaryOpportunity=true maxDistinctSpots=8 maxDistinctBrands=4 bestRemainingFuel=16
PATROL_NEXT_DAY_HARVEST_CAPACITY day=1 agent=2 endPosition=6 endFuel=41 stationaryOpportunity=true maxDistinctSpots=7 maxDistinctBrands=4 bestRemainingFuel=26
LOCAL_PLAN_VALID matchId=m-5043 day=1 mode=CoupledCompetitiveMarginPlanner
ACTION_REQUEST_FINGERPRINT matchId=m-5043 day=1 agentCount=4 serializedLength=75 fingerprint=b80feb40
ACTION_DURATION_AUDIT matchId=m-5043 day=1 agent=0 dayBudget=30 plannerDuration=30 validatedDuration=30 encodedDuration=30 actionCount=7 finalAction=WAIT(19) paddingApplied=false
ACTION_WIRE_REPLAY_AUDIT matchId=m-5043 day=1 agent=0 dayBudget=30 simulatedDuration=30 wireReplayDuration=30 simulatedEndPosition=50 wireReplayEndPosition=50 simulatedPatrolFuel=46 wireReplayPatrolFuel=46 actionCount=7 durationMatch=true positionMatch=true fuelMatch=true fuelCheckReason=finiteFuelCompared
ACTION_DURATION_AUDIT matchId=m-5043 day=1 agent=1 dayBudget=30 plannerDuration=30 validatedDuration=30 encodedDuration=30 actionCount=8 finalAction=WAIT(18) paddingApplied=false
ACTION_WIRE_REPLAY_AUDIT matchId=m-5043 day=1 agent=1 dayBudget=30 simulatedDuration=30 wireReplayDuration=30 simulatedEndPosition=31 wireReplayEndPosition=31 simulatedPatrolFuel=37 wireReplayPatrolFuel=37 actionCount=8 durationMatch=true positionMatch=true fuelMatch=true fuelCheckReason=finiteFuelCompared
ACTION_DURATION_AUDIT matchId=m-5043 day=1 agent=2 dayBudget=30 plannerDuration=30 validatedDuration=30 encodedDuration=30 actionCount=13 finalAction=WAIT(10) paddingApplied=false
ACTION_WIRE_REPLAY_AUDIT matchId=m-5043 day=1 agent=2 dayBudget=30 simulatedDuration=30 wireReplayDuration=30 simulatedEndPosition=6 wireReplayEndPosition=6 simulatedPatrolFuel=41 wireReplayPatrolFuel=41 actionCount=13 durationMatch=true positionMatch=true fuelMatch=true fuelCheckReason=finiteFuelCompared
ACTION_DURATION_AUDIT matchId=m-5043 day=1 agent=3 dayBudget=30 plannerDuration=30 validatedDuration=30 encodedDuration=30 actionCount=1 finalAction=WAIT(30) paddingApplied=false
ACTION_WIRE_REPLAY_AUDIT matchId=m-5043 day=1 agent=3 dayBudget=30 simulatedDuration=30 wireReplayDuration=30 simulatedEndPosition=12 wireReplayEndPosition=12 simulatedPatrolFuel=UNAVAILABLE wireReplayPatrolFuel=UNAVAILABLE actionCount=1 durationMatch=true positionMatch=true fuelMatch=NA fuelCheckReason=nonPatrolOrUnavailableFuel
ACTIONS_SUBMITTED matchId=m-5043 day=1 fingerprint=b80feb40
ACTION_RESPONSE_DAY_OBSERVED matchId=m-5043 submittedDay=1 responseDay=2 delta=1 fingerprint=b80feb40
UDON_OBSERVABILITY matchId=m-5043 day=1 predictedDayUdon=12 authoritativeActual=UNAVAILABLE
ACTIONS_ACCEPTED matchId=m-5043 day=1
DAY_STATE_RECEIVED matchId=m-5043 day=1 agents=4
DAY_STATE_RECEIVED matchId=m-5043 day=1 agents=4
DAY_STATE_RECEIVED matchId=m-5043 day=1 agents=4
DAY_STATE_RECEIVED matchId=m-5043 day=1 agents=4
DAY_STATE_RECEIVED matchId=m-5043 day=1 agents=4
DAY_STATE_RECEIVED matchId=m-5043 day=1 agents=4
DAY_STATE_RECEIVED matchId=m-5043 day=1 agents=4
DAY_STATE_RECEIVED matchId=m-5043 day=1 agents=4
DAY_STATE_RECEIVED matchId=m-5043 day=1 agents=4
DAY_STATE_RECEIVED matchId=m-5043 day=1 agents=4
DAY_STATE_RECEIVED matchId=m-5043 day=1 agents=4
DAY_STATE_RECEIVED matchId=m-5043 day=1 agents=4
DAY_STATE_RECEIVED matchId=m-5043 day=1 agents=4
DAY_STATE_RECEIVED matchId=m-5043 day=1 agents=4
DAY_STATE_RECEIVED matchId=m-5043 day=1 agents=4
DAY_STATE_RECEIVED matchId=m-5043 day=2 agents=4
PARITY_OBSERVED matchId=m-5043 day=1 position=MATCH patrolFuel=MATCH
DAY_ADVANCED matchId=m-5043 from=1 to=2
NEXT_DAY_HARVEST_CAPACITY_SUMMARY day=2 remainingFutureDays=1 patrolAgents=3 nextDayStepBudget=30 minimumPatrolDistinctSpots=7 minimumPatrolDistinctBrands=4 totalPatrolDistinctSpotCapacity=22 totalPatrolDistinctBrandCapacity=12 routeCostCacheEntries=472 pathfindingExecutions=8
TEAM_REFUEL_HARVEST_HORIZON_NO_ASSIGN day=2 reason=NO_HARVEST_CAPACITY_GAIN currentSemiBrandDelta=0 currentSemiCollectionDelta=0 weakestCapacityDelta=0 totalSpotCapacityDelta=0 totalBrandCapacityDelta=0 fuelRestored=0 arrivalStep=0
TEAM_REFUEL_NO_ASSIGN day=2 reason=NO_POSITIVE_TEAM_VALUE
TEAM_TARGET_SELECT day=2 iteration=1 agent=0 target=3 brand=numeric:0 teamNewBrand=true steps=11 fuel=7
TEAM_TARGET_SELECT day=2 iteration=2 agent=2 target=13 brand=numeric:2 teamNewBrand=true steps=3 fuel=3
TEAM_TARGET_SELECT day=2 iteration=3 agent=0 target=13 brand=numeric:2 teamNewBrand=false steps=4 fuel=2
TEAM_TARGET_SELECT day=2 iteration=4 agent=1 target=37 brand=numeric:2 teamNewBrand=false steps=4 fuel=2
TEAM_TARGET_SELECT day=2 iteration=5 agent=2 target=27 brand=numeric:1 teamNewBrand=false steps=4 fuel=5
TEAM_TARGET_SELECT day=2 iteration=6 agent=2 target=33 brand=numeric:0 teamNewBrand=false steps=4 fuel=2
TEAM_TARGET_SELECT day=2 iteration=7 agent=1 target=6 brand=numeric:3 teamNewBrand=false steps=6 fuel=6
TEAM_TARGET_SELECT day=2 iteration=8 agent=0 target=6 brand=numeric:3 teamNewBrand=false steps=3 fuel=3
TEAM_TARGET_SELECT day=2 iteration=9 agent=1 target=13 brand=numeric:2 teamNewBrand=false steps=3 fuel=3
TEAM_TARGET_SELECT day=2 iteration=10 agent=2 target=50 brand=numeric:3 teamNewBrand=false steps=4 fuel=2
TEAM_PLAN_VALID day=2
OPPONENT_COUPLED_BASELINE day=2 stepBudget=30 collectors=3 stockedSpots=8 opponentBaselineCollections=14 observedNow=2 directIntent=3 followOnIntent=9 strongCollections=5 maxCollectorCollections=5 rolloutEvents=14 routeCostCacheEntries=472 pathfindingExecutions=8
COUPLED_COMPETITIVE_EVENT day=2 agent=0 spot=50 arrivalStep=0 stableOrdinal=0 brand=numeric:3 outcome=COLLECTED equalStepContest=false
COUPLED_COMPETITIVE_EVENT day=2 agent=1 spot=31 arrivalStep=0 stableOrdinal=1 brand=numeric:1 outcome=COLLECTED equalStepContest=false
COUPLED_COMPETITIVE_EVENT day=2 agent=2 spot=6 arrivalStep=0 stableOrdinal=2 brand=numeric:3 outcome=COLLECTED equalStepContest=false
COUPLED_COMPETITIVE_EVENT day=2 agent=2 spot=13 arrivalStep=3 stableOrdinal=3 brand=numeric:2 outcome=COLLECTED equalStepContest=false
COUPLED_COMPETITIVE_EVENT day=2 agent=0 spot=33 arrivalStep=4 stableOrdinal=4 brand=numeric:0 outcome=COLLECTED equalStepContest=false
COUPLED_COMPETITIVE_EVENT day=2 agent=1 spot=37 arrivalStep=4 stableOrdinal=5 brand=numeric:2 outcome=COLLECTED equalStepContest=false
COUPLED_COMPETITIVE_EVENT day=2 agent=2 spot=27 arrivalStep=7 stableOrdinal=6 brand=numeric:1 outcome=INVALIDATED_BY_OPPONENT equalStepContest=false
COUPLED_COMPETITIVE_EVENT day=2 agent=1 spot=6 arrivalStep=10 stableOrdinal=7 brand=numeric:3 outcome=COLLECTED equalStepContest=false
COUPLED_COMPETITIVE_EVENT day=2 agent=0 spot=3 arrivalStep=11 stableOrdinal=8 brand=numeric:0 outcome=INVALIDATED_BY_OPPONENT equalStepContest=false
COUPLED_COMPETITIVE_EVENT day=2 agent=2 spot=33 arrivalStep=11 stableOrdinal=9 brand=numeric:0 outcome=INVALIDATED_BY_OPPONENT equalStepContest=false
COUPLED_COMPETITIVE_EVENT day=2 agent=1 spot=13 arrivalStep=13 stableOrdinal=10 brand=numeric:2 outcome=COLLECTED equalStepContest=false
COUPLED_COMPETITIVE_EVENT day=2 agent=0 spot=13 arrivalStep=15 stableOrdinal=11 brand=numeric:2 outcome=INVALIDATED_BY_OPPONENT equalStepContest=false
COUPLED_COMPETITIVE_EVENT day=2 agent=2 spot=50 arrivalStep=15 stableOrdinal=12 brand=numeric:3 outcome=INVALIDATED_BY_OPPONENT equalStepContest=false
COUPLED_COMPETITIVE_EVENT day=2 agent=0 spot=6 arrivalStep=18 stableOrdinal=13 brand=numeric:3 outcome=INVALIDATED_BY_OPPONENT equalStepContest=false
ANYTIME_STRATIFIED_COUPLED_MARGIN_START day=2 remainingFutureDays=1 plannedOwnOpportunityEvents=14 coupledOwnBrands=4 coupledOwnCollections=8 opponentBaselineCollections=14 coupledOpponentCollections=8 opponentCollectionsRemovedVsBaseline=6 ownPlannedEventsInvalidatedByOpponent=6 opponentReplacementCollections=0 projectedCoupledMargin=0 ownSemiBrands=4 ownSemiCollections=12 semiScore=40 minimumPatrolDistinctSpots=7 totalPatrolDistinctSpotCapacity=22 budget=64 discoveryBudget=16 qualificationBudget=24 exploitationBudget=24
ANYTIME_STRATIFIED_COUPLED_MARGIN_DONE day=2 remainingFutureDays=1 plannedOwnOpportunityEvents=14 coupledOwnBrands=4 coupledOwnCollections=8 rawUdon=14 opponentBaselineCollections=14 coupledOpponentCollections=8 opponentCollectionsRemovedVsBaseline=6 ownPlannedEventsInvalidatedByOpponent=6 ownPlannedEventsExhaustedByOwnTeam=0 opponentReplacementCollections=0 coupledObservedNow=2 coupledDirect=3 coupledFollowOn=3 equalStepContests=0 projectedCoupledMargin=0 ownSemiBrands=4 ownSemiCollections=12 semiScore=40 baselineRolloutEvents=14 coupledRolloutEvents=23 maxBaselineCollectorCollections=5 maxCoupledCollectorCollections=4 routeCostCacheEntries=472 pathfindingExecutions=8 minimumPatrolDistinctSpots=7 minimumPatrolDistinctBrands=4 totalPatrolDistinctSpotCapacity=22 totalPatrolDistinctBrandCapacity=12 expanded=64 completedPlans=65 improvements=0 strategiesDiscovered=16 strategiesQualified=8 strategiesWithAtLeast2Expansions=8 strategiesWithAtLeast3Expansions=7 maxStrategyExpansionCount=43 discoveryExpansions=16 qualificationExpansions=24 exploitationExpansions=24 frontierPeak=48 budgetExhausted=true
COUPLED_COMPETITIVE_EVENT day=2 agent=0 spot=50 arrivalStep=0 stableOrdinal=0 brand=numeric:3 outcome=COLLECTED equalStepContest=false
COUPLED_COMPETITIVE_EVENT day=2 agent=1 spot=31 arrivalStep=0 stableOrdinal=1 brand=numeric:1 outcome=COLLECTED equalStepContest=false
COUPLED_COMPETITIVE_EVENT day=2 agent=2 spot=6 arrivalStep=0 stableOrdinal=2 brand=numeric:3 outcome=COLLECTED equalStepContest=false
COUPLED_COMPETITIVE_EVENT day=2 agent=2 spot=13 arrivalStep=3 stableOrdinal=3 brand=numeric:2 outcome=COLLECTED equalStepContest=false
COUPLED_COMPETITIVE_EVENT day=2 agent=0 spot=33 arrivalStep=4 stableOrdinal=4 brand=numeric:0 outcome=COLLECTED equalStepContest=false
COUPLED_COMPETITIVE_EVENT day=2 agent=1 spot=37 arrivalStep=4 stableOrdinal=5 brand=numeric:2 outcome=COLLECTED equalStepContest=false
COUPLED_COMPETITIVE_EVENT day=2 agent=2 spot=27 arrivalStep=7 stableOrdinal=6 brand=numeric:1 outcome=INVALIDATED_BY_OPPONENT equalStepContest=false
COUPLED_COMPETITIVE_EVENT day=2 agent=1 spot=6 arrivalStep=10 stableOrdinal=7 brand=numeric:3 outcome=COLLECTED equalStepContest=false
COUPLED_COMPETITIVE_EVENT day=2 agent=0 spot=3 arrivalStep=11 stableOrdinal=8 brand=numeric:0 outcome=INVALIDATED_BY_OPPONENT equalStepContest=false
COUPLED_COMPETITIVE_EVENT day=2 agent=2 spot=33 arrivalStep=11 stableOrdinal=9 brand=numeric:0 outcome=INVALIDATED_BY_OPPONENT equalStepContest=false
COUPLED_COMPETITIVE_EVENT day=2 agent=1 spot=13 arrivalStep=13 stableOrdinal=10 brand=numeric:2 outcome=COLLECTED equalStepContest=false
COUPLED_COMPETITIVE_EVENT day=2 agent=0 spot=13 arrivalStep=15 stableOrdinal=11 brand=numeric:2 outcome=INVALIDATED_BY_OPPONENT equalStepContest=false
COUPLED_COMPETITIVE_EVENT day=2 agent=2 spot=50 arrivalStep=15 stableOrdinal=12 brand=numeric:3 outcome=INVALIDATED_BY_OPPONENT equalStepContest=false
COUPLED_COMPETITIVE_EVENT day=2 agent=0 spot=6 arrivalStep=18 stableOrdinal=13 brand=numeric:3 outcome=INVALIDATED_BY_OPPONENT equalStepContest=false
NEXT_DAY_HARVEST_CAPACITY_SUMMARY day=2 remainingFutureDays=1 patrolAgents=3 nextDayStepBudget=30 minimumPatrolDistinctSpots=7 minimumPatrolDistinctBrands=4 totalPatrolDistinctSpotCapacity=22 totalPatrolDistinctBrandCapacity=12 routeCostCacheEntries=472 pathfindingExecutions=8
PATROL_NEXT_DAY_HARVEST_CAPACITY day=2 agent=0 endPosition=6 endFuel=34 stationaryOpportunity=true maxDistinctSpots=7 maxDistinctBrands=4 bestRemainingFuel=19
PATROL_NEXT_DAY_HARVEST_CAPACITY day=2 agent=1 endPosition=13 endFuel=26 stationaryOpportunity=true maxDistinctSpots=7 maxDistinctBrands=4 bestRemainingFuel=11
PATROL_NEXT_DAY_HARVEST_CAPACITY day=2 agent=2 endPosition=50 endFuel=29 stationaryOpportunity=true maxDistinctSpots=8 maxDistinctBrands=4 bestRemainingFuel=11
LOCAL_PLAN_VALID matchId=m-5043 day=2 mode=CoupledCompetitiveMarginPlanner
ACTION_REQUEST_FINGERPRINT matchId=m-5043 day=2 agentCount=4 serializedLength=79 fingerprint=5464a98a
ACTION_DURATION_AUDIT matchId=m-5043 day=2 agent=0 dayBudget=30 plannerDuration=30 validatedDuration=30 encodedDuration=30 actionCount=11 finalAction=WAIT(12) paddingApplied=false
ACTION_WIRE_REPLAY_AUDIT matchId=m-5043 day=2 agent=0 dayBudget=30 simulatedDuration=30 wireReplayDuration=30 simulatedEndPosition=6 wireReplayEndPosition=6 simulatedPatrolFuel=34 wireReplayPatrolFuel=34 actionCount=11 durationMatch=true positionMatch=true fuelMatch=true fuelCheckReason=finiteFuelCompared
ACTION_DURATION_AUDIT matchId=m-5043 day=2 agent=1 dayBudget=30 plannerDuration=30 validatedDuration=30 encodedDuration=30 actionCount=9 finalAction=WAIT(17) paddingApplied=false
ACTION_WIRE_REPLAY_AUDIT matchId=m-5043 day=2 agent=1 dayBudget=30 simulatedDuration=30 wireReplayDuration=30 simulatedEndPosition=13 wireReplayEndPosition=13 simulatedPatrolFuel=26 wireReplayPatrolFuel=26 actionCount=9 durationMatch=true positionMatch=true fuelMatch=true fuelCheckReason=finiteFuelCompared
ACTION_DURATION_AUDIT matchId=m-5043 day=2 agent=2 dayBudget=30 plannerDuration=30 validatedDuration=30 encodedDuration=30 actionCount=10 finalAction=WAIT(15) paddingApplied=false
ACTION_WIRE_REPLAY_AUDIT matchId=m-5043 day=2 agent=2 dayBudget=30 simulatedDuration=30 wireReplayDuration=30 simulatedEndPosition=50 wireReplayEndPosition=50 simulatedPatrolFuel=29 wireReplayPatrolFuel=29 actionCount=10 durationMatch=true positionMatch=true fuelMatch=true fuelCheckReason=finiteFuelCompared
ACTION_DURATION_AUDIT matchId=m-5043 day=2 agent=3 dayBudget=30 plannerDuration=30 validatedDuration=30 encodedDuration=30 actionCount=1 finalAction=WAIT(30) paddingApplied=false
ACTION_WIRE_REPLAY_AUDIT matchId=m-5043 day=2 agent=3 dayBudget=30 simulatedDuration=30 wireReplayDuration=30 simulatedEndPosition=12 wireReplayEndPosition=12 simulatedPatrolFuel=UNAVAILABLE wireReplayPatrolFuel=UNAVAILABLE actionCount=1 durationMatch=true positionMatch=true fuelMatch=NA fuelCheckReason=nonPatrolOrUnavailableFuel
ACTIONS_SUBMITTED matchId=m-5043 day=2 fingerprint=5464a98a
ACTION_RESPONSE_DAY_OBSERVED matchId=m-5043 submittedDay=2 responseDay=3 delta=1 fingerprint=5464a98a
UDON_OBSERVABILITY matchId=m-5043 day=2 predictedDayUdon=14 authoritativeActual=UNAVAILABLE
ACTIONS_ACCEPTED matchId=m-5043 day=2
DAY_STATE_RECEIVED matchId=m-5043 day=2 agents=4
DAY_STATE_RECEIVED matchId=m-5043 day=2 agents=4
DAY_STATE_RECEIVED matchId=m-5043 day=2 agents=4
DAY_STATE_RECEIVED matchId=m-5043 day=2 agents=4
DAY_STATE_RECEIVED matchId=m-5043 day=2 agents=4
DAY_STATE_RECEIVED matchId=m-5043 day=2 agents=4
DAY_STATE_RECEIVED matchId=m-5043 day=2 agents=4
DAY_STATE_RECEIVED matchId=m-5043 day=2 agents=4
DAY_STATE_RECEIVED matchId=m-5043 day=2 agents=4
DAY_STATE_RECEIVED matchId=m-5043 day=2 agents=4
DAY_STATE_RECEIVED matchId=m-5043 day=2 agents=4
DAY_STATE_RECEIVED matchId=m-5043 day=2 agents=4
DAY_STATE_RECEIVED matchId=m-5043 day=2 agents=4
DAY_STATE_RECEIVED matchId=m-5043 day=2 agents=4
DAY_STATE_RECEIVED matchId=m-5043 day=2 agents=4
DAY_STATE_RECEIVED matchId=m-5043 day=2 agents=4
DAY_STATE_RECEIVED matchId=m-5043 day=3 agents=4
PARITY_OBSERVED matchId=m-5043 day=2 position=MATCH patrolFuel=MATCH
DAY_ADVANCED matchId=m-5043 from=2 to=3
NEXT_DAY_HARVEST_CAPACITY_SUMMARY day=3 remainingFutureDays=0 patrolAgents=3 nextDayStepBudget=0 minimumPatrolDistinctSpots=0 minimumPatrolDistinctBrands=0 totalPatrolDistinctSpotCapacity=0 totalPatrolDistinctBrandCapacity=0 routeCostCacheEntries=0 pathfindingExecutions=0
TEAM_REFUEL_HARVEST_HORIZON_NO_ASSIGN day=3 reason=FINAL_DAY_NO_PROACTIVE_REFUEL currentSemiBrandDelta=0 currentSemiCollectionDelta=0 weakestCapacityDelta=0 totalSpotCapacityDelta=0 totalBrandCapacityDelta=0 fuelRestored=0 arrivalStep=0
TEAM_REFUEL_NO_ASSIGN day=3 reason=NO_POSITIVE_TEAM_VALUE
TEAM_TARGET_SELECT day=3 iteration=1 agent=2 target=3 brand=numeric:0 teamNewBrand=true steps=11 fuel=7
TEAM_TARGET_SELECT day=3 iteration=2 agent=1 target=27 brand=numeric:1 teamNewBrand=true steps=4 fuel=5
TEAM_TARGET_SELECT day=3 iteration=3 agent=0 target=13 brand=numeric:2 teamNewBrand=false steps=4 fuel=2
TEAM_TARGET_SELECT day=3 iteration=4 agent=2 target=13 brand=numeric:2 teamNewBrand=false steps=4 fuel=2
TEAM_TARGET_SELECT day=3 iteration=5 agent=1 target=33 brand=numeric:0 teamNewBrand=false steps=4 fuel=2
TEAM_TARGET_SELECT day=3 iteration=6 agent=1 target=50 brand=numeric:3 teamNewBrand=false steps=4 fuel=2
TEAM_TARGET_SELECT day=3 iteration=7 agent=0 target=31 brand=numeric:1 teamNewBrand=false steps=5 fuel=4
TEAM_TARGET_SELECT day=3 iteration=8 agent=0 target=37 brand=numeric:2 teamNewBrand=false steps=4 fuel=2
TEAM_TARGET_SELECT day=3 iteration=9 agent=2 target=6 brand=numeric:3 teamNewBrand=false steps=4 fuel=2
TEAM_TARGET_SELECT day=3 iteration=10 agent=1 target=6 brand=numeric:3 teamNewBrand=false steps=12 fuel=10
TEAM_PLAN_VALID day=3
OPPONENT_COUPLED_BASELINE day=3 stepBudget=30 collectors=3 stockedSpots=8 opponentBaselineCollections=14 observedNow=2 directIntent=3 followOnIntent=9 strongCollections=5 maxCollectorCollections=5 rolloutEvents=14 routeCostCacheEntries=472 pathfindingExecutions=8
COUPLED_COMPETITIVE_EVENT day=3 agent=0 spot=6 arrivalStep=0 stableOrdinal=0 brand=numeric:3 outcome=COLLECTED equalStepContest=false
COUPLED_COMPETITIVE_EVENT day=3 agent=1 spot=13 arrivalStep=0 stableOrdinal=1 brand=numeric:2 outcome=COLLECTED equalStepContest=true
COUPLED_COMPETITIVE_EVENT day=3 agent=2 spot=50 arrivalStep=0 stableOrdinal=2 brand=numeric:3 outcome=COLLECTED equalStepContest=false
COUPLED_COMPETITIVE_EVENT day=3 agent=0 spot=13 arrivalStep=4 stableOrdinal=3 brand=numeric:2 outcome=COLLECTED equalStepContest=false
COUPLED_COMPETITIVE_EVENT day=3 agent=1 spot=27 arrivalStep=4 stableOrdinal=4 brand=numeric:1 outcome=INVALIDATED_BY_OPPONENT equalStepContest=true
COUPLED_COMPETITIVE_EVENT day=3 agent=2 spot=33 arrivalStep=4 stableOrdinal=5 brand=numeric:0 outcome=COLLECTED equalStepContest=false
COUPLED_COMPETITIVE_EVENT day=3 agent=1 spot=33 arrivalStep=8 stableOrdinal=6 brand=numeric:0 outcome=INVALIDATED_BY_OPPONENT equalStepContest=false
COUPLED_COMPETITIVE_EVENT day=3 agent=0 spot=31 arrivalStep=9 stableOrdinal=7 brand=numeric:1 outcome=INVALIDATED_BY_OPPONENT equalStepContest=false
COUPLED_COMPETITIVE_EVENT day=3 agent=2 spot=3 arrivalStep=11 stableOrdinal=8 brand=numeric:0 outcome=INVALIDATED_BY_OPPONENT equalStepContest=false
COUPLED_COMPETITIVE_EVENT day=3 agent=1 spot=50 arrivalStep=12 stableOrdinal=9 brand=numeric:3 outcome=INVALIDATED_BY_OPPONENT equalStepContest=false
COUPLED_COMPETITIVE_EVENT day=3 agent=0 spot=37 arrivalStep=13 stableOrdinal=10 brand=numeric:2 outcome=INVALIDATED_BY_OPPONENT equalStepContest=false
COUPLED_COMPETITIVE_EVENT day=3 agent=2 spot=13 arrivalStep=15 stableOrdinal=11 brand=numeric:2 outcome=INVALIDATED_BY_OPPONENT equalStepContest=true
COUPLED_COMPETITIVE_EVENT day=3 agent=2 spot=6 arrivalStep=19 stableOrdinal=12 brand=numeric:3 outcome=INVALIDATED_BY_OPPONENT equalStepContest=true
COUPLED_COMPETITIVE_EVENT day=3 agent=1 spot=6 arrivalStep=24 stableOrdinal=13 brand=numeric:3 outcome=INVALIDATED_BY_OPPONENT equalStepContest=false
ANYTIME_STRATIFIED_COUPLED_MARGIN_START day=3 remainingFutureDays=0 plannedOwnOpportunityEvents=14 coupledOwnBrands=3 coupledOwnCollections=5 opponentBaselineCollections=14 coupledOpponentCollections=11 opponentCollectionsRemovedVsBaseline=3 ownPlannedEventsInvalidatedByOpponent=9 opponentReplacementCollections=1 projectedCoupledMargin=-6 ownSemiBrands=4 ownSemiCollections=12 semiScore=39 minimumPatrolDistinctSpots=0 totalPatrolDistinctSpotCapacity=0 budget=64 discoveryBudget=16 qualificationBudget=24 exploitationBudget=24
ANYTIME_STRATIFIED_COUPLED_MARGIN_IMPROVEMENT day=3 coupledOwnBrands=4 coupledOwnCollections=5 coupledOpponentCollections=11 opponentCollectionsRemovedVsBaseline=3 ownPlannedEventsInvalidatedByOpponent=1 opponentReplacementCollections=3 projectedCoupledMargin=-6 expanded=3
ANYTIME_STRATIFIED_COUPLED_MARGIN_IMPROVEMENT day=3 coupledOwnBrands=4 coupledOwnCollections=6 coupledOpponentCollections=10 opponentCollectionsRemovedVsBaseline=4 ownPlannedEventsInvalidatedByOpponent=1 opponentReplacementCollections=3 projectedCoupledMargin=-4 expanded=4
ANYTIME_STRATIFIED_COUPLED_MARGIN_IMPROVEMENT day=3 coupledOwnBrands=4 coupledOwnCollections=7 coupledOpponentCollections=9 opponentCollectionsRemovedVsBaseline=5 ownPlannedEventsInvalidatedByOpponent=1 opponentReplacementCollections=3 projectedCoupledMargin=-2 expanded=5
ANYTIME_STRATIFIED_COUPLED_MARGIN_IMPROVEMENT day=3 coupledOwnBrands=4 coupledOwnCollections=7 coupledOpponentCollections=9 opponentCollectionsRemovedVsBaseline=5 ownPlannedEventsInvalidatedByOpponent=3 opponentReplacementCollections=2 projectedCoupledMargin=-2 expanded=8
ANYTIME_STRATIFIED_COUPLED_MARGIN_IMPROVEMENT day=3 coupledOwnBrands=4 coupledOwnCollections=7 coupledOpponentCollections=9 opponentCollectionsRemovedVsBaseline=5 ownPlannedEventsInvalidatedByOpponent=6 opponentReplacementCollections=2 projectedCoupledMargin=-2 expanded=55
ANYTIME_STRATIFIED_COUPLED_MARGIN_IMPROVEMENT day=3 coupledOwnBrands=4 coupledOwnCollections=7 coupledOpponentCollections=9 opponentCollectionsRemovedVsBaseline=5 ownPlannedEventsInvalidatedByOpponent=7 opponentReplacementCollections=2 projectedCoupledMargin=-2 expanded=56
ANYTIME_STRATIFIED_COUPLED_MARGIN_DONE day=3 remainingFutureDays=0 plannedOwnOpportunityEvents=14 coupledOwnBrands=4 coupledOwnCollections=7 rawUdon=14 opponentBaselineCollections=14 coupledOpponentCollections=9 opponentCollectionsRemovedVsBaseline=5 ownPlannedEventsInvalidatedByOpponent=7 ownPlannedEventsExhaustedByOwnTeam=0 opponentReplacementCollections=2 coupledObservedNow=2 coupledDirect=3 coupledFollowOn=4 equalStepContests=2 projectedCoupledMargin=-2 ownSemiBrands=4 ownSemiCollections=12 semiScore=38 baselineRolloutEvents=14 coupledRolloutEvents=23 maxBaselineCollectorCollections=5 maxCoupledCollectorCollections=3 routeCostCacheEntries=472 pathfindingExecutions=8 minimumPatrolDistinctSpots=0 minimumPatrolDistinctBrands=0 totalPatrolDistinctSpotCapacity=0 totalPatrolDistinctBrandCapacity=0 expanded=64 completedPlans=65 improvements=6 strategiesDiscovered=16 strategiesQualified=8 strategiesWithAtLeast2Expansions=8 strategiesWithAtLeast3Expansions=7 maxStrategyExpansionCount=42 discoveryExpansions=16 qualificationExpansions=24 exploitationExpansions=24 frontierPeak=48 budgetExhausted=true
COUPLED_COMPETITIVE_EVENT day=3 agent=0 spot=6 arrivalStep=0 stableOrdinal=0 brand=numeric:3 outcome=COLLECTED equalStepContest=false
COUPLED_COMPETITIVE_EVENT day=3 agent=1 spot=13 arrivalStep=0 stableOrdinal=1 brand=numeric:2 outcome=COLLECTED equalStepContest=true
COUPLED_COMPETITIVE_EVENT day=3 agent=2 spot=50 arrivalStep=0 stableOrdinal=2 brand=numeric:3 outcome=COLLECTED equalStepContest=false
COUPLED_COMPETITIVE_EVENT day=3 agent=1 spot=6 arrivalStep=4 stableOrdinal=3 brand=numeric:3 outcome=COLLECTED equalStepContest=true
COUPLED_COMPETITIVE_EVENT day=3 agent=2 spot=33 arrivalStep=4 stableOrdinal=4 brand=numeric:0 outcome=COLLECTED equalStepContest=false
COUPLED_COMPETITIVE_EVENT day=3 agent=0 spot=31 arrivalStep=5 stableOrdinal=5 brand=numeric:1 outcome=COLLECTED equalStepContest=false
COUPLED_COMPETITIVE_EVENT day=3 agent=0 spot=37 arrivalStep=9 stableOrdinal=6 brand=numeric:2 outcome=COLLECTED equalStepContest=false
COUPLED_COMPETITIVE_EVENT day=3 agent=2 spot=3 arrivalStep=11 stableOrdinal=7 brand=numeric:0 outcome=INVALIDATED_BY_OPPONENT equalStepContest=false
COUPLED_COMPETITIVE_EVENT day=3 agent=1 spot=33 arrivalStep=14 stableOrdinal=8 brand=numeric:0 outcome=INVALIDATED_BY_OPPONENT equalStepContest=false
COUPLED_COMPETITIVE_EVENT day=3 agent=0 spot=27 arrivalStep=15 stableOrdinal=9 brand=numeric:1 outcome=INVALIDATED_BY_OPPONENT equalStepContest=false
COUPLED_COMPETITIVE_EVENT day=3 agent=2 spot=13 arrivalStep=15 stableOrdinal=10 brand=numeric:2 outcome=INVALIDATED_BY_OPPONENT equalStepContest=false
COUPLED_COMPETITIVE_EVENT day=3 agent=0 spot=13 arrivalStep=19 stableOrdinal=11 brand=numeric:2 outcome=INVALIDATED_BY_OPPONENT equalStepContest=false
COUPLED_COMPETITIVE_EVENT day=3 agent=2 spot=6 arrivalStep=19 stableOrdinal=12 brand=numeric:3 outcome=INVALIDATED_BY_OPPONENT equalStepContest=false
COUPLED_COMPETITIVE_EVENT day=3 agent=0 spot=50 arrivalStep=28 stableOrdinal=13 brand=numeric:3 outcome=INVALIDATED_BY_OPPONENT equalStepContest=false
NEXT_DAY_HARVEST_CAPACITY_SUMMARY day=3 remainingFutureDays=0 patrolAgents=3 nextDayStepBudget=0 minimumPatrolDistinctSpots=0 minimumPatrolDistinctBrands=0 totalPatrolDistinctSpotCapacity=0 totalPatrolDistinctBrandCapacity=0 routeCostCacheEntries=0 pathfindingExecutions=0
PATROL_NEXT_DAY_HARVEST_CAPACITY day=3 agent=0 endPosition=50 endFuel=14 stationaryOpportunity=false maxDistinctSpots=0 maxDistinctBrands=0 bestRemainingFuel=0
PATROL_NEXT_DAY_HARVEST_CAPACITY day=3 agent=1 endPosition=33 endFuel=12 stationaryOpportunity=false maxDistinctSpots=0 maxDistinctBrands=0 bestRemainingFuel=0
PATROL_NEXT_DAY_HARVEST_CAPACITY day=3 agent=2 endPosition=6 endFuel=18 stationaryOpportunity=false maxDistinctSpots=0 maxDistinctBrands=0 bestRemainingFuel=0
LOCAL_PLAN_VALID matchId=m-5043 day=3 mode=CoupledCompetitiveMarginPlanner
ACTION_REQUEST_FINGERPRINT matchId=m-5043 day=3 agentCount=4 serializedLength=94 fingerprint=65993ecf
ACTION_DURATION_AUDIT matchId=m-5043 day=3 agent=0 dayBudget=30 plannerDuration=30 validatedDuration=30 encodedDuration=30 actionCount=17 finalAction=WAIT(2) paddingApplied=false
ACTION_WIRE_REPLAY_AUDIT matchId=m-5043 day=3 agent=0 dayBudget=30 simulatedDuration=30 wireReplayDuration=30 simulatedEndPosition=50 wireReplayEndPosition=50 simulatedPatrolFuel=14 wireReplayPatrolFuel=14 actionCount=17 durationMatch=true positionMatch=true fuelMatch=true fuelCheckReason=finiteFuelCompared
ACTION_DURATION_AUDIT matchId=m-5043 day=3 agent=1 dayBudget=30 plannerDuration=30 validatedDuration=30 encodedDuration=30 actionCount=10 finalAction=WAIT(16) paddingApplied=false
ACTION_WIRE_REPLAY_AUDIT matchId=m-5043 day=3 agent=1 dayBudget=30 simulatedDuration=30 wireReplayDuration=30 simulatedEndPosition=33 wireReplayEndPosition=33 simulatedPatrolFuel=12 wireReplayPatrolFuel=12 actionCount=10 durationMatch=true positionMatch=true fuelMatch=true fuelCheckReason=finiteFuelCompared
ACTION_DURATION_AUDIT matchId=m-5043 day=3 agent=2 dayBudget=30 plannerDuration=30 validatedDuration=30 encodedDuration=30 actionCount=11 finalAction=WAIT(11) paddingApplied=false
ACTION_WIRE_REPLAY_AUDIT matchId=m-5043 day=3 agent=2 dayBudget=30 simulatedDuration=30 wireReplayDuration=30 simulatedEndPosition=6 wireReplayEndPosition=6 simulatedPatrolFuel=18 wireReplayPatrolFuel=18 actionCount=11 durationMatch=true positionMatch=true fuelMatch=true fuelCheckReason=finiteFuelCompared
ACTION_DURATION_AUDIT matchId=m-5043 day=3 agent=3 dayBudget=30 plannerDuration=30 validatedDuration=30 encodedDuration=30 actionCount=1 finalAction=WAIT(30) paddingApplied=false
ACTION_WIRE_REPLAY_AUDIT matchId=m-5043 day=3 agent=3 dayBudget=30 simulatedDuration=30 wireReplayDuration=30 simulatedEndPosition=12 wireReplayEndPosition=12 simulatedPatrolFuel=UNAVAILABLE wireReplayPatrolFuel=UNAVAILABLE actionCount=1 durationMatch=true positionMatch=true fuelMatch=NA fuelCheckReason=nonPatrolOrUnavailableFuel
ACTIONS_SUBMITTED matchId=m-5043 day=3 fingerprint=65993ecf
ACTION_RESPONSE_DAY_OBSERVED matchId=m-5043 submittedDay=3 responseDay=4 delta=1 fingerprint=65993ecf
UDON_OBSERVABILITY matchId=m-5043 day=3 predictedDayUdon=14 authoritativeActual=UNAVAILABLE
ACTIONS_ACCEPTED matchId=m-5043 day=3
RESULT_WAITING matchId=m-5043 httpStatus=425
RESULT_WAITING matchId=m-5043 httpStatus=425
RESULT_WAITING matchId=m-5043 httpStatus=425
RESULT_WAITING matchId=m-5043 httpStatus=425
RESULT_WAITING matchId=m-5043 httpStatus=425
RESULT_WAITING matchId=m-5043 httpStatus=425
RESULT_WAITING matchId=m-5043 httpStatus=425
RESULT_WAITING matchId=m-5043 httpStatus=425
RESULT_WAITING matchId=m-5043 httpStatus=425
RESULT_WAITING matchId=m-5043 httpStatus=425
RESULT_WAITING matchId=m-5043 httpStatus=425
RESULT_WAITING matchId=m-5043 httpStatus=425
RESULT_WAITING matchId=m-5043 httpStatus=425
RESULT_WAITING matchId=m-5043 httpStatus=425
RESULT_WAITING matchId=m-5043 httpStatus=425
RESULT_WAITING matchId=m-5043 httpStatus=425
RESULT_WAITING matchId=m-5043 httpStatus=425
RESULT_WAITING matchId=m-5043 httpStatus=425
RESULT_RECEIVED matchId=m-5043 submittedDays=4
FINAL matchId=m-5043 submittedDays=4 rateLimits=0 result={"protocol_version":"v0.1-draft","type":"match_result","match_id":"m-5043","standings":[{"rank":1,"team_id":"team-B","udon_types":4,"daily_types_sum":16,"udon_total":51,"response_ms_total":1709},{"rank":2,"team_id":"team-A","udon_types":4,"daily_types_sum":16,"udon_total":37,"response_ms_total":2794}]}
