CONFIG_LOADED baseUrl=https://procon.ptit.edu.vn matchId=m-5047 plannerMode=ANYTIME_STRATIFIED_HYBRID_CALIBRATED_MARGIN PROCON_TOKEN=<set>
SETUP_WAITING matchId=m-5047
SETUP_RECEIVED matchId=m-5047 agents=4 days=4
ASSIGNMENT_SUBMITTED matchId=m-5047 agents=4
ASSIGNMENT_ACCEPTED matchId=m-5047 agents=4
MATCH_STARTED matchId=m-5047
DAY_STATE_RECEIVED matchId=m-5047 day=0 agents=4
NEXT_DAY_HARVEST_CAPACITY_SUMMARY day=0 remainingFutureDays=3 patrolAgents=3 nextDayStepBudget=30 minimumPatrolDistinctSpots=7 minimumPatrolDistinctBrands=4 totalPatrolDistinctSpotCapacity=21 totalPatrolDistinctBrandCapacity=12 routeCostCacheEntries=488 pathfindingExecutions=8
TEAM_REFUEL_HARVEST_HORIZON_NO_ASSIGN day=0 reason=NO_HARVEST_CAPACITY_GAIN currentSemiBrandDelta=0 currentSemiCollectionDelta=0 weakestCapacityDelta=0 totalSpotCapacityDelta=0 totalBrandCapacityDelta=0 fuelRestored=0 arrivalStep=0
TEAM_REFUEL_NO_ASSIGN day=0 reason=NO_POSITIVE_TEAM_VALUE
TEAM_TARGET_SELECT day=0 iteration=1 agent=2 target=0 brand=numeric:3 teamNewBrand=true steps=13 fuel=8
TEAM_TARGET_SELECT day=0 iteration=2 agent=1 target=44 brand=numeric:2 teamNewBrand=true steps=6 fuel=6
TEAM_TARGET_SELECT day=0 iteration=3 agent=0 target=19 brand=numeric:1 teamNewBrand=true steps=10 fuel=8
TEAM_TARGET_SELECT day=0 iteration=4 agent=0 target=26 brand=numeric:2 teamNewBrand=false steps=4 fuel=2
TEAM_TARGET_SELECT day=0 iteration=5 agent=1 target=41 brand=numeric:0 teamNewBrand=false steps=5 fuel=7
TEAM_TARGET_SELECT day=0 iteration=6 agent=1 target=58 brand=numeric:1 teamNewBrand=false steps=4 fuel=2
TEAM_TARGET_SELECT day=0 iteration=7 agent=2 target=26 brand=numeric:2 teamNewBrand=false steps=6 fuel=3
TEAM_TARGET_SELECT day=0 iteration=8 agent=0 target=0 brand=numeric:3 teamNewBrand=false steps=6 fuel=3
TEAM_TARGET_SELECT day=0 iteration=9 agent=2 target=58 brand=numeric:1 teamNewBrand=false steps=7 fuel=5
TEAM_TARGET_SELECT day=0 iteration=10 agent=1 target=0 brand=numeric:3 teamNewBrand=false steps=13 fuel=8
TEAM_PLAN_VALID day=0
OPPONENT_COUPLED_BASELINE day=0 stepBudget=30 collectors=3 stockedSpots=8 opponentBaselineCollections=14 observedNow=0 directIntent=3 followOnIntent=11 strongCollections=3 maxCollectorCollections=5 rolloutEvents=14 routeCostCacheEntries=488 pathfindingExecutions=8
COUPLED_COMPETITIVE_EVENT day=0 agent=1 spot=26 arrivalStep=2 stableOrdinal=0 brand=numeric:2 outcome=COLLECTED equalStepContest=false
COUPLED_COMPETITIVE_EVENT day=0 agent=0 spot=41 arrivalStep=4 stableOrdinal=1 brand=numeric:0 outcome=COLLECTED equalStepContest=true
COUPLED_COMPETITIVE_EVENT day=0 agent=2 spot=41 arrivalStep=4 stableOrdinal=2 brand=numeric:0 outcome=COLLECTED equalStepContest=true
COUPLED_COMPETITIVE_EVENT day=0 agent=1 spot=44 arrivalStep=6 stableOrdinal=3 brand=numeric:2 outcome=COLLECTED equalStepContest=false
COUPLED_COMPETITIVE_EVENT day=0 agent=2 spot=24 arrivalStep=7 stableOrdinal=4 brand=numeric:0 outcome=COLLECTED equalStepContest=false
COUPLED_COMPETITIVE_EVENT day=0 agent=0 spot=19 arrivalStep=10 stableOrdinal=5 brand=numeric:1 outcome=INVALIDATED_BY_OPPONENT equalStepContest=false
COUPLED_COMPETITIVE_EVENT day=0 agent=1 spot=41 arrivalStep=11 stableOrdinal=6 brand=numeric:0 outcome=INVALIDATED_BY_OPPONENT equalStepContest=false
COUPLED_COMPETITIVE_EVENT day=0 agent=2 spot=0 arrivalStep=13 stableOrdinal=7 brand=numeric:3 outcome=COLLECTED equalStepContest=true
COUPLED_COMPETITIVE_EVENT day=0 agent=0 spot=26 arrivalStep=14 stableOrdinal=8 brand=numeric:2 outcome=COLLECTED equalStepContest=false
COUPLED_COMPETITIVE_EVENT day=0 agent=1 spot=58 arrivalStep=15 stableOrdinal=9 brand=numeric:1 outcome=COLLECTED equalStepContest=false
COUPLED_COMPETITIVE_EVENT day=0 agent=2 spot=26 arrivalStep=19 stableOrdinal=10 brand=numeric:2 outcome=INVALIDATED_BY_OPPONENT equalStepContest=false
COUPLED_COMPETITIVE_EVENT day=0 agent=0 spot=0 arrivalStep=20 stableOrdinal=11 brand=numeric:3 outcome=INVALIDATED_BY_OPPONENT equalStepContest=false
COUPLED_COMPETITIVE_EVENT day=0 agent=1 spot=24 arrivalStep=22 stableOrdinal=12 brand=numeric:0 outcome=EXHAUSTED_BY_OWN_TEAM equalStepContest=false
COUPLED_COMPETITIVE_EVENT day=0 agent=2 spot=58 arrivalStep=26 stableOrdinal=13 brand=numeric:1 outcome=INVALIDATED_BY_OPPONENT equalStepContest=false
COUPLED_COMPETITIVE_EVENT day=0 agent=1 spot=0 arrivalStep=28 stableOrdinal=14 brand=numeric:3 outcome=INVALIDATED_BY_OPPONENT equalStepContest=false
ANYTIME_STRATIFIED_HYBRID_MARGIN_START day=0 remainingFutureDays=3 ownSemiBrands=4 ownSemiCollections=14 coupledOwnBrands=4 coupledOwnCollections=8 opponentBaselineCollections=14 coupledOpponentCollections=11 hybridOwnScore4=50 hybridOpponentScore4=53 hybridMarginScore4=-3 hybridBaseWeight=3 hybridCoupledWeight=1 plannedOwnOpportunityEvents=15 ownPlannedEventsInvalidatedByOpponent=6 ownPlannedEventsExhaustedByOwnTeam=1 opponentCollectionsRemovedVsBaseline=3 opponentReplacementCollections=3 equalStepContests=3 minimumPatrolDistinctSpots=7 minimumPatrolDistinctBrands=4 totalPatrolDistinctSpotCapacity=21 totalPatrolDistinctBrandCapacity=12 expanded=0 completedPlans=1 improvements=0 budget=64 discoveryBudget=16 qualificationBudget=24 exploitationBudget=24
ANYTIME_STRATIFIED_HYBRID_MARGIN_DONE day=0 remainingFutureDays=3 ownSemiBrands=4 ownSemiCollections=14 coupledOwnBrands=4 coupledOwnCollections=8 opponentBaselineCollections=14 coupledOpponentCollections=11 hybridOwnScore4=50 hybridOpponentScore4=53 hybridMarginScore4=-3 hybridBaseWeight=3 hybridCoupledWeight=1 plannedOwnOpportunityEvents=15 ownPlannedEventsInvalidatedByOpponent=6 ownPlannedEventsExhaustedByOwnTeam=1 opponentCollectionsRemovedVsBaseline=3 opponentReplacementCollections=3 equalStepContests=3 rawUdon=14 finalPatrolFuel=128 minimumPatrolDistinctSpots=7 minimumPatrolDistinctBrands=4 totalPatrolDistinctSpotCapacity=21 totalPatrolDistinctBrandCapacity=12 baselineRolloutEvents=14 coupledRolloutEvents=26 expanded=64 completedPlans=65 improvements=0 strategiesDiscovered=18 strategiesQualified=8 discoveryExpansions=16 qualificationExpansions=24 exploitationExpansions=24 frontierPeak=48 budgetExhausted=true
COUPLED_COMPETITIVE_EVENT day=0 agent=1 spot=26 arrivalStep=2 stableOrdinal=0 brand=numeric:2 outcome=COLLECTED equalStepContest=false
COUPLED_COMPETITIVE_EVENT day=0 agent=0 spot=41 arrivalStep=4 stableOrdinal=1 brand=numeric:0 outcome=COLLECTED equalStepContest=true
COUPLED_COMPETITIVE_EVENT day=0 agent=2 spot=41 arrivalStep=4 stableOrdinal=2 brand=numeric:0 outcome=COLLECTED equalStepContest=true
COUPLED_COMPETITIVE_EVENT day=0 agent=1 spot=44 arrivalStep=6 stableOrdinal=3 brand=numeric:2 outcome=COLLECTED equalStepContest=false
COUPLED_COMPETITIVE_EVENT day=0 agent=2 spot=24 arrivalStep=7 stableOrdinal=4 brand=numeric:0 outcome=COLLECTED equalStepContest=false
COUPLED_COMPETITIVE_EVENT day=0 agent=0 spot=19 arrivalStep=10 stableOrdinal=5 brand=numeric:1 outcome=INVALIDATED_BY_OPPONENT equalStepContest=false
COUPLED_COMPETITIVE_EVENT day=0 agent=1 spot=41 arrivalStep=11 stableOrdinal=6 brand=numeric:0 outcome=INVALIDATED_BY_OPPONENT equalStepContest=false
COUPLED_COMPETITIVE_EVENT day=0 agent=2 spot=0 arrivalStep=13 stableOrdinal=7 brand=numeric:3 outcome=COLLECTED equalStepContest=true
COUPLED_COMPETITIVE_EVENT day=0 agent=0 spot=26 arrivalStep=14 stableOrdinal=8 brand=numeric:2 outcome=COLLECTED equalStepContest=false
COUPLED_COMPETITIVE_EVENT day=0 agent=1 spot=58 arrivalStep=15 stableOrdinal=9 brand=numeric:1 outcome=COLLECTED equalStepContest=false
COUPLED_COMPETITIVE_EVENT day=0 agent=2 spot=26 arrivalStep=19 stableOrdinal=10 brand=numeric:2 outcome=INVALIDATED_BY_OPPONENT equalStepContest=false
COUPLED_COMPETITIVE_EVENT day=0 agent=0 spot=0 arrivalStep=20 stableOrdinal=11 brand=numeric:3 outcome=INVALIDATED_BY_OPPONENT equalStepContest=false
COUPLED_COMPETITIVE_EVENT day=0 agent=1 spot=24 arrivalStep=22 stableOrdinal=12 brand=numeric:0 outcome=EXHAUSTED_BY_OWN_TEAM equalStepContest=false
COUPLED_COMPETITIVE_EVENT day=0 agent=2 spot=58 arrivalStep=26 stableOrdinal=13 brand=numeric:1 outcome=INVALIDATED_BY_OPPONENT equalStepContest=false
COUPLED_COMPETITIVE_EVENT day=0 agent=1 spot=0 arrivalStep=28 stableOrdinal=14 brand=numeric:3 outcome=INVALIDATED_BY_OPPONENT equalStepContest=false
NEXT_DAY_HARVEST_CAPACITY_SUMMARY day=0 remainingFutureDays=3 patrolAgents=3 nextDayStepBudget=30 minimumPatrolDistinctSpots=7 minimumPatrolDistinctBrands=4 totalPatrolDistinctSpotCapacity=21 totalPatrolDistinctBrandCapacity=12 routeCostCacheEntries=488 pathfindingExecutions=8
PATROL_NEXT_DAY_HARVEST_CAPACITY day=0 agent=0 endPosition=0 endFuel=47 stationaryOpportunity=true maxDistinctSpots=7 maxDistinctBrands=4 bestRemainingFuel=28
PATROL_NEXT_DAY_HARVEST_CAPACITY day=0 agent=1 endPosition=0 endFuel=37 stationaryOpportunity=true maxDistinctSpots=7 maxDistinctBrands=4 bestRemainingFuel=18
PATROL_NEXT_DAY_HARVEST_CAPACITY day=0 agent=2 endPosition=58 endFuel=44 stationaryOpportunity=true maxDistinctSpots=7 maxDistinctBrands=4 bestRemainingFuel=27
LOCAL_PLAN_VALID matchId=m-5047 day=0 mode=HybridCalibratedMarginPlanner
ACTION_REQUEST_FINGERPRINT matchId=m-5047 day=0 agentCount=4 serializedLength=107 fingerprint=6c553f37
ACTION_DURATION_AUDIT matchId=m-5047 day=0 agent=0 dayBudget=30 plannerDuration=30 validatedDuration=30 encodedDuration=30 actionCount=12 finalAction=WAIT(10) paddingApplied=false
ACTION_WIRE_REPLAY_AUDIT matchId=m-5047 day=0 agent=0 dayBudget=30 simulatedDuration=30 wireReplayDuration=30 simulatedEndPosition=0 wireReplayEndPosition=0 simulatedPatrolFuel=47 wireReplayPatrolFuel=47 actionCount=12 durationMatch=true positionMatch=true fuelMatch=true fuelCheckReason=finiteFuelCompared
ACTION_DURATION_AUDIT matchId=m-5047 day=0 agent=1 dayBudget=30 plannerDuration=30 validatedDuration=30 encodedDuration=30 actionCount=18 finalAction=WAIT(2) paddingApplied=false
ACTION_WIRE_REPLAY_AUDIT matchId=m-5047 day=0 agent=1 dayBudget=30 simulatedDuration=30 wireReplayDuration=30 simulatedEndPosition=0 wireReplayEndPosition=0 simulatedPatrolFuel=37 wireReplayPatrolFuel=37 actionCount=18 durationMatch=true positionMatch=true fuelMatch=true fuelCheckReason=finiteFuelCompared
ACTION_DURATION_AUDIT matchId=m-5047 day=0 agent=2 dayBudget=30 plannerDuration=30 validatedDuration=30 encodedDuration=30 actionCount=15 finalAction=WAIT(4) paddingApplied=false
ACTION_WIRE_REPLAY_AUDIT matchId=m-5047 day=0 agent=2 dayBudget=30 simulatedDuration=30 wireReplayDuration=30 simulatedEndPosition=58 wireReplayEndPosition=58 simulatedPatrolFuel=44 wireReplayPatrolFuel=44 actionCount=15 durationMatch=true positionMatch=true fuelMatch=true fuelCheckReason=finiteFuelCompared
ACTION_DURATION_AUDIT matchId=m-5047 day=0 agent=3 dayBudget=30 plannerDuration=30 validatedDuration=30 encodedDuration=30 actionCount=1 finalAction=WAIT(30) paddingApplied=false
ACTION_WIRE_REPLAY_AUDIT matchId=m-5047 day=0 agent=3 dayBudget=30 simulatedDuration=30 wireReplayDuration=30 simulatedEndPosition=5 wireReplayEndPosition=5 simulatedPatrolFuel=UNAVAILABLE wireReplayPatrolFuel=UNAVAILABLE actionCount=1 durationMatch=true positionMatch=true fuelMatch=NA fuelCheckReason=nonPatrolOrUnavailableFuel
ACTIONS_SUBMITTED matchId=m-5047 day=0 fingerprint=6c553f37
ACTION_RESPONSE_DAY_OBSERVED matchId=m-5047 submittedDay=0 responseDay=1 delta=1 fingerprint=6c553f37
UDON_OBSERVABILITY matchId=m-5047 day=0 predictedDayUdon=14 authoritativeActual=UNAVAILABLE
ACTIONS_ACCEPTED matchId=m-5047 day=0
DAY_STATE_RECEIVED matchId=m-5047 day=0 agents=4
DAY_STATE_RECEIVED matchId=m-5047 day=0 agents=4
DAY_STATE_RECEIVED matchId=m-5047 day=0 agents=4
DAY_STATE_RECEIVED matchId=m-5047 day=0 agents=4
DAY_STATE_RECEIVED matchId=m-5047 day=0 agents=4
DAY_STATE_RECEIVED matchId=m-5047 day=0 agents=4
DAY_STATE_RECEIVED matchId=m-5047 day=0 agents=4
DAY_STATE_RECEIVED matchId=m-5047 day=0 agents=4
DAY_STATE_RECEIVED matchId=m-5047 day=0 agents=4
DAY_STATE_RECEIVED matchId=m-5047 day=0 agents=4
DAY_STATE_RECEIVED matchId=m-5047 day=0 agents=4
DAY_STATE_RECEIVED matchId=m-5047 day=0 agents=4
DAY_STATE_RECEIVED matchId=m-5047 day=0 agents=4
DAY_STATE_RECEIVED matchId=m-5047 day=0 agents=4
DAY_STATE_RECEIVED matchId=m-5047 day=0 agents=4
DAY_STATE_RECEIVED matchId=m-5047 day=0 agents=4
DAY_STATE_RECEIVED matchId=m-5047 day=1 agents=4
PARITY_OBSERVED matchId=m-5047 day=0 position=MATCH patrolFuel=MATCH
DAY_ADVANCED matchId=m-5047 from=0 to=1
NEXT_DAY_HARVEST_CAPACITY_SUMMARY day=1 remainingFutureDays=2 patrolAgents=3 nextDayStepBudget=30 minimumPatrolDistinctSpots=7 minimumPatrolDistinctBrands=4 totalPatrolDistinctSpotCapacity=21 totalPatrolDistinctBrandCapacity=12 routeCostCacheEntries=488 pathfindingExecutions=8
TEAM_REFUEL_HARVEST_HORIZON_NO_ASSIGN day=1 reason=NO_HARVEST_CAPACITY_GAIN currentSemiBrandDelta=0 currentSemiCollectionDelta=0 weakestCapacityDelta=0 totalSpotCapacityDelta=0 totalBrandCapacityDelta=0 fuelRestored=0 arrivalStep=0
TEAM_REFUEL_NO_ASSIGN day=1 reason=NO_POSITIVE_TEAM_VALUE
TEAM_TARGET_SELECT day=1 iteration=1 agent=2 target=24 brand=numeric:0 teamNewBrand=true steps=7 fuel=5
TEAM_TARGET_SELECT day=1 iteration=2 agent=0 target=44 brand=numeric:2 teamNewBrand=true steps=10 fuel=8
TEAM_TARGET_SELECT day=1 iteration=3 agent=1 target=58 brand=numeric:1 teamNewBrand=false steps=13 fuel=8
TEAM_TARGET_SELECT day=1 iteration=4 agent=2 target=26 brand=numeric:2 teamNewBrand=false steps=4 fuel=2
TEAM_TARGET_SELECT day=1 iteration=5 agent=0 target=19 brand=numeric:1 teamNewBrand=false steps=4 fuel=5
TEAM_TARGET_SELECT day=1 iteration=6 agent=2 target=0 brand=numeric:3 teamNewBrand=false steps=6 fuel=3
TEAM_TARGET_SELECT day=1 iteration=7 agent=0 target=41 brand=numeric:0 teamNewBrand=false steps=6 fuel=6
TEAM_TARGET_SELECT day=1 iteration=8 agent=1 target=26 brand=numeric:2 teamNewBrand=false steps=7 fuel=5
TEAM_TARGET_SELECT day=1 iteration=9 agent=0 target=58 brand=numeric:1 teamNewBrand=false steps=4 fuel=2
TEAM_PLAN_VALID day=1
OPPONENT_COUPLED_BASELINE day=1 stepBudget=30 collectors=3 stockedSpots=8 opponentBaselineCollections=15 observedNow=1 directIntent=3 followOnIntent=11 strongCollections=4 maxCollectorCollections=6 rolloutEvents=15 routeCostCacheEntries=488 pathfindingExecutions=8
COUPLED_COMPETITIVE_EVENT day=1 agent=0 spot=0 arrivalStep=0 stableOrdinal=0 brand=numeric:3 outcome=COLLECTED equalStepContest=false
COUPLED_COMPETITIVE_EVENT day=1 agent=1 spot=0 arrivalStep=0 stableOrdinal=1 brand=numeric:3 outcome=COLLECTED equalStepContest=false
COUPLED_COMPETITIVE_EVENT day=1 agent=2 spot=58 arrivalStep=0 stableOrdinal=2 brand=numeric:1 outcome=COLLECTED equalStepContest=false
COUPLED_COMPETITIVE_EVENT day=1 agent=2 spot=41 arrivalStep=4 stableOrdinal=3 brand=numeric:0 outcome=COLLECTED equalStepContest=false
COUPLED_COMPETITIVE_EVENT day=1 agent=0 spot=26 arrivalStep=6 stableOrdinal=4 brand=numeric:2 outcome=COLLECTED equalStepContest=false
COUPLED_COMPETITIVE_EVENT day=1 agent=1 spot=24 arrivalStep=6 stableOrdinal=5 brand=numeric:0 outcome=INVALIDATED_BY_OPPONENT equalStepContest=false
COUPLED_COMPETITIVE_EVENT day=1 agent=2 spot=24 arrivalStep=7 stableOrdinal=6 brand=numeric:0 outcome=EXHAUSTED_BY_OWN_TEAM equalStepContest=false
COUPLED_COMPETITIVE_EVENT day=1 agent=1 spot=41 arrivalStep=9 stableOrdinal=7 brand=numeric:0 outcome=COLLECTED equalStepContest=false
COUPLED_COMPETITIVE_EVENT day=1 agent=0 spot=44 arrivalStep=10 stableOrdinal=8 brand=numeric:2 outcome=INVALIDATED_BY_OPPONENT equalStepContest=false
COUPLED_COMPETITIVE_EVENT day=1 agent=2 spot=26 arrivalStep=11 stableOrdinal=9 brand=numeric:2 outcome=COLLECTED equalStepContest=false
COUPLED_COMPETITIVE_EVENT day=1 agent=1 spot=58 arrivalStep=13 stableOrdinal=10 brand=numeric:1 outcome=COLLECTED equalStepContest=false
COUPLED_COMPETITIVE_EVENT day=1 agent=0 spot=19 arrivalStep=14 stableOrdinal=11 brand=numeric:1 outcome=INVALIDATED_BY_OPPONENT equalStepContest=false
COUPLED_COMPETITIVE_EVENT day=1 agent=2 spot=0 arrivalStep=17 stableOrdinal=12 brand=numeric:3 outcome=INVALIDATED_BY_OPPONENT equalStepContest=false
COUPLED_COMPETITIVE_EVENT day=1 agent=0 spot=41 arrivalStep=20 stableOrdinal=13 brand=numeric:0 outcome=INVALIDATED_BY_OPPONENT equalStepContest=false
COUPLED_COMPETITIVE_EVENT day=1 agent=1 spot=26 arrivalStep=20 stableOrdinal=14 brand=numeric:2 outcome=INVALIDATED_BY_OPPONENT equalStepContest=false
COUPLED_COMPETITIVE_EVENT day=1 agent=0 spot=58 arrivalStep=24 stableOrdinal=15 brand=numeric:1 outcome=INVALIDATED_BY_OPPONENT equalStepContest=true
ANYTIME_STRATIFIED_HYBRID_MARGIN_START day=1 remainingFutureDays=2 ownSemiBrands=4 ownSemiCollections=15 coupledOwnBrands=4 coupledOwnCollections=8 opponentBaselineCollections=15 coupledOpponentCollections=11 hybridOwnScore4=53 hybridOpponentScore4=56 hybridMarginScore4=-3 hybridBaseWeight=3 hybridCoupledWeight=1 plannedOwnOpportunityEvents=16 ownPlannedEventsInvalidatedByOpponent=7 ownPlannedEventsExhaustedByOwnTeam=1 opponentCollectionsRemovedVsBaseline=4 opponentReplacementCollections=3 equalStepContests=1 minimumPatrolDistinctSpots=7 minimumPatrolDistinctBrands=4 totalPatrolDistinctSpotCapacity=21 totalPatrolDistinctBrandCapacity=12 expanded=0 completedPlans=1 improvements=0 budget=64 discoveryBudget=16 qualificationBudget=24 exploitationBudget=24
ANYTIME_STRATIFIED_HYBRID_MARGIN_IMPROVEMENT day=1 improvementCriterion=HYBRID_MARGIN remainingFutureDays=2 ownSemiBrands=4 ownSemiCollections=15 coupledOwnBrands=4 coupledOwnCollections=9 opponentBaselineCollections=15 coupledOpponentCollections=11 hybridOwnScore4=54 hybridOpponentScore4=56 hybridMarginScore4=-2 hybridBaseWeight=3 hybridCoupledWeight=1 plannedOwnOpportunityEvents=16 ownPlannedEventsInvalidatedByOpponent=6 ownPlannedEventsExhaustedByOwnTeam=1 opponentCollectionsRemovedVsBaseline=4 opponentReplacementCollections=2 equalStepContests=3 minimumPatrolDistinctSpots=6 minimumPatrolDistinctBrands=4 totalPatrolDistinctSpotCapacity=20 totalPatrolDistinctBrandCapacity=12 expanded=34 completedPlans=35 improvements=1 strategiesDiscovered=17 strategiesQualified=8 discoveryExpansions=16 qualificationExpansions=18 exploitationExpansions=0 frontierPeak=48 budgetExhausted=false
ANYTIME_STRATIFIED_HYBRID_MARGIN_IMPROVEMENT day=1 improvementCriterion=HORIZON_MIN_SPOTS remainingFutureDays=2 ownSemiBrands=4 ownSemiCollections=15 coupledOwnBrands=4 coupledOwnCollections=9 opponentBaselineCollections=15 coupledOpponentCollections=11 hybridOwnScore4=54 hybridOpponentScore4=56 hybridMarginScore4=-2 hybridBaseWeight=3 hybridCoupledWeight=1 plannedOwnOpportunityEvents=16 ownPlannedEventsInvalidatedByOpponent=6 ownPlannedEventsExhaustedByOwnTeam=1 opponentCollectionsRemovedVsBaseline=4 opponentReplacementCollections=2 equalStepContests=3 minimumPatrolDistinctSpots=7 minimumPatrolDistinctBrands=4 totalPatrolDistinctSpotCapacity=21 totalPatrolDistinctBrandCapacity=12 expanded=35 completedPlans=36 improvements=2 strategiesDiscovered=17 strategiesQualified=8 discoveryExpansions=16 qualificationExpansions=19 exploitationExpansions=0 frontierPeak=48 budgetExhausted=false
ANYTIME_STRATIFIED_HYBRID_MARGIN_IMPROVEMENT day=1 improvementCriterion=HYBRID_MARGIN remainingFutureDays=2 ownSemiBrands=4 ownSemiCollections=16 coupledOwnBrands=4 coupledOwnCollections=8 opponentBaselineCollections=15 coupledOpponentCollections=12 hybridOwnScore4=56 hybridOpponentScore4=57 hybridMarginScore4=-1 hybridBaseWeight=3 hybridCoupledWeight=1 plannedOwnOpportunityEvents=17 ownPlannedEventsInvalidatedByOpponent=8 ownPlannedEventsExhaustedByOwnTeam=1 opponentCollectionsRemovedVsBaseline=3 opponentReplacementCollections=3 equalStepContests=4 minimumPatrolDistinctSpots=6 minimumPatrolDistinctBrands=4 totalPatrolDistinctSpotCapacity=20 totalPatrolDistinctBrandCapacity=12 expanded=38 completedPlans=39 improvements=3 strategiesDiscovered=17 strategiesQualified=8 discoveryExpansions=16 qualificationExpansions=22 exploitationExpansions=0 frontierPeak=48 budgetExhausted=false
ANYTIME_STRATIFIED_HYBRID_MARGIN_IMPROVEMENT day=1 improvementCriterion=HORIZON_MIN_SPOTS remainingFutureDays=2 ownSemiBrands=4 ownSemiCollections=16 coupledOwnBrands=4 coupledOwnCollections=8 opponentBaselineCollections=15 coupledOpponentCollections=12 hybridOwnScore4=56 hybridOpponentScore4=57 hybridMarginScore4=-1 hybridBaseWeight=3 hybridCoupledWeight=1 plannedOwnOpportunityEvents=17 ownPlannedEventsInvalidatedByOpponent=8 ownPlannedEventsExhaustedByOwnTeam=1 opponentCollectionsRemovedVsBaseline=3 opponentReplacementCollections=3 equalStepContests=3 minimumPatrolDistinctSpots=7 minimumPatrolDistinctBrands=4 totalPatrolDistinctSpotCapacity=21 totalPatrolDistinctBrandCapacity=12 expanded=41 completedPlans=42 improvements=4 strategiesDiscovered=17 strategiesQualified=8 discoveryExpansions=16 qualificationExpansions=24 exploitationExpansions=1 frontierPeak=48 budgetExhausted=false
ANYTIME_STRATIFIED_HYBRID_MARGIN_DONE day=1 remainingFutureDays=2 ownSemiBrands=4 ownSemiCollections=16 coupledOwnBrands=4 coupledOwnCollections=8 opponentBaselineCollections=15 coupledOpponentCollections=12 hybridOwnScore4=56 hybridOpponentScore4=57 hybridMarginScore4=-1 hybridBaseWeight=3 hybridCoupledWeight=1 plannedOwnOpportunityEvents=17 ownPlannedEventsInvalidatedByOpponent=8 ownPlannedEventsExhaustedByOwnTeam=1 opponentCollectionsRemovedVsBaseline=3 opponentReplacementCollections=3 equalStepContests=3 rawUdon=16 finalPatrolFuel=76 minimumPatrolDistinctSpots=7 minimumPatrolDistinctBrands=4 totalPatrolDistinctSpotCapacity=21 totalPatrolDistinctBrandCapacity=12 baselineRolloutEvents=15 coupledRolloutEvents=29 expanded=64 completedPlans=65 improvements=4 strategiesDiscovered=17 strategiesQualified=8 discoveryExpansions=16 qualificationExpansions=24 exploitationExpansions=24 frontierPeak=48 budgetExhausted=true
COUPLED_COMPETITIVE_EVENT day=1 agent=0 spot=0 arrivalStep=0 stableOrdinal=0 brand=numeric:3 outcome=COLLECTED equalStepContest=false
COUPLED_COMPETITIVE_EVENT day=1 agent=1 spot=0 arrivalStep=0 stableOrdinal=1 brand=numeric:3 outcome=COLLECTED equalStepContest=false
COUPLED_COMPETITIVE_EVENT day=1 agent=2 spot=58 arrivalStep=0 stableOrdinal=2 brand=numeric:1 outcome=COLLECTED equalStepContest=false
COUPLED_COMPETITIVE_EVENT day=1 agent=2 spot=41 arrivalStep=4 stableOrdinal=3 brand=numeric:0 outcome=COLLECTED equalStepContest=false
COUPLED_COMPETITIVE_EVENT day=1 agent=0 spot=26 arrivalStep=6 stableOrdinal=4 brand=numeric:2 outcome=COLLECTED equalStepContest=false
COUPLED_COMPETITIVE_EVENT day=1 agent=1 spot=24 arrivalStep=6 stableOrdinal=5 brand=numeric:0 outcome=INVALIDATED_BY_OPPONENT equalStepContest=true
COUPLED_COMPETITIVE_EVENT day=1 agent=2 spot=24 arrivalStep=7 stableOrdinal=6 brand=numeric:0 outcome=EXHAUSTED_BY_OWN_TEAM equalStepContest=false
COUPLED_COMPETITIVE_EVENT day=1 agent=1 spot=41 arrivalStep=9 stableOrdinal=7 brand=numeric:0 outcome=COLLECTED equalStepContest=true
COUPLED_COMPETITIVE_EVENT day=1 agent=0 spot=44 arrivalStep=10 stableOrdinal=8 brand=numeric:2 outcome=INVALIDATED_BY_OPPONENT equalStepContest=false
COUPLED_COMPETITIVE_EVENT day=1 agent=1 spot=58 arrivalStep=13 stableOrdinal=9 brand=numeric:1 outcome=COLLECTED equalStepContest=true
COUPLED_COMPETITIVE_EVENT day=1 agent=2 spot=0 arrivalStep=13 stableOrdinal=10 brand=numeric:3 outcome=COLLECTED equalStepContest=false
COUPLED_COMPETITIVE_EVENT day=1 agent=0 spot=58 arrivalStep=19 stableOrdinal=11 brand=numeric:1 outcome=INVALIDATED_BY_OPPONENT equalStepContest=false
COUPLED_COMPETITIVE_EVENT day=1 agent=2 spot=26 arrivalStep=19 stableOrdinal=12 brand=numeric:2 outcome=INVALIDATED_BY_OPPONENT equalStepContest=false
COUPLED_COMPETITIVE_EVENT day=1 agent=1 spot=26 arrivalStep=20 stableOrdinal=13 brand=numeric:2 outcome=INVALIDATED_BY_OPPONENT equalStepContest=false
COUPLED_COMPETITIVE_EVENT day=1 agent=0 spot=41 arrivalStep=23 stableOrdinal=14 brand=numeric:0 outcome=INVALIDATED_BY_OPPONENT equalStepContest=false
COUPLED_COMPETITIVE_EVENT day=1 agent=0 spot=19 arrivalStep=29 stableOrdinal=15 brand=numeric:1 outcome=INVALIDATED_BY_OPPONENT equalStepContest=false
COUPLED_COMPETITIVE_EVENT day=1 agent=2 spot=15 arrivalStep=30 stableOrdinal=16 brand=numeric:3 outcome=INVALIDATED_BY_OPPONENT equalStepContest=false
NEXT_DAY_HARVEST_CAPACITY_SUMMARY day=1 remainingFutureDays=2 patrolAgents=3 nextDayStepBudget=30 minimumPatrolDistinctSpots=7 minimumPatrolDistinctBrands=4 totalPatrolDistinctSpotCapacity=21 totalPatrolDistinctBrandCapacity=12 routeCostCacheEntries=488 pathfindingExecutions=8
PATROL_NEXT_DAY_HARVEST_CAPACITY day=1 agent=0 endPosition=19 endFuel=26 stationaryOpportunity=true maxDistinctSpots=7 maxDistinctBrands=4 bestRemainingFuel=7
PATROL_NEXT_DAY_HARVEST_CAPACITY day=1 agent=1 endPosition=26 endFuel=24 stationaryOpportunity=true maxDistinctSpots=7 maxDistinctBrands=4 bestRemainingFuel=4
PATROL_NEXT_DAY_HARVEST_CAPACITY day=1 agent=2 endPosition=15 endFuel=26 stationaryOpportunity=true maxDistinctSpots=7 maxDistinctBrands=4 bestRemainingFuel=7
LOCAL_PLAN_VALID matchId=m-5047 day=1 mode=HybridCalibratedMarginPlanner
ACTION_REQUEST_FINGERPRINT matchId=m-5047 day=1 agentCount=4 serializedLength=106 fingerprint=40c26b15
ACTION_DURATION_AUDIT matchId=m-5047 day=1 agent=0 dayBudget=30 plannerDuration=30 validatedDuration=30 encodedDuration=30 actionCount=17 finalAction=WAIT(1) paddingApplied=false
ACTION_WIRE_REPLAY_AUDIT matchId=m-5047 day=1 agent=0 dayBudget=30 simulatedDuration=30 wireReplayDuration=30 simulatedEndPosition=19 wireReplayEndPosition=19 simulatedPatrolFuel=26 wireReplayPatrolFuel=26 actionCount=17 durationMatch=true positionMatch=true fuelMatch=true fuelCheckReason=finiteFuelCompared
ACTION_DURATION_AUDIT matchId=m-5047 day=1 agent=1 dayBudget=30 plannerDuration=30 validatedDuration=30 encodedDuration=30 actionCount=12 finalAction=WAIT(10) paddingApplied=false
ACTION_WIRE_REPLAY_AUDIT matchId=m-5047 day=1 agent=1 dayBudget=30 simulatedDuration=30 wireReplayDuration=30 simulatedEndPosition=26 wireReplayEndPosition=26 simulatedPatrolFuel=24 wireReplayPatrolFuel=24 actionCount=12 durationMatch=true positionMatch=true fuelMatch=true fuelCheckReason=finiteFuelCompared
ACTION_DURATION_AUDIT matchId=m-5047 day=1 agent=2 dayBudget=30 plannerDuration=30 validatedDuration=30 encodedDuration=30 actionCount=16 finalAction=MOVE(RIGHT) paddingApplied=false
ACTION_WIRE_REPLAY_AUDIT matchId=m-5047 day=1 agent=2 dayBudget=30 simulatedDuration=30 wireReplayDuration=30 simulatedEndPosition=15 wireReplayEndPosition=15 simulatedPatrolFuel=26 wireReplayPatrolFuel=26 actionCount=16 durationMatch=true positionMatch=true fuelMatch=true fuelCheckReason=finiteFuelCompared
ACTION_DURATION_AUDIT matchId=m-5047 day=1 agent=3 dayBudget=30 plannerDuration=30 validatedDuration=30 encodedDuration=30 actionCount=1 finalAction=WAIT(30) paddingApplied=false
ACTION_WIRE_REPLAY_AUDIT matchId=m-5047 day=1 agent=3 dayBudget=30 simulatedDuration=30 wireReplayDuration=30 simulatedEndPosition=5 wireReplayEndPosition=5 simulatedPatrolFuel=UNAVAILABLE wireReplayPatrolFuel=UNAVAILABLE actionCount=1 durationMatch=true positionMatch=true fuelMatch=NA fuelCheckReason=nonPatrolOrUnavailableFuel
ACTIONS_SUBMITTED matchId=m-5047 day=1 fingerprint=40c26b15
ACTION_RESPONSE_DAY_OBSERVED matchId=m-5047 submittedDay=1 responseDay=2 delta=1 fingerprint=40c26b15
UDON_OBSERVABILITY matchId=m-5047 day=1 predictedDayUdon=16 authoritativeActual=UNAVAILABLE
ACTIONS_ACCEPTED matchId=m-5047 day=1
DAY_STATE_RECEIVED matchId=m-5047 day=1 agents=4
DAY_STATE_RECEIVED matchId=m-5047 day=1 agents=4
DAY_STATE_RECEIVED matchId=m-5047 day=1 agents=4
DAY_STATE_RECEIVED matchId=m-5047 day=1 agents=4
DAY_STATE_RECEIVED matchId=m-5047 day=1 agents=4
DAY_STATE_RECEIVED matchId=m-5047 day=1 agents=4
DAY_STATE_RECEIVED matchId=m-5047 day=1 agents=4
DAY_STATE_RECEIVED matchId=m-5047 day=1 agents=4
DAY_STATE_RECEIVED matchId=m-5047 day=1 agents=4
DAY_STATE_RECEIVED matchId=m-5047 day=1 agents=4
DAY_STATE_RECEIVED matchId=m-5047 day=1 agents=4
DAY_STATE_RECEIVED matchId=m-5047 day=1 agents=4
DAY_STATE_RECEIVED matchId=m-5047 day=1 agents=4
DAY_STATE_RECEIVED matchId=m-5047 day=1 agents=4
DAY_STATE_RECEIVED matchId=m-5047 day=1 agents=4
DAY_STATE_RECEIVED matchId=m-5047 day=1 agents=4
DAY_STATE_RECEIVED matchId=m-5047 day=2 agents=4
PARITY_OBSERVED matchId=m-5047 day=1 position=MATCH patrolFuel=MATCH
DAY_ADVANCED matchId=m-5047 from=1 to=2
NEXT_DAY_HARVEST_CAPACITY_SUMMARY day=2 remainingFutureDays=1 patrolAgents=3 nextDayStepBudget=30 minimumPatrolDistinctSpots=1 minimumPatrolDistinctBrands=1 totalPatrolDistinctSpotCapacity=9 totalPatrolDistinctBrandCapacity=7 routeCostCacheEntries=488 pathfindingExecutions=8
TEAM_REFUEL_HARVEST_HORIZON_NO_ASSIGN day=2 reason=NO_HARVEST_CAPACITY_GAIN currentSemiBrandDelta=0 currentSemiCollectionDelta=0 weakestCapacityDelta=0 totalSpotCapacityDelta=0 totalBrandCapacityDelta=0 fuelRestored=0 arrivalStep=0
TEAM_REFUEL_NO_ASSIGN day=2 reason=NO_POSITIVE_TEAM_VALUE
TEAM_TARGET_SELECT day=2 iteration=1 agent=1 target=41 brand=numeric:0 teamNewBrand=true steps=3 fuel=3
TEAM_TARGET_SELECT day=2 iteration=2 agent=1 target=0 brand=numeric:3 teamNewBrand=false steps=9 fuel=6
TEAM_TARGET_SELECT day=2 iteration=3 agent=2 target=58 brand=numeric:1 teamNewBrand=false steps=16 fuel=14
TEAM_TARGET_SELECT day=2 iteration=4 agent=0 target=26 brand=numeric:2 teamNewBrand=false steps=4 fuel=2
TEAM_TARGET_SELECT day=2 iteration=5 agent=0 target=41 brand=numeric:0 teamNewBrand=false steps=3 fuel=3
TEAM_TARGET_SELECT day=2 iteration=6 agent=2 target=26 brand=numeric:2 teamNewBrand=false steps=7 fuel=5
TEAM_TARGET_SELECT day=2 iteration=7 agent=0 target=0 brand=numeric:3 teamNewBrand=false steps=9 fuel=6
TEAM_TARGET_SELECT day=2 iteration=8 agent=1 target=58 brand=numeric:1 teamNewBrand=false steps=13 fuel=8
TEAM_TARGET_SELECT day=2 iteration=9 agent=2 target=44 brand=numeric:2 teamNewBrand=false steps=4 fuel=5
TEAM_TARGET_SELECT day=2 iteration=10 agent=0 target=58 brand=numeric:1 teamNewBrand=false steps=13 fuel=8
TEAM_PLAN_VALID day=2
OPPONENT_COUPLED_BASELINE day=2 stepBudget=30 collectors=3 stockedSpots=8 opponentBaselineCollections=15 observedNow=2 directIntent=3 followOnIntent=10 strongCollections=5 maxCollectorCollections=6 rolloutEvents=15 routeCostCacheEntries=488 pathfindingExecutions=8
COUPLED_COMPETITIVE_EVENT day=2 agent=0 spot=19 arrivalStep=0 stableOrdinal=0 brand=numeric:1 outcome=COLLECTED equalStepContest=false
COUPLED_COMPETITIVE_EVENT day=2 agent=1 spot=26 arrivalStep=0 stableOrdinal=1 brand=numeric:2 outcome=COLLECTED equalStepContest=false
COUPLED_COMPETITIVE_EVENT day=2 agent=2 spot=15 arrivalStep=0 stableOrdinal=2 brand=numeric:3 outcome=COLLECTED equalStepContest=true
COUPLED_COMPETITIVE_EVENT day=2 agent=1 spot=41 arrivalStep=3 stableOrdinal=3 brand=numeric:0 outcome=COLLECTED equalStepContest=false
COUPLED_COMPETITIVE_EVENT day=2 agent=0 spot=26 arrivalStep=4 stableOrdinal=4 brand=numeric:2 outcome=COLLECTED equalStepContest=false
COUPLED_COMPETITIVE_EVENT day=2 agent=1 spot=24 arrivalStep=6 stableOrdinal=5 brand=numeric:0 outcome=INVALIDATED_BY_OPPONENT equalStepContest=true
COUPLED_COMPETITIVE_EVENT day=2 agent=0 spot=41 arrivalStep=7 stableOrdinal=6 brand=numeric:0 outcome=COLLECTED equalStepContest=false
COUPLED_COMPETITIVE_EVENT day=2 agent=0 spot=24 arrivalStep=10 stableOrdinal=7 brand=numeric:0 outcome=EXHAUSTED_BY_OWN_TEAM equalStepContest=false
COUPLED_COMPETITIVE_EVENT day=2 agent=1 spot=0 arrivalStep=12 stableOrdinal=8 brand=numeric:3 outcome=COLLECTED equalStepContest=false
COUPLED_COMPETITIVE_EVENT day=2 agent=2 spot=41 arrivalStep=12 stableOrdinal=9 brand=numeric:0 outcome=INVALIDATED_BY_OPPONENT equalStepContest=true
COUPLED_COMPETITIVE_EVENT day=2 agent=0 spot=0 arrivalStep=16 stableOrdinal=10 brand=numeric:3 outcome=INVALIDATED_BY_OPPONENT equalStepContest=true
COUPLED_COMPETITIVE_EVENT day=2 agent=2 spot=58 arrivalStep=16 stableOrdinal=11 brand=numeric:1 outcome=COLLECTED equalStepContest=true
COUPLED_COMPETITIVE_EVENT day=2 agent=2 spot=26 arrivalStep=23 stableOrdinal=12 brand=numeric:2 outcome=INVALIDATED_BY_OPPONENT equalStepContest=false
COUPLED_COMPETITIVE_EVENT day=2 agent=1 spot=58 arrivalStep=25 stableOrdinal=13 brand=numeric:1 outcome=COLLECTED equalStepContest=false
COUPLED_COMPETITIVE_EVENT day=2 agent=2 spot=44 arrivalStep=27 stableOrdinal=14 brand=numeric:2 outcome=INVALIDATED_BY_OPPONENT equalStepContest=false
COUPLED_COMPETITIVE_EVENT day=2 agent=0 spot=58 arrivalStep=29 stableOrdinal=15 brand=numeric:1 outcome=INVALIDATED_BY_OPPONENT equalStepContest=false
ANYTIME_STRATIFIED_HYBRID_MARGIN_START day=2 remainingFutureDays=1 ownSemiBrands=4 ownSemiCollections=14 coupledOwnBrands=4 coupledOwnCollections=9 opponentBaselineCollections=15 coupledOpponentCollections=11 hybridOwnScore4=51 hybridOpponentScore4=56 hybridMarginScore4=-5 hybridBaseWeight=3 hybridCoupledWeight=1 plannedOwnOpportunityEvents=16 ownPlannedEventsInvalidatedByOpponent=6 ownPlannedEventsExhaustedByOwnTeam=1 opponentCollectionsRemovedVsBaseline=4 opponentReplacementCollections=2 equalStepContests=5 minimumPatrolDistinctSpots=1 minimumPatrolDistinctBrands=1 totalPatrolDistinctSpotCapacity=9 totalPatrolDistinctBrandCapacity=7 expanded=0 completedPlans=1 improvements=0 budget=64 discoveryBudget=16 qualificationBudget=24 exploitationBudget=24
ANYTIME_STRATIFIED_HYBRID_MARGIN_IMPROVEMENT day=2 improvementCriterion=HORIZON_MIN_SPOTS remainingFutureDays=1 ownSemiBrands=4 ownSemiCollections=14 coupledOwnBrands=4 coupledOwnCollections=9 opponentBaselineCollections=15 coupledOpponentCollections=11 hybridOwnScore4=51 hybridOpponentScore4=56 hybridMarginScore4=-5 hybridBaseWeight=3 hybridCoupledWeight=1 plannedOwnOpportunityEvents=16 ownPlannedEventsInvalidatedByOpponent=5 ownPlannedEventsExhaustedByOwnTeam=2 opponentCollectionsRemovedVsBaseline=4 opponentReplacementCollections=4 equalStepContests=1 minimumPatrolDistinctSpots=5 minimumPatrolDistinctBrands=4 totalPatrolDistinctSpotCapacity=17 totalPatrolDistinctBrandCapacity=12 expanded=9 completedPlans=10 improvements=1 strategiesDiscovered=10 strategiesQualified=0 discoveryExpansions=9 qualificationExpansions=0 exploitationExpansions=0 frontierPeak=28 budgetExhausted=false
ANYTIME_STRATIFIED_HYBRID_MARGIN_IMPROVEMENT day=2 improvementCriterion=HYBRID_MARGIN remainingFutureDays=1 ownSemiBrands=4 ownSemiCollections=15 coupledOwnBrands=4 coupledOwnCollections=8 opponentBaselineCollections=15 coupledOpponentCollections=12 hybridOwnScore4=53 hybridOpponentScore4=57 hybridMarginScore4=-4 hybridBaseWeight=3 hybridCoupledWeight=1 plannedOwnOpportunityEvents=16 ownPlannedEventsInvalidatedByOpponent=7 ownPlannedEventsExhaustedByOwnTeam=1 opponentCollectionsRemovedVsBaseline=3 opponentReplacementCollections=4 equalStepContests=2 minimumPatrolDistinctSpots=2 minimumPatrolDistinctBrands=2 totalPatrolDistinctSpotCapacity=12 totalPatrolDistinctBrandCapacity=10 expanded=35 completedPlans=36 improvements=2 strategiesDiscovered=17 strategiesQualified=8 discoveryExpansions=16 qualificationExpansions=19 exploitationExpansions=0 frontierPeak=48 budgetExhausted=false
ANYTIME_STRATIFIED_HYBRID_MARGIN_IMPROVEMENT day=2 improvementCriterion=HYBRID_MARGIN remainingFutureDays=1 ownSemiBrands=4 ownSemiCollections=15 coupledOwnBrands=4 coupledOwnCollections=9 opponentBaselineCollections=15 coupledOpponentCollections=11 hybridOwnScore4=54 hybridOpponentScore4=56 hybridMarginScore4=-2 hybridBaseWeight=3 hybridCoupledWeight=1 plannedOwnOpportunityEvents=16 ownPlannedEventsInvalidatedByOpponent=7 ownPlannedEventsExhaustedByOwnTeam=0 opponentCollectionsRemovedVsBaseline=4 opponentReplacementCollections=3 equalStepContests=2 minimumPatrolDistinctSpots=1 minimumPatrolDistinctBrands=1 totalPatrolDistinctSpotCapacity=5 totalPatrolDistinctBrandCapacity=5 expanded=46 completedPlans=47 improvements=3 strategiesDiscovered=17 strategiesQualified=8 discoveryExpansions=16 qualificationExpansions=24 exploitationExpansions=6 frontierPeak=48 budgetExhausted=false
ANYTIME_STRATIFIED_HYBRID_MARGIN_IMPROVEMENT day=2 improvementCriterion=HORIZON_MIN_SPOTS remainingFutureDays=1 ownSemiBrands=4 ownSemiCollections=15 coupledOwnBrands=4 coupledOwnCollections=9 opponentBaselineCollections=15 coupledOpponentCollections=11 hybridOwnScore4=54 hybridOpponentScore4=56 hybridMarginScore4=-2 hybridBaseWeight=3 hybridCoupledWeight=1 plannedOwnOpportunityEvents=15 ownPlannedEventsInvalidatedByOpponent=6 ownPlannedEventsExhaustedByOwnTeam=0 opponentCollectionsRemovedVsBaseline=4 opponentReplacementCollections=3 equalStepContests=2 minimumPatrolDistinctSpots=2 minimumPatrolDistinctBrands=2 totalPatrolDistinctSpotCapacity=9 totalPatrolDistinctBrandCapacity=8 expanded=61 completedPlans=62 improvements=4 strategiesDiscovered=17 strategiesQualified=8 discoveryExpansions=16 qualificationExpansions=24 exploitationExpansions=21 frontierPeak=48 budgetExhausted=false
ANYTIME_STRATIFIED_HYBRID_MARGIN_DONE day=2 remainingFutureDays=1 ownSemiBrands=4 ownSemiCollections=15 coupledOwnBrands=4 coupledOwnCollections=9 opponentBaselineCollections=15 coupledOpponentCollections=11 hybridOwnScore4=54 hybridOpponentScore4=56 hybridMarginScore4=-2 hybridBaseWeight=3 hybridCoupledWeight=1 plannedOwnOpportunityEvents=15 ownPlannedEventsInvalidatedByOpponent=6 ownPlannedEventsExhaustedByOwnTeam=0 opponentCollectionsRemovedVsBaseline=4 opponentReplacementCollections=3 equalStepContests=2 rawUdon=15 finalPatrolFuel=20 minimumPatrolDistinctSpots=2 minimumPatrolDistinctBrands=2 totalPatrolDistinctSpotCapacity=9 totalPatrolDistinctBrandCapacity=8 baselineRolloutEvents=15 coupledRolloutEvents=26 expanded=64 completedPlans=65 improvements=4 strategiesDiscovered=17 strategiesQualified=8 discoveryExpansions=16 qualificationExpansions=24 exploitationExpansions=24 frontierPeak=48 budgetExhausted=true
COUPLED_COMPETITIVE_EVENT day=2 agent=0 spot=19 arrivalStep=0 stableOrdinal=0 brand=numeric:1 outcome=COLLECTED equalStepContest=false
COUPLED_COMPETITIVE_EVENT day=2 agent=1 spot=26 arrivalStep=0 stableOrdinal=1 brand=numeric:2 outcome=COLLECTED equalStepContest=false
COUPLED_COMPETITIVE_EVENT day=2 agent=2 spot=15 arrivalStep=0 stableOrdinal=2 brand=numeric:3 outcome=COLLECTED equalStepContest=true
COUPLED_COMPETITIVE_EVENT day=2 agent=1 spot=41 arrivalStep=3 stableOrdinal=3 brand=numeric:0 outcome=COLLECTED equalStepContest=false
COUPLED_COMPETITIVE_EVENT day=2 agent=0 spot=26 arrivalStep=4 stableOrdinal=4 brand=numeric:2 outcome=COLLECTED equalStepContest=false
COUPLED_COMPETITIVE_EVENT day=2 agent=0 spot=41 arrivalStep=7 stableOrdinal=5 brand=numeric:0 outcome=COLLECTED equalStepContest=false
COUPLED_COMPETITIVE_EVENT day=2 agent=1 spot=58 arrivalStep=7 stableOrdinal=6 brand=numeric:1 outcome=COLLECTED equalStepContest=false
COUPLED_COMPETITIVE_EVENT day=2 agent=0 spot=58 arrivalStep=11 stableOrdinal=7 brand=numeric:1 outcome=INVALIDATED_BY_OPPONENT equalStepContest=false
COUPLED_COMPETITIVE_EVENT day=2 agent=2 spot=41 arrivalStep=12 stableOrdinal=8 brand=numeric:0 outcome=INVALIDATED_BY_OPPONENT equalStepContest=true
COUPLED_COMPETITIVE_EVENT day=2 agent=1 spot=24 arrivalStep=14 stableOrdinal=9 brand=numeric:0 outcome=INVALIDATED_BY_OPPONENT equalStepContest=false
COUPLED_COMPETITIVE_EVENT day=2 agent=2 spot=58 arrivalStep=16 stableOrdinal=10 brand=numeric:1 outcome=INVALIDATED_BY_OPPONENT equalStepContest=false
COUPLED_COMPETITIVE_EVENT day=2 agent=1 spot=0 arrivalStep=20 stableOrdinal=11 brand=numeric:3 outcome=COLLECTED equalStepContest=false
COUPLED_COMPETITIVE_EVENT day=2 agent=2 spot=26 arrivalStep=23 stableOrdinal=12 brand=numeric:2 outcome=INVALIDATED_BY_OPPONENT equalStepContest=false
COUPLED_COMPETITIVE_EVENT day=2 agent=0 spot=15 arrivalStep=27 stableOrdinal=13 brand=numeric:3 outcome=COLLECTED equalStepContest=false
COUPLED_COMPETITIVE_EVENT day=2 agent=2 spot=0 arrivalStep=29 stableOrdinal=14 brand=numeric:3 outcome=INVALIDATED_BY_OPPONENT equalStepContest=false
NEXT_DAY_HARVEST_CAPACITY_SUMMARY day=2 remainingFutureDays=1 patrolAgents=3 nextDayStepBudget=30 minimumPatrolDistinctSpots=2 minimumPatrolDistinctBrands=2 totalPatrolDistinctSpotCapacity=9 totalPatrolDistinctBrandCapacity=8 routeCostCacheEntries=488 pathfindingExecutions=8
PATROL_NEXT_DAY_HARVEST_CAPACITY day=2 agent=0 endPosition=15 endFuel=5 stationaryOpportunity=true maxDistinctSpots=2 maxDistinctBrands=2 bestRemainingFuel=1
PATROL_NEXT_DAY_HARVEST_CAPACITY day=2 agent=1 endPosition=0 endFuel=11 stationaryOpportunity=true maxDistinctSpots=5 maxDistinctBrands=4 bestRemainingFuel=1
PATROL_NEXT_DAY_HARVEST_CAPACITY day=2 agent=2 endPosition=0 endFuel=4 stationaryOpportunity=true maxDistinctSpots=2 maxDistinctBrands=2 bestRemainingFuel=1
LOCAL_PLAN_VALID matchId=m-5047 day=2 mode=HybridCalibratedMarginPlanner
ACTION_REQUEST_FINGERPRINT matchId=m-5047 day=2 agentCount=4 serializedLength=111 fingerprint=7e4d423f
ACTION_DURATION_AUDIT matchId=m-5047 day=2 agent=0 dayBudget=30 plannerDuration=30 validatedDuration=30 encodedDuration=30 actionCount=17 finalAction=WAIT(3) paddingApplied=false
ACTION_WIRE_REPLAY_AUDIT matchId=m-5047 day=2 agent=0 dayBudget=30 simulatedDuration=30 wireReplayDuration=30 simulatedEndPosition=15 wireReplayEndPosition=15 simulatedPatrolFuel=5 wireReplayPatrolFuel=5 actionCount=17 durationMatch=true positionMatch=true fuelMatch=true fuelCheckReason=finiteFuelCompared
ACTION_DURATION_AUDIT matchId=m-5047 day=2 agent=1 dayBudget=30 plannerDuration=30 validatedDuration=30 encodedDuration=30 actionCount=12 finalAction=WAIT(10) paddingApplied=false
ACTION_WIRE_REPLAY_AUDIT matchId=m-5047 day=2 agent=1 dayBudget=30 simulatedDuration=30 wireReplayDuration=30 simulatedEndPosition=0 wireReplayEndPosition=0 simulatedPatrolFuel=11 wireReplayPatrolFuel=11 actionCount=12 durationMatch=true positionMatch=true fuelMatch=true fuelCheckReason=finiteFuelCompared
ACTION_DURATION_AUDIT matchId=m-5047 day=2 agent=2 dayBudget=30 plannerDuration=30 validatedDuration=30 encodedDuration=30 actionCount=18 finalAction=WAIT(1) paddingApplied=false
ACTION_WIRE_REPLAY_AUDIT matchId=m-5047 day=2 agent=2 dayBudget=30 simulatedDuration=30 wireReplayDuration=30 simulatedEndPosition=0 wireReplayEndPosition=0 simulatedPatrolFuel=4 wireReplayPatrolFuel=4 actionCount=18 durationMatch=true positionMatch=true fuelMatch=true fuelCheckReason=finiteFuelCompared
ACTION_DURATION_AUDIT matchId=m-5047 day=2 agent=3 dayBudget=30 plannerDuration=30 validatedDuration=30 encodedDuration=30 actionCount=1 finalAction=WAIT(30) paddingApplied=false
ACTION_WIRE_REPLAY_AUDIT matchId=m-5047 day=2 agent=3 dayBudget=30 simulatedDuration=30 wireReplayDuration=30 simulatedEndPosition=5 wireReplayEndPosition=5 simulatedPatrolFuel=UNAVAILABLE wireReplayPatrolFuel=UNAVAILABLE actionCount=1 durationMatch=true positionMatch=true fuelMatch=NA fuelCheckReason=nonPatrolOrUnavailableFuel
ACTIONS_SUBMITTED matchId=m-5047 day=2 fingerprint=7e4d423f
ACTION_RESPONSE_DAY_OBSERVED matchId=m-5047 submittedDay=2 responseDay=3 delta=1 fingerprint=7e4d423f
UDON_OBSERVABILITY matchId=m-5047 day=2 predictedDayUdon=15 authoritativeActual=UNAVAILABLE
ACTIONS_ACCEPTED matchId=m-5047 day=2
DAY_STATE_RECEIVED matchId=m-5047 day=2 agents=4
DAY_STATE_RECEIVED matchId=m-5047 day=2 agents=4
DAY_STATE_RECEIVED matchId=m-5047 day=2 agents=4
DAY_STATE_RECEIVED matchId=m-5047 day=2 agents=4
DAY_STATE_RECEIVED matchId=m-5047 day=2 agents=4
DAY_STATE_RECEIVED matchId=m-5047 day=2 agents=4
DAY_STATE_RECEIVED matchId=m-5047 day=2 agents=4
DAY_STATE_RECEIVED matchId=m-5047 day=2 agents=4
DAY_STATE_RECEIVED matchId=m-5047 day=2 agents=4
DAY_STATE_RECEIVED matchId=m-5047 day=2 agents=4
DAY_STATE_RECEIVED matchId=m-5047 day=2 agents=4
DAY_STATE_RECEIVED matchId=m-5047 day=2 agents=4
DAY_STATE_RECEIVED matchId=m-5047 day=2 agents=4
DAY_STATE_RECEIVED matchId=m-5047 day=2 agents=4
DAY_STATE_RECEIVED matchId=m-5047 day=2 agents=4
DAY_STATE_RECEIVED matchId=m-5047 day=2 agents=4
DAY_STATE_RECEIVED matchId=m-5047 day=2 agents=4
DAY_STATE_RECEIVED matchId=m-5047 day=2 agents=4
DAY_STATE_RECEIVED matchId=m-5047 day=3 agents=4
PARITY_OBSERVED matchId=m-5047 day=2 position=MATCH patrolFuel=MATCH
DAY_ADVANCED matchId=m-5047 from=2 to=3
NEXT_DAY_HARVEST_CAPACITY_SUMMARY day=3 remainingFutureDays=0 patrolAgents=3 nextDayStepBudget=0 minimumPatrolDistinctSpots=0 minimumPatrolDistinctBrands=0 totalPatrolDistinctSpotCapacity=0 totalPatrolDistinctBrandCapacity=0 routeCostCacheEntries=0 pathfindingExecutions=0
TEAM_REFUEL_HARVEST_HORIZON_ASSIGN day=3 refuelAgent=3 patrolAgent=0 currentSemiBrandDelta=0 currentSemiCollectionDelta=2 minimumSpotCapacityDelta=0 minimumBrandCapacityDelta=0 totalSpotCapacityDelta=0 totalBrandCapacityDelta=0 fuelRestored=55 arrivalStep=4
TEAM_REFUEL_ASSIGN day=3 refuelAgent=3 patrolAgent=0 projectedBrandGain=0 projectedCollectionGain=2 arrivalStep=4
TEAM_TARGET_SELECT day=3 iteration=1 agent=1 target=58 brand=numeric:1 teamNewBrand=true steps=13 fuel=8
TEAM_TARGET_SELECT day=3 iteration=2 agent=2 target=26 brand=numeric:2 teamNewBrand=true steps=6 fuel=3
TEAM_TARGET_SELECT day=3 iteration=3 agent=0 target=58 brand=numeric:1 teamNewBrand=false steps=17 fuel=14
TEAM_TARGET_SELECT day=3 iteration=4 agent=0 target=26 brand=numeric:2 teamNewBrand=false steps=8 fuel=5
TEAM_PLAN_VALID day=3
OPPONENT_COUPLED_BASELINE day=3 stepBudget=30 collectors=3 stockedSpots=8 opponentBaselineCollections=15 observedNow=2 directIntent=3 followOnIntent=10 strongCollections=5 maxCollectorCollections=5 rolloutEvents=15 routeCostCacheEntries=488 pathfindingExecutions=8
COUPLED_COMPETITIVE_EVENT day=3 agent=0 spot=15 arrivalStep=0 stableOrdinal=0 brand=numeric:3 outcome=COLLECTED equalStepContest=false
COUPLED_COMPETITIVE_EVENT day=3 agent=1 spot=0 arrivalStep=0 stableOrdinal=1 brand=numeric:3 outcome=COLLECTED equalStepContest=false
COUPLED_COMPETITIVE_EVENT day=3 agent=2 spot=0 arrivalStep=0 stableOrdinal=2 brand=numeric:3 outcome=COLLECTED equalStepContest=false
COUPLED_COMPETITIVE_EVENT day=3 agent=1 spot=24 arrivalStep=6 stableOrdinal=3 brand=numeric:0 outcome=INVALIDATED_BY_OPPONENT equalStepContest=false
COUPLED_COMPETITIVE_EVENT day=3 agent=2 spot=26 arrivalStep=6 stableOrdinal=4 brand=numeric:2 outcome=COLLECTED equalStepContest=false
COUPLED_COMPETITIVE_EVENT day=3 agent=1 spot=41 arrivalStep=9 stableOrdinal=5 brand=numeric:0 outcome=COLLECTED equalStepContest=false
COUPLED_COMPETITIVE_EVENT day=3 agent=1 spot=58 arrivalStep=13 stableOrdinal=6 brand=numeric:1 outcome=INVALIDATED_BY_OPPONENT equalStepContest=false
COUPLED_COMPETITIVE_EVENT day=3 agent=0 spot=41 arrivalStep=17 stableOrdinal=7 brand=numeric:0 outcome=INVALIDATED_BY_OPPONENT equalStepContest=false
COUPLED_COMPETITIVE_EVENT day=3 agent=0 spot=58 arrivalStep=21 stableOrdinal=8 brand=numeric:1 outcome=INVALIDATED_BY_OPPONENT equalStepContest=false
COUPLED_COMPETITIVE_EVENT day=3 agent=0 spot=26 arrivalStep=29 stableOrdinal=9 brand=numeric:2 outcome=INVALIDATED_BY_OPPONENT equalStepContest=false
ANYTIME_STRATIFIED_HYBRID_MARGIN_START day=3 remainingFutureDays=0 ownSemiBrands=4 ownSemiCollections=9 coupledOwnBrands=3 coupledOwnCollections=5 opponentBaselineCollections=15 coupledOpponentCollections=14 hybridOwnScore4=32 hybridOpponentScore4=59 hybridMarginScore4=-27 hybridBaseWeight=3 hybridCoupledWeight=1 plannedOwnOpportunityEvents=10 ownPlannedEventsInvalidatedByOpponent=5 ownPlannedEventsExhaustedByOwnTeam=0 opponentCollectionsRemovedVsBaseline=1 opponentReplacementCollections=3 equalStepContests=0 minimumPatrolDistinctSpots=0 minimumPatrolDistinctBrands=0 totalPatrolDistinctSpotCapacity=0 totalPatrolDistinctBrandCapacity=0 expanded=0 completedPlans=1 improvements=0 budget=64 discoveryBudget=16 qualificationBudget=24 exploitationBudget=24
ANYTIME_STRATIFIED_HYBRID_MARGIN_IMPROVEMENT day=3 improvementCriterion=HYBRID_MARGIN remainingFutureDays=0 ownSemiBrands=4 ownSemiCollections=9 coupledOwnBrands=3 coupledOwnCollections=5 opponentBaselineCollections=15 coupledOpponentCollections=13 hybridOwnScore4=32 hybridOpponentScore4=58 hybridMarginScore4=-26 hybridBaseWeight=3 hybridCoupledWeight=1 plannedOwnOpportunityEvents=11 ownPlannedEventsInvalidatedByOpponent=5 ownPlannedEventsExhaustedByOwnTeam=1 opponentCollectionsRemovedVsBaseline=2 opponentReplacementCollections=0 equalStepContests=0 minimumPatrolDistinctSpots=0 minimumPatrolDistinctBrands=0 totalPatrolDistinctSpotCapacity=0 totalPatrolDistinctBrandCapacity=0 expanded=28 completedPlans=29 improvements=1 strategiesDiscovered=27 strategiesQualified=5 discoveryExpansions=16 qualificationExpansions=12 exploitationExpansions=0 frontierPeak=25 budgetExhausted=false
ANYTIME_STRATIFIED_HYBRID_MARGIN_IMPROVEMENT day=3 improvementCriterion=HYBRID_OWN remainingFutureDays=0 ownSemiBrands=4 ownSemiCollections=9 coupledOwnBrands=4 coupledOwnCollections=6 opponentBaselineCollections=15 coupledOpponentCollections=14 hybridOwnScore4=33 hybridOpponentScore4=59 hybridMarginScore4=-26 hybridBaseWeight=3 hybridCoupledWeight=1 plannedOwnOpportunityEvents=11 ownPlannedEventsInvalidatedByOpponent=4 ownPlannedEventsExhaustedByOwnTeam=1 opponentCollectionsRemovedVsBaseline=1 opponentReplacementCollections=2 equalStepContests=1 minimumPatrolDistinctSpots=0 minimumPatrolDistinctBrands=0 totalPatrolDistinctSpotCapacity=0 totalPatrolDistinctBrandCapacity=0 expanded=32 completedPlans=33 improvements=2 strategiesDiscovered=27 strategiesQualified=5 discoveryExpansions=16 qualificationExpansions=16 exploitationExpansions=0 frontierPeak=30 budgetExhausted=false
ANYTIME_STRATIFIED_HYBRID_MARGIN_IMPROVEMENT day=3 improvementCriterion=HYBRID_MARGIN remainingFutureDays=0 ownSemiBrands=4 ownSemiCollections=10 coupledOwnBrands=3 coupledOwnCollections=5 opponentBaselineCollections=15 coupledOpponentCollections=13 hybridOwnScore4=35 hybridOpponentScore4=58 hybridMarginScore4=-23 hybridBaseWeight=3 hybridCoupledWeight=1 plannedOwnOpportunityEvents=11 ownPlannedEventsInvalidatedByOpponent=6 ownPlannedEventsExhaustedByOwnTeam=0 opponentCollectionsRemovedVsBaseline=2 opponentReplacementCollections=2 equalStepContests=0 minimumPatrolDistinctSpots=0 minimumPatrolDistinctBrands=0 totalPatrolDistinctSpotCapacity=0 totalPatrolDistinctBrandCapacity=0 expanded=39 completedPlans=40 improvements=3 strategiesDiscovered=27 strategiesQualified=5 discoveryExpansions=16 qualificationExpansions=23 exploitationExpansions=0 frontierPeak=40 budgetExhausted=false
ANYTIME_STRATIFIED_HYBRID_MARGIN_IMPROVEMENT day=3 improvementCriterion=HYBRID_OWN remainingFutureDays=0 ownSemiBrands=4 ownSemiCollections=10 coupledOwnBrands=4 coupledOwnCollections=6 opponentBaselineCollections=15 coupledOpponentCollections=14 hybridOwnScore4=36 hybridOpponentScore4=59 hybridMarginScore4=-23 hybridBaseWeight=3 hybridCoupledWeight=1 plannedOwnOpportunityEvents=11 ownPlannedEventsInvalidatedByOpponent=5 ownPlannedEventsExhaustedByOwnTeam=0 opponentCollectionsRemovedVsBaseline=1 opponentReplacementCollections=5 equalStepContests=0 minimumPatrolDistinctSpots=0 minimumPatrolDistinctBrands=0 totalPatrolDistinctSpotCapacity=0 totalPatrolDistinctBrandCapacity=0 expanded=41 completedPlans=42 improvements=4 strategiesDiscovered=27 strategiesQualified=5 discoveryExpansions=16 qualificationExpansions=24 exploitationExpansions=1 frontierPeak=40 budgetExhausted=false
ANYTIME_STRATIFIED_HYBRID_MARGIN_IMPROVEMENT day=3 improvementCriterion=HYBRID_MARGIN remainingFutureDays=0 ownSemiBrands=4 ownSemiCollections=10 coupledOwnBrands=3 coupledOwnCollections=6 opponentBaselineCollections=15 coupledOpponentCollections=13 hybridOwnScore4=36 hybridOpponentScore4=58 hybridMarginScore4=-22 hybridBaseWeight=3 hybridCoupledWeight=1 plannedOwnOpportunityEvents=10 ownPlannedEventsInvalidatedByOpponent=4 ownPlannedEventsExhaustedByOwnTeam=0 opponentCollectionsRemovedVsBaseline=2 opponentReplacementCollections=2 equalStepContests=0 minimumPatrolDistinctSpots=0 minimumPatrolDistinctBrands=0 totalPatrolDistinctSpotCapacity=0 totalPatrolDistinctBrandCapacity=0 expanded=42 completedPlans=43 improvements=5 strategiesDiscovered=27 strategiesQualified=5 discoveryExpansions=16 qualificationExpansions=24 exploitationExpansions=2 frontierPeak=40 budgetExhausted=false
ANYTIME_STRATIFIED_HYBRID_MARGIN_IMPROVEMENT day=3 improvementCriterion=HYBRID_MARGIN remainingFutureDays=0 ownSemiBrands=4 ownSemiCollections=11 coupledOwnBrands=4 coupledOwnCollections=6 opponentBaselineCollections=15 coupledOpponentCollections=13 hybridOwnScore4=39 hybridOpponentScore4=58 hybridMarginScore4=-19 hybridBaseWeight=3 hybridCoupledWeight=1 plannedOwnOpportunityEvents=11 ownPlannedEventsInvalidatedByOpponent=5 ownPlannedEventsExhaustedByOwnTeam=0 opponentCollectionsRemovedVsBaseline=2 opponentReplacementCollections=4 equalStepContests=0 minimumPatrolDistinctSpots=0 minimumPatrolDistinctBrands=0 totalPatrolDistinctSpotCapacity=0 totalPatrolDistinctBrandCapacity=0 expanded=44 completedPlans=45 improvements=6 strategiesDiscovered=27 strategiesQualified=5 discoveryExpansions=16 qualificationExpansions=24 exploitationExpansions=4 frontierPeak=40 budgetExhausted=false
ANYTIME_STRATIFIED_HYBRID_MARGIN_DONE day=3 remainingFutureDays=0 ownSemiBrands=4 ownSemiCollections=11 coupledOwnBrands=4 coupledOwnCollections=6 opponentBaselineCollections=15 coupledOpponentCollections=13 hybridOwnScore4=39 hybridOpponentScore4=58 hybridMarginScore4=-19 hybridBaseWeight=3 hybridCoupledWeight=1 plannedOwnOpportunityEvents=11 ownPlannedEventsInvalidatedByOpponent=5 ownPlannedEventsExhaustedByOwnTeam=0 opponentCollectionsRemovedVsBaseline=2 opponentReplacementCollections=4 equalStepContests=0 rawUdon=11 finalPatrolFuel=48 minimumPatrolDistinctSpots=0 minimumPatrolDistinctBrands=0 totalPatrolDistinctSpotCapacity=0 totalPatrolDistinctBrandCapacity=0 baselineRolloutEvents=15 coupledRolloutEvents=24 expanded=64 completedPlans=65 improvements=6 strategiesDiscovered=27 strategiesQualified=5 discoveryExpansions=16 qualificationExpansions=24 exploitationExpansions=24 frontierPeak=40 budgetExhausted=true
COUPLED_COMPETITIVE_EVENT day=3 agent=0 spot=15 arrivalStep=0 stableOrdinal=0 brand=numeric:3 outcome=COLLECTED equalStepContest=false
COUPLED_COMPETITIVE_EVENT day=3 agent=1 spot=0 arrivalStep=0 stableOrdinal=1 brand=numeric:3 outcome=COLLECTED equalStepContest=false
COUPLED_COMPETITIVE_EVENT day=3 agent=2 spot=0 arrivalStep=0 stableOrdinal=2 brand=numeric:3 outcome=COLLECTED equalStepContest=false
COUPLED_COMPETITIVE_EVENT day=3 agent=1 spot=26 arrivalStep=6 stableOrdinal=3 brand=numeric:2 outcome=COLLECTED equalStepContest=false
COUPLED_COMPETITIVE_EVENT day=3 agent=2 spot=26 arrivalStep=6 stableOrdinal=4 brand=numeric:2 outcome=INVALIDATED_BY_OPPONENT equalStepContest=false
COUPLED_COMPETITIVE_EVENT day=3 agent=1 spot=41 arrivalStep=10 stableOrdinal=5 brand=numeric:0 outcome=COLLECTED equalStepContest=false
COUPLED_COMPETITIVE_EVENT day=3 agent=0 spot=19 arrivalStep=12 stableOrdinal=6 brand=numeric:1 outcome=INVALIDATED_BY_OPPONENT equalStepContest=false
COUPLED_COMPETITIVE_EVENT day=3 agent=1 spot=58 arrivalStep=14 stableOrdinal=7 brand=numeric:1 outcome=COLLECTED equalStepContest=false
COUPLED_COMPETITIVE_EVENT day=3 agent=0 spot=41 arrivalStep=19 stableOrdinal=8 brand=numeric:0 outcome=INVALIDATED_BY_OPPONENT equalStepContest=false
COUPLED_COMPETITIVE_EVENT day=3 agent=0 spot=26 arrivalStep=23 stableOrdinal=9 brand=numeric:2 outcome=INVALIDATED_BY_OPPONENT equalStepContest=false
COUPLED_COMPETITIVE_EVENT day=3 agent=0 spot=0 arrivalStep=29 stableOrdinal=10 brand=numeric:3 outcome=INVALIDATED_BY_OPPONENT equalStepContest=false
NEXT_DAY_HARVEST_CAPACITY_SUMMARY day=3 remainingFutureDays=0 patrolAgents=3 nextDayStepBudget=0 minimumPatrolDistinctSpots=0 minimumPatrolDistinctBrands=0 totalPatrolDistinctSpotCapacity=0 totalPatrolDistinctBrandCapacity=0 routeCostCacheEntries=0 pathfindingExecutions=0
PATROL_NEXT_DAY_HARVEST_CAPACITY day=3 agent=0 endPosition=0 endFuel=44 stationaryOpportunity=false maxDistinctSpots=0 maxDistinctBrands=0 bestRemainingFuel=0
PATROL_NEXT_DAY_HARVEST_CAPACITY day=3 agent=1 endPosition=58 endFuel=3 stationaryOpportunity=false maxDistinctSpots=0 maxDistinctBrands=0 bestRemainingFuel=0
PATROL_NEXT_DAY_HARVEST_CAPACITY day=3 agent=2 endPosition=26 endFuel=1 stationaryOpportunity=false maxDistinctSpots=0 maxDistinctBrands=0 bestRemainingFuel=0
LOCAL_PLAN_VALID matchId=m-5047 day=3 mode=HybridCalibratedMarginPlanner
ACTION_REQUEST_FINGERPRINT matchId=m-5047 day=3 agentCount=4 serializedLength=77 fingerprint=5275c1d2
ACTION_DURATION_AUDIT matchId=m-5047 day=3 agent=0 dayBudget=30 plannerDuration=30 validatedDuration=30 encodedDuration=30 actionCount=15 finalAction=WAIT(1) paddingApplied=false
ACTION_WIRE_REPLAY_AUDIT matchId=m-5047 day=3 agent=0 dayBudget=30 simulatedDuration=30 wireReplayDuration=30 simulatedEndPosition=0 wireReplayEndPosition=0 simulatedPatrolFuel=44 wireReplayPatrolFuel=44 actionCount=15 durationMatch=true positionMatch=true fuelMatch=true fuelCheckReason=finiteFuelCompared
ACTION_DURATION_AUDIT matchId=m-5047 day=3 agent=1 dayBudget=30 plannerDuration=30 validatedDuration=30 encodedDuration=30 actionCount=8 finalAction=WAIT(16) paddingApplied=false
ACTION_WIRE_REPLAY_AUDIT matchId=m-5047 day=3 agent=1 dayBudget=30 simulatedDuration=30 wireReplayDuration=30 simulatedEndPosition=58 wireReplayEndPosition=58 simulatedPatrolFuel=3 wireReplayPatrolFuel=3 actionCount=8 durationMatch=true positionMatch=true fuelMatch=true fuelCheckReason=finiteFuelCompared
ACTION_DURATION_AUDIT matchId=m-5047 day=3 agent=2 dayBudget=30 plannerDuration=30 validatedDuration=30 encodedDuration=30 actionCount=4 finalAction=WAIT(24) paddingApplied=false
ACTION_WIRE_REPLAY_AUDIT matchId=m-5047 day=3 agent=2 dayBudget=30 simulatedDuration=30 wireReplayDuration=30 simulatedEndPosition=26 wireReplayEndPosition=26 simulatedPatrolFuel=1 wireReplayPatrolFuel=1 actionCount=4 durationMatch=true positionMatch=true fuelMatch=true fuelCheckReason=finiteFuelCompared
ACTION_DURATION_AUDIT matchId=m-5047 day=3 agent=3 dayBudget=30 plannerDuration=30 validatedDuration=30 encodedDuration=30 actionCount=3 finalAction=WAIT(26) paddingApplied=false
ACTION_WIRE_REPLAY_AUDIT matchId=m-5047 day=3 agent=3 dayBudget=30 simulatedDuration=30 wireReplayDuration=30 simulatedEndPosition=15 wireReplayEndPosition=15 simulatedPatrolFuel=UNAVAILABLE wireReplayPatrolFuel=UNAVAILABLE actionCount=3 durationMatch=true positionMatch=true fuelMatch=NA fuelCheckReason=nonPatrolOrUnavailableFuel
ACTIONS_SUBMITTED matchId=m-5047 day=3 fingerprint=5275c1d2
ACTION_RESPONSE_DAY_OBSERVED matchId=m-5047 submittedDay=3 responseDay=4 delta=1 fingerprint=5275c1d2
UDON_OBSERVABILITY matchId=m-5047 day=3 predictedDayUdon=11 authoritativeActual=UNAVAILABLE
ACTIONS_ACCEPTED matchId=m-5047 day=3
RESULT_WAITING matchId=m-5047 httpStatus=425
RESULT_WAITING matchId=m-5047 httpStatus=425
RESULT_WAITING matchId=m-5047 httpStatus=425
RESULT_WAITING matchId=m-5047 httpStatus=425
RESULT_WAITING matchId=m-5047 httpStatus=425
RESULT_WAITING matchId=m-5047 httpStatus=425
RESULT_WAITING matchId=m-5047 httpStatus=425
RESULT_WAITING matchId=m-5047 httpStatus=425
RESULT_WAITING matchId=m-5047 httpStatus=425
RESULT_WAITING matchId=m-5047 httpStatus=425
RESULT_WAITING matchId=m-5047 httpStatus=425
RESULT_WAITING matchId=m-5047 httpStatus=425
RESULT_WAITING matchId=m-5047 httpStatus=425
RESULT_WAITING matchId=m-5047 httpStatus=425
RESULT_WAITING matchId=m-5047 httpStatus=425
RESULT_WAITING matchId=m-5047 httpStatus=425
RESULT_WAITING matchId=m-5047 httpStatus=425
RESULT_WAITING matchId=m-5047 httpStatus=425
RESULT_WAITING matchId=m-5047 httpStatus=425
RESULT_RECEIVED matchId=m-5047 submittedDays=4
FINAL matchId=m-5047 submittedDays=4 rateLimits=0 result={"protocol_version":"v0.1-draft","type":"match_result","match_id":"m-5047","standings":[{"rank":1,"team_id":"team-B","udon_types":4,"daily_types_sum":16,"udon_total":57,"response_ms_total":1346},{"rank":2,"team_id":"team-A","udon_types":4,"daily_types_sum":16,"udon_total":48,"response_ms_total":1544}]}
