CONFIG_LOADED baseUrl=https://procon.ptit.edu.vn matchId=m-5069 plannerMode=ANYTIME_STRATIFIED_CAPACITY_COMPETITIVE PROCON_TOKEN=<set>
SETUP_WAITING matchId=m-5069
SETUP_RECEIVED matchId=m-5069 agents=4 days=4
ASSIGNMENT_SUBMITTED matchId=m-5069 agents=4
ASSIGNMENT_ACCEPTED matchId=m-5069 agents=4
MATCH_STARTED matchId=m-5069
DAY_STATE_RECEIVED matchId=m-5069 day=0 agents=4
NEXT_DAY_HARVEST_CAPACITY_SUMMARY day=0 remainingFutureDays=3 patrolAgents=3 nextDayStepBudget=30 minimumPatrolDistinctSpots=7 minimumPatrolDistinctBrands=4 totalPatrolDistinctSpotCapacity=21 totalPatrolDistinctBrandCapacity=12 routeCostCacheEntries=480 pathfindingExecutions=8
TEAM_REFUEL_HARVEST_HORIZON_NO_ASSIGN day=0 reason=NO_HARVEST_CAPACITY_GAIN currentSemiBrandDelta=0 currentSemiCollectionDelta=0 weakestCapacityDelta=0 totalSpotCapacityDelta=0 totalBrandCapacityDelta=0 fuelRestored=0 arrivalStep=0
TEAM_REFUEL_NO_ASSIGN day=0 reason=NO_POSITIVE_TEAM_VALUE
TEAM_TARGET_SELECT day=0 iteration=1 agent=2 target=40 brand=numeric:3 teamNewBrand=true steps=12 fuel=9
TEAM_TARGET_SELECT day=0 iteration=2 agent=0 target=6 brand=numeric:1 teamNewBrand=false steps=15 fuel=9
TEAM_TARGET_SELECT day=0 iteration=3 agent=1 target=20 brand=numeric:0 teamNewBrand=false steps=13 fuel=8
TEAM_TARGET_SELECT day=0 iteration=4 agent=1 target=18 brand=numeric:3 teamNewBrand=false steps=4 fuel=2
TEAM_TARGET_SELECT day=0 iteration=5 agent=0 target=18 brand=numeric:3 teamNewBrand=false steps=10 fuel=5
TEAM_TARGET_SELECT day=0 iteration=6 agent=2 target=58 brand=numeric:0 teamNewBrand=false steps=6 fuel=3
TEAM_TARGET_SELECT day=0 iteration=7 agent=1 target=40 brand=numeric:3 teamNewBrand=false steps=7 fuel=5
TEAM_TARGET_SELECT day=0 iteration=8 agent=1 target=58 brand=numeric:0 teamNewBrand=false steps=6 fuel=3
TEAM_TARGET_SELECT day=0 iteration=9 agent=2 target=38 brand=numeric:2 teamNewBrand=false steps=9 fuel=9
TEAM_PLAN_VALID day=0
ANYTIME_STRATIFIED_CAPACITY_COMPETITIVE_START day=0 hybridBaseWeight=3 hybridCoupledWeight=1 ownSemiBrands=4 ownSemiCollections=15 coupledOwnCollections=8 opponentBaselineCollections=18 coupledOpponentCollections=14 hybridMarginScore4=-15 budget=64 discoveryBudget=16 qualificationBudget=24 exploitationBudget=24 initialPathfindingExecutions=0 searchPathfindingExecutions=0
M19_CAPACITY_CANDIDATE day=0 seed=CAPACITY_THROUGHPUT variant=0 physicalPlanSignature=0:MDOWN_RIGHT,MUP_LEFT,MUP_LEFT,MLEFT,MUP_RIGHT,MRIGHT,MRIGHT,MUP_RIGHT,MUP_RIGHT,MRIGHT,MRIGHT,MDOWN_RIGHT,MDOWN_RIGHT,W6,;1:MUP_RIGHT,MUP_LEFT,MRIGHT,MDOWN_RIGHT,MDOWN_RIGHT,MUP_LEFT,MUP_RIGHT,MUP_RIGHT,MUP_RIGHT,MUP_RIGHT,MRIGHT,W9,;2:MLEFT,MRIGHT,MDOWN_RIGHT,MDOWN_RIGHT,MUP_LEFT,MUP_LEFT,MLEFT,MLEFT,MLEFT,MDOWN_RIGHT,MDOWN_LEFT,MLEFT,MLEFT,MDOWN_LEFT,W4,;3:W30,; totalLogicalClaims=14 distinctClaimedSpots=6 multiClaimSpotCount=5 perAgentClaimCounts=0=5,1=4,2=5 expectedOwnSuccessfulClaims=11 expectedOpponentClaimsBeforeOwn=6 expectedResidualCapacitySum=0 ownSemiBrands=4 ownSemiCollections=15 coupledOwnCollections=7 opponentBaselineCollections=18 coupledOpponentCollections=16 hybridMarginScore4=-18
M19_CAPACITY_CANDIDATE day=0 seed=CAPACITY_BALANCED variant=0 physicalPlanSignature=0:MDOWN_RIGHT,MUP_LEFT,MUP_LEFT,MLEFT,MUP_RIGHT,MRIGHT,MRIGHT,MUP_RIGHT,MUP_RIGHT,MRIGHT,MRIGHT,MDOWN_RIGHT,MDOWN_RIGHT,W6,;1:MUP_RIGHT,MUP_LEFT,MRIGHT,MDOWN_RIGHT,MDOWN_RIGHT,MUP_LEFT,MUP_RIGHT,MUP_RIGHT,MUP_RIGHT,MDOWN_RIGHT,MRIGHT,MRIGHT,MRIGHT,W5,;2:MLEFT,MRIGHT,MUP_RIGHT,MUP_RIGHT,MDOWN_LEFT,MDOWN_LEFT,MDOWN_RIGHT,MDOWN_RIGHT,MLEFT,MLEFT,MLEFT,MUP_LEFT,W6,;3:W30,; totalLogicalClaims=14 distinctClaimedSpots=6 multiClaimSpotCount=5 perAgentClaimCounts=0=5,1=4,2=5 expectedOwnSuccessfulClaims=13 expectedOpponentClaimsBeforeOwn=5 expectedResidualCapacitySum=0 ownSemiBrands=4 ownSemiCollections=15 coupledOwnCollections=8 opponentBaselineCollections=18 coupledOpponentCollections=15 hybridMarginScore4=-16
M19_CAPACITY_CANDIDATE day=0 seed=CAPACITY_BRAND variant=0 physicalPlanSignature=0:MDOWN_RIGHT,MUP_LEFT,MUP_RIGHT,MUP_RIGHT,MUP_RIGHT,MDOWN_RIGHT,MRIGHT,MRIGHT,MRIGHT,MUP_LEFT,MUP_LEFT,MLEFT,W7,;1:MRIGHT,MRIGHT,MUP_LEFT,MUP_RIGHT,MUP_RIGHT,MUP_RIGHT,MUP_LEFT,MRIGHT,MRIGHT,W13,;2:MLEFT,MRIGHT,MUP_RIGHT,MUP_RIGHT,MDOWN_LEFT,MDOWN_LEFT,MLEFT,MLEFT,MDOWN_LEFT,MDOWN_LEFT,MDOWN_LEFT,MDOWN_LEFT,MDOWN_RIGHT,W5,;3:W30,; totalLogicalClaims=12 distinctClaimedSpots=7 multiClaimSpotCount=3 perAgentClaimCounts=0=5,1=3,2=4 expectedOwnSuccessfulClaims=10 expectedOpponentClaimsBeforeOwn=5 expectedResidualCapacitySum=0 ownSemiBrands=4 ownSemiCollections=13 coupledOwnCollections=10 opponentBaselineCollections=18 coupledOpponentCollections=12 hybridMarginScore4=-17
M19_CAPACITY_CANDIDATE day=0 seed=COMPETITIVE_RESIDUAL variant=0 physicalPlanSignature=0:MDOWN_RIGHT,MUP_LEFT,MUP_RIGHT,MUP_RIGHT,MLEFT,MLEFT,MDOWN_LEFT,MUP_RIGHT,MRIGHT,MRIGHT,MUP_RIGHT,MUP_RIGHT,MRIGHT,W9,;1:MUP_RIGHT,MUP_LEFT,MRIGHT,MDOWN_RIGHT,MDOWN_RIGHT,MUP_LEFT,MUP_RIGHT,MUP_RIGHT,MUP_RIGHT,MUP_RIGHT,MRIGHT,W9,;2:MLEFT,MLEFT,MDOWN_LEFT,MDOWN_LEFT,MLEFT,MLEFT,MDOWN_LEFT,MRIGHT,MDOWN_RIGHT,MDOWN_RIGHT,W12,;3:W30,; totalLogicalClaims=12 distinctClaimedSpots=5 multiClaimSpotCount=4 perAgentClaimCounts=0=5,1=4,2=3 expectedOwnSuccessfulClaims=9 expectedOpponentClaimsBeforeOwn=4 expectedResidualCapacitySum=0 ownSemiBrands=4 ownSemiCollections=13 coupledOwnCollections=8 opponentBaselineCollections=18 coupledOpponentCollections=14 hybridMarginScore4=-21
ANYTIME_STRATIFIED_CAPACITY_COMPETITIVE_IMPROVEMENT day=0 improvementCriterion=HYBRID_MARGIN remainingFutureDays=3 ownSemiBrands=4 ownSemiCollections=15 coupledOwnBrands=4 coupledOwnCollections=10 opponentBaselineCollections=18 coupledOpponentCollections=13 hybridOwnScore4=55 hybridOpponentScore4=67 hybridMarginScore4=-12 hybridBaseWeight=3 hybridCoupledWeight=1 plannedOwnOpportunityEvents=17 ownPlannedEventsInvalidatedByOpponent=6 ownPlannedEventsExhaustedByOwnTeam=1 opponentCollectionsRemovedVsBaseline=5 opponentReplacementCollections=1 equalStepContests=1 minimumPatrolDistinctSpots=7 minimumPatrolDistinctBrands=4 totalPatrolDistinctSpotCapacity=21 totalPatrolDistinctBrandCapacity=12 expanded=12 completedPlans=13 improvements=1 strategiesDiscovered=13 strategiesQualified=0 discoveryExpansions=12 qualificationExpansions=0 exploitationExpansions=0 frontierPeak=31 budgetExhausted=false
ANYTIME_STRATIFIED_CAPACITY_COMPETITIVE_IMPROVEMENT day=0 improvementCriterion=HYBRID_MARGIN remainingFutureDays=3 ownSemiBrands=4 ownSemiCollections=15 coupledOwnBrands=4 coupledOwnCollections=11 opponentBaselineCollections=18 coupledOpponentCollections=12 hybridOwnScore4=56 hybridOpponentScore4=66 hybridMarginScore4=-10 hybridBaseWeight=3 hybridCoupledWeight=1 plannedOwnOpportunityEvents=17 ownPlannedEventsInvalidatedByOpponent=5 ownPlannedEventsExhaustedByOwnTeam=1 opponentCollectionsRemovedVsBaseline=6 opponentReplacementCollections=1 equalStepContests=2 minimumPatrolDistinctSpots=7 minimumPatrolDistinctBrands=4 totalPatrolDistinctSpotCapacity=21 totalPatrolDistinctBrandCapacity=12 expanded=34 completedPlans=35 improvements=2 strategiesDiscovered=18 strategiesQualified=8 discoveryExpansions=16 qualificationExpansions=18 exploitationExpansions=0 frontierPeak=48 budgetExhausted=false
ANYTIME_STRATIFIED_CAPACITY_COMPETITIVE_DONE day=0 selectedCandidateOrigin=BASELINE_OR_SEARCH selectedTotalLogicalClaims=NONE selectedDistinctClaimedSpots=NONE selectedMultiClaimSpotCount=NONE selectedPerAgentClaimCounts=NONE selectedExpectedOwnSuccessfulClaims=0 selectedExpectedOpponentClaimsBeforeOwn=0 selectedExpectedResidualCapacitySum=0 selectedOwnSemiBrands=4 selectedOwnSemiCollections=15 selectedHybridMarginScore4=-10 claimCandidateAttempts=16 uniquePhysicalPlans=4 duplicatePhysicalPlansRejected=12 invalidPhysicalPlans=0 capacityThroughputUnique=1 capacityBalancedUnique=1 capacityBrandUnique=1 competitiveResidualUnique=1 relevantCapacitySpots=8 initialPathfindingExecutions=88 candidateGenerationPathfindingExecutions=0 finalPathfindingExecutions=88 expanded=64 completedPlans=65 frontierPeak=48
M19_CAPACITY_SUMMARY day=0 claimCandidateAttempts=16 uniquePhysicalPlans=4 duplicatePhysicalPlansRejected=12 invalidPhysicalPlans=0 capacityThroughputUnique=1 capacityBalancedUnique=1 capacityBrandUnique=1 competitiveResidualUnique=1 selectedCandidateOrigin=BASELINE_OR_SEARCH selectedTotalLogicalClaims=NONE selectedDistinctClaimedSpots=NONE selectedMultiClaimSpotCount=NONE selectedPerAgentClaimCounts=NONE selectedExpectedOwnSuccessfulClaims=0 selectedExpectedOpponentClaimsBeforeOwn=0 selectedExpectedResidualCapacitySum=0 selectedOwnSemiBrands=4 selectedOwnSemiCollections=15 selectedHybridMarginScore4=-10 initialPathfindingExecutions=88 candidateGenerationPathfindingExecutions=0 finalPathfindingExecutions=88 expanded=64 completedPlans=65 frontierPeak=48
LOCAL_PLAN_VALID matchId=m-5069 day=0 mode=CapacityCompetitivePlanner
ACTION_REQUEST_FINGERPRINT matchId=m-5069 day=0 agentCount=4 serializedLength=100 fingerprint=e8172298
ACTION_DURATION_AUDIT matchId=m-5069 day=0 agent=0 dayBudget=30 plannerDuration=30 validatedDuration=30 encodedDuration=30 actionCount=13 finalAction=WAIT(7) paddingApplied=false
ACTION_WIRE_REPLAY_AUDIT matchId=m-5069 day=0 agent=0 dayBudget=30 simulatedDuration=30 wireReplayDuration=30 simulatedEndPosition=38 wireReplayEndPosition=38 simulatedPatrolFuel=47 wireReplayPatrolFuel=47 actionCount=13 durationMatch=true positionMatch=true fuelMatch=true fuelCheckReason=finiteFuelCompared
ACTION_DURATION_AUDIT matchId=m-5069 day=0 agent=1 dayBudget=30 plannerDuration=30 validatedDuration=30 encodedDuration=30 actionCount=13 finalAction=WAIT(7) paddingApplied=false
ACTION_WIRE_REPLAY_AUDIT matchId=m-5069 day=0 agent=1 dayBudget=30 simulatedDuration=30 wireReplayDuration=30 simulatedEndPosition=38 wireReplayEndPosition=38 simulatedPatrolFuel=47 wireReplayPatrolFuel=47 actionCount=13 durationMatch=true positionMatch=true fuelMatch=true fuelCheckReason=finiteFuelCompared
ACTION_DURATION_AUDIT matchId=m-5069 day=0 agent=2 dayBudget=30 plannerDuration=30 validatedDuration=30 encodedDuration=30 actionCount=16 finalAction=WAIT(3) paddingApplied=false
ACTION_WIRE_REPLAY_AUDIT matchId=m-5069 day=0 agent=2 dayBudget=30 simulatedDuration=30 wireReplayDuration=30 simulatedEndPosition=18 wireReplayEndPosition=18 simulatedPatrolFuel=42 wireReplayPatrolFuel=42 actionCount=16 durationMatch=true positionMatch=true fuelMatch=true fuelCheckReason=finiteFuelCompared
ACTION_DURATION_AUDIT matchId=m-5069 day=0 agent=3 dayBudget=30 plannerDuration=30 validatedDuration=30 encodedDuration=30 actionCount=1 finalAction=WAIT(30) paddingApplied=false
ACTION_WIRE_REPLAY_AUDIT matchId=m-5069 day=0 agent=3 dayBudget=30 simulatedDuration=30 wireReplayDuration=30 simulatedEndPosition=44 wireReplayEndPosition=44 simulatedPatrolFuel=UNAVAILABLE wireReplayPatrolFuel=UNAVAILABLE actionCount=1 durationMatch=true positionMatch=true fuelMatch=NA fuelCheckReason=nonPatrolOrUnavailableFuel
ACTIONS_SUBMITTED matchId=m-5069 day=0 fingerprint=e8172298
ACTION_RESPONSE_DAY_OBSERVED matchId=m-5069 submittedDay=0 responseDay=1 delta=1 fingerprint=e8172298
UDON_OBSERVABILITY matchId=m-5069 day=0 predictedDayUdon=16 authoritativeActual=UNAVAILABLE
ACTIONS_ACCEPTED matchId=m-5069 day=0
DAY_STATE_RECEIVED matchId=m-5069 day=0 agents=4
DAY_STATE_RECEIVED matchId=m-5069 day=0 agents=4
DAY_STATE_RECEIVED matchId=m-5069 day=0 agents=4
DAY_STATE_RECEIVED matchId=m-5069 day=0 agents=4
DAY_STATE_RECEIVED matchId=m-5069 day=0 agents=4
DAY_STATE_RECEIVED matchId=m-5069 day=0 agents=4
DAY_STATE_RECEIVED matchId=m-5069 day=0 agents=4
DAY_STATE_RECEIVED matchId=m-5069 day=0 agents=4
DAY_STATE_RECEIVED matchId=m-5069 day=0 agents=4
DAY_STATE_RECEIVED matchId=m-5069 day=0 agents=4
DAY_STATE_RECEIVED matchId=m-5069 day=0 agents=4
DAY_STATE_RECEIVED matchId=m-5069 day=0 agents=4
DAY_STATE_RECEIVED matchId=m-5069 day=0 agents=4
DAY_STATE_RECEIVED matchId=m-5069 day=0 agents=4
DAY_STATE_RECEIVED matchId=m-5069 day=0 agents=4
DAY_STATE_RECEIVED matchId=m-5069 day=0 agents=4
DAY_STATE_RECEIVED matchId=m-5069 day=1 agents=4
PARITY_OBSERVED matchId=m-5069 day=0 position=MATCH patrolFuel=MATCH
DAY_ADVANCED matchId=m-5069 from=0 to=1
NEXT_DAY_HARVEST_CAPACITY_SUMMARY day=1 remainingFutureDays=2 patrolAgents=3 nextDayStepBudget=30 minimumPatrolDistinctSpots=7 minimumPatrolDistinctBrands=4 totalPatrolDistinctSpotCapacity=21 totalPatrolDistinctBrandCapacity=12 routeCostCacheEntries=480 pathfindingExecutions=8
TEAM_REFUEL_HARVEST_HORIZON_NO_ASSIGN day=1 reason=NO_HARVEST_CAPACITY_GAIN currentSemiBrandDelta=0 currentSemiCollectionDelta=0 weakestCapacityDelta=0 totalSpotCapacityDelta=0 totalBrandCapacityDelta=0 fuelRestored=0 arrivalStep=0
TEAM_REFUEL_NO_ASSIGN day=1 reason=NO_POSITIVE_TEAM_VALUE
TEAM_TARGET_SELECT day=1 iteration=1 agent=2 target=58 brand=numeric:0 teamNewBrand=true steps=9 fuel=6
TEAM_TARGET_SELECT day=1 iteration=2 agent=0 target=18 brand=numeric:3 teamNewBrand=false steps=10 fuel=5
TEAM_TARGET_SELECT day=1 iteration=3 agent=0 target=34 brand=numeric:1 teamNewBrand=false steps=4 fuel=2
TEAM_TARGET_SELECT day=1 iteration=4 agent=1 target=20 brand=numeric:0 teamNewBrand=false steps=6 fuel=3
TEAM_TARGET_SELECT day=1 iteration=5 agent=1 target=40 brand=numeric:3 teamNewBrand=false steps=10 fuel=8
TEAM_TARGET_SELECT day=1 iteration=6 agent=2 target=6 brand=numeric:1 teamNewBrand=false steps=17 fuel=10
TEAM_TARGET_SELECT day=1 iteration=7 agent=0 target=40 brand=numeric:3 teamNewBrand=false steps=4 fuel=5
TEAM_TARGET_SELECT day=1 iteration=8 agent=1 target=58 brand=numeric:0 teamNewBrand=false steps=6 fuel=3
TEAM_TARGET_SELECT day=1 iteration=9 agent=0 target=58 brand=numeric:0 teamNewBrand=false steps=6 fuel=3
TEAM_PLAN_VALID day=1
ANYTIME_STRATIFIED_CAPACITY_COMPETITIVE_START day=1 hybridBaseWeight=3 hybridCoupledWeight=1 ownSemiBrands=4 ownSemiCollections=16 coupledOwnCollections=7 opponentBaselineCollections=19 coupledOpponentCollections=16 hybridMarginScore4=-18 budget=64 discoveryBudget=16 qualificationBudget=24 exploitationBudget=24 initialPathfindingExecutions=0 searchPathfindingExecutions=0
M19_CAPACITY_CANDIDATE day=1 seed=CAPACITY_THROUGHPUT variant=0 physicalPlanSignature=0:MUP_LEFT,MUP_LEFT,MLEFT,MLEFT,MDOWN_LEFT,MDOWN_LEFT,MLEFT,MLEFT,MDOWN_LEFT,W14,;1:MUP_LEFT,MUP_LEFT,MLEFT,MLEFT,MDOWN_LEFT,MDOWN_LEFT,MLEFT,MLEFT,MDOWN_LEFT,W14,;2:MDOWN_RIGHT,MUP_RIGHT,MRIGHT,MLEFT,MDOWN_LEFT,MDOWN_LEFT,MLEFT,MLEFT,MDOWN_LEFT,MRIGHT,MRIGHT,MRIGHT,MRIGHT,MRIGHT,MRIGHT,MUP_RIGHT,W3,;3:W30,; totalLogicalClaims=14 distinctClaimedSpots=6 multiClaimSpotCount=4 perAgentClaimCounts=0=4,1=4,2=6 expectedOwnSuccessfulClaims=11 expectedOpponentClaimsBeforeOwn=5 expectedResidualCapacitySum=0 ownSemiBrands=4 ownSemiCollections=13 coupledOwnCollections=4 opponentBaselineCollections=19 coupledOpponentCollections=17 hybridMarginScore4=-31
M19_CAPACITY_CANDIDATE day=1 seed=CAPACITY_BALANCED variant=0 physicalPlanSignature=0:MUP_LEFT,MUP_LEFT,MLEFT,MLEFT,MDOWN_LEFT,MDOWN_LEFT,MDOWN_LEFT,MDOWN_LEFT,MDOWN_RIGHT,W13,;1:MUP_LEFT,MUP_LEFT,MLEFT,MLEFT,MDOWN_LEFT,MDOWN_LEFT,MDOWN_LEFT,MDOWN_LEFT,MDOWN_RIGHT,W13,;2:MDOWN_RIGHT,MDOWN_LEFT,MUP_RIGHT,MUP_RIGHT,MRIGHT,MLEFT,MDOWN_LEFT,MDOWN_LEFT,MDOWN_LEFT,MDOWN_LEFT,MDOWN_RIGHT,MRIGHT,MRIGHT,MUP_RIGHT,MRIGHT,MUP_RIGHT,MUP_RIGHT,;3:W30,; totalLogicalClaims=14 distinctClaimedSpots=6 multiClaimSpotCount=4 perAgentClaimCounts=0=4,1=4,2=6 expectedOwnSuccessfulClaims=11 expectedOpponentClaimsBeforeOwn=5 expectedResidualCapacitySum=0 ownSemiBrands=4 ownSemiCollections=13 coupledOwnCollections=7 opponentBaselineCollections=19 coupledOpponentCollections=15 hybridMarginScore4=-26
M19_CAPACITY_CANDIDATE day=1 seed=CAPACITY_BRAND variant=0 physicalPlanSignature=0:MUP_LEFT,MUP_LEFT,MLEFT,MRIGHT,MUP_RIGHT,MUP_RIGHT,MDOWN_LEFT,MDOWN_LEFT,MLEFT,MLEFT,MDOWN_LEFT,MDOWN_LEFT,MDOWN_LEFT,MDOWN_LEFT,MDOWN_RIGHT,W1,;1:MUP_LEFT,MUP_LEFT,MLEFT,MLEFT,MDOWN_LEFT,MDOWN_LEFT,MDOWN_LEFT,MDOWN_LEFT,MDOWN_RIGHT,W13,;2:MDOWN_RIGHT,MUP_RIGHT,MRIGHT,MLEFT,MDOWN_LEFT,MDOWN_LEFT,MDOWN_LEFT,MDOWN_LEFT,MDOWN_RIGHT,MRIGHT,MRIGHT,MUP_RIGHT,MRIGHT,MUP_RIGHT,MUP_RIGHT,W4,;3:W30,; totalLogicalClaims=14 distinctClaimedSpots=7 multiClaimSpotCount=4 perAgentClaimCounts=0=4,1=4,2=6 expectedOwnSuccessfulClaims=12 expectedOpponentClaimsBeforeOwn=3 expectedResidualCapacitySum=0 ownSemiBrands=4 ownSemiCollections=14 coupledOwnCollections=7 opponentBaselineCollections=19 coupledOpponentCollections=16 hybridMarginScore4=-24
M19_CAPACITY_CANDIDATE day=1 seed=CAPACITY_BRAND variant=1 physicalPlanSignature=0:MUP_LEFT,MUP_LEFT,MLEFT,MLEFT,MDOWN_LEFT,MDOWN_LEFT,MDOWN_LEFT,MDOWN_LEFT,MDOWN_RIGHT,W13,;1:MUP_LEFT,MUP_LEFT,MLEFT,MRIGHT,MUP_RIGHT,MUP_RIGHT,MDOWN_LEFT,MDOWN_LEFT,MLEFT,MLEFT,MDOWN_LEFT,MDOWN_LEFT,MDOWN_LEFT,MDOWN_LEFT,MDOWN_RIGHT,W1,;2:MDOWN_RIGHT,MUP_RIGHT,MRIGHT,MLEFT,MDOWN_LEFT,MDOWN_LEFT,MDOWN_LEFT,MDOWN_LEFT,MDOWN_RIGHT,MRIGHT,MRIGHT,MUP_RIGHT,MRIGHT,MUP_RIGHT,MUP_RIGHT,W4,;3:W30,; totalLogicalClaims=14 distinctClaimedSpots=7 multiClaimSpotCount=4 perAgentClaimCounts=0=4,1=4,2=6 expectedOwnSuccessfulClaims=12 expectedOpponentClaimsBeforeOwn=3 expectedResidualCapacitySum=0 ownSemiBrands=4 ownSemiCollections=14 coupledOwnCollections=7 opponentBaselineCollections=19 coupledOpponentCollections=16 hybridMarginScore4=-24
M19_CAPACITY_CANDIDATE day=1 seed=COMPETITIVE_RESIDUAL variant=0 physicalPlanSignature=0:MUP_LEFT,MUP_LEFT,MLEFT,MLEFT,MDOWN_LEFT,MUP_LEFT,W18,;1:MUP_LEFT,MUP_LEFT,MLEFT,MLEFT,MDOWN_LEFT,W20,;2:MDOWN_RIGHT,MUP_RIGHT,MRIGHT,MLEFT,MDOWN_LEFT,MDOWN_LEFT,MLEFT,MLEFT,MDOWN_LEFT,MRIGHT,MRIGHT,MRIGHT,MRIGHT,MRIGHT,MRIGHT,MUP_RIGHT,W3,;3:W30,; totalLogicalClaims=13 distinctClaimedSpots=6 multiClaimSpotCount=4 perAgentClaimCounts=0=4,1=3,2=6 expectedOwnSuccessfulClaims=9 expectedOpponentClaimsBeforeOwn=7 expectedResidualCapacitySum=0 ownSemiBrands=4 ownSemiCollections=11 coupledOwnCollections=4 opponentBaselineCollections=19 coupledOpponentCollections=17 hybridMarginScore4=-37
M19_CAPACITY_CANDIDATE day=1 seed=COMPETITIVE_RESIDUAL variant=1 physicalPlanSignature=0:MUP_LEFT,MUP_LEFT,MLEFT,MLEFT,MDOWN_LEFT,W20,;1:MUP_LEFT,MUP_LEFT,MLEFT,MLEFT,MDOWN_LEFT,MUP_LEFT,W18,;2:MDOWN_RIGHT,MUP_RIGHT,MRIGHT,MLEFT,MDOWN_LEFT,MDOWN_LEFT,MLEFT,MLEFT,MDOWN_LEFT,MRIGHT,MRIGHT,MRIGHT,MRIGHT,MRIGHT,MRIGHT,MUP_RIGHT,W3,;3:W30,; totalLogicalClaims=13 distinctClaimedSpots=6 multiClaimSpotCount=4 perAgentClaimCounts=0=3,1=4,2=6 expectedOwnSuccessfulClaims=9 expectedOpponentClaimsBeforeOwn=7 expectedResidualCapacitySum=0 ownSemiBrands=4 ownSemiCollections=11 coupledOwnCollections=4 opponentBaselineCollections=19 coupledOpponentCollections=17 hybridMarginScore4=-37
ANYTIME_STRATIFIED_CAPACITY_COMPETITIVE_IMPROVEMENT day=1 improvementCriterion=HYBRID_MARGIN remainingFutureDays=2 ownSemiBrands=4 ownSemiCollections=16 coupledOwnBrands=4 coupledOwnCollections=9 opponentBaselineCollections=19 coupledOpponentCollections=14 hybridOwnScore4=57 hybridOpponentScore4=71 hybridMarginScore4=-14 hybridBaseWeight=3 hybridCoupledWeight=1 plannedOwnOpportunityEvents=17 ownPlannedEventsInvalidatedByOpponent=8 ownPlannedEventsExhaustedByOwnTeam=0 opponentCollectionsRemovedVsBaseline=5 opponentReplacementCollections=0 equalStepContests=1 minimumPatrolDistinctSpots=7 minimumPatrolDistinctBrands=4 totalPatrolDistinctSpotCapacity=21 totalPatrolDistinctBrandCapacity=12 expanded=11 completedPlans=12 improvements=1 strategiesDiscovered=10 strategiesQualified=0 discoveryExpansions=11 qualificationExpansions=0 exploitationExpansions=0 frontierPeak=31 budgetExhausted=false
ANYTIME_STRATIFIED_CAPACITY_COMPETITIVE_IMPROVEMENT day=1 improvementCriterion=SIGNATURE remainingFutureDays=2 ownSemiBrands=4 ownSemiCollections=16 coupledOwnBrands=4 coupledOwnCollections=9 opponentBaselineCollections=19 coupledOpponentCollections=14 hybridOwnScore4=57 hybridOpponentScore4=71 hybridMarginScore4=-14 hybridBaseWeight=3 hybridCoupledWeight=1 plannedOwnOpportunityEvents=17 ownPlannedEventsInvalidatedByOpponent=8 ownPlannedEventsExhaustedByOwnTeam=0 opponentCollectionsRemovedVsBaseline=5 opponentReplacementCollections=0 equalStepContests=1 minimumPatrolDistinctSpots=7 minimumPatrolDistinctBrands=4 totalPatrolDistinctSpotCapacity=21 totalPatrolDistinctBrandCapacity=12 expanded=38 completedPlans=39 improvements=2 strategiesDiscovered=25 strategiesQualified=8 discoveryExpansions=16 qualificationExpansions=22 exploitationExpansions=0 frontierPeak=48 budgetExhausted=false
ANYTIME_STRATIFIED_CAPACITY_COMPETITIVE_IMPROVEMENT day=1 improvementCriterion=HYBRID_MARGIN remainingFutureDays=2 ownSemiBrands=4 ownSemiCollections=17 coupledOwnBrands=4 coupledOwnCollections=9 opponentBaselineCollections=19 coupledOpponentCollections=14 hybridOwnScore4=60 hybridOpponentScore4=71 hybridMarginScore4=-11 hybridBaseWeight=3 hybridCoupledWeight=1 plannedOwnOpportunityEvents=19 ownPlannedEventsInvalidatedByOpponent=9 ownPlannedEventsExhaustedByOwnTeam=1 opponentCollectionsRemovedVsBaseline=5 opponentReplacementCollections=0 equalStepContests=0 minimumPatrolDistinctSpots=7 minimumPatrolDistinctBrands=4 totalPatrolDistinctSpotCapacity=21 totalPatrolDistinctBrandCapacity=12 expanded=45 completedPlans=46 improvements=3 strategiesDiscovered=26 strategiesQualified=8 discoveryExpansions=16 qualificationExpansions=24 exploitationExpansions=5 frontierPeak=48 budgetExhausted=false
ANYTIME_STRATIFIED_CAPACITY_COMPETITIVE_DONE day=1 selectedCandidateOrigin=BASELINE_OR_SEARCH selectedTotalLogicalClaims=NONE selectedDistinctClaimedSpots=NONE selectedMultiClaimSpotCount=NONE selectedPerAgentClaimCounts=NONE selectedExpectedOwnSuccessfulClaims=0 selectedExpectedOpponentClaimsBeforeOwn=0 selectedExpectedResidualCapacitySum=0 selectedOwnSemiBrands=4 selectedOwnSemiCollections=17 selectedHybridMarginScore4=-11 claimCandidateAttempts=16 uniquePhysicalPlans=6 duplicatePhysicalPlansRejected=10 invalidPhysicalPlans=0 capacityThroughputUnique=1 capacityBalancedUnique=1 capacityBrandUnique=2 competitiveResidualUnique=2 relevantCapacitySpots=8 initialPathfindingExecutions=64 candidateGenerationPathfindingExecutions=0 finalPathfindingExecutions=64 expanded=64 completedPlans=65 frontierPeak=48
M19_CAPACITY_SUMMARY day=1 claimCandidateAttempts=16 uniquePhysicalPlans=6 duplicatePhysicalPlansRejected=10 invalidPhysicalPlans=0 capacityThroughputUnique=1 capacityBalancedUnique=1 capacityBrandUnique=2 competitiveResidualUnique=2 selectedCandidateOrigin=BASELINE_OR_SEARCH selectedTotalLogicalClaims=NONE selectedDistinctClaimedSpots=NONE selectedMultiClaimSpotCount=NONE selectedPerAgentClaimCounts=NONE selectedExpectedOwnSuccessfulClaims=0 selectedExpectedOpponentClaimsBeforeOwn=0 selectedExpectedResidualCapacitySum=0 selectedOwnSemiBrands=4 selectedOwnSemiCollections=17 selectedHybridMarginScore4=-11 initialPathfindingExecutions=64 candidateGenerationPathfindingExecutions=0 finalPathfindingExecutions=64 expanded=64 completedPlans=65 frontierPeak=48
LOCAL_PLAN_VALID matchId=m-5069 day=1 mode=CapacityCompetitivePlanner
ACTION_REQUEST_FINGERPRINT matchId=m-5069 day=1 agentCount=4 serializedLength=108 fingerprint=8ca5be6d
ACTION_DURATION_AUDIT matchId=m-5069 day=1 agent=0 dayBudget=30 plannerDuration=30 validatedDuration=30 encodedDuration=30 actionCount=14 finalAction=WAIT(5) paddingApplied=false
ACTION_WIRE_REPLAY_AUDIT matchId=m-5069 day=1 agent=0 dayBudget=30 simulatedDuration=30 wireReplayDuration=30 simulatedEndPosition=40 wireReplayEndPosition=40 simulatedPatrolFuel=33 wireReplayPatrolFuel=33 actionCount=14 durationMatch=true positionMatch=true fuelMatch=true fuelCheckReason=finiteFuelCompared
ACTION_DURATION_AUDIT matchId=m-5069 day=1 agent=1 dayBudget=30 plannerDuration=30 validatedDuration=30 encodedDuration=30 actionCount=16 finalAction=WAIT(4) paddingApplied=false
ACTION_WIRE_REPLAY_AUDIT matchId=m-5069 day=1 agent=1 dayBudget=30 simulatedDuration=30 wireReplayDuration=30 simulatedEndPosition=6 wireReplayEndPosition=6 simulatedPatrolFuel=28 wireReplayPatrolFuel=28 actionCount=16 durationMatch=true positionMatch=true fuelMatch=true fuelCheckReason=finiteFuelCompared
ACTION_DURATION_AUDIT matchId=m-5069 day=1 agent=2 dayBudget=30 plannerDuration=30 validatedDuration=30 encodedDuration=30 actionCount=16 finalAction=WAIT(4) paddingApplied=false
ACTION_WIRE_REPLAY_AUDIT matchId=m-5069 day=1 agent=2 dayBudget=30 simulatedDuration=30 wireReplayDuration=30 simulatedEndPosition=38 wireReplayEndPosition=38 simulatedPatrolFuel=56 wireReplayPatrolFuel=56 actionCount=16 durationMatch=true positionMatch=true fuelMatch=true fuelCheckReason=finiteFuelCompared
ACTION_DURATION_AUDIT matchId=m-5069 day=1 agent=3 dayBudget=30 plannerDuration=30 validatedDuration=30 encodedDuration=30 actionCount=1 finalAction=WAIT(30) paddingApplied=false
ACTION_WIRE_REPLAY_AUDIT matchId=m-5069 day=1 agent=3 dayBudget=30 simulatedDuration=30 wireReplayDuration=30 simulatedEndPosition=44 wireReplayEndPosition=44 simulatedPatrolFuel=UNAVAILABLE wireReplayPatrolFuel=UNAVAILABLE actionCount=1 durationMatch=true positionMatch=true fuelMatch=NA fuelCheckReason=nonPatrolOrUnavailableFuel
ACTIONS_SUBMITTED matchId=m-5069 day=1 fingerprint=8ca5be6d
ACTION_RESPONSE_DAY_OBSERVED matchId=m-5069 submittedDay=1 responseDay=2 delta=1 fingerprint=8ca5be6d
UDON_OBSERVABILITY matchId=m-5069 day=1 predictedDayUdon=18 authoritativeActual=UNAVAILABLE
ACTIONS_ACCEPTED matchId=m-5069 day=1
DAY_STATE_RECEIVED matchId=m-5069 day=1 agents=4
DAY_STATE_RECEIVED matchId=m-5069 day=1 agents=4
DAY_STATE_RECEIVED matchId=m-5069 day=1 agents=4
DAY_STATE_RECEIVED matchId=m-5069 day=1 agents=4
DAY_STATE_RECEIVED matchId=m-5069 day=1 agents=4
DAY_STATE_RECEIVED matchId=m-5069 day=1 agents=4
DAY_STATE_RECEIVED matchId=m-5069 day=1 agents=4
DAY_STATE_RECEIVED matchId=m-5069 day=1 agents=4
DAY_STATE_RECEIVED matchId=m-5069 day=1 agents=4
DAY_STATE_RECEIVED matchId=m-5069 day=1 agents=4
DAY_STATE_RECEIVED matchId=m-5069 day=1 agents=4
DAY_STATE_RECEIVED matchId=m-5069 day=1 agents=4
DAY_STATE_RECEIVED matchId=m-5069 day=1 agents=4
DAY_STATE_RECEIVED matchId=m-5069 day=1 agents=4
DAY_STATE_RECEIVED matchId=m-5069 day=1 agents=4
DAY_STATE_RECEIVED matchId=m-5069 day=1 agents=4
DAY_STATE_RECEIVED matchId=m-5069 day=1 agents=4
DAY_STATE_RECEIVED matchId=m-5069 day=2 agents=4
PARITY_OBSERVED matchId=m-5069 day=1 position=MATCH patrolFuel=MATCH
DAY_ADVANCED matchId=m-5069 from=1 to=2
NEXT_DAY_HARVEST_CAPACITY_SUMMARY day=2 remainingFutureDays=1 patrolAgents=3 nextDayStepBudget=30 minimumPatrolDistinctSpots=7 minimumPatrolDistinctBrands=4 totalPatrolDistinctSpotCapacity=21 totalPatrolDistinctBrandCapacity=12 routeCostCacheEntries=480 pathfindingExecutions=8
TEAM_REFUEL_HARVEST_HORIZON_NO_ASSIGN day=2 reason=NO_HARVEST_CAPACITY_GAIN currentSemiBrandDelta=0 currentSemiCollectionDelta=0 weakestCapacityDelta=0 totalSpotCapacityDelta=0 totalBrandCapacityDelta=0 fuelRestored=0 arrivalStep=0
TEAM_REFUEL_NO_ASSIGN day=2 reason=NO_POSITIVE_TEAM_VALUE
TEAM_TARGET_SELECT day=2 iteration=1 agent=1 target=58 brand=numeric:0 teamNewBrand=true steps=17 fuel=10
TEAM_TARGET_SELECT day=2 iteration=2 agent=0 target=20 brand=numeric:0 teamNewBrand=false steps=10 fuel=8
TEAM_TARGET_SELECT day=2 iteration=3 agent=2 target=18 brand=numeric:3 teamNewBrand=false steps=10 fuel=5
TEAM_TARGET_SELECT day=2 iteration=4 agent=1 target=40 brand=numeric:3 teamNewBrand=false steps=6 fuel=3
TEAM_TARGET_SELECT day=2 iteration=5 agent=2 target=58 brand=numeric:0 teamNewBrand=false steps=9 fuel=6
TEAM_TARGET_SELECT day=2 iteration=6 agent=0 target=18 brand=numeric:3 teamNewBrand=false steps=4 fuel=2
TEAM_TARGET_SELECT day=2 iteration=7 agent=2 target=40 brand=numeric:3 teamNewBrand=false steps=6 fuel=3
TEAM_TARGET_SELECT day=2 iteration=8 agent=0 target=58 brand=numeric:0 teamNewBrand=false steps=9 fuel=6
TEAM_PLAN_VALID day=2
ANYTIME_STRATIFIED_CAPACITY_COMPETITIVE_START day=2 hybridBaseWeight=3 hybridCoupledWeight=1 ownSemiBrands=4 ownSemiCollections=17 coupledOwnCollections=8 opponentBaselineCollections=18 coupledOpponentCollections=15 hybridMarginScore4=-10 budget=64 discoveryBudget=16 qualificationBudget=24 exploitationBudget=24 initialPathfindingExecutions=0 searchPathfindingExecutions=0
M19_CAPACITY_CANDIDATE day=2 seed=CAPACITY_THROUGHPUT variant=0 physicalPlanSignature=0:MUP_RIGHT,MRIGHT,MRIGHT,MUP_RIGHT,MUP_RIGHT,MRIGHT,MRIGHT,MDOWN_RIGHT,MDOWN_RIGHT,W14,;1:MDOWN_LEFT,MDOWN_LEFT,MLEFT,MRIGHT,MDOWN_RIGHT,MDOWN_RIGHT,MLEFT,MLEFT,MLEFT,MUP_LEFT,W10,;2:MUP_LEFT,MUP_LEFT,MLEFT,MLEFT,MDOWN_LEFT,MDOWN_LEFT,MLEFT,MLEFT,MDOWN_LEFT,W14,;3:W30,; totalLogicalClaims=12 distinctClaimedSpots=5 multiClaimSpotCount=4 perAgentClaimCounts=0=4,1=4,2=4 expectedOwnSuccessfulClaims=10 expectedOpponentClaimsBeforeOwn=5 expectedResidualCapacitySum=0 ownSemiBrands=4 ownSemiCollections=13 coupledOwnCollections=9 opponentBaselineCollections=18 coupledOpponentCollections=13 hybridMarginScore4=-19
M19_CAPACITY_CANDIDATE day=2 seed=CAPACITY_BALANCED variant=0 physicalPlanSignature=0:MUP_RIGHT,MRIGHT,MRIGHT,MUP_RIGHT,MDOWN_LEFT,MDOWN_LEFT,MDOWN_LEFT,MDOWN_RIGHT,MUP_LEFT,MUP_RIGHT,MUP_RIGHT,MUP_RIGHT,MUP_LEFT,W8,;1:MDOWN_LEFT,MDOWN_LEFT,MLEFT,MRIGHT,MDOWN_RIGHT,MDOWN_RIGHT,MLEFT,MLEFT,MLEFT,MUP_LEFT,W10,;2:MUP_LEFT,MUP_LEFT,MLEFT,MLEFT,MDOWN_LEFT,MDOWN_LEFT,MDOWN_LEFT,MDOWN_LEFT,MDOWN_RIGHT,W13,;3:W30,; totalLogicalClaims=13 distinctClaimedSpots=7 multiClaimSpotCount=4 perAgentClaimCounts=0=5,1=4,2=4 expectedOwnSuccessfulClaims=12 expectedOpponentClaimsBeforeOwn=4 expectedResidualCapacitySum=0 ownSemiBrands=4 ownSemiCollections=13 coupledOwnCollections=11 opponentBaselineCollections=18 coupledOpponentCollections=12 hybridMarginScore4=-16
M19_CAPACITY_CANDIDATE day=2 seed=CAPACITY_BRAND variant=0 physicalPlanSignature=0:MUP_RIGHT,MRIGHT,MRIGHT,MUP_RIGHT,MDOWN_LEFT,MDOWN_LEFT,MDOWN_LEFT,MDOWN_RIGHT,MUP_LEFT,MUP_RIGHT,MUP_RIGHT,MUP_RIGHT,MUP_RIGHT,MRIGHT,W6,;1:MDOWN_LEFT,MDOWN_LEFT,MLEFT,MLEFT,MDOWN_LEFT,MDOWN_LEFT,MDOWN_LEFT,MDOWN_LEFT,MDOWN_RIGHT,W13,;2:MUP_LEFT,MUP_LEFT,MLEFT,MLEFT,MDOWN_LEFT,MDOWN_LEFT,MDOWN_LEFT,MDOWN_LEFT,MDOWN_RIGHT,MUP_LEFT,MUP_RIGHT,MUP_RIGHT,MUP_RIGHT,MUP_LEFT,W4,;3:W30,; totalLogicalClaims=12 distinctClaimedSpots=8 multiClaimSpotCount=2 perAgentClaimCounts=0=5,1=3,2=4 expectedOwnSuccessfulClaims=11 expectedOpponentClaimsBeforeOwn=2 expectedResidualCapacitySum=0 ownSemiBrands=4 ownSemiCollections=14 coupledOwnCollections=8 opponentBaselineCollections=18 coupledOpponentCollections=15 hybridMarginScore4=-19
M19_CAPACITY_CANDIDATE day=2 seed=CAPACITY_BRAND variant=1 physicalPlanSignature=0:MUP_RIGHT,MRIGHT,MRIGHT,MUP_RIGHT,MDOWN_LEFT,MDOWN_LEFT,MDOWN_LEFT,MDOWN_RIGHT,MUP_LEFT,MUP_RIGHT,MUP_RIGHT,MUP_RIGHT,MUP_RIGHT,MRIGHT,W6,;1:MDOWN_LEFT,MDOWN_LEFT,MLEFT,MLEFT,MLEFT,MDOWN_RIGHT,W18,;2:MUP_LEFT,MUP_LEFT,MLEFT,MLEFT,MDOWN_LEFT,MDOWN_LEFT,MDOWN_LEFT,MDOWN_LEFT,MDOWN_RIGHT,W13,;3:W30,; totalLogicalClaims=13 distinctClaimedSpots=8 multiClaimSpotCount=4 perAgentClaimCounts=0=5,1=4,2=4 expectedOwnSuccessfulClaims=11 expectedOpponentClaimsBeforeOwn=6 expectedResidualCapacitySum=0 ownSemiBrands=4 ownSemiCollections=13 coupledOwnCollections=8 opponentBaselineCollections=18 coupledOpponentCollections=15 hybridMarginScore4=-22
M19_CAPACITY_CANDIDATE day=2 seed=COMPETITIVE_RESIDUAL variant=0 physicalPlanSignature=0:MUP_RIGHT,MRIGHT,MRIGHT,MUP_RIGHT,MDOWN_LEFT,MDOWN_LEFT,MDOWN_LEFT,MDOWN_RIGHT,MRIGHT,MRIGHT,MUP_RIGHT,MRIGHT,MUP_RIGHT,MUP_RIGHT,W8,;1:MDOWN_LEFT,MDOWN_LEFT,MDOWN_RIGHT,MDOWN_RIGHT,MDOWN_LEFT,MDOWN_LEFT,MLEFT,MDOWN_LEFT,MLEFT,MLEFT,W13,;2:MLEFT,MLEFT,MLEFT,MLEFT,MDOWN_LEFT,MDOWN_LEFT,MDOWN_RIGHT,MUP_LEFT,MUP_LEFT,MLEFT,W11,;3:W30,; totalLogicalClaims=12 distinctClaimedSpots=6 multiClaimSpotCount=4 perAgentClaimCounts=0=5,1=3,2=4 expectedOwnSuccessfulClaims=11 expectedOpponentClaimsBeforeOwn=5 expectedResidualCapacitySum=0 ownSemiBrands=4 ownSemiCollections=11 coupledOwnCollections=9 opponentBaselineCollections=18 coupledOpponentCollections=14 hybridMarginScore4=-26
ANYTIME_STRATIFIED_CAPACITY_COMPETITIVE_IMPROVEMENT day=2 improvementCriterion=HYBRID_MARGIN remainingFutureDays=1 ownSemiBrands=4 ownSemiCollections=17 coupledOwnBrands=4 coupledOwnCollections=9 opponentBaselineCollections=18 coupledOpponentCollections=14 hybridOwnScore4=60 hybridOpponentScore4=68 hybridMarginScore4=-8 hybridBaseWeight=3 hybridCoupledWeight=1 plannedOwnOpportunityEvents=19 ownPlannedEventsInvalidatedByOpponent=9 ownPlannedEventsExhaustedByOwnTeam=1 opponentCollectionsRemovedVsBaseline=4 opponentReplacementCollections=3 equalStepContests=6 minimumPatrolDistinctSpots=6 minimumPatrolDistinctBrands=4 totalPatrolDistinctSpotCapacity=19 totalPatrolDistinctBrandCapacity=12 expanded=12 completedPlans=13 improvements=1 strategiesDiscovered=11 strategiesQualified=0 discoveryExpansions=12 qualificationExpansions=0 exploitationExpansions=0 frontierPeak=30 budgetExhausted=false
ANYTIME_STRATIFIED_CAPACITY_COMPETITIVE_IMPROVEMENT day=2 improvementCriterion=HYBRID_MARGIN remainingFutureDays=1 ownSemiBrands=4 ownSemiCollections=17 coupledOwnBrands=4 coupledOwnCollections=10 opponentBaselineCollections=18 coupledOpponentCollections=13 hybridOwnScore4=61 hybridOpponentScore4=67 hybridMarginScore4=-6 hybridBaseWeight=3 hybridCoupledWeight=1 plannedOwnOpportunityEvents=19 ownPlannedEventsInvalidatedByOpponent=8 ownPlannedEventsExhaustedByOwnTeam=1 opponentCollectionsRemovedVsBaseline=5 opponentReplacementCollections=3 equalStepContests=2 minimumPatrolDistinctSpots=6 minimumPatrolDistinctBrands=4 totalPatrolDistinctSpotCapacity=19 totalPatrolDistinctBrandCapacity=12 expanded=52 completedPlans=53 improvements=2 strategiesDiscovered=19 strategiesQualified=8 discoveryExpansions=16 qualificationExpansions=24 exploitationExpansions=12 frontierPeak=48 budgetExhausted=false
ANYTIME_STRATIFIED_CAPACITY_COMPETITIVE_DONE day=2 selectedCandidateOrigin=BASELINE_OR_SEARCH selectedTotalLogicalClaims=NONE selectedDistinctClaimedSpots=NONE selectedMultiClaimSpotCount=NONE selectedPerAgentClaimCounts=NONE selectedExpectedOwnSuccessfulClaims=0 selectedExpectedOpponentClaimsBeforeOwn=0 selectedExpectedResidualCapacitySum=0 selectedOwnSemiBrands=4 selectedOwnSemiCollections=17 selectedHybridMarginScore4=-6 claimCandidateAttempts=16 uniquePhysicalPlans=5 duplicatePhysicalPlansRejected=11 invalidPhysicalPlans=0 capacityThroughputUnique=1 capacityBalancedUnique=1 capacityBrandUnique=2 competitiveResidualUnique=1 relevantCapacitySpots=8 initialPathfindingExecutions=64 candidateGenerationPathfindingExecutions=0 finalPathfindingExecutions=64 expanded=64 completedPlans=65 frontierPeak=48
M19_CAPACITY_SUMMARY day=2 claimCandidateAttempts=16 uniquePhysicalPlans=5 duplicatePhysicalPlansRejected=11 invalidPhysicalPlans=0 capacityThroughputUnique=1 capacityBalancedUnique=1 capacityBrandUnique=2 competitiveResidualUnique=1 selectedCandidateOrigin=BASELINE_OR_SEARCH selectedTotalLogicalClaims=NONE selectedDistinctClaimedSpots=NONE selectedMultiClaimSpotCount=NONE selectedPerAgentClaimCounts=NONE selectedExpectedOwnSuccessfulClaims=0 selectedExpectedOpponentClaimsBeforeOwn=0 selectedExpectedResidualCapacitySum=0 selectedOwnSemiBrands=4 selectedOwnSemiCollections=17 selectedHybridMarginScore4=-6 initialPathfindingExecutions=64 candidateGenerationPathfindingExecutions=0 finalPathfindingExecutions=64 expanded=64 completedPlans=65 frontierPeak=48
LOCAL_PLAN_VALID matchId=m-5069 day=2 mode=CapacityCompetitivePlanner
ACTION_REQUEST_FINGERPRINT matchId=m-5069 day=2 agentCount=4 serializedLength=107 fingerprint=49423809
ACTION_DURATION_AUDIT matchId=m-5069 day=2 agent=0 dayBudget=30 plannerDuration=30 validatedDuration=30 encodedDuration=30 actionCount=16 finalAction=WAIT(5) paddingApplied=false
ACTION_WIRE_REPLAY_AUDIT matchId=m-5069 day=2 agent=0 dayBudget=30 simulatedDuration=30 wireReplayDuration=30 simulatedEndPosition=58 wireReplayEndPosition=58 simulatedPatrolFuel=13 wireReplayPatrolFuel=13 actionCount=16 durationMatch=true positionMatch=true fuelMatch=true fuelCheckReason=finiteFuelCompared
ACTION_DURATION_AUDIT matchId=m-5069 day=2 agent=1 dayBudget=30 plannerDuration=30 validatedDuration=30 encodedDuration=30 actionCount=14 finalAction=WAIT(7) paddingApplied=false
ACTION_WIRE_REPLAY_AUDIT matchId=m-5069 day=2 agent=1 dayBudget=30 simulatedDuration=30 wireReplayDuration=30 simulatedEndPosition=18 wireReplayEndPosition=18 simulatedPatrolFuel=12 wireReplayPatrolFuel=12 actionCount=14 durationMatch=true positionMatch=true fuelMatch=true fuelCheckReason=finiteFuelCompared
ACTION_DURATION_AUDIT matchId=m-5069 day=2 agent=2 dayBudget=30 plannerDuration=30 validatedDuration=30 encodedDuration=30 actionCount=16 finalAction=MOVE(DOWN_RIGHT) paddingApplied=false
ACTION_WIRE_REPLAY_AUDIT matchId=m-5069 day=2 agent=2 dayBudget=30 simulatedDuration=30 wireReplayDuration=30 simulatedEndPosition=58 wireReplayEndPosition=58 simulatedPatrolFuel=38 wireReplayPatrolFuel=38 actionCount=16 durationMatch=true positionMatch=true fuelMatch=true fuelCheckReason=finiteFuelCompared
ACTION_DURATION_AUDIT matchId=m-5069 day=2 agent=3 dayBudget=30 plannerDuration=30 validatedDuration=30 encodedDuration=30 actionCount=1 finalAction=WAIT(30) paddingApplied=false
ACTION_WIRE_REPLAY_AUDIT matchId=m-5069 day=2 agent=3 dayBudget=30 simulatedDuration=30 wireReplayDuration=30 simulatedEndPosition=44 wireReplayEndPosition=44 simulatedPatrolFuel=UNAVAILABLE wireReplayPatrolFuel=UNAVAILABLE actionCount=1 durationMatch=true positionMatch=true fuelMatch=NA fuelCheckReason=nonPatrolOrUnavailableFuel
ACTIONS_SUBMITTED matchId=m-5069 day=2 fingerprint=49423809
ACTION_RESPONSE_DAY_OBSERVED matchId=m-5069 submittedDay=2 responseDay=3 delta=1 fingerprint=49423809
UDON_OBSERVABILITY matchId=m-5069 day=2 predictedDayUdon=18 authoritativeActual=UNAVAILABLE
ACTIONS_ACCEPTED matchId=m-5069 day=2
DAY_STATE_RECEIVED matchId=m-5069 day=2 agents=4
DAY_STATE_RECEIVED matchId=m-5069 day=2 agents=4
DAY_STATE_RECEIVED matchId=m-5069 day=2 agents=4
DAY_STATE_RECEIVED matchId=m-5069 day=2 agents=4
DAY_STATE_RECEIVED matchId=m-5069 day=2 agents=4
DAY_STATE_RECEIVED matchId=m-5069 day=2 agents=4
DAY_STATE_RECEIVED matchId=m-5069 day=2 agents=4
DAY_STATE_RECEIVED matchId=m-5069 day=2 agents=4
DAY_STATE_RECEIVED matchId=m-5069 day=2 agents=4
DAY_STATE_RECEIVED matchId=m-5069 day=2 agents=4
DAY_STATE_RECEIVED matchId=m-5069 day=2 agents=4
DAY_STATE_RECEIVED matchId=m-5069 day=2 agents=4
DAY_STATE_RECEIVED matchId=m-5069 day=2 agents=4
DAY_STATE_RECEIVED matchId=m-5069 day=2 agents=4
DAY_STATE_RECEIVED matchId=m-5069 day=2 agents=4
DAY_STATE_RECEIVED matchId=m-5069 day=2 agents=4
DAY_STATE_RECEIVED matchId=m-5069 day=2 agents=4
DAY_STATE_RECEIVED matchId=m-5069 day=3 agents=4
PARITY_OBSERVED matchId=m-5069 day=2 position=MATCH patrolFuel=MATCH
DAY_ADVANCED matchId=m-5069 from=2 to=3
NEXT_DAY_HARVEST_CAPACITY_SUMMARY day=3 remainingFutureDays=0 patrolAgents=3 nextDayStepBudget=0 minimumPatrolDistinctSpots=0 minimumPatrolDistinctBrands=0 totalPatrolDistinctSpotCapacity=0 totalPatrolDistinctBrandCapacity=0 routeCostCacheEntries=0 pathfindingExecutions=0
TEAM_REFUEL_HARVEST_HORIZON_ASSIGN day=3 refuelAgent=3 patrolAgent=0 currentSemiBrandDelta=0 currentSemiCollectionDelta=1 minimumSpotCapacityDelta=0 minimumBrandCapacityDelta=0 totalSpotCapacityDelta=0 totalBrandCapacityDelta=0 fuelRestored=47 arrivalStep=5
TEAM_REFUEL_ASSIGN day=3 refuelAgent=3 patrolAgent=0 projectedBrandGain=0 projectedCollectionGain=1 arrivalStep=5
TEAM_TARGET_SELECT day=3 iteration=1 agent=0 target=6 brand=numeric:1 teamNewBrand=true steps=17 fuel=10
TEAM_TARGET_SELECT day=3 iteration=2 agent=2 target=18 brand=numeric:3 teamNewBrand=false steps=9 fuel=6
TEAM_TARGET_SELECT day=3 iteration=3 agent=1 target=58 brand=numeric:0 teamNewBrand=false steps=9 fuel=6
TEAM_TARGET_SELECT day=3 iteration=4 agent=2 target=38 brand=numeric:2 teamNewBrand=false steps=10 fuel=5
TEAM_TARGET_SELECT day=3 iteration=5 agent=1 target=40 brand=numeric:3 teamNewBrand=false steps=6 fuel=3
TEAM_TARGET_SELECT day=3 iteration=6 agent=0 target=38 brand=numeric:2 teamNewBrand=false steps=8 fuel=4
TEAM_TARGET_SELECT day=3 iteration=7 agent=2 target=40 brand=numeric:3 teamNewBrand=false steps=11 fuel=10
TEAM_PLAN_VALID day=3
ANYTIME_STRATIFIED_CAPACITY_COMPETITIVE_START day=3 hybridBaseWeight=3 hybridCoupledWeight=1 ownSemiBrands=4 ownSemiCollections=17 coupledOwnCollections=10 opponentBaselineCollections=19 coupledOpponentCollections=13 hybridMarginScore4=-9 budget=64 discoveryBudget=16 qualificationBudget=24 exploitationBudget=24 initialPathfindingExecutions=0 searchPathfindingExecutions=0
M19_CAPACITY_CANDIDATE day=3 seed=CAPACITY_THROUGHPUT variant=0 physicalPlanSignature=0:MUP_LEFT,MUP_RIGHT,MUP_RIGHT,MUP_RIGHT,MDOWN_RIGHT,MRIGHT,MRIGHT,MRIGHT,MUP_LEFT,MUP_LEFT,MLEFT,W9,;1:MDOWN_RIGHT,MUP_RIGHT,MRIGHT,MLEFT,MDOWN_LEFT,MDOWN_LEFT,MDOWN_LEFT,MDOWN_LEFT,MDOWN_RIGHT,W13,;2:MUP_LEFT,MUP_RIGHT,MUP_RIGHT,MUP_RIGHT,MDOWN_RIGHT,MRIGHT,MRIGHT,MRIGHT,MUP_LEFT,MUP_LEFT,MLEFT,W9,;3:W30,; totalLogicalClaims=14 distinctClaimedSpots=6 multiClaimSpotCount=4 perAgentClaimCounts=0=4,1=6,2=4 expectedOwnSuccessfulClaims=12 expectedOpponentClaimsBeforeOwn=5 expectedResidualCapacitySum=0 ownSemiBrands=4 ownSemiCollections=13 coupledOwnCollections=10 opponentBaselineCollections=19 coupledOpponentCollections=13 hybridMarginScore4=-21
M19_CAPACITY_CANDIDATE day=3 seed=CAPACITY_BRAND variant=0 physicalPlanSignature=0:MUP_LEFT,MUP_RIGHT,MUP_RIGHT,MLEFT,MLEFT,MDOWN_LEFT,W21,;1:MDOWN_RIGHT,MUP_RIGHT,MRIGHT,MLEFT,MDOWN_LEFT,MDOWN_LEFT,MDOWN_LEFT,MDOWN_LEFT,MDOWN_RIGHT,W13,;2:MUP_LEFT,MUP_RIGHT,MUP_RIGHT,MUP_RIGHT,MUP_LEFT,MRIGHT,MRIGHT,W17,;3:W30,; totalLogicalClaims=14 distinctClaimedSpots=7 multiClaimSpotCount=5 perAgentClaimCounts=0=5,1=5,2=4 expectedOwnSuccessfulClaims=11 expectedOpponentClaimsBeforeOwn=5 expectedResidualCapacitySum=0 ownSemiBrands=4 ownSemiCollections=12 coupledOwnCollections=8 opponentBaselineCollections=19 coupledOpponentCollections=14 hybridMarginScore4=-27
M19_CAPACITY_CANDIDATE day=3 seed=CAPACITY_BRAND variant=1 physicalPlanSignature=0:MUP_LEFT,MUP_RIGHT,MUP_RIGHT,MUP_RIGHT,MUP_LEFT,MRIGHT,MRIGHT,W17,;1:MDOWN_RIGHT,MUP_RIGHT,MRIGHT,MLEFT,MDOWN_LEFT,MDOWN_LEFT,MDOWN_LEFT,MDOWN_LEFT,MDOWN_RIGHT,W13,;2:MUP_LEFT,MUP_RIGHT,MUP_RIGHT,MLEFT,MLEFT,MDOWN_LEFT,MUP_RIGHT,MRIGHT,MRIGHT,MUP_RIGHT,MUP_RIGHT,MRIGHT,W11,;3:W30,; totalLogicalClaims=14 distinctClaimedSpots=7 multiClaimSpotCount=5 perAgentClaimCounts=0=4,1=5,2=5 expectedOwnSuccessfulClaims=11 expectedOpponentClaimsBeforeOwn=5 expectedResidualCapacitySum=0 ownSemiBrands=4 ownSemiCollections=13 coupledOwnCollections=8 opponentBaselineCollections=19 coupledOpponentCollections=14 hybridMarginScore4=-24
ANYTIME_STRATIFIED_CAPACITY_COMPETITIVE_DONE day=3 selectedCandidateOrigin=BASELINE_OR_SEARCH selectedTotalLogicalClaims=NONE selectedDistinctClaimedSpots=NONE selectedMultiClaimSpotCount=NONE selectedPerAgentClaimCounts=NONE selectedExpectedOwnSuccessfulClaims=0 selectedExpectedOpponentClaimsBeforeOwn=0 selectedExpectedResidualCapacitySum=0 selectedOwnSemiBrands=4 selectedOwnSemiCollections=17 selectedHybridMarginScore4=-9 claimCandidateAttempts=16 uniquePhysicalPlans=3 duplicatePhysicalPlansRejected=13 invalidPhysicalPlans=0 capacityThroughputUnique=1 capacityBalancedUnique=0 capacityBrandUnique=2 competitiveResidualUnique=0 relevantCapacitySpots=8 initialPathfindingExecutions=64 candidateGenerationPathfindingExecutions=0 finalPathfindingExecutions=64 expanded=64 completedPlans=65 frontierPeak=48
M19_CAPACITY_SUMMARY day=3 claimCandidateAttempts=16 uniquePhysicalPlans=3 duplicatePhysicalPlansRejected=13 invalidPhysicalPlans=0 capacityThroughputUnique=1 capacityBalancedUnique=0 capacityBrandUnique=2 competitiveResidualUnique=0 selectedCandidateOrigin=BASELINE_OR_SEARCH selectedTotalLogicalClaims=NONE selectedDistinctClaimedSpots=NONE selectedMultiClaimSpotCount=NONE selectedPerAgentClaimCounts=NONE selectedExpectedOwnSuccessfulClaims=0 selectedExpectedOpponentClaimsBeforeOwn=0 selectedExpectedResidualCapacitySum=0 selectedOwnSemiBrands=4 selectedOwnSemiCollections=17 selectedHybridMarginScore4=-9 initialPathfindingExecutions=64 candidateGenerationPathfindingExecutions=0 finalPathfindingExecutions=64 expanded=64 completedPlans=65 frontierPeak=48
LOCAL_PLAN_VALID matchId=m-5069 day=3 mode=CapacityCompetitivePlanner
ACTION_REQUEST_FINGERPRINT matchId=m-5069 day=3 agentCount=4 serializedLength=102 fingerprint=7cdfb4c2
ACTION_DURATION_AUDIT matchId=m-5069 day=3 agent=0 dayBudget=30 plannerDuration=30 validatedDuration=30 encodedDuration=30 actionCount=14 finalAction=MOVE(DOWN_RIGHT) paddingApplied=false
ACTION_WIRE_REPLAY_AUDIT matchId=m-5069 day=3 agent=0 dayBudget=30 simulatedDuration=30 wireReplayDuration=30 simulatedEndPosition=38 wireReplayEndPosition=38 simulatedPatrolFuel=46 wireReplayPatrolFuel=46 actionCount=14 durationMatch=true positionMatch=true fuelMatch=true fuelCheckReason=finiteFuelCompared
ACTION_DURATION_AUDIT matchId=m-5069 day=3 agent=1 dayBudget=30 plannerDuration=30 validatedDuration=30 encodedDuration=30 actionCount=9 finalAction=WAIT(15) paddingApplied=false
ACTION_WIRE_REPLAY_AUDIT matchId=m-5069 day=3 agent=1 dayBudget=30 simulatedDuration=30 wireReplayDuration=30 simulatedEndPosition=40 wireReplayEndPosition=40 simulatedPatrolFuel=57 wireReplayPatrolFuel=57 actionCount=9 durationMatch=true positionMatch=true fuelMatch=true fuelCheckReason=finiteFuelCompared
ACTION_DURATION_AUDIT matchId=m-5069 day=3 agent=2 dayBudget=30 plannerDuration=30 validatedDuration=30 encodedDuration=30 actionCount=17 finalAction=MOVE(LEFT) paddingApplied=false
ACTION_WIRE_REPLAY_AUDIT matchId=m-5069 day=3 agent=2 dayBudget=30 simulatedDuration=30 wireReplayDuration=30 simulatedEndPosition=40 wireReplayEndPosition=40 simulatedPatrolFuel=17 wireReplayPatrolFuel=17 actionCount=17 durationMatch=true positionMatch=true fuelMatch=true fuelCheckReason=finiteFuelCompared
ACTION_DURATION_AUDIT matchId=m-5069 day=3 agent=3 dayBudget=30 plannerDuration=30 validatedDuration=30 encodedDuration=30 actionCount=4 finalAction=WAIT(25) paddingApplied=false
ACTION_WIRE_REPLAY_AUDIT matchId=m-5069 day=3 agent=3 dayBudget=30 simulatedDuration=30 wireReplayDuration=30 simulatedEndPosition=58 wireReplayEndPosition=58 simulatedPatrolFuel=UNAVAILABLE wireReplayPatrolFuel=UNAVAILABLE actionCount=4 durationMatch=true positionMatch=true fuelMatch=NA fuelCheckReason=nonPatrolOrUnavailableFuel
ACTIONS_SUBMITTED matchId=m-5069 day=3 fingerprint=7cdfb4c2
ACTION_RESPONSE_DAY_OBSERVED matchId=m-5069 submittedDay=3 responseDay=4 delta=1 fingerprint=7cdfb4c2
UDON_OBSERVABILITY matchId=m-5069 day=3 predictedDayUdon=17 authoritativeActual=UNAVAILABLE
ACTIONS_ACCEPTED matchId=m-5069 day=3
RESULT_WAITING matchId=m-5069 httpStatus=425
RESULT_WAITING matchId=m-5069 httpStatus=425
RESULT_WAITING matchId=m-5069 httpStatus=425
RESULT_WAITING matchId=m-5069 httpStatus=425
RESULT_WAITING matchId=m-5069 httpStatus=425
RESULT_WAITING matchId=m-5069 httpStatus=425
RESULT_WAITING matchId=m-5069 httpStatus=425
RESULT_WAITING matchId=m-5069 httpStatus=425
RESULT_WAITING matchId=m-5069 httpStatus=425
RESULT_WAITING matchId=m-5069 httpStatus=425
RESULT_WAITING matchId=m-5069 httpStatus=425
RESULT_WAITING matchId=m-5069 httpStatus=425
RESULT_WAITING matchId=m-5069 httpStatus=425
RESULT_WAITING matchId=m-5069 httpStatus=425
RESULT_WAITING matchId=m-5069 httpStatus=425
RESULT_WAITING matchId=m-5069 httpStatus=425
RESULT_WAITING matchId=m-5069 httpStatus=425
RESULT_WAITING matchId=m-5069 httpStatus=425
RESULT_WAITING matchId=m-5069 httpStatus=425
RESULT_RECEIVED matchId=m-5069 submittedDays=4
FINAL matchId=m-5069 submittedDays=4 rateLimits=0 result={"protocol_version":"v0.1-draft","type":"match_result","match_id":"m-5069","standings":[{"rank":1,"team_id":"team-B","udon_types":4,"daily_types_sum":16,"udon_total":70,"response_ms_total":1750},{"rank":2,"team_id":"team-A","udon_types":4,"daily_types_sum":16,"udon_total":61,"response_ms_total":1913}]}
