CONFIG_LOADED baseUrl=https://procon.ptit.edu.vn matchId=m-2923 plannerMode=ANYTIME_RISK_ADJUSTED PROCON_TOKEN=<set>
SETUP_WAITING matchId=m-2923
SETUP_RECEIVED matchId=m-2923 agents=4 days=4
ASSIGNMENT_SUBMITTED matchId=m-2923 agents=4
ASSIGNMENT_ACCEPTED matchId=m-2923 agents=4
MATCH_STARTED matchId=m-2923
DAY_STATE_RECEIVED matchId=m-2923 day=0 agents=4
TEAM_REFUEL_NO_ASSIGN day=0 reason=NO_POSITIVE_TEAM_VALUE
TEAM_TARGET_SELECT day=0 iteration=1 agent=1 target=48 brand=numeric:3 teamNewBrand=true steps=8 fuel=4
TEAM_TARGET_SELECT day=0 iteration=2 agent=1 target=12 brand=numeric:0 teamNewBrand=true steps=10 fuel=8
TEAM_TARGET_SELECT day=0 iteration=3 agent=2 target=0 brand=numeric:2 teamNewBrand=true steps=11 fuel=7
TEAM_TARGET_SELECT day=0 iteration=4 agent=0 target=48 brand=numeric:3 teamNewBrand=false steps=10 fuel=8
TEAM_TARGET_SELECT day=0 iteration=5 agent=2 target=51 brand=numeric:1 teamNewBrand=false steps=12 fuel=6
TEAM_TARGET_SELECT day=0 iteration=6 agent=0 target=51 brand=numeric:1 teamNewBrand=false steps=6 fuel=3
TEAM_TARGET_SELECT day=0 iteration=7 agent=0 target=23 brand=numeric:2 teamNewBrand=false steps=9 fuel=9
TEAM_TARGET_SELECT day=0 iteration=8 agent=1 target=0 brand=numeric:2 teamNewBrand=false steps=8 fuel=4
TEAM_TARGET_SELECT day=0 iteration=9 agent=2 target=36 brand=numeric:1 teamNewBrand=false steps=4 fuel=2
TEAM_PLAN_VALID day=0
ANYTIME_HARVEST_START day=0 incumbentBrands=4 incumbentUdon=15 budget=64
ANYTIME_HARVEST_IMPROVEMENT day=0 brands=4 udon=16 expanded=12
ANYTIME_HARVEST_DONE day=0 brands=4 udon=16 expanded=64 coverageExpanded=3 harvestExpanded=61 generatedCandidates=206 retainedCandidates=110 prunedByTopK=96 improvements=1 safeProjected=0 tiedProjected=0 contestedProjected=0 unobservedProjected=0 stronglyContestedProjected=0 budgetExhausted=true
CONTENTION_SUMMARY day=0 observedGroups=1 observedAgents=4 spotsConsidered=8 safeSpots=0 tiedSpots=5 contestedSpots=3 unobservedSpots=0
ANYTIME_RISK_ADJUSTED_START day=0 incumbentBrands=4 incumbentRawUdon=16 incumbentAdjustedScore=17 budget=64
ANYTIME_RISK_ADJUSTED_DONE day=0 brands=4 rawUdon=16 adjustedScore=17 safeProjected=0 tiedProjected=1 riskProjected=15 unobservedProjected=0 expanded=64 completedPlans=65 improvements=0 budgetExhausted=true
LOCAL_PLAN_VALID matchId=m-2923 day=0 mode=RiskAdjustedAnytimePlanner
ACTIONS_SUBMITTED matchId=m-2923 day=0
UDON_OBSERVABILITY matchId=m-2923 day=0 predictedDayUdon=16 authoritativeActual=UNAVAILABLE
ACTIONS_ACCEPTED matchId=m-2923 day=0
DAY_STATE_RECEIVED matchId=m-2923 day=0 agents=4
DAY_STATE_RECEIVED matchId=m-2923 day=0 agents=4
DAY_STATE_RECEIVED matchId=m-2923 day=0 agents=4
DAY_STATE_RECEIVED matchId=m-2923 day=0 agents=4
DAY_STATE_RECEIVED matchId=m-2923 day=0 agents=4
DAY_STATE_RECEIVED matchId=m-2923 day=0 agents=4
DAY_STATE_RECEIVED matchId=m-2923 day=0 agents=4
DAY_STATE_RECEIVED matchId=m-2923 day=0 agents=4
DAY_STATE_RECEIVED matchId=m-2923 day=0 agents=4
DAY_STATE_RECEIVED matchId=m-2923 day=0 agents=4
DAY_STATE_RECEIVED matchId=m-2923 day=0 agents=4
DAY_STATE_RECEIVED matchId=m-2923 day=0 agents=4
DAY_STATE_RECEIVED matchId=m-2923 day=0 agents=4
DAY_STATE_RECEIVED matchId=m-2923 day=0 agents=4
DAY_STATE_RECEIVED matchId=m-2923 day=0 agents=4
DAY_STATE_RECEIVED matchId=m-2923 day=1 agents=4
PARITY_OBSERVED matchId=m-2923 day=0 position=MATCH patrolFuel=MATCH
DAY_ADVANCED matchId=m-2923 from=0 to=1
TEAM_REFUEL_NO_ASSIGN day=1 reason=NO_POSITIVE_TEAM_VALUE
TEAM_TARGET_SELECT day=1 iteration=1 agent=0 target=48 brand=numeric:3 teamNewBrand=true steps=10 fuel=8
TEAM_TARGET_SELECT day=1 iteration=2 agent=1 target=51 brand=numeric:1 teamNewBrand=false steps=9 fuel=9
TEAM_TARGET_SELECT day=1 iteration=3 agent=1 target=16 brand=numeric:3 teamNewBrand=false steps=9 fuel=6
TEAM_TARGET_SELECT day=1 iteration=4 agent=2 target=12 brand=numeric:0 teamNewBrand=false steps=4 fuel=5
TEAM_TARGET_SELECT day=1 iteration=5 agent=2 target=48 brand=numeric:3 teamNewBrand=false steps=10 fuel=8
TEAM_TARGET_SELECT day=1 iteration=6 agent=0 target=51 brand=numeric:1 teamNewBrand=false steps=6 fuel=3
TEAM_TARGET_SELECT day=1 iteration=7 agent=2 target=0 brand=numeric:2 teamNewBrand=false steps=11 fuel=7
TEAM_TARGET_SELECT day=1 iteration=8 agent=0 target=0 brand=numeric:2 teamNewBrand=false steps=12 fuel=6
TEAM_TARGET_SELECT day=1 iteration=9 agent=1 target=0 brand=numeric:2 teamNewBrand=false steps=4 fuel=2
TEAM_TARGET_SELECT day=1 iteration=10 agent=1 target=12 brand=numeric:0 teamNewBrand=false steps=8 fuel=4
TEAM_PLAN_VALID day=1
ANYTIME_HARVEST_START day=1 incumbentBrands=4 incumbentUdon=17 budget=64
ANYTIME_HARVEST_IMPROVEMENT day=1 brands=4 udon=17 expanded=11
ANYTIME_HARVEST_IMPROVEMENT day=1 brands=4 udon=18 expanded=12
ANYTIME_HARVEST_DONE day=1 brands=4 udon=18 expanded=64 coverageExpanded=1 harvestExpanded=63 generatedCandidates=198 retainedCandidates=132 prunedByTopK=66 improvements=2 safeProjected=0 tiedProjected=0 contestedProjected=0 unobservedProjected=0 stronglyContestedProjected=0 budgetExhausted=true
CONTENTION_SUMMARY day=1 observedGroups=1 observedAgents=4 spotsConsidered=8 safeSpots=2 tiedSpots=3 contestedSpots=3 unobservedSpots=0
ANYTIME_RISK_ADJUSTED_START day=1 incumbentBrands=4 incumbentRawUdon=18 incumbentAdjustedScore=26 budget=64
ANYTIME_RISK_ADJUSTED_DONE day=1 brands=4 rawUdon=18 adjustedScore=26 safeProjected=2 tiedProjected=2 riskProjected=14 unobservedProjected=0 expanded=64 completedPlans=65 improvements=0 budgetExhausted=true
LOCAL_PLAN_VALID matchId=m-2923 day=1 mode=RiskAdjustedAnytimePlanner
ACTIONS_SUBMITTED matchId=m-2923 day=1
UDON_OBSERVABILITY matchId=m-2923 day=1 predictedDayUdon=18 authoritativeActual=UNAVAILABLE
ACTIONS_ACCEPTED matchId=m-2923 day=1
DAY_STATE_RECEIVED matchId=m-2923 day=1 agents=4
DAY_STATE_RECEIVED matchId=m-2923 day=1 agents=4
DAY_STATE_RECEIVED matchId=m-2923 day=1 agents=4
DAY_STATE_RECEIVED matchId=m-2923 day=1 agents=4
DAY_STATE_RECEIVED matchId=m-2923 day=1 agents=4
DAY_STATE_RECEIVED matchId=m-2923 day=1 agents=4
DAY_STATE_RECEIVED matchId=m-2923 day=1 agents=4
DAY_STATE_RECEIVED matchId=m-2923 day=1 agents=4
DAY_STATE_RECEIVED matchId=m-2923 day=1 agents=4
DAY_STATE_RECEIVED matchId=m-2923 day=1 agents=4
DAY_STATE_RECEIVED matchId=m-2923 day=1 agents=4
DAY_STATE_RECEIVED matchId=m-2923 day=1 agents=4
DAY_STATE_RECEIVED matchId=m-2923 day=1 agents=4
DAY_STATE_RECEIVED matchId=m-2923 day=1 agents=4
DAY_STATE_RECEIVED matchId=m-2923 day=1 agents=4
DAY_STATE_RECEIVED matchId=m-2923 day=1 agents=4
DAY_STATE_RECEIVED matchId=m-2923 day=1 agents=4
DAY_STATE_RECEIVED matchId=m-2923 day=2 agents=4
PARITY_OBSERVED matchId=m-2923 day=1 position=MATCH patrolFuel=MATCH
DAY_ADVANCED matchId=m-2923 from=1 to=2
TEAM_REFUEL_NO_ASSIGN day=2 reason=NO_POSITIVE_TEAM_VALUE
TEAM_TARGET_SELECT day=2 iteration=1 agent=1 target=48 brand=numeric:3 teamNewBrand=true steps=11 fuel=7
TEAM_TARGET_SELECT day=2 iteration=2 agent=0 target=51 brand=numeric:1 teamNewBrand=true steps=12 fuel=6
TEAM_TARGET_SELECT day=2 iteration=3 agent=2 target=48 brand=numeric:3 teamNewBrand=false steps=11 fuel=7
TEAM_TARGET_SELECT day=2 iteration=4 agent=1 target=0 brand=numeric:2 teamNewBrand=false steps=11 fuel=7
TEAM_TARGET_SELECT day=2 iteration=5 agent=2 target=51 brand=numeric:1 teamNewBrand=false steps=6 fuel=3
TEAM_TARGET_SELECT day=2 iteration=6 agent=2 target=23 brand=numeric:2 teamNewBrand=false steps=9 fuel=9
TEAM_TARGET_SELECT day=2 iteration=7 agent=0 target=48 brand=numeric:3 teamNewBrand=false steps=6 fuel=3
TEAM_TARGET_SELECT day=2 iteration=8 agent=0 target=36 brand=numeric:1 teamNewBrand=false steps=10 fuel=5
TEAM_PLAN_VALID day=2
ANYTIME_HARVEST_START day=2 incumbentBrands=4 incumbentUdon=16 budget=64
ANYTIME_HARVEST_IMPROVEMENT day=2 brands=4 udon=16 expanded=9
ANYTIME_HARVEST_IMPROVEMENT day=2 brands=4 udon=16 expanded=23
ANYTIME_HARVEST_IMPROVEMENT day=2 brands=4 udon=16 expanded=36
ANYTIME_HARVEST_IMPROVEMENT day=2 brands=4 udon=17 expanded=37
ANYTIME_HARVEST_IMPROVEMENT day=2 brands=4 udon=17 expanded=45
ANYTIME_HARVEST_DONE day=2 brands=4 udon=17 expanded=64 coverageExpanded=2 harvestExpanded=62 generatedCandidates=183 retainedCandidates=115 prunedByTopK=68 improvements=5 safeProjected=0 tiedProjected=0 contestedProjected=0 unobservedProjected=0 stronglyContestedProjected=0 budgetExhausted=true
CONTENTION_SUMMARY day=2 observedGroups=1 observedAgents=4 spotsConsidered=8 safeSpots=2 tiedSpots=4 contestedSpots=2 unobservedSpots=0
ANYTIME_RISK_ADJUSTED_START day=2 incumbentBrands=4 incumbentRawUdon=17 incumbentAdjustedScore=22 budget=64
ANYTIME_RISK_ADJUSTED_IMPROVEMENT day=2 brands=4 rawUdon=15 adjustedScore=23 expanded=10
ANYTIME_RISK_ADJUSTED_IMPROVEMENT day=2 brands=4 rawUdon=16 adjustedScore=24 expanded=11
ANYTIME_RISK_ADJUSTED_IMPROVEMENT day=2 brands=4 rawUdon=16 adjustedScore=24 expanded=12
ANYTIME_RISK_ADJUSTED_IMPROVEMENT day=2 brands=4 rawUdon=16 adjustedScore=24 expanded=28
ANYTIME_RISK_ADJUSTED_IMPROVEMENT day=2 brands=4 rawUdon=17 adjustedScore=25 expanded=29
ANYTIME_RISK_ADJUSTED_IMPROVEMENT day=2 brands=4 rawUdon=17 adjustedScore=25 expanded=30
ANYTIME_RISK_ADJUSTED_DONE day=2 brands=4 rawUdon=17 adjustedScore=25 safeProjected=2 tiedProjected=2 riskProjected=13 unobservedProjected=0 expanded=64 completedPlans=65 improvements=6 budgetExhausted=true
LOCAL_PLAN_VALID matchId=m-2923 day=2 mode=RiskAdjustedAnytimePlanner
ACTIONS_SUBMITTED matchId=m-2923 day=2
UDON_OBSERVABILITY matchId=m-2923 day=2 predictedDayUdon=17 authoritativeActual=UNAVAILABLE
ACTIONS_ACCEPTED matchId=m-2923 day=2
DAY_STATE_RECEIVED matchId=m-2923 day=2 agents=4
DAY_STATE_RECEIVED matchId=m-2923 day=2 agents=4
DAY_STATE_RECEIVED matchId=m-2923 day=2 agents=4
DAY_STATE_RECEIVED matchId=m-2923 day=2 agents=4
DAY_STATE_RECEIVED matchId=m-2923 day=2 agents=4
DAY_STATE_RECEIVED matchId=m-2923 day=2 agents=4
DAY_STATE_RECEIVED matchId=m-2923 day=2 agents=4
DAY_STATE_RECEIVED matchId=m-2923 day=2 agents=4
DAY_STATE_RECEIVED matchId=m-2923 day=2 agents=4
DAY_STATE_RECEIVED matchId=m-2923 day=2 agents=4
DAY_STATE_RECEIVED matchId=m-2923 day=2 agents=4
DAY_STATE_RECEIVED matchId=m-2923 day=2 agents=4
DAY_STATE_RECEIVED matchId=m-2923 day=2 agents=4
DAY_STATE_RECEIVED matchId=m-2923 day=2 agents=4
DAY_STATE_RECEIVED matchId=m-2923 day=2 agents=4
DAY_STATE_RECEIVED matchId=m-2923 day=2 agents=4
DAY_STATE_RECEIVED matchId=m-2923 day=3 agents=4
PARITY_OBSERVED matchId=m-2923 day=2 position=MATCH patrolFuel=MATCH
DAY_ADVANCED matchId=m-2923 from=2 to=3
TEAM_REFUEL_NO_ASSIGN day=3 reason=NO_POSITIVE_TEAM_VALUE
TEAM_TARGET_SELECT day=3 iteration=1 agent=1 target=16 brand=numeric:3 teamNewBrand=true steps=9 fuel=6
TEAM_TARGET_SELECT day=3 iteration=2 agent=2 target=51 brand=numeric:1 teamNewBrand=false steps=9 fuel=9
TEAM_TARGET_SELECT day=3 iteration=3 agent=1 target=0 brand=numeric:2 teamNewBrand=false steps=4 fuel=2
TEAM_TARGET_SELECT day=3 iteration=4 agent=0 target=12 brand=numeric:0 teamNewBrand=false steps=4 fuel=5
TEAM_TARGET_SELECT day=3 iteration=5 agent=0 target=48 brand=numeric:3 teamNewBrand=false steps=10 fuel=8
TEAM_TARGET_SELECT day=3 iteration=6 agent=2 target=26 brand=numeric:0 teamNewBrand=false steps=6 fuel=3
TEAM_TARGET_SELECT day=3 iteration=7 agent=2 target=48 brand=numeric:3 teamNewBrand=false steps=6 fuel=3
TEAM_TARGET_SELECT day=3 iteration=8 agent=0 target=0 brand=numeric:2 teamNewBrand=false steps=11 fuel=7
TEAM_TARGET_SELECT day=3 iteration=9 agent=1 target=12 brand=numeric:0 teamNewBrand=false steps=8 fuel=4
TEAM_TARGET_SELECT day=3 iteration=10 agent=1 target=36 brand=numeric:1 teamNewBrand=false steps=4 fuel=5
TEAM_PLAN_VALID day=3
ANYTIME_HARVEST_START day=3 incumbentBrands=4 incumbentUdon=16 budget=64
ANYTIME_HARVEST_IMPROVEMENT day=3 brands=4 udon=16 expanded=10
ANYTIME_HARVEST_IMPROVEMENT day=3 brands=4 udon=17 expanded=11
ANYTIME_HARVEST_DONE day=3 brands=4 udon=17 expanded=64 coverageExpanded=1 harvestExpanded=63 generatedCandidates=185 retainedCandidates=130 prunedByTopK=55 improvements=2 safeProjected=0 tiedProjected=0 contestedProjected=0 unobservedProjected=0 stronglyContestedProjected=0 budgetExhausted=true
CONTENTION_SUMMARY day=3 observedGroups=1 observedAgents=4 spotsConsidered=8 safeSpots=3 tiedSpots=0 contestedSpots=5 unobservedSpots=0
ANYTIME_RISK_ADJUSTED_START day=3 incumbentBrands=4 incumbentRawUdon=17 incumbentAdjustedScore=29 budget=64
ANYTIME_RISK_ADJUSTED_IMPROVEMENT day=3 brands=4 rawUdon=17 adjustedScore=29 expanded=42
ANYTIME_RISK_ADJUSTED_DONE day=3 brands=4 rawUdon=17 adjustedScore=29 safeProjected=4 tiedProjected=0 riskProjected=13 unobservedProjected=0 expanded=64 completedPlans=65 improvements=1 budgetExhausted=true
LOCAL_PLAN_VALID matchId=m-2923 day=3 mode=RiskAdjustedAnytimePlanner
ACTIONS_SUBMITTED matchId=m-2923 day=3
UDON_OBSERVABILITY matchId=m-2923 day=3 predictedDayUdon=17 authoritativeActual=UNAVAILABLE
ACTIONS_ACCEPTED matchId=m-2923 day=3
RESULT_WAITING matchId=m-2923 httpStatus=425
RESULT_WAITING matchId=m-2923 httpStatus=425
RESULT_WAITING matchId=m-2923 httpStatus=425
RESULT_WAITING matchId=m-2923 httpStatus=425
RESULT_WAITING matchId=m-2923 httpStatus=425
RESULT_WAITING matchId=m-2923 httpStatus=425
RESULT_WAITING matchId=m-2923 httpStatus=425
RESULT_WAITING matchId=m-2923 httpStatus=425
RESULT_WAITING matchId=m-2923 httpStatus=425
RESULT_WAITING matchId=m-2923 httpStatus=425
RESULT_WAITING matchId=m-2923 httpStatus=425
RESULT_WAITING matchId=m-2923 httpStatus=425
RESULT_WAITING matchId=m-2923 httpStatus=425
RESULT_WAITING matchId=m-2923 httpStatus=425
RESULT_WAITING matchId=m-2923 httpStatus=425
RESULT_WAITING matchId=m-2923 httpStatus=425
RESULT_WAITING matchId=m-2923 httpStatus=425
RESULT_WAITING matchId=m-2923 httpStatus=425
RESULT_RECEIVED matchId=m-2923 submittedDays=4
FINAL matchId=m-2923 submittedDays=4 rateLimits=0 result={"protocol_version":"v0.1-draft","type":"match_result","match_id":"m-2923","standings":[{"rank":1,"team_id":"team-B","udon_types":4,"daily_types_sum":16,"udon_total":68,"response_ms_total":1105},{"rank":2,"team_id":"team-A","udon_types":4,"daily_types_sum":16,"udon_total":59,"response_ms_total":1950}]}
