CONFIG_LOADED baseUrl=https://procon.ptit.edu.vn matchId=m-6854 plannerMode=JOINT_TEAM_BEAM_V2_R3 PROCON_TOKEN=<set>
SETUP_WAITING matchId=m-6854
SETUP_RECEIVED matchId=m-6854 agents=4 days=4
ASSIGNMENT_SUBMITTED matchId=m-6854 agents=4
ASSIGNMENT_ACCEPTED matchId=m-6854 agents=4
MATCH_STARTED matchId=m-6854
DAY_STATE_RECEIVED matchId=m-6854 day=0 agents=4
V2_JOINT_BEAM_START day=0 beamWidth=48 maxExpandedStates=64 maxChildrenPerState=24 maxNextTargetsPerAgent=4 fullTerminalEvaluationLimit=16 searchPolicy=R1_CONTROL
V2_PATHFINDING_AUDIT day=0 catalogPathfindingExecutions=11 searchPathfindingExecutions=0
V2_BEAM_DEPTH_SUMMARY day=0 depth=0 statesConsidered=13 expanded=1 candidateAttempts=21 infeasibleRoutes=0 topKTruncations=9 generatedChildren=15 uniqueChildren=6 collectChildren=12 stopChildren=3 duplicates=7 dominance=0 terminalCandidates=6 bestSecuredCollections=3 bestPotentialCollections=19
V2_BEAM_DEPTH_SUMMARY day=0 depth=1 statesConsidered=15 expanded=1 candidateAttempts=16 infeasibleRoutes=3 topKTruncations=4 generatedChildren=12 uniqueChildren=15 collectChildren=9 stopChildren=3 duplicates=0 dominance=0 terminalCandidates=15 bestSecuredCollections=6 bestPotentialCollections=19
V2_BEAM_DEPTH_SUMMARY day=0 depth=2 statesConsidered=12 expanded=1 candidateAttempts=13 infeasibleRoutes=2 topKTruncations=2 generatedChildren=12 uniqueChildren=12 collectChildren=9 stopChildren=3 duplicates=0 dominance=0 terminalCandidates=12 bestSecuredCollections=7 bestPotentialCollections=18
V2_BEAM_DEPTH_SUMMARY day=0 depth=3 statesConsidered=12 expanded=1 candidateAttempts=12 infeasibleRoutes=2 topKTruncations=2 generatedChildren=11 uniqueChildren=12 collectChildren=8 stopChildren=3 duplicates=0 dominance=0 terminalCandidates=12 bestSecuredCollections=8 bestPotentialCollections=18
V2_BEAM_DEPTH_SUMMARY day=0 depth=4 statesConsidered=11 expanded=1 candidateAttempts=11 infeasibleRoutes=2 topKTruncations=1 generatedChildren=11 uniqueChildren=11 collectChildren=8 stopChildren=3 duplicates=0 dominance=0 terminalCandidates=11 bestSecuredCollections=9 bestPotentialCollections=18
V2_BEAM_DEPTH_SUMMARY day=0 depth=5 statesConsidered=11 expanded=1 candidateAttempts=8 infeasibleRoutes=2 topKTruncations=0 generatedChildren=9 uniqueChildren=11 collectChildren=6 stopChildren=3 duplicates=0 dominance=0 terminalCandidates=11 bestSecuredCollections=10 bestPotentialCollections=18
V2_BEAM_DEPTH_SUMMARY day=0 depth=6 statesConsidered=9 expanded=1 candidateAttempts=7 infeasibleRoutes=3 topKTruncations=0 generatedChildren=7 uniqueChildren=9 collectChildren=4 stopChildren=3 duplicates=0 dominance=0 terminalCandidates=9 bestSecuredCollections=11 bestPotentialCollections=16
V2_BEAM_DEPTH_SUMMARY day=0 depth=7 statesConsidered=7 expanded=4 candidateAttempts=23 infeasibleRoutes=17 topKTruncations=0 generatedChildren=18 uniqueChildren=7 collectChildren=6 stopChildren=12 duplicates=0 dominance=0 terminalCandidates=7 bestSecuredCollections=12 bestPotentialCollections=15
V2_BEAM_DEPTH_SUMMARY day=0 depth=8 statesConsidered=18 expanded=14 candidateAttempts=63 infeasibleRoutes=51 topKTruncations=0 generatedChildren=46 uniqueChildren=18 collectChildren=12 stopChildren=34 duplicates=0 dominance=0 terminalCandidates=18 bestSecuredCollections=13 bestPotentialCollections=15
V2_BEAM_DEPTH_SUMMARY day=0 depth=9 statesConsidered=46 expanded=21 candidateAttempts=65 infeasibleRoutes=59 topKTruncations=0 generatedChildren=45 uniqueChildren=30 collectChildren=6 stopChildren=39 duplicates=16 dominance=0 terminalCandidates=30 bestSecuredCollections=13 bestPotentialCollections=15
V2_BEAM_DEPTH_SUMMARY day=0 depth=10 statesConsidered=45 expanded=18 candidateAttempts=28 infeasibleRoutes=28 topKTruncations=0 generatedChildren=18 uniqueChildren=21 collectChildren=0 stopChildren=18 duplicates=24 dominance=0 terminalCandidates=21 bestSecuredCollections=13 bestPotentialCollections=13
V2_BEAM_DEPTH_SUMMARY day=0 depth=11 statesConsidered=18 expanded=0 candidateAttempts=0 infeasibleRoutes=0 topKTruncations=0 generatedChildren=0 uniqueChildren=6 collectChildren=0 stopChildren=0 duplicates=12 dominance=0 terminalCandidates=6 bestSecuredCollections=13 bestPotentialCollections=13
V2_POTENTIAL_DISCRIMINATION_SUMMARY day=0 depth=0 stateCount=13 minPotential=15 maxPotential=19 distinctPotentialValues=3
V2_POTENTIAL_DISCRIMINATION_SUMMARY day=0 depth=1 stateCount=15 minPotential=12 maxPotential=15 distinctPotentialValues=4
V2_POTENTIAL_DISCRIMINATION_SUMMARY day=0 depth=2 stateCount=12 minPotential=7 maxPotential=12 distinctPotentialValues=3
V2_POTENTIAL_DISCRIMINATION_SUMMARY day=0 depth=3 stateCount=12 minPotential=6 maxPotential=10 distinctPotentialValues=4
V2_POTENTIAL_DISCRIMINATION_SUMMARY day=0 depth=4 stateCount=11 minPotential=5 maxPotential=10 distinctPotentialValues=5
V2_POTENTIAL_DISCRIMINATION_SUMMARY day=0 depth=5 stateCount=11 minPotential=4 maxPotential=9 distinctPotentialValues=5
V2_POTENTIAL_DISCRIMINATION_SUMMARY day=0 depth=6 stateCount=9 minPotential=2 maxPotential=6 distinctPotentialValues=5
V2_POTENTIAL_DISCRIMINATION_SUMMARY day=0 depth=7 stateCount=7 minPotential=0 maxPotential=4 distinctPotentialValues=5
V2_POTENTIAL_DISCRIMINATION_SUMMARY day=0 depth=8 stateCount=18 minPotential=0 maxPotential=3 distinctPotentialValues=4
V2_POTENTIAL_DISCRIMINATION_SUMMARY day=0 depth=9 stateCount=46 minPotential=0 maxPotential=3 distinctPotentialValues=4
V2_POTENTIAL_DISCRIMINATION_SUMMARY day=0 depth=10 stateCount=45 minPotential=0 maxPotential=0 distinctPotentialValues=1
V2_POTENTIAL_DISCRIMINATION_SUMMARY day=0 depth=11 stateCount=18 minPotential=0 maxPotential=0 distinctPotentialValues=1
V2_TERMINAL_PORTFOLIO day=0 rank=1 ownSemiBrands=4 ownSemiCollections=12 coupledOwnCollections=7 baselineOpponentCollections=14 coupledOpponentCollections=12 hybridMarginScore4=-11 strategicDecisionCount=8 movementCommandCount=88 signature=0:MUP_LEFT,MUP_RIGHT,MDOWN_RIGHT,MDOWN_RIGHT,MUP_LEFT,MUP_LEFT,MUP_LEFT,MUP_LEFT,MUP_RIGHT,MUP_LEFT,MUP_LEFT,MDOWN_LEFT,MLEFT,W5,;1:MLEFT,W2,MDOWN_LEFT,MLEFT,MRIGHT,MRIGHT,MDOWN_RIGHT,MUP_LEFT,MUP_LEFT,MUP_LEFT,MUP_LEFT,MUP_RIGHT,MUP_LEFT,MLEFT,MLEFT,W1,;2:MRIGHT,MRIGHT,MRIGHT,MRIGHT,MUP_LEFT,MUP_LEFT,MUP_RIGHT,MUP_RIGHT,MUP_RIGHT,MRIGHT,MRIGHT,MRIGHT,MUP_LEFT,MLEFT,MUP_LEFT,MLEFT,W2,;3:MRIGHT,MRIGHT,MDOWN_RIGHT,MDOWN_RIGHT,W22,;
V2_TERMINAL_PORTFOLIO day=0 rank=2 ownSemiBrands=4 ownSemiCollections=12 coupledOwnCollections=7 baselineOpponentCollections=14 coupledOpponentCollections=12 hybridMarginScore4=-11 strategicDecisionCount=8 movementCommandCount=86 signature=0:MUP_LEFT,MUP_RIGHT,MDOWN_RIGHT,MDOWN_RIGHT,MUP_LEFT,MUP_LEFT,MUP_LEFT,MUP_LEFT,MUP_RIGHT,MUP_LEFT,MUP_LEFT,MDOWN_LEFT,MLEFT,W5,;1:MLEFT,W2,MDOWN_LEFT,MLEFT,MRIGHT,MRIGHT,MDOWN_RIGHT,MUP_LEFT,MUP_LEFT,MUP_LEFT,MUP_RIGHT,MUP_RIGHT,MUP_RIGHT,MUP_RIGHT,W3,;2:MRIGHT,MRIGHT,MRIGHT,MRIGHT,MUP_LEFT,MUP_LEFT,MUP_RIGHT,MUP_RIGHT,MUP_RIGHT,MRIGHT,MRIGHT,MRIGHT,MUP_LEFT,MLEFT,MUP_LEFT,MLEFT,W2,;3:MRIGHT,MRIGHT,MDOWN_RIGHT,MDOWN_RIGHT,W22,;
V2_TERMINAL_PORTFOLIO day=0 rank=3 ownSemiBrands=4 ownSemiCollections=12 coupledOwnCollections=6 baselineOpponentCollections=14 coupledOpponentCollections=12 hybridMarginScore4=-12 strategicDecisionCount=8 movementCommandCount=88 signature=0:MUP_LEFT,MUP_RIGHT,MDOWN_RIGHT,MDOWN_RIGHT,MUP_LEFT,MUP_LEFT,MUP_LEFT,MUP_LEFT,MUP_RIGHT,MUP_LEFT,MUP_LEFT,MDOWN_LEFT,MLEFT,W5,;1:MLEFT,W2,MDOWN_LEFT,MLEFT,MUP_RIGHT,MUP_RIGHT,MUP_RIGHT,MUP_RIGHT,MUP_RIGHT,MUP_RIGHT,MDOWN_LEFT,MLEFT,MLEFT,MLEFT,MLEFT,W1,;2:MRIGHT,MRIGHT,MRIGHT,MRIGHT,MUP_LEFT,MUP_LEFT,MUP_RIGHT,MUP_RIGHT,MUP_RIGHT,MRIGHT,MRIGHT,MRIGHT,MUP_LEFT,MLEFT,MUP_LEFT,MLEFT,W2,;3:MRIGHT,MRIGHT,MDOWN_RIGHT,MDOWN_RIGHT,W22,;
V2_TERMINAL_PORTFOLIO day=0 rank=4 ownSemiBrands=4 ownSemiCollections=12 coupledOwnCollections=6 baselineOpponentCollections=14 coupledOpponentCollections=12 hybridMarginScore4=-12 strategicDecisionCount=8 movementCommandCount=86 signature=0:MUP_LEFT,MUP_RIGHT,MDOWN_RIGHT,MDOWN_RIGHT,MUP_LEFT,MUP_LEFT,MUP_LEFT,MUP_LEFT,MUP_RIGHT,MUP_LEFT,MUP_LEFT,MDOWN_LEFT,MLEFT,W5,;1:MLEFT,W2,MDOWN_LEFT,MLEFT,MUP_RIGHT,MUP_RIGHT,MUP_RIGHT,MUP_RIGHT,MRIGHT,MRIGHT,MRIGHT,MRIGHT,MUP_LEFT,MLEFT,MUP_LEFT,MLEFT,W3,;2:MRIGHT,MRIGHT,MRIGHT,MRIGHT,MUP_LEFT,MUP_LEFT,MUP_RIGHT,MUP_RIGHT,MUP_RIGHT,MRIGHT,MRIGHT,MRIGHT,MUP_LEFT,MLEFT,MUP_LEFT,MLEFT,W2,;3:MRIGHT,MRIGHT,MDOWN_RIGHT,MDOWN_RIGHT,W22,;
V2_TERMINAL_PORTFOLIO day=0 rank=5 ownSemiBrands=4 ownSemiCollections=12 coupledOwnCollections=6 baselineOpponentCollections=14 coupledOpponentCollections=13 hybridMarginScore4=-13 strategicDecisionCount=8 movementCommandCount=87 signature=0:MUP_LEFT,MUP_RIGHT,MDOWN_RIGHT,MDOWN_RIGHT,MUP_LEFT,MUP_LEFT,MUP_LEFT,MUP_LEFT,MUP_RIGHT,MUP_LEFT,MUP_LEFT,MDOWN_LEFT,MLEFT,W5,;1:MLEFT,W2,MDOWN_LEFT,MLEFT,MRIGHT,MRIGHT,MDOWN_RIGHT,MUP_LEFT,MUP_LEFT,MUP_RIGHT,MUP_RIGHT,MUP_RIGHT,MRIGHT,MRIGHT,MRIGHT,W2,;2:MRIGHT,MRIGHT,MRIGHT,MRIGHT,MUP_LEFT,MUP_LEFT,MUP_RIGHT,MUP_RIGHT,MUP_RIGHT,MRIGHT,MRIGHT,MRIGHT,MUP_LEFT,MLEFT,MUP_LEFT,MLEFT,W2,;3:MRIGHT,MRIGHT,MDOWN_RIGHT,MDOWN_RIGHT,W22,;
V2_TIMING_BREAKDOWN day=0 catalogWallMillis=11 searchWallMillis=301 stageBTerminalWallMillis=169 stageATerminalAccumulatedMillis=11 stageBTerminalAccumulatedMillis=160 totalWallMillis=481 fullCoupledEvaluationCount=16
V2_JOINT_BEAM_DONE day=0 beamWidth=48 maxExpandedStates=64 expanded=64 generatedChildren=204 uniqueStates=158 collectChildrenGenerated=80 stopChildrenGenerated=124 rootScheduleStates=12 duplicateStatesRejected=59 dominatedStatesRejected=0 terminalStates=158 continuingTerminalCandidates=149 fullyStoppedTerminalCandidates=9 stageATerminalEvaluations=158 stageBRequested=16 stageBDuplicateCandidatesSkipped=90 terminalPlansEvaluated=16 selectedOwnSemiBrands=4 selectedOwnSemiCollections=12 selectedCoupledOwnCollections=7 selectedBaselineOpponentCollections=14 selectedCoupledOpponentCollections=12 selectedHybridOwnScore4=43 selectedHybridOpponentScore4=54 selectedHybridMarginScore4=-11 catalogPathfindingExecutions=11 searchPathfindingExecutions=0 planningMillis=481 planningDeadlineTriggered=false deadlinePhase=NONE
R3_PORTFOLIO_SUMMARY day=0 partialToursGenerated=117 partialToursPruned=18 skeletonsConsidered=48 skeletonsValidated=24 skeletonsValid=12 skeletonsRetained=12 rootCandidates=13 rootsInitiallyAdmitted=13 rootsSurvivingMerge=13 selectedSupportServiceCount=3 selectedSupportedPatrols=[0, 1, 2] selectedSupportSkeletonSignature=3:0@43/4,1@43/4,2@60/8 stageATerminals=158 stageBRequested=16 stageBEvaluated=16 stageBSkippedForDeadline=0 tourCatalogPathfindingExecutions=36 tourSearchPathfindingExecutions=0 beamSearchPathfindingExecutions=0 planningDeadlineTriggered=false deadlinePhase=NONE incumbentSource=STAGE_B fallbackUsed=false terminalEvaluationWallMillis=169 terminalEvaluationAccumulatedMillis=171 wallPlanningMillis=638
R3_ROOT_FAMILY_SUMMARY day=0 serviceCount=0 available=true rootCandidates=1 rootsInitiallyAdmitted=1 rootsSurvivingMerge=1 rawTerminalCandidates=1 uniquePhysicalTerminals=1 physicalDedupRatio=0.0 bestStageAOwnSemiBrands=0 bestStageAOwnSemiCollections=0 stageBEligiblePhysicalPlans=1 stageBEvaluatedForFamily=1 bestFullyEvaluatedOwnSemiBrands=0 bestFullyEvaluatedOwnSemiCollections=0 bestFullyEvaluatedCoupledOwnCollections=0 bestFullyEvaluatedBaselineOpponentCollections=14 bestFullyEvaluatedCoupledOpponentCollections=14 bestFullyEvaluatedHybridMarginScore4=-56 bestPhysicalSignature=0:W30,;1:W30,;2:W30,;3:W30,; supportedPatrols=[] supportSkeletonSignature=NO_REFUEL
R3_ROOT_FAMILY_SUMMARY day=0 serviceCount=1 available=false rootCandidates=0 rootsInitiallyAdmitted=0 rootsSurvivingMerge=0 rawTerminalCandidates=0 uniquePhysicalTerminals=0 physicalDedupRatio=0.0 bestStageAOwnSemiBrands=-1 bestStageAOwnSemiCollections=-1 stageBEligiblePhysicalPlans=0 stageBEvaluatedForFamily=0 bestFullyEvaluatedOwnSemiBrands=-1 bestFullyEvaluatedOwnSemiCollections=-1 bestFullyEvaluatedCoupledOwnCollections=-1 bestFullyEvaluatedBaselineOpponentCollections=-1 bestFullyEvaluatedCoupledOpponentCollections=-1 bestFullyEvaluatedHybridMarginScore4=-1 bestPhysicalSignature=UNAVAILABLE supportedPatrols=[] supportSkeletonSignature=UNAVAILABLE
R3_ROOT_FAMILY_SUMMARY day=0 serviceCount=2 available=false rootCandidates=0 rootsInitiallyAdmitted=0 rootsSurvivingMerge=0 rawTerminalCandidates=0 uniquePhysicalTerminals=0 physicalDedupRatio=0.0 bestStageAOwnSemiBrands=-1 bestStageAOwnSemiCollections=-1 stageBEligiblePhysicalPlans=0 stageBEvaluatedForFamily=0 bestFullyEvaluatedOwnSemiBrands=-1 bestFullyEvaluatedOwnSemiCollections=-1 bestFullyEvaluatedCoupledOwnCollections=-1 bestFullyEvaluatedBaselineOpponentCollections=-1 bestFullyEvaluatedCoupledOpponentCollections=-1 bestFullyEvaluatedHybridMarginScore4=-1 bestPhysicalSignature=UNAVAILABLE supportedPatrols=[] supportSkeletonSignature=UNAVAILABLE
R3_ROOT_FAMILY_SUMMARY day=0 serviceCount=3 available=true rootCandidates=12 rootsInitiallyAdmitted=12 rootsSurvivingMerge=5 rawTerminalCandidates=316 uniquePhysicalTerminals=67 physicalDedupRatio=0.7879746835443038 bestStageAOwnSemiBrands=4 bestStageAOwnSemiCollections=12 stageBEligiblePhysicalPlans=67 stageBEvaluatedForFamily=16 bestFullyEvaluatedOwnSemiBrands=4 bestFullyEvaluatedOwnSemiCollections=12 bestFullyEvaluatedCoupledOwnCollections=7 bestFullyEvaluatedBaselineOpponentCollections=14 bestFullyEvaluatedCoupledOpponentCollections=12 bestFullyEvaluatedHybridMarginScore4=-11 bestPhysicalSignature=0:MUP_LEFT,MUP_RIGHT,MDOWN_RIGHT,MDOWN_RIGHT,MUP_LEFT,MUP_LEFT,MUP_LEFT,MUP_LEFT,MUP_RIGHT,MUP_LEFT,MUP_LEFT,MDOWN_LEFT,MLEFT,W5,;1:MLEFT,W2,MDOWN_LEFT,MLEFT,MRIGHT,MRIGHT,MDOWN_RIGHT,MUP_LEFT,MUP_LEFT,MUP_LEFT,MUP_LEFT,MUP_RIGHT,MUP_LEFT,MLEFT,MLEFT,W1,;2:MRIGHT,MRIGHT,MRIGHT,MRIGHT,MUP_LEFT,MUP_LEFT,MUP_RIGHT,MUP_RIGHT,MUP_RIGHT,MRIGHT,MRIGHT,MRIGHT,MUP_LEFT,MLEFT,MUP_LEFT,MLEFT,W2,;3:MRIGHT,MRIGHT,MDOWN_RIGHT,MDOWN_RIGHT,W22,; supportedPatrols=[0, 1, 2] supportSkeletonSignature=3:0@43/4,1@43/4,2@60/8
R3_ROOT_FAMILY_SELECTED day=0 selectedSupportServiceCount=3 selectedOwnSemiCollections=12 bestNoRefuelOwnSemiCollections=0 selectedGainVsNoRefuelSemi=12 selectedHybridMarginScore4=-11 bestNoRefuelHybridMarginScore4=null selectedGainVsNoRefuelHybridScore4=null globalRawTerminalCandidates=158 globalUniquePhysicalTerminals=68 globalPhysicalDedupRatio=0.5696202531645569
R3_LIVE_FAMILY_AUDIT day=0 serviceCount=0 available=true bestStageAOwnSemiBrands=0 bestStageAOwnSemiCollections=0 shadowEvaluated=true shadowOwnSemiBrands=0 shadowOwnSemiCollections=0 shadowCoupledOwnCollections=0 shadowBaselineOpponentCollections=14 shadowCoupledOpponentCollections=14 shadowHybridMarginScore4=-56 supportedPatrols=[] supportSkeletonSignature=NO_REFUEL physicalSignature=0:W30,;1:W30,;2:W30,;3:W30,; shadowAuditSkippedForDeadline=false
R3_LIVE_FAMILY_AUDIT day=0 serviceCount=1 available=false bestStageAOwnSemiBrands=NA bestStageAOwnSemiCollections=NA shadowEvaluated=false shadowOwnSemiBrands=NA shadowOwnSemiCollections=NA shadowCoupledOwnCollections=NA shadowBaselineOpponentCollections=NA shadowCoupledOpponentCollections=NA shadowHybridMarginScore4=NA supportedPatrols=[] supportSkeletonSignature=UNAVAILABLE physicalSignature=UNAVAILABLE shadowAuditSkippedForDeadline=false
R3_LIVE_FAMILY_AUDIT day=0 serviceCount=2 available=false bestStageAOwnSemiBrands=NA bestStageAOwnSemiCollections=NA shadowEvaluated=false shadowOwnSemiBrands=NA shadowOwnSemiCollections=NA shadowCoupledOwnCollections=NA shadowBaselineOpponentCollections=NA shadowCoupledOpponentCollections=NA shadowHybridMarginScore4=NA supportedPatrols=[] supportSkeletonSignature=UNAVAILABLE physicalSignature=UNAVAILABLE shadowAuditSkippedForDeadline=false
R3_LIVE_FAMILY_AUDIT day=0 serviceCount=3 available=true bestStageAOwnSemiBrands=4 bestStageAOwnSemiCollections=12 shadowEvaluated=true shadowOwnSemiBrands=4 shadowOwnSemiCollections=12 shadowCoupledOwnCollections=7 shadowBaselineOpponentCollections=14 shadowCoupledOpponentCollections=12 shadowHybridMarginScore4=-11 supportedPatrols=[0, 1, 2] supportSkeletonSignature=3:0@43/4,1@43/4,2@60/8 physicalSignature=0:MUP_LEFT,MUP_RIGHT,MDOWN_RIGHT,MDOWN_RIGHT,MUP_LEFT,MUP_LEFT,MUP_LEFT,MUP_LEFT,MUP_RIGHT,MUP_LEFT,MUP_LEFT,MDOWN_LEFT,MLEFT,W5,;1:MLEFT,W2,MDOWN_LEFT,MLEFT,MRIGHT,MRIGHT,MDOWN_RIGHT,MUP_LEFT,MUP_LEFT,MUP_LEFT,MUP_RIGHT,MUP_RIGHT,MUP_RIGHT,MUP_RIGHT,W3,;2:MRIGHT,MRIGHT,MRIGHT,MRIGHT,MUP_LEFT,MUP_LEFT,MUP_RIGHT,MUP_RIGHT,MUP_RIGHT,MRIGHT,MRIGHT,MRIGHT,MUP_LEFT,MLEFT,MUP_LEFT,MLEFT,W2,;3:MRIGHT,MRIGHT,MDOWN_RIGHT,MDOWN_RIGHT,W22,; shadowAuditSkippedForDeadline=false
R3_LIVE_FAMILY_COMPARISON day=0 selectedServiceCount=3 selectedOwnSemiCollections=12 selectedHybridMarginScore4=-11 noRefuelSemi=0 noRefuelHybridMarginScore4=-56 oneServiceSemi=NA oneServiceHybridMarginScore4=NA twoServiceSemi=NA twoServiceHybridMarginScore4=NA threeServiceSemi=12 threeServiceHybridMarginScore4=-11 selectedGainVsNoRefuelSemi=12 selectedGainVsNoRefuelHybridScore4=45 bestShadowFamilyByFrozenObjective=3 selectedMatchesBestShadowFamily=true shadowEvaluationsPerformed=1 shadowEvaluationsSkippedForDeadline=0
R3_SUPPORT_PRODUCTIVITY day=0 serviceCount=3 supportedPatrols=[0, 1, 2] prefixCollections=4 collectionsBeforeFirstService=1 postSupportCollections=8 totalSupportedPatrolCollections=13 supportMovementSteps=8 supportWaitSteps=0 selectedSupportSkeletonSignature=3:0@43/4,1@43/4,2@60/8
LOCAL_PLAN_VALID matchId=m-6854 day=0 mode=JointTeamBeamR3Planner
ACTION_REQUEST_FINGERPRINT matchId=m-6854 day=0 agentCount=4 serializedLength=119 fingerprint=51f00415
ACTION_DURATION_AUDIT matchId=m-6854 day=0 agent=0 dayBudget=30 plannerDuration=30 validatedDuration=30 encodedDuration=30 actionCount=14 finalAction=WAIT(5) paddingApplied=false
ACTION_WIRE_REPLAY_AUDIT matchId=m-6854 day=0 agent=0 dayBudget=30 simulatedDuration=30 wireReplayDuration=30 simulatedEndPosition=8 wireReplayEndPosition=8 simulatedPatrolFuel=50 wireReplayPatrolFuel=50 actionCount=14 durationMatch=true positionMatch=true fuelMatch=true fuelCheckReason=finiteFuelCompared
ACTION_DURATION_AUDIT matchId=m-6854 day=0 agent=1 dayBudget=30 plannerDuration=30 validatedDuration=30 encodedDuration=30 actionCount=16 finalAction=WAIT(1) paddingApplied=false
ACTION_WIRE_REPLAY_AUDIT matchId=m-6854 day=0 agent=1 dayBudget=30 simulatedDuration=30 wireReplayDuration=30 simulatedEndPosition=8 wireReplayEndPosition=8 simulatedPatrolFuel=51 wireReplayPatrolFuel=51 actionCount=16 durationMatch=true positionMatch=true fuelMatch=true fuelCheckReason=finiteFuelCompared
ACTION_DURATION_AUDIT matchId=m-6854 day=0 agent=2 dayBudget=30 plannerDuration=30 validatedDuration=30 encodedDuration=30 actionCount=17 finalAction=WAIT(2) paddingApplied=false
ACTION_WIRE_REPLAY_AUDIT matchId=m-6854 day=0 agent=2 dayBudget=30 simulatedDuration=30 wireReplayDuration=30 simulatedEndPosition=4 wireReplayEndPosition=4 simulatedPatrolFuel=44 wireReplayPatrolFuel=44 actionCount=17 durationMatch=true positionMatch=true fuelMatch=true fuelCheckReason=finiteFuelCompared
ACTION_DURATION_AUDIT matchId=m-6854 day=0 agent=3 dayBudget=30 plannerDuration=30 validatedDuration=30 encodedDuration=30 actionCount=5 finalAction=WAIT(22) paddingApplied=false
ACTION_WIRE_REPLAY_AUDIT matchId=m-6854 day=0 agent=3 dayBudget=30 simulatedDuration=30 wireReplayDuration=30 simulatedEndPosition=60 wireReplayEndPosition=60 simulatedPatrolFuel=UNAVAILABLE wireReplayPatrolFuel=UNAVAILABLE actionCount=5 durationMatch=true positionMatch=true fuelMatch=NA fuelCheckReason=nonPatrolOrUnavailableFuel
ACTIONS_SUBMITTED matchId=m-6854 day=0 fingerprint=51f00415
ACTION_RESPONSE_DAY_OBSERVED matchId=m-6854 submittedDay=0 responseDay=1 delta=1 fingerprint=51f00415
UDON_OBSERVABILITY matchId=m-6854 day=0 predictedDayUdon=13 authoritativeActual=UNAVAILABLE
ACTIONS_ACCEPTED matchId=m-6854 day=0
DAY_STATE_RECEIVED matchId=m-6854 day=0 agents=4
DAY_STATE_RECEIVED matchId=m-6854 day=0 agents=4
DAY_STATE_RECEIVED matchId=m-6854 day=0 agents=4
DAY_STATE_RECEIVED matchId=m-6854 day=0 agents=4
DAY_STATE_RECEIVED matchId=m-6854 day=0 agents=4
DAY_STATE_RECEIVED matchId=m-6854 day=0 agents=4
DAY_STATE_RECEIVED matchId=m-6854 day=0 agents=4
DAY_STATE_RECEIVED matchId=m-6854 day=0 agents=4
DAY_STATE_RECEIVED matchId=m-6854 day=0 agents=4
DAY_STATE_RECEIVED matchId=m-6854 day=0 agents=4
DAY_STATE_RECEIVED matchId=m-6854 day=0 agents=4
DAY_STATE_RECEIVED matchId=m-6854 day=0 agents=4
DAY_STATE_RECEIVED matchId=m-6854 day=0 agents=4
DAY_STATE_RECEIVED matchId=m-6854 day=0 agents=4
DAY_STATE_RECEIVED matchId=m-6854 day=0 agents=4
DAY_STATE_RECEIVED matchId=m-6854 day=1 agents=4
PARITY_OBSERVED matchId=m-6854 day=0 position=MATCH patrolFuel=MATCH
DAY_ADVANCED matchId=m-6854 from=0 to=1
V2_JOINT_BEAM_START day=1 beamWidth=48 maxExpandedStates=64 maxChildrenPerState=24 maxNextTargetsPerAgent=4 fullTerminalEvaluationLimit=16 searchPolicy=R1_CONTROL
V2_PATHFINDING_AUDIT day=1 catalogPathfindingExecutions=8 searchPathfindingExecutions=0
V2_BEAM_DEPTH_SUMMARY day=1 depth=0 statesConsidered=13 expanded=1 candidateAttempts=14 infeasibleRoutes=0 topKTruncations=2 generatedChildren=15 uniqueChildren=8 collectChildren=12 stopChildren=3 duplicates=5 dominance=0 terminalCandidates=8 bestSecuredCollections=7 bestPotentialCollections=19
V2_BEAM_DEPTH_SUMMARY day=1 depth=1 statesConsidered=15 expanded=1 candidateAttempts=10 infeasibleRoutes=3 topKTruncations=0 generatedChildren=10 uniqueChildren=15 collectChildren=7 stopChildren=3 duplicates=0 dominance=0 terminalCandidates=15 bestSecuredCollections=9 bestPotentialCollections=19
V2_BEAM_DEPTH_SUMMARY day=1 depth=2 statesConsidered=10 expanded=1 candidateAttempts=7 infeasibleRoutes=2 topKTruncations=0 generatedChildren=8 uniqueChildren=10 collectChildren=5 stopChildren=3 duplicates=0 dominance=0 terminalCandidates=10 bestSecuredCollections=10 bestPotentialCollections=16
V2_BEAM_DEPTH_SUMMARY day=1 depth=3 statesConsidered=8 expanded=2 candidateAttempts=12 infeasibleRoutes=5 topKTruncations=0 generatedChildren=13 uniqueChildren=8 collectChildren=7 stopChildren=6 duplicates=0 dominance=0 terminalCandidates=8 bestSecuredCollections=11 bestPotentialCollections=15
V2_BEAM_DEPTH_SUMMARY day=1 depth=4 statesConsidered=13 expanded=5 candidateAttempts=25 infeasibleRoutes=16 topKTruncations=0 generatedChildren=24 uniqueChildren=12 collectChildren=9 stopChildren=15 duplicates=1 dominance=0 terminalCandidates=12 bestSecuredCollections=12 bestPotentialCollections=15
V2_BEAM_DEPTH_SUMMARY day=1 depth=5 statesConsidered=24 expanded=17 candidateAttempts=60 infeasibleRoutes=44 topKTruncations=0 generatedChildren=55 uniqueChildren=20 collectChildren=16 stopChildren=39 duplicates=4 dominance=0 terminalCandidates=20 bestSecuredCollections=13 bestPotentialCollections=14
V2_BEAM_DEPTH_SUMMARY day=1 depth=6 statesConsidered=55 expanded=25 candidateAttempts=55 infeasibleRoutes=47 topKTruncations=0 generatedChildren=46 uniqueChildren=27 collectChildren=8 stopChildren=38 duplicates=28 dominance=0 terminalCandidates=27 bestSecuredCollections=13 bestPotentialCollections=14
V2_BEAM_DEPTH_SUMMARY day=1 depth=7 statesConsidered=46 expanded=12 candidateAttempts=16 infeasibleRoutes=16 topKTruncations=0 generatedChildren=12 uniqueChildren=18 collectChildren=0 stopChildren=12 duplicates=28 dominance=0 terminalCandidates=18 bestSecuredCollections=13 bestPotentialCollections=13
V2_BEAM_DEPTH_SUMMARY day=1 depth=8 statesConsidered=12 expanded=0 candidateAttempts=0 infeasibleRoutes=0 topKTruncations=0 generatedChildren=0 uniqueChildren=4 collectChildren=0 stopChildren=0 duplicates=8 dominance=0 terminalCandidates=4 bestSecuredCollections=13 bestPotentialCollections=13
V2_POTENTIAL_DISCRIMINATION_SUMMARY day=1 depth=0 stateCount=13 minPotential=11 maxPotential=16 distinctPotentialValues=3
V2_POTENTIAL_DISCRIMINATION_SUMMARY day=1 depth=1 stateCount=15 minPotential=7 maxPotential=11 distinctPotentialValues=5
V2_POTENTIAL_DISCRIMINATION_SUMMARY day=1 depth=2 stateCount=10 minPotential=3 maxPotential=7 distinctPotentialValues=5
V2_POTENTIAL_DISCRIMINATION_SUMMARY day=1 depth=3 stateCount=8 minPotential=2 maxPotential=5 distinctPotentialValues=4
V2_POTENTIAL_DISCRIMINATION_SUMMARY day=1 depth=4 stateCount=13 minPotential=0 maxPotential=4 distinctPotentialValues=5
V2_POTENTIAL_DISCRIMINATION_SUMMARY day=1 depth=5 stateCount=24 minPotential=0 maxPotential=2 distinctPotentialValues=3
V2_POTENTIAL_DISCRIMINATION_SUMMARY day=1 depth=6 stateCount=55 minPotential=0 maxPotential=2 distinctPotentialValues=2
V2_POTENTIAL_DISCRIMINATION_SUMMARY day=1 depth=7 stateCount=46 minPotential=0 maxPotential=0 distinctPotentialValues=1
V2_POTENTIAL_DISCRIMINATION_SUMMARY day=1 depth=8 stateCount=12 minPotential=0 maxPotential=0 distinctPotentialValues=1
V2_TERMINAL_PORTFOLIO day=1 rank=1 ownSemiBrands=4 ownSemiCollections=12 coupledOwnCollections=8 baselineOpponentCollections=14 coupledOpponentCollections=11 hybridMarginScore4=-9 strategicDecisionCount=5 movementCommandCount=83 signature=0:MRIGHT,MRIGHT,MDOWN_RIGHT,MDOWN_RIGHT,MDOWN_RIGHT,MDOWN_LEFT,MDOWN_RIGHT,MDOWN_RIGHT,MUP_LEFT,MUP_LEFT,MUP_LEFT,MUP_RIGHT,MUP_RIGHT,MUP_RIGHT,MUP_RIGHT,W2,;1:MRIGHT,MRIGHT,MDOWN_RIGHT,MDOWN_RIGHT,MDOWN_RIGHT,MDOWN_RIGHT,MDOWN_RIGHT,MDOWN_LEFT,MUP_LEFT,MUP_LEFT,MUP_LEFT,MUP_LEFT,MUP_RIGHT,MUP_LEFT,MUP_LEFT,W2,;2:MDOWN_RIGHT,MDOWN_LEFT,MDOWN_LEFT,MDOWN_LEFT,MDOWN_LEFT,MDOWN_LEFT,MLEFT,MRIGHT,MRIGHT,MDOWN_RIGHT,W11,;3:MUP_LEFT,MUP_LEFT,W5,W2,MDOWN_RIGHT,MDOWN_RIGHT,W15,;
V2_TERMINAL_PORTFOLIO day=1 rank=2 ownSemiBrands=4 ownSemiCollections=12 coupledOwnCollections=8 baselineOpponentCollections=14 coupledOpponentCollections=11 hybridMarginScore4=-9 strategicDecisionCount=5 movementCommandCount=84 signature=0:MRIGHT,MRIGHT,MDOWN_RIGHT,MDOWN_RIGHT,MDOWN_RIGHT,MDOWN_LEFT,MDOWN_RIGHT,MDOWN_RIGHT,MUP_LEFT,MUP_LEFT,MUP_RIGHT,MUP_RIGHT,MUP_RIGHT,MRIGHT,MRIGHT,MRIGHT,W1,;1:MRIGHT,MRIGHT,MDOWN_RIGHT,MDOWN_RIGHT,MDOWN_RIGHT,MDOWN_RIGHT,MDOWN_RIGHT,MDOWN_LEFT,MUP_LEFT,MUP_LEFT,MUP_LEFT,MUP_LEFT,MUP_RIGHT,MUP_LEFT,MUP_LEFT,W2,;2:MDOWN_RIGHT,MDOWN_LEFT,MDOWN_LEFT,MDOWN_LEFT,MDOWN_LEFT,MDOWN_LEFT,MLEFT,MRIGHT,MRIGHT,MDOWN_RIGHT,W11,;3:MUP_LEFT,MUP_LEFT,W5,W2,MDOWN_RIGHT,MDOWN_RIGHT,W15,;
V2_TERMINAL_PORTFOLIO day=1 rank=3 ownSemiBrands=4 ownSemiCollections=12 coupledOwnCollections=8 baselineOpponentCollections=14 coupledOpponentCollections=11 hybridMarginScore4=-9 strategicDecisionCount=5 movementCommandCount=81 signature=0:MRIGHT,MRIGHT,MDOWN_RIGHT,MDOWN_RIGHT,MDOWN_RIGHT,MDOWN_LEFT,MUP_LEFT,MUP_RIGHT,MUP_RIGHT,MUP_RIGHT,MUP_RIGHT,MRIGHT,MDOWN_RIGHT,MRIGHT,MDOWN_RIGHT,W4,;1:MRIGHT,MRIGHT,MDOWN_RIGHT,MDOWN_RIGHT,MDOWN_RIGHT,MDOWN_RIGHT,MDOWN_RIGHT,MDOWN_LEFT,MUP_LEFT,MUP_LEFT,MUP_LEFT,MUP_LEFT,MUP_RIGHT,MUP_LEFT,MUP_LEFT,W2,;2:MDOWN_RIGHT,MDOWN_LEFT,MDOWN_LEFT,MDOWN_LEFT,MDOWN_LEFT,MDOWN_LEFT,MLEFT,MRIGHT,MRIGHT,MDOWN_RIGHT,W11,;3:MUP_LEFT,MUP_LEFT,W5,W2,MDOWN_RIGHT,MDOWN_RIGHT,W15,;
V2_TERMINAL_PORTFOLIO day=1 rank=4 ownSemiBrands=4 ownSemiCollections=12 coupledOwnCollections=8 baselineOpponentCollections=14 coupledOpponentCollections=11 hybridMarginScore4=-9 strategicDecisionCount=5 movementCommandCount=90 signature=0:MRIGHT,MRIGHT,MDOWN_RIGHT,MDOWN_RIGHT,MDOWN_RIGHT,MDOWN_LEFT,MDOWN_RIGHT,MDOWN_RIGHT,MUP_LEFT,MUP_LEFT,MUP_LEFT,MUP_RIGHT,MUP_RIGHT,MUP_RIGHT,MUP_RIGHT,W2,;1:MRIGHT,MRIGHT,MDOWN_RIGHT,MDOWN_RIGHT,MDOWN_RIGHT,MDOWN_RIGHT,MDOWN_RIGHT,MDOWN_LEFT,MUP_LEFT,MUP_LEFT,MUP_LEFT,MUP_LEFT,MUP_RIGHT,MUP_LEFT,MUP_LEFT,W2,;2:MDOWN_RIGHT,MDOWN_LEFT,MDOWN_LEFT,MDOWN_LEFT,MDOWN_LEFT,MDOWN_LEFT,MLEFT,MUP_RIGHT,MUP_RIGHT,MUP_RIGHT,MUP_RIGHT,MRIGHT,MRIGHT,MRIGHT,MRIGHT,W4,;3:MUP_LEFT,MUP_LEFT,W5,W2,MDOWN_RIGHT,MDOWN_RIGHT,W15,;
V2_TERMINAL_PORTFOLIO day=1 rank=5 ownSemiBrands=4 ownSemiCollections=12 coupledOwnCollections=8 baselineOpponentCollections=14 coupledOpponentCollections=11 hybridMarginScore4=-9 strategicDecisionCount=5 movementCommandCount=91 signature=0:MRIGHT,MRIGHT,MDOWN_RIGHT,MDOWN_RIGHT,MDOWN_RIGHT,MDOWN_LEFT,MDOWN_RIGHT,MDOWN_RIGHT,MUP_LEFT,MUP_LEFT,MUP_RIGHT,MUP_RIGHT,MUP_RIGHT,MRIGHT,MRIGHT,MRIGHT,W1,;1:MRIGHT,MRIGHT,MDOWN_RIGHT,MDOWN_RIGHT,MDOWN_RIGHT,MDOWN_RIGHT,MDOWN_RIGHT,MDOWN_LEFT,MUP_LEFT,MUP_LEFT,MUP_LEFT,MUP_LEFT,MUP_RIGHT,MUP_LEFT,MUP_LEFT,W2,;2:MDOWN_RIGHT,MDOWN_LEFT,MDOWN_LEFT,MDOWN_LEFT,MDOWN_LEFT,MDOWN_LEFT,MLEFT,MUP_RIGHT,MUP_RIGHT,MUP_RIGHT,MUP_RIGHT,MRIGHT,MRIGHT,MRIGHT,MRIGHT,W4,;3:MUP_LEFT,MUP_LEFT,W5,W2,MDOWN_RIGHT,MDOWN_RIGHT,W15,;
V2_TIMING_BREAKDOWN day=1 catalogWallMillis=5 searchWallMillis=104 stageBTerminalWallMillis=167 stageATerminalAccumulatedMillis=0 stageBTerminalAccumulatedMillis=158 totalWallMillis=276 fullCoupledEvaluationCount=16
V2_JOINT_BEAM_DONE day=1 beamWidth=48 maxExpandedStates=64 expanded=64 generatedChildren=183 uniqueStates=122 collectChildrenGenerated=64 stopChildrenGenerated=119 rootScheduleStates=12 duplicateStatesRejected=74 dominatedStatesRejected=0 terminalStates=122 continuingTerminalCandidates=114 fullyStoppedTerminalCandidates=8 stageATerminalEvaluations=122 stageBRequested=16 stageBDuplicateCandidatesSkipped=79 terminalPlansEvaluated=16 selectedOwnSemiBrands=4 selectedOwnSemiCollections=12 selectedCoupledOwnCollections=8 selectedBaselineOpponentCollections=14 selectedCoupledOpponentCollections=11 selectedHybridOwnScore4=44 selectedHybridOpponentScore4=53 selectedHybridMarginScore4=-9 catalogPathfindingExecutions=8 searchPathfindingExecutions=0 planningMillis=276 planningDeadlineTriggered=false deadlinePhase=NONE
R3_PORTFOLIO_SUMMARY day=1 partialToursGenerated=106 partialToursPruned=12 skeletonsConsidered=48 skeletonsValidated=24 skeletonsValid=14 skeletonsRetained=12 rootCandidates=13 rootsInitiallyAdmitted=13 rootsSurvivingMerge=13 selectedSupportServiceCount=3 selectedSupportedPatrols=[0, 1, 2] selectedSupportSkeletonSignature=3:2@43/9,0@43/11,1@60/15 stageATerminals=122 stageBRequested=16 stageBEvaluated=16 stageBSkippedForDeadline=0 tourCatalogPathfindingExecutions=20 tourSearchPathfindingExecutions=0 beamSearchPathfindingExecutions=0 planningDeadlineTriggered=false deadlinePhase=NONE incumbentSource=STAGE_B fallbackUsed=false terminalEvaluationWallMillis=167 terminalEvaluationAccumulatedMillis=158 wallPlanningMillis=301
R3_ROOT_FAMILY_SUMMARY day=1 serviceCount=0 available=true rootCandidates=1 rootsInitiallyAdmitted=1 rootsSurvivingMerge=1 rawTerminalCandidates=1 uniquePhysicalTerminals=1 physicalDedupRatio=0.0 bestStageAOwnSemiBrands=2 bestStageAOwnSemiCollections=3 stageBEligiblePhysicalPlans=1 stageBEvaluatedForFamily=1 bestFullyEvaluatedOwnSemiBrands=2 bestFullyEvaluatedOwnSemiCollections=3 bestFullyEvaluatedCoupledOwnCollections=3 bestFullyEvaluatedBaselineOpponentCollections=14 bestFullyEvaluatedCoupledOpponentCollections=14 bestFullyEvaluatedHybridMarginScore4=-44 bestPhysicalSignature=0:W30,;1:W30,;2:W30,;3:W30,; supportedPatrols=[] supportSkeletonSignature=NO_REFUEL
R3_ROOT_FAMILY_SUMMARY day=1 serviceCount=1 available=false rootCandidates=0 rootsInitiallyAdmitted=0 rootsSurvivingMerge=0 rawTerminalCandidates=0 uniquePhysicalTerminals=0 physicalDedupRatio=0.0 bestStageAOwnSemiBrands=-1 bestStageAOwnSemiCollections=-1 stageBEligiblePhysicalPlans=0 stageBEvaluatedForFamily=0 bestFullyEvaluatedOwnSemiBrands=-1 bestFullyEvaluatedOwnSemiCollections=-1 bestFullyEvaluatedCoupledOwnCollections=-1 bestFullyEvaluatedBaselineOpponentCollections=-1 bestFullyEvaluatedCoupledOpponentCollections=-1 bestFullyEvaluatedHybridMarginScore4=-1 bestPhysicalSignature=UNAVAILABLE supportedPatrols=[] supportSkeletonSignature=UNAVAILABLE
R3_ROOT_FAMILY_SUMMARY day=1 serviceCount=2 available=false rootCandidates=0 rootsInitiallyAdmitted=0 rootsSurvivingMerge=0 rawTerminalCandidates=0 uniquePhysicalTerminals=0 physicalDedupRatio=0.0 bestStageAOwnSemiBrands=-1 bestStageAOwnSemiCollections=-1 stageBEligiblePhysicalPlans=0 stageBEvaluatedForFamily=0 bestFullyEvaluatedOwnSemiBrands=-1 bestFullyEvaluatedOwnSemiCollections=-1 bestFullyEvaluatedCoupledOwnCollections=-1 bestFullyEvaluatedBaselineOpponentCollections=-1 bestFullyEvaluatedCoupledOpponentCollections=-1 bestFullyEvaluatedHybridMarginScore4=-1 bestPhysicalSignature=UNAVAILABLE supportedPatrols=[] supportSkeletonSignature=UNAVAILABLE
R3_ROOT_FAMILY_SUMMARY day=1 serviceCount=3 available=true rootCandidates=12 rootsInitiallyAdmitted=12 rootsSurvivingMerge=7 rawTerminalCandidates=126 uniquePhysicalTerminals=42 physicalDedupRatio=0.6666666666666667 bestStageAOwnSemiBrands=4 bestStageAOwnSemiCollections=12 stageBEligiblePhysicalPlans=42 stageBEvaluatedForFamily=16 bestFullyEvaluatedOwnSemiBrands=4 bestFullyEvaluatedOwnSemiCollections=12 bestFullyEvaluatedCoupledOwnCollections=8 bestFullyEvaluatedBaselineOpponentCollections=14 bestFullyEvaluatedCoupledOpponentCollections=11 bestFullyEvaluatedHybridMarginScore4=-9 bestPhysicalSignature=0:MRIGHT,MRIGHT,MDOWN_RIGHT,MDOWN_RIGHT,MDOWN_RIGHT,MDOWN_LEFT,MDOWN_RIGHT,MDOWN_RIGHT,MUP_LEFT,MUP_LEFT,MUP_LEFT,MUP_RIGHT,MUP_RIGHT,MUP_RIGHT,MUP_RIGHT,W2,;1:MRIGHT,MRIGHT,MDOWN_RIGHT,MDOWN_RIGHT,MDOWN_RIGHT,MDOWN_RIGHT,MDOWN_RIGHT,MDOWN_LEFT,MUP_LEFT,MUP_LEFT,MUP_LEFT,MUP_LEFT,MUP_RIGHT,MUP_LEFT,MUP_LEFT,W2,;2:MDOWN_RIGHT,MDOWN_LEFT,MDOWN_LEFT,MDOWN_LEFT,MDOWN_LEFT,MDOWN_LEFT,MLEFT,MRIGHT,MRIGHT,MDOWN_RIGHT,W11,;3:MUP_LEFT,MUP_LEFT,W5,W2,MDOWN_RIGHT,MDOWN_RIGHT,W15,; supportedPatrols=[0, 1, 2] supportSkeletonSignature=3:2@43/9,0@43/11,1@60/15
R3_ROOT_FAMILY_SELECTED day=1 selectedSupportServiceCount=3 selectedOwnSemiCollections=12 bestNoRefuelOwnSemiCollections=3 selectedGainVsNoRefuelSemi=9 selectedHybridMarginScore4=-9 bestNoRefuelHybridMarginScore4=null selectedGainVsNoRefuelHybridScore4=null globalRawTerminalCandidates=122 globalUniquePhysicalTerminals=43 globalPhysicalDedupRatio=0.6475409836065573
R3_LIVE_FAMILY_AUDIT day=1 serviceCount=0 available=true bestStageAOwnSemiBrands=2 bestStageAOwnSemiCollections=3 shadowEvaluated=true shadowOwnSemiBrands=2 shadowOwnSemiCollections=3 shadowCoupledOwnCollections=3 shadowBaselineOpponentCollections=14 shadowCoupledOpponentCollections=14 shadowHybridMarginScore4=-44 supportedPatrols=[] supportSkeletonSignature=NO_REFUEL physicalSignature=0:W30,;1:W30,;2:W30,;3:W30,; shadowAuditSkippedForDeadline=false
R3_LIVE_FAMILY_AUDIT day=1 serviceCount=1 available=false bestStageAOwnSemiBrands=NA bestStageAOwnSemiCollections=NA shadowEvaluated=false shadowOwnSemiBrands=NA shadowOwnSemiCollections=NA shadowCoupledOwnCollections=NA shadowBaselineOpponentCollections=NA shadowCoupledOpponentCollections=NA shadowHybridMarginScore4=NA supportedPatrols=[] supportSkeletonSignature=UNAVAILABLE physicalSignature=UNAVAILABLE shadowAuditSkippedForDeadline=false
R3_LIVE_FAMILY_AUDIT day=1 serviceCount=2 available=false bestStageAOwnSemiBrands=NA bestStageAOwnSemiCollections=NA shadowEvaluated=false shadowOwnSemiBrands=NA shadowOwnSemiCollections=NA shadowCoupledOwnCollections=NA shadowBaselineOpponentCollections=NA shadowCoupledOpponentCollections=NA shadowHybridMarginScore4=NA supportedPatrols=[] supportSkeletonSignature=UNAVAILABLE physicalSignature=UNAVAILABLE shadowAuditSkippedForDeadline=false
R3_LIVE_FAMILY_AUDIT day=1 serviceCount=3 available=true bestStageAOwnSemiBrands=4 bestStageAOwnSemiCollections=12 shadowEvaluated=true shadowOwnSemiBrands=4 shadowOwnSemiCollections=12 shadowCoupledOwnCollections=8 shadowBaselineOpponentCollections=14 shadowCoupledOpponentCollections=11 shadowHybridMarginScore4=-9 supportedPatrols=[0, 1, 2] supportSkeletonSignature=3:2@43/9,0@43/11,1@60/15 physicalSignature=0:MRIGHT,MRIGHT,MDOWN_RIGHT,MDOWN_RIGHT,MDOWN_RIGHT,MDOWN_LEFT,MDOWN_RIGHT,MDOWN_RIGHT,MUP_LEFT,MUP_LEFT,MUP_LEFT,MUP_RIGHT,MUP_RIGHT,MUP_RIGHT,MUP_RIGHT,W2,;1:MRIGHT,MRIGHT,MDOWN_RIGHT,MDOWN_RIGHT,MDOWN_RIGHT,MDOWN_RIGHT,MDOWN_RIGHT,MDOWN_LEFT,MUP_LEFT,MUP_LEFT,MUP_LEFT,MUP_LEFT,MUP_RIGHT,MUP_LEFT,MUP_LEFT,W2,;2:MDOWN_RIGHT,MDOWN_LEFT,MDOWN_LEFT,MDOWN_LEFT,MDOWN_LEFT,MDOWN_LEFT,MLEFT,MRIGHT,MRIGHT,MDOWN_RIGHT,W11,;3:MUP_LEFT,MUP_LEFT,W5,W2,MDOWN_RIGHT,MDOWN_RIGHT,W15,; shadowAuditSkippedForDeadline=false
R3_LIVE_FAMILY_COMPARISON day=1 selectedServiceCount=3 selectedOwnSemiCollections=12 selectedHybridMarginScore4=-9 noRefuelSemi=3 noRefuelHybridMarginScore4=-44 oneServiceSemi=NA oneServiceHybridMarginScore4=NA twoServiceSemi=NA twoServiceHybridMarginScore4=NA threeServiceSemi=12 threeServiceHybridMarginScore4=-9 selectedGainVsNoRefuelSemi=9 selectedGainVsNoRefuelHybridScore4=35 bestShadowFamilyByFrozenObjective=3 selectedMatchesBestShadowFamily=true shadowEvaluationsPerformed=1 shadowEvaluationsSkippedForDeadline=0
R3_SUPPORT_PRODUCTIVITY day=1 serviceCount=3 supportedPatrols=[0, 1, 2] prefixCollections=5 collectionsBeforeFirstService=4 postSupportCollections=4 totalSupportedPatrolCollections=13 supportMovementSteps=8 supportWaitSteps=7 selectedSupportSkeletonSignature=3:2@43/9,0@43/11,1@60/15
LOCAL_PLAN_VALID matchId=m-6854 day=1 mode=JointTeamBeamR3Planner
ACTION_REQUEST_FINGERPRINT matchId=m-6854 day=1 agentCount=4 serializedLength=117 fingerprint=0dd631d3
ACTION_DURATION_AUDIT matchId=m-6854 day=1 agent=0 dayBudget=30 plannerDuration=30 validatedDuration=30 encodedDuration=30 actionCount=16 finalAction=WAIT(2) paddingApplied=false
ACTION_WIRE_REPLAY_AUDIT matchId=m-6854 day=1 agent=0 dayBudget=30 simulatedDuration=30 wireReplayDuration=30 simulatedEndPosition=4 wireReplayEndPosition=4 simulatedPatrolFuel=52 wireReplayPatrolFuel=52 actionCount=16 durationMatch=true positionMatch=true fuelMatch=true fuelCheckReason=finiteFuelCompared
ACTION_DURATION_AUDIT matchId=m-6854 day=1 agent=1 dayBudget=30 plannerDuration=30 validatedDuration=30 encodedDuration=30 actionCount=16 finalAction=WAIT(2) paddingApplied=false
ACTION_WIRE_REPLAY_AUDIT matchId=m-6854 day=1 agent=1 dayBudget=30 simulatedDuration=30 wireReplayDuration=30 simulatedEndPosition=1 wireReplayEndPosition=1 simulatedPatrolFuel=52 wireReplayPatrolFuel=52 actionCount=16 durationMatch=true positionMatch=true fuelMatch=true fuelCheckReason=finiteFuelCompared
ACTION_DURATION_AUDIT matchId=m-6854 day=1 agent=2 dayBudget=30 plannerDuration=30 validatedDuration=30 encodedDuration=30 actionCount=11 finalAction=WAIT(11) paddingApplied=false
ACTION_WIRE_REPLAY_AUDIT matchId=m-6854 day=1 agent=2 dayBudget=30 simulatedDuration=30 wireReplayDuration=30 simulatedEndPosition=60 wireReplayEndPosition=60 simulatedPatrolFuel=60 wireReplayPatrolFuel=60 actionCount=11 durationMatch=true positionMatch=true fuelMatch=true fuelCheckReason=finiteFuelCompared
ACTION_DURATION_AUDIT matchId=m-6854 day=1 agent=3 dayBudget=30 plannerDuration=30 validatedDuration=30 encodedDuration=30 actionCount=7 finalAction=WAIT(15) paddingApplied=false
ACTION_WIRE_REPLAY_AUDIT matchId=m-6854 day=1 agent=3 dayBudget=30 simulatedDuration=30 wireReplayDuration=30 simulatedEndPosition=60 wireReplayEndPosition=60 simulatedPatrolFuel=UNAVAILABLE wireReplayPatrolFuel=UNAVAILABLE actionCount=7 durationMatch=true positionMatch=true fuelMatch=NA fuelCheckReason=nonPatrolOrUnavailableFuel
ACTIONS_SUBMITTED matchId=m-6854 day=1 fingerprint=0dd631d3
ACTION_RESPONSE_DAY_OBSERVED matchId=m-6854 submittedDay=1 responseDay=2 delta=1 fingerprint=0dd631d3
UDON_OBSERVABILITY matchId=m-6854 day=1 predictedDayUdon=13 authoritativeActual=UNAVAILABLE
ACTIONS_ACCEPTED matchId=m-6854 day=1
DAY_STATE_RECEIVED matchId=m-6854 day=1 agents=4
DAY_STATE_RECEIVED matchId=m-6854 day=1 agents=4
DAY_STATE_RECEIVED matchId=m-6854 day=1 agents=4
DAY_STATE_RECEIVED matchId=m-6854 day=1 agents=4
DAY_STATE_RECEIVED matchId=m-6854 day=1 agents=4
DAY_STATE_RECEIVED matchId=m-6854 day=1 agents=4
DAY_STATE_RECEIVED matchId=m-6854 day=1 agents=4
DAY_STATE_RECEIVED matchId=m-6854 day=1 agents=4
DAY_STATE_RECEIVED matchId=m-6854 day=1 agents=4
DAY_STATE_RECEIVED matchId=m-6854 day=1 agents=4
DAY_STATE_RECEIVED matchId=m-6854 day=1 agents=4
DAY_STATE_RECEIVED matchId=m-6854 day=1 agents=4
DAY_STATE_RECEIVED matchId=m-6854 day=1 agents=4
DAY_STATE_RECEIVED matchId=m-6854 day=1 agents=4
DAY_STATE_RECEIVED matchId=m-6854 day=1 agents=4
DAY_STATE_RECEIVED matchId=m-6854 day=1 agents=4
DAY_STATE_RECEIVED matchId=m-6854 day=1 agents=4
DAY_STATE_RECEIVED matchId=m-6854 day=2 agents=4
PARITY_OBSERVED matchId=m-6854 day=1 position=MATCH patrolFuel=MATCH
DAY_ADVANCED matchId=m-6854 from=1 to=2
V2_JOINT_BEAM_START day=2 beamWidth=48 maxExpandedStates=64 maxChildrenPerState=24 maxNextTargetsPerAgent=4 fullTerminalEvaluationLimit=16 searchPolicy=R1_CONTROL
V2_PATHFINDING_AUDIT day=2 catalogPathfindingExecutions=8 searchPathfindingExecutions=0
V2_BEAM_DEPTH_SUMMARY day=2 depth=0 statesConsidered=7 expanded=1 candidateAttempts=13 infeasibleRoutes=0 topKTruncations=1 generatedChildren=15 uniqueChildren=6 collectChildren=12 stopChildren=3 duplicates=1 dominance=0 terminalCandidates=6 bestSecuredCollections=7 bestPotentialCollections=19
V2_BEAM_DEPTH_SUMMARY day=2 depth=1 statesConsidered=15 expanded=1 candidateAttempts=11 infeasibleRoutes=3 topKTruncations=0 generatedChildren=11 uniqueChildren=15 collectChildren=8 stopChildren=3 duplicates=0 dominance=0 terminalCandidates=15 bestSecuredCollections=9 bestPotentialCollections=19
V2_BEAM_DEPTH_SUMMARY day=2 depth=2 statesConsidered=11 expanded=1 candidateAttempts=8 infeasibleRoutes=2 topKTruncations=0 generatedChildren=9 uniqueChildren=11 collectChildren=6 stopChildren=3 duplicates=0 dominance=0 terminalCandidates=11 bestSecuredCollections=10 bestPotentialCollections=17
V2_BEAM_DEPTH_SUMMARY day=2 depth=3 statesConsidered=9 expanded=1 candidateAttempts=7 infeasibleRoutes=3 topKTruncations=0 generatedChildren=7 uniqueChildren=9 collectChildren=4 stopChildren=3 duplicates=0 dominance=0 terminalCandidates=9 bestSecuredCollections=11 bestPotentialCollections=16
V2_BEAM_DEPTH_SUMMARY day=2 depth=4 statesConsidered=7 expanded=4 candidateAttempts=23 infeasibleRoutes=15 topKTruncations=0 generatedChildren=20 uniqueChildren=7 collectChildren=8 stopChildren=12 duplicates=0 dominance=0 terminalCandidates=7 bestSecuredCollections=12 bestPotentialCollections=15
V2_BEAM_DEPTH_SUMMARY day=2 depth=5 statesConsidered=20 expanded=10 candidateAttempts=43 infeasibleRoutes=27 topKTruncations=0 generatedChildren=41 uniqueChildren=17 collectChildren=16 stopChildren=25 duplicates=3 dominance=0 terminalCandidates=17 bestSecuredCollections=13 bestPotentialCollections=15
V2_BEAM_DEPTH_SUMMARY day=2 depth=6 statesConsidered=41 expanded=19 candidateAttempts=58 infeasibleRoutes=45 topKTruncations=0 generatedChildren=51 uniqueChildren=25 collectChildren=13 stopChildren=38 duplicates=16 dominance=0 terminalCandidates=25 bestSecuredCollections=14 bestPotentialCollections=15
V2_BEAM_DEPTH_SUMMARY day=2 depth=7 statesConsidered=51 expanded=21 candidateAttempts=37 infeasibleRoutes=33 topKTruncations=0 generatedChildren=31 uniqueChildren=23 collectChildren=4 stopChildren=27 duplicates=28 dominance=0 terminalCandidates=23 bestSecuredCollections=14 bestPotentialCollections=15
V2_BEAM_DEPTH_SUMMARY day=2 depth=8 statesConsidered=31 expanded=6 candidateAttempts=7 infeasibleRoutes=7 topKTruncations=0 generatedChildren=6 uniqueChildren=11 collectChildren=0 stopChildren=6 duplicates=20 dominance=0 terminalCandidates=11 bestSecuredCollections=14 bestPotentialCollections=14
V2_BEAM_DEPTH_SUMMARY day=2 depth=9 statesConsidered=6 expanded=0 candidateAttempts=0 infeasibleRoutes=0 topKTruncations=0 generatedChildren=0 uniqueChildren=2 collectChildren=0 stopChildren=0 duplicates=4 dominance=0 terminalCandidates=2 bestSecuredCollections=14 bestPotentialCollections=14
V2_POTENTIAL_DISCRIMINATION_SUMMARY day=2 depth=0 stateCount=7 minPotential=11 maxPotential=16 distinctPotentialValues=3
V2_POTENTIAL_DISCRIMINATION_SUMMARY day=2 depth=1 stateCount=15 minPotential=8 maxPotential=11 distinctPotentialValues=4
V2_POTENTIAL_DISCRIMINATION_SUMMARY day=2 depth=2 stateCount=11 minPotential=3 maxPotential=8 distinctPotentialValues=5
V2_POTENTIAL_DISCRIMINATION_SUMMARY day=2 depth=3 stateCount=9 minPotential=2 maxPotential=6 distinctPotentialValues=5
V2_POTENTIAL_DISCRIMINATION_SUMMARY day=2 depth=4 stateCount=7 minPotential=1 maxPotential=4 distinctPotentialValues=3
V2_POTENTIAL_DISCRIMINATION_SUMMARY day=2 depth=5 stateCount=20 minPotential=0 maxPotential=3 distinctPotentialValues=4
V2_POTENTIAL_DISCRIMINATION_SUMMARY day=2 depth=6 stateCount=41 minPotential=0 maxPotential=3 distinctPotentialValues=4
V2_POTENTIAL_DISCRIMINATION_SUMMARY day=2 depth=7 stateCount=51 minPotential=0 maxPotential=2 distinctPotentialValues=3
V2_POTENTIAL_DISCRIMINATION_SUMMARY day=2 depth=8 stateCount=31 minPotential=0 maxPotential=0 distinctPotentialValues=1
V2_POTENTIAL_DISCRIMINATION_SUMMARY day=2 depth=9 stateCount=6 minPotential=0 maxPotential=0 distinctPotentialValues=1
V2_TERMINAL_PORTFOLIO day=2 rank=1 ownSemiBrands=4 ownSemiCollections=13 coupledOwnCollections=6 baselineOpponentCollections=15 coupledOpponentCollections=12 hybridMarginScore4=-12 strategicDecisionCount=6 movementCommandCount=91 signature=0:MDOWN_RIGHT,MDOWN_LEFT,MDOWN_LEFT,MDOWN_LEFT,MDOWN_LEFT,MDOWN_RIGHT,MDOWN_RIGHT,MUP_LEFT,MUP_LEFT,MUP_LEFT,MUP_LEFT,MUP_RIGHT,MUP_LEFT,MLEFT,MLEFT,W2,;1:MDOWN_RIGHT,MDOWN_RIGHT,MDOWN_RIGHT,MDOWN_RIGHT,MDOWN_RIGHT,MDOWN_RIGHT,MDOWN_LEFT,MUP_LEFT,MUP_LEFT,MUP_LEFT,MUP_LEFT,MUP_RIGHT,MUP_LEFT,MLEFT,MLEFT,W2,;2:MUP_LEFT,MUP_LEFT,MDOWN_LEFT,MLEFT,MUP_RIGHT,MUP_RIGHT,MUP_RIGHT,MUP_RIGHT,MRIGHT,MRIGHT,MRIGHT,MRIGHT,MUP_LEFT,MLEFT,MUP_LEFT,MLEFT,W3,;3:MUP_LEFT,MUP_LEFT,W5,MDOWN_RIGHT,MDOWN_RIGHT,W17,;
V2_TERMINAL_PORTFOLIO day=2 rank=2 ownSemiBrands=4 ownSemiCollections=13 coupledOwnCollections=6 baselineOpponentCollections=15 coupledOpponentCollections=13 hybridMarginScore4=-13 strategicDecisionCount=6 movementCommandCount=90 signature=0:MDOWN_RIGHT,MDOWN_LEFT,MDOWN_LEFT,MDOWN_LEFT,MDOWN_LEFT,MDOWN_RIGHT,MDOWN_RIGHT,MUP_LEFT,MUP_LEFT,MUP_RIGHT,MUP_RIGHT,MUP_RIGHT,MRIGHT,MRIGHT,MRIGHT,W3,;1:MDOWN_RIGHT,MDOWN_RIGHT,MDOWN_RIGHT,MDOWN_RIGHT,MDOWN_RIGHT,MDOWN_RIGHT,MDOWN_LEFT,MUP_LEFT,MUP_LEFT,MUP_LEFT,MUP_LEFT,MUP_RIGHT,MUP_LEFT,MLEFT,MLEFT,W2,;2:MUP_LEFT,MUP_LEFT,MDOWN_LEFT,MLEFT,MUP_RIGHT,MUP_RIGHT,MUP_RIGHT,MUP_RIGHT,MRIGHT,MRIGHT,MRIGHT,MRIGHT,MUP_LEFT,MLEFT,MUP_LEFT,MLEFT,W3,;3:MUP_LEFT,MUP_LEFT,W5,MDOWN_RIGHT,MDOWN_RIGHT,W17,;
V2_TERMINAL_PORTFOLIO day=2 rank=3 ownSemiBrands=4 ownSemiCollections=12 coupledOwnCollections=7 baselineOpponentCollections=15 coupledOpponentCollections=12 hybridMarginScore4=-14 strategicDecisionCount=5 movementCommandCount=83 signature=0:MDOWN_RIGHT,MDOWN_LEFT,MDOWN_LEFT,MDOWN_LEFT,MDOWN_LEFT,MUP_LEFT,MUP_LEFT,MUP_RIGHT,MUP_LEFT,MLEFT,MLEFT,W10,;1:MDOWN_RIGHT,MDOWN_RIGHT,MDOWN_RIGHT,MDOWN_RIGHT,MDOWN_RIGHT,MDOWN_RIGHT,MDOWN_LEFT,MUP_LEFT,MUP_LEFT,MUP_LEFT,MUP_LEFT,MUP_RIGHT,MUP_LEFT,MLEFT,MLEFT,W2,;2:MUP_LEFT,MUP_LEFT,MDOWN_LEFT,MLEFT,MUP_RIGHT,MUP_RIGHT,MUP_RIGHT,MUP_RIGHT,MRIGHT,MRIGHT,MRIGHT,MRIGHT,MUP_LEFT,MLEFT,MUP_LEFT,MLEFT,W3,;3:MUP_LEFT,MUP_LEFT,W5,MDOWN_RIGHT,MDOWN_RIGHT,W17,;
V2_TERMINAL_PORTFOLIO day=2 rank=4 ownSemiBrands=4 ownSemiCollections=12 coupledOwnCollections=7 baselineOpponentCollections=15 coupledOpponentCollections=12 hybridMarginScore4=-14 strategicDecisionCount=5 movementCommandCount=82 signature=0:MDOWN_RIGHT,MDOWN_LEFT,MDOWN_LEFT,MDOWN_LEFT,MDOWN_LEFT,MUP_RIGHT,MUP_RIGHT,MUP_RIGHT,MRIGHT,MRIGHT,MRIGHT,W11,;1:MDOWN_RIGHT,MDOWN_RIGHT,MDOWN_RIGHT,MDOWN_RIGHT,MDOWN_RIGHT,MDOWN_RIGHT,MDOWN_LEFT,MUP_LEFT,MUP_LEFT,MUP_LEFT,MUP_LEFT,MUP_RIGHT,MUP_LEFT,MLEFT,MLEFT,W2,;2:MUP_LEFT,MUP_LEFT,MDOWN_LEFT,MLEFT,MUP_RIGHT,MUP_RIGHT,MUP_RIGHT,MUP_RIGHT,MRIGHT,MRIGHT,MRIGHT,MRIGHT,MUP_LEFT,MLEFT,MUP_LEFT,MLEFT,W3,;3:MUP_LEFT,MUP_LEFT,W5,MDOWN_RIGHT,MDOWN_RIGHT,W17,;
V2_TERMINAL_PORTFOLIO day=2 rank=5 ownSemiBrands=4 ownSemiCollections=12 coupledOwnCollections=6 baselineOpponentCollections=15 coupledOpponentCollections=12 hybridMarginScore4=-15 strategicDecisionCount=5 movementCommandCount=76 signature=0:MDOWN_RIGHT,MDOWN_LEFT,MDOWN_LEFT,MDOWN_LEFT,MDOWN_LEFT,MDOWN_RIGHT,MDOWN_RIGHT,W17,;1:MDOWN_RIGHT,MDOWN_RIGHT,MDOWN_RIGHT,MDOWN_RIGHT,MDOWN_RIGHT,MDOWN_RIGHT,MDOWN_LEFT,MUP_LEFT,MUP_LEFT,MUP_LEFT,MUP_LEFT,MUP_RIGHT,MUP_LEFT,MLEFT,MLEFT,W2,;2:MUP_LEFT,MUP_LEFT,MDOWN_LEFT,MLEFT,MUP_RIGHT,MUP_RIGHT,MUP_RIGHT,MUP_RIGHT,MRIGHT,MRIGHT,MRIGHT,MRIGHT,MUP_LEFT,MLEFT,MUP_LEFT,MLEFT,W3,;3:MUP_LEFT,MUP_LEFT,W5,MDOWN_RIGHT,MDOWN_RIGHT,W17,;
V2_TIMING_BREAKDOWN day=2 catalogWallMillis=6 searchWallMillis=105 stageBTerminalWallMillis=68 stageATerminalAccumulatedMillis=0 stageBTerminalAccumulatedMillis=59 totalWallMillis=179 fullCoupledEvaluationCount=16
V2_JOINT_BEAM_DONE day=2 beamWidth=48 maxExpandedStates=64 expanded=64 generatedChildren=191 uniqueStates=126 collectChildrenGenerated=71 stopChildrenGenerated=120 rootScheduleStates=6 duplicateStatesRejected=72 dominatedStatesRejected=0 terminalStates=126 continuingTerminalCandidates=117 fullyStoppedTerminalCandidates=9 stageATerminalEvaluations=126 stageBRequested=16 stageBDuplicateCandidatesSkipped=83 terminalPlansEvaluated=16 selectedOwnSemiBrands=4 selectedOwnSemiCollections=13 selectedCoupledOwnCollections=6 selectedBaselineOpponentCollections=15 selectedCoupledOpponentCollections=12 selectedHybridOwnScore4=45 selectedHybridOpponentScore4=57 selectedHybridMarginScore4=-12 catalogPathfindingExecutions=8 searchPathfindingExecutions=0 planningMillis=179 planningDeadlineTriggered=false deadlinePhase=NONE
R3_PORTFOLIO_SUMMARY day=2 partialToursGenerated=110 partialToursPruned=17 skeletonsConsidered=48 skeletonsValidated=24 skeletonsValid=6 skeletonsRetained=6 rootCandidates=7 rootsInitiallyAdmitted=7 rootsSurvivingMerge=7 selectedSupportServiceCount=3 selectedSupportedPatrols=[0, 1, 2] selectedSupportSkeletonSignature=3:2@43/4,0@43/9,1@60/13 stageATerminals=126 stageBRequested=16 stageBEvaluated=16 stageBSkippedForDeadline=0 tourCatalogPathfindingExecutions=20 tourSearchPathfindingExecutions=0 beamSearchPathfindingExecutions=0 planningDeadlineTriggered=false deadlinePhase=NONE incumbentSource=STAGE_B fallbackUsed=false terminalEvaluationWallMillis=68 terminalEvaluationAccumulatedMillis=59 wallPlanningMillis=205
R3_ROOT_FAMILY_SUMMARY day=2 serviceCount=0 available=true rootCandidates=1 rootsInitiallyAdmitted=1 rootsSurvivingMerge=1 rawTerminalCandidates=1 uniquePhysicalTerminals=1 physicalDedupRatio=0.0 bestStageAOwnSemiBrands=2 bestStageAOwnSemiCollections=3 stageBEligiblePhysicalPlans=1 stageBEvaluatedForFamily=1 bestFullyEvaluatedOwnSemiBrands=2 bestFullyEvaluatedOwnSemiCollections=3 bestFullyEvaluatedCoupledOwnCollections=3 bestFullyEvaluatedBaselineOpponentCollections=15 bestFullyEvaluatedCoupledOpponentCollections=13 bestFullyEvaluatedHybridMarginScore4=-46 bestPhysicalSignature=0:W30,;1:W30,;2:W30,;3:W30,; supportedPatrols=[] supportSkeletonSignature=NO_REFUEL
R3_ROOT_FAMILY_SUMMARY day=2 serviceCount=1 available=false rootCandidates=0 rootsInitiallyAdmitted=0 rootsSurvivingMerge=0 rawTerminalCandidates=0 uniquePhysicalTerminals=0 physicalDedupRatio=0.0 bestStageAOwnSemiBrands=-1 bestStageAOwnSemiCollections=-1 stageBEligiblePhysicalPlans=0 stageBEvaluatedForFamily=0 bestFullyEvaluatedOwnSemiBrands=-1 bestFullyEvaluatedOwnSemiCollections=-1 bestFullyEvaluatedCoupledOwnCollections=-1 bestFullyEvaluatedBaselineOpponentCollections=-1 bestFullyEvaluatedCoupledOpponentCollections=-1 bestFullyEvaluatedHybridMarginScore4=-1 bestPhysicalSignature=UNAVAILABLE supportedPatrols=[] supportSkeletonSignature=UNAVAILABLE
R3_ROOT_FAMILY_SUMMARY day=2 serviceCount=2 available=false rootCandidates=0 rootsInitiallyAdmitted=0 rootsSurvivingMerge=0 rawTerminalCandidates=0 uniquePhysicalTerminals=0 physicalDedupRatio=0.0 bestStageAOwnSemiBrands=-1 bestStageAOwnSemiCollections=-1 stageBEligiblePhysicalPlans=0 stageBEvaluatedForFamily=0 bestFullyEvaluatedOwnSemiBrands=-1 bestFullyEvaluatedOwnSemiCollections=-1 bestFullyEvaluatedCoupledOwnCollections=-1 bestFullyEvaluatedBaselineOpponentCollections=-1 bestFullyEvaluatedCoupledOpponentCollections=-1 bestFullyEvaluatedHybridMarginScore4=-1 bestPhysicalSignature=UNAVAILABLE supportedPatrols=[] supportSkeletonSignature=UNAVAILABLE
R3_ROOT_FAMILY_SUMMARY day=2 serviceCount=3 available=true rootCandidates=6 rootsInitiallyAdmitted=6 rootsSurvivingMerge=5 rawTerminalCandidates=126 uniquePhysicalTerminals=42 physicalDedupRatio=0.6666666666666667 bestStageAOwnSemiBrands=4 bestStageAOwnSemiCollections=13 stageBEligiblePhysicalPlans=42 stageBEvaluatedForFamily=16 bestFullyEvaluatedOwnSemiBrands=4 bestFullyEvaluatedOwnSemiCollections=13 bestFullyEvaluatedCoupledOwnCollections=6 bestFullyEvaluatedBaselineOpponentCollections=15 bestFullyEvaluatedCoupledOpponentCollections=12 bestFullyEvaluatedHybridMarginScore4=-12 bestPhysicalSignature=0:MDOWN_RIGHT,MDOWN_LEFT,MDOWN_LEFT,MDOWN_LEFT,MDOWN_LEFT,MDOWN_RIGHT,MDOWN_RIGHT,MUP_LEFT,MUP_LEFT,MUP_LEFT,MUP_LEFT,MUP_RIGHT,MUP_LEFT,MLEFT,MLEFT,W2,;1:MDOWN_RIGHT,MDOWN_RIGHT,MDOWN_RIGHT,MDOWN_RIGHT,MDOWN_RIGHT,MDOWN_RIGHT,MDOWN_LEFT,MUP_LEFT,MUP_LEFT,MUP_LEFT,MUP_LEFT,MUP_RIGHT,MUP_LEFT,MLEFT,MLEFT,W2,;2:MUP_LEFT,MUP_LEFT,MDOWN_LEFT,MLEFT,MUP_RIGHT,MUP_RIGHT,MUP_RIGHT,MUP_RIGHT,MRIGHT,MRIGHT,MRIGHT,MRIGHT,MUP_LEFT,MLEFT,MUP_LEFT,MLEFT,W3,;3:MUP_LEFT,MUP_LEFT,W5,MDOWN_RIGHT,MDOWN_RIGHT,W17,; supportedPatrols=[0, 1, 2] supportSkeletonSignature=3:2@43/4,0@43/9,1@60/13
R3_ROOT_FAMILY_SELECTED day=2 selectedSupportServiceCount=3 selectedOwnSemiCollections=13 bestNoRefuelOwnSemiCollections=3 selectedGainVsNoRefuelSemi=10 selectedHybridMarginScore4=-12 bestNoRefuelHybridMarginScore4=null selectedGainVsNoRefuelHybridScore4=null globalRawTerminalCandidates=126 globalUniquePhysicalTerminals=43 globalPhysicalDedupRatio=0.6587301587301587
R3_LIVE_FAMILY_AUDIT day=2 serviceCount=0 available=true bestStageAOwnSemiBrands=2 bestStageAOwnSemiCollections=3 shadowEvaluated=true shadowOwnSemiBrands=2 shadowOwnSemiCollections=3 shadowCoupledOwnCollections=3 shadowBaselineOpponentCollections=15 shadowCoupledOpponentCollections=13 shadowHybridMarginScore4=-46 supportedPatrols=[] supportSkeletonSignature=NO_REFUEL physicalSignature=0:W30,;1:W30,;2:W30,;3:W30,; shadowAuditSkippedForDeadline=false
R3_LIVE_FAMILY_AUDIT day=2 serviceCount=1 available=false bestStageAOwnSemiBrands=NA bestStageAOwnSemiCollections=NA shadowEvaluated=false shadowOwnSemiBrands=NA shadowOwnSemiCollections=NA shadowCoupledOwnCollections=NA shadowBaselineOpponentCollections=NA shadowCoupledOpponentCollections=NA shadowHybridMarginScore4=NA supportedPatrols=[] supportSkeletonSignature=UNAVAILABLE physicalSignature=UNAVAILABLE shadowAuditSkippedForDeadline=false
R3_LIVE_FAMILY_AUDIT day=2 serviceCount=2 available=false bestStageAOwnSemiBrands=NA bestStageAOwnSemiCollections=NA shadowEvaluated=false shadowOwnSemiBrands=NA shadowOwnSemiCollections=NA shadowCoupledOwnCollections=NA shadowBaselineOpponentCollections=NA shadowCoupledOpponentCollections=NA shadowHybridMarginScore4=NA supportedPatrols=[] supportSkeletonSignature=UNAVAILABLE physicalSignature=UNAVAILABLE shadowAuditSkippedForDeadline=false
R3_LIVE_FAMILY_AUDIT day=2 serviceCount=3 available=true bestStageAOwnSemiBrands=4 bestStageAOwnSemiCollections=13 shadowEvaluated=true shadowOwnSemiBrands=4 shadowOwnSemiCollections=13 shadowCoupledOwnCollections=6 shadowBaselineOpponentCollections=15 shadowCoupledOpponentCollections=12 shadowHybridMarginScore4=-12 supportedPatrols=[0, 1, 2] supportSkeletonSignature=3:2@43/4,0@43/9,1@60/13 physicalSignature=0:MDOWN_RIGHT,MDOWN_LEFT,MDOWN_LEFT,MDOWN_LEFT,MDOWN_LEFT,MDOWN_RIGHT,MDOWN_RIGHT,MUP_LEFT,MUP_LEFT,MUP_LEFT,MUP_LEFT,MUP_RIGHT,MUP_LEFT,MLEFT,MLEFT,W2,;1:MDOWN_RIGHT,MDOWN_RIGHT,MDOWN_RIGHT,MDOWN_RIGHT,MDOWN_RIGHT,MDOWN_RIGHT,MDOWN_LEFT,MUP_LEFT,MUP_LEFT,MUP_LEFT,MUP_LEFT,MUP_RIGHT,MUP_LEFT,MLEFT,MLEFT,W2,;2:MUP_LEFT,MUP_LEFT,MDOWN_LEFT,MLEFT,MUP_RIGHT,MUP_RIGHT,MUP_RIGHT,MUP_RIGHT,MRIGHT,MRIGHT,MRIGHT,MRIGHT,MUP_LEFT,MLEFT,MUP_LEFT,MLEFT,W3,;3:MUP_LEFT,MUP_LEFT,W5,MDOWN_RIGHT,MDOWN_RIGHT,W17,; shadowAuditSkippedForDeadline=false
R3_LIVE_FAMILY_COMPARISON day=2 selectedServiceCount=3 selectedOwnSemiCollections=13 selectedHybridMarginScore4=-12 noRefuelSemi=3 noRefuelHybridMarginScore4=-46 oneServiceSemi=NA oneServiceHybridMarginScore4=NA twoServiceSemi=NA twoServiceHybridMarginScore4=NA threeServiceSemi=13 threeServiceHybridMarginScore4=-12 selectedGainVsNoRefuelSemi=10 selectedGainVsNoRefuelHybridScore4=34 bestShadowFamilyByFrozenObjective=3 selectedMatchesBestShadowFamily=true shadowEvaluationsPerformed=1 shadowEvaluationsSkippedForDeadline=0
R3_SUPPORT_PRODUCTIVITY day=2 serviceCount=3 supportedPatrols=[0, 1, 2] prefixCollections=6 collectionsBeforeFirstService=3 postSupportCollections=5 totalSupportedPatrolCollections=14 supportMovementSteps=8 supportWaitSteps=5 selectedSupportSkeletonSignature=3:2@43/4,0@43/9,1@60/13
LOCAL_PLAN_VALID matchId=m-6854 day=2 mode=JointTeamBeamR3Planner
ACTION_REQUEST_FINGERPRINT matchId=m-6854 day=2 agentCount=4 serializedLength=125 fingerprint=213bc29d
ACTION_DURATION_AUDIT matchId=m-6854 day=2 agent=0 dayBudget=30 plannerDuration=30 validatedDuration=30 encodedDuration=30 actionCount=16 finalAction=WAIT(2) paddingApplied=false
ACTION_WIRE_REPLAY_AUDIT matchId=m-6854 day=2 agent=0 dayBudget=30 simulatedDuration=30 wireReplayDuration=30 simulatedEndPosition=8 wireReplayEndPosition=8 simulatedPatrolFuel=51 wireReplayPatrolFuel=51 actionCount=16 durationMatch=true positionMatch=true fuelMatch=true fuelCheckReason=finiteFuelCompared
ACTION_DURATION_AUDIT matchId=m-6854 day=2 agent=1 dayBudget=30 plannerDuration=30 validatedDuration=30 encodedDuration=30 actionCount=16 finalAction=WAIT(2) paddingApplied=false
ACTION_WIRE_REPLAY_AUDIT matchId=m-6854 day=2 agent=1 dayBudget=30 simulatedDuration=30 wireReplayDuration=30 simulatedEndPosition=8 wireReplayEndPosition=8 simulatedPatrolFuel=51 wireReplayPatrolFuel=51 actionCount=16 durationMatch=true positionMatch=true fuelMatch=true fuelCheckReason=finiteFuelCompared
ACTION_DURATION_AUDIT matchId=m-6854 day=2 agent=2 dayBudget=30 plannerDuration=30 validatedDuration=30 encodedDuration=30 actionCount=17 finalAction=WAIT(3) paddingApplied=false
ACTION_WIRE_REPLAY_AUDIT matchId=m-6854 day=2 agent=2 dayBudget=30 simulatedDuration=30 wireReplayDuration=30 simulatedEndPosition=4 wireReplayEndPosition=4 simulatedPatrolFuel=41 wireReplayPatrolFuel=41 actionCount=17 durationMatch=true positionMatch=true fuelMatch=true fuelCheckReason=finiteFuelCompared
ACTION_DURATION_AUDIT matchId=m-6854 day=2 agent=3 dayBudget=30 plannerDuration=30 validatedDuration=30 encodedDuration=30 actionCount=6 finalAction=WAIT(17) paddingApplied=false
ACTION_WIRE_REPLAY_AUDIT matchId=m-6854 day=2 agent=3 dayBudget=30 simulatedDuration=30 wireReplayDuration=30 simulatedEndPosition=60 wireReplayEndPosition=60 simulatedPatrolFuel=UNAVAILABLE wireReplayPatrolFuel=UNAVAILABLE actionCount=6 durationMatch=true positionMatch=true fuelMatch=NA fuelCheckReason=nonPatrolOrUnavailableFuel
ACTIONS_SUBMITTED matchId=m-6854 day=2 fingerprint=213bc29d
ACTION_RESPONSE_DAY_OBSERVED matchId=m-6854 submittedDay=2 responseDay=3 delta=1 fingerprint=213bc29d
UDON_OBSERVABILITY matchId=m-6854 day=2 predictedDayUdon=14 authoritativeActual=UNAVAILABLE
ACTIONS_ACCEPTED matchId=m-6854 day=2
DAY_STATE_RECEIVED matchId=m-6854 day=2 agents=4
DAY_STATE_RECEIVED matchId=m-6854 day=2 agents=4
DAY_STATE_RECEIVED matchId=m-6854 day=2 agents=4
DAY_STATE_RECEIVED matchId=m-6854 day=2 agents=4
DAY_STATE_RECEIVED matchId=m-6854 day=2 agents=4
DAY_STATE_RECEIVED matchId=m-6854 day=2 agents=4
DAY_STATE_RECEIVED matchId=m-6854 day=2 agents=4
DAY_STATE_RECEIVED matchId=m-6854 day=2 agents=4
DAY_STATE_RECEIVED matchId=m-6854 day=2 agents=4
DAY_STATE_RECEIVED matchId=m-6854 day=2 agents=4
DAY_STATE_RECEIVED matchId=m-6854 day=2 agents=4
DAY_STATE_RECEIVED matchId=m-6854 day=2 agents=4
DAY_STATE_RECEIVED matchId=m-6854 day=2 agents=4
DAY_STATE_RECEIVED matchId=m-6854 day=2 agents=4
DAY_STATE_RECEIVED matchId=m-6854 day=2 agents=4
DAY_STATE_RECEIVED matchId=m-6854 day=2 agents=4
DAY_STATE_RECEIVED matchId=m-6854 day=2 agents=4
DAY_STATE_RECEIVED matchId=m-6854 day=3 agents=4
PARITY_OBSERVED matchId=m-6854 day=2 position=MATCH patrolFuel=MATCH
DAY_ADVANCED matchId=m-6854 from=2 to=3
V2_JOINT_BEAM_START day=3 beamWidth=48 maxExpandedStates=64 maxChildrenPerState=24 maxNextTargetsPerAgent=4 fullTerminalEvaluationLimit=16 searchPolicy=R1_CONTROL
V2_PATHFINDING_AUDIT day=3 catalogPathfindingExecutions=8 searchPathfindingExecutions=0
V2_BEAM_DEPTH_SUMMARY day=3 depth=0 statesConsidered=13 expanded=1 candidateAttempts=14 infeasibleRoutes=0 topKTruncations=2 generatedChildren=15 uniqueChildren=8 collectChildren=12 stopChildren=3 duplicates=5 dominance=0 terminalCandidates=8 bestSecuredCollections=7 bestPotentialCollections=19
V2_BEAM_DEPTH_SUMMARY day=3 depth=1 statesConsidered=15 expanded=1 candidateAttempts=10 infeasibleRoutes=3 topKTruncations=0 generatedChildren=10 uniqueChildren=15 collectChildren=7 stopChildren=3 duplicates=0 dominance=0 terminalCandidates=15 bestSecuredCollections=9 bestPotentialCollections=19
V2_BEAM_DEPTH_SUMMARY day=3 depth=2 statesConsidered=10 expanded=1 candidateAttempts=7 infeasibleRoutes=2 topKTruncations=0 generatedChildren=8 uniqueChildren=10 collectChildren=5 stopChildren=3 duplicates=0 dominance=0 terminalCandidates=10 bestSecuredCollections=10 bestPotentialCollections=16
V2_BEAM_DEPTH_SUMMARY day=3 depth=3 statesConsidered=8 expanded=2 candidateAttempts=12 infeasibleRoutes=5 topKTruncations=0 generatedChildren=13 uniqueChildren=8 collectChildren=7 stopChildren=6 duplicates=0 dominance=0 terminalCandidates=8 bestSecuredCollections=11 bestPotentialCollections=15
V2_BEAM_DEPTH_SUMMARY day=3 depth=4 statesConsidered=13 expanded=5 candidateAttempts=25 infeasibleRoutes=16 topKTruncations=0 generatedChildren=24 uniqueChildren=12 collectChildren=9 stopChildren=15 duplicates=1 dominance=0 terminalCandidates=12 bestSecuredCollections=12 bestPotentialCollections=15
V2_BEAM_DEPTH_SUMMARY day=3 depth=5 statesConsidered=24 expanded=17 candidateAttempts=60 infeasibleRoutes=44 topKTruncations=0 generatedChildren=55 uniqueChildren=20 collectChildren=16 stopChildren=39 duplicates=4 dominance=0 terminalCandidates=20 bestSecuredCollections=13 bestPotentialCollections=14
V2_BEAM_DEPTH_SUMMARY day=3 depth=6 statesConsidered=55 expanded=25 candidateAttempts=55 infeasibleRoutes=47 topKTruncations=0 generatedChildren=46 uniqueChildren=27 collectChildren=8 stopChildren=38 duplicates=28 dominance=0 terminalCandidates=27 bestSecuredCollections=13 bestPotentialCollections=14
V2_BEAM_DEPTH_SUMMARY day=3 depth=7 statesConsidered=46 expanded=12 candidateAttempts=16 infeasibleRoutes=16 topKTruncations=0 generatedChildren=12 uniqueChildren=18 collectChildren=0 stopChildren=12 duplicates=28 dominance=0 terminalCandidates=18 bestSecuredCollections=13 bestPotentialCollections=13
V2_BEAM_DEPTH_SUMMARY day=3 depth=8 statesConsidered=12 expanded=0 candidateAttempts=0 infeasibleRoutes=0 topKTruncations=0 generatedChildren=0 uniqueChildren=4 collectChildren=0 stopChildren=0 duplicates=8 dominance=0 terminalCandidates=4 bestSecuredCollections=13 bestPotentialCollections=13
V2_POTENTIAL_DISCRIMINATION_SUMMARY day=3 depth=0 stateCount=13 minPotential=11 maxPotential=16 distinctPotentialValues=3
V2_POTENTIAL_DISCRIMINATION_SUMMARY day=3 depth=1 stateCount=15 minPotential=7 maxPotential=11 distinctPotentialValues=5
V2_POTENTIAL_DISCRIMINATION_SUMMARY day=3 depth=2 stateCount=10 minPotential=3 maxPotential=7 distinctPotentialValues=5
V2_POTENTIAL_DISCRIMINATION_SUMMARY day=3 depth=3 stateCount=8 minPotential=2 maxPotential=5 distinctPotentialValues=4
V2_POTENTIAL_DISCRIMINATION_SUMMARY day=3 depth=4 stateCount=13 minPotential=0 maxPotential=4 distinctPotentialValues=5
V2_POTENTIAL_DISCRIMINATION_SUMMARY day=3 depth=5 stateCount=24 minPotential=0 maxPotential=2 distinctPotentialValues=3
V2_POTENTIAL_DISCRIMINATION_SUMMARY day=3 depth=6 stateCount=55 minPotential=0 maxPotential=2 distinctPotentialValues=2
V2_POTENTIAL_DISCRIMINATION_SUMMARY day=3 depth=7 stateCount=46 minPotential=0 maxPotential=0 distinctPotentialValues=1
V2_POTENTIAL_DISCRIMINATION_SUMMARY day=3 depth=8 stateCount=12 minPotential=0 maxPotential=0 distinctPotentialValues=1
V2_TERMINAL_PORTFOLIO day=3 rank=1 ownSemiBrands=4 ownSemiCollections=12 coupledOwnCollections=8 baselineOpponentCollections=15 coupledOpponentCollections=11 hybridMarginScore4=-12 strategicDecisionCount=5 movementCommandCount=81 signature=0:MRIGHT,MRIGHT,MDOWN_RIGHT,MDOWN_RIGHT,MDOWN_RIGHT,MDOWN_LEFT,MUP_LEFT,MUP_RIGHT,MUP_RIGHT,MUP_RIGHT,MUP_RIGHT,MRIGHT,MDOWN_RIGHT,MRIGHT,MDOWN_RIGHT,W4,;1:MRIGHT,MRIGHT,MDOWN_RIGHT,MDOWN_RIGHT,MDOWN_RIGHT,MDOWN_RIGHT,MDOWN_RIGHT,MDOWN_LEFT,MUP_LEFT,MUP_LEFT,MUP_LEFT,MUP_LEFT,MUP_RIGHT,MUP_LEFT,MUP_LEFT,W2,;2:MDOWN_RIGHT,MDOWN_LEFT,MDOWN_LEFT,MDOWN_LEFT,MDOWN_LEFT,MDOWN_LEFT,MLEFT,MRIGHT,MRIGHT,MDOWN_RIGHT,W11,;3:MUP_LEFT,MUP_LEFT,W5,W2,MDOWN_RIGHT,MDOWN_RIGHT,W15,;
V2_TERMINAL_PORTFOLIO day=3 rank=2 ownSemiBrands=4 ownSemiCollections=12 coupledOwnCollections=8 baselineOpponentCollections=15 coupledOpponentCollections=11 hybridMarginScore4=-12 strategicDecisionCount=5 movementCommandCount=90 signature=0:MRIGHT,MRIGHT,MDOWN_RIGHT,MDOWN_RIGHT,MDOWN_RIGHT,MDOWN_LEFT,MDOWN_RIGHT,MDOWN_RIGHT,MUP_LEFT,MUP_LEFT,MUP_LEFT,MUP_RIGHT,MUP_RIGHT,MUP_RIGHT,MUP_RIGHT,W2,;1:MRIGHT,MRIGHT,MDOWN_RIGHT,MDOWN_RIGHT,MDOWN_RIGHT,MDOWN_RIGHT,MDOWN_RIGHT,MDOWN_LEFT,MUP_LEFT,MUP_LEFT,MUP_LEFT,MUP_LEFT,MUP_RIGHT,MUP_LEFT,MUP_LEFT,W2,;2:MDOWN_RIGHT,MDOWN_LEFT,MDOWN_LEFT,MDOWN_LEFT,MDOWN_LEFT,MDOWN_LEFT,MLEFT,MUP_RIGHT,MUP_RIGHT,MUP_RIGHT,MUP_RIGHT,MRIGHT,MRIGHT,MRIGHT,MRIGHT,W4,;3:MUP_LEFT,MUP_LEFT,W5,W2,MDOWN_RIGHT,MDOWN_RIGHT,W15,;
V2_TERMINAL_PORTFOLIO day=3 rank=3 ownSemiBrands=4 ownSemiCollections=12 coupledOwnCollections=8 baselineOpponentCollections=15 coupledOpponentCollections=11 hybridMarginScore4=-12 strategicDecisionCount=5 movementCommandCount=91 signature=0:MRIGHT,MRIGHT,MDOWN_RIGHT,MDOWN_RIGHT,MDOWN_RIGHT,MDOWN_LEFT,MDOWN_RIGHT,MDOWN_RIGHT,MUP_LEFT,MUP_LEFT,MUP_RIGHT,MUP_RIGHT,MUP_RIGHT,MRIGHT,MRIGHT,MRIGHT,W1,;1:MRIGHT,MRIGHT,MDOWN_RIGHT,MDOWN_RIGHT,MDOWN_RIGHT,MDOWN_RIGHT,MDOWN_RIGHT,MDOWN_LEFT,MUP_LEFT,MUP_LEFT,MUP_LEFT,MUP_LEFT,MUP_RIGHT,MUP_LEFT,MUP_LEFT,W2,;2:MDOWN_RIGHT,MDOWN_LEFT,MDOWN_LEFT,MDOWN_LEFT,MDOWN_LEFT,MDOWN_LEFT,MLEFT,MUP_RIGHT,MUP_RIGHT,MUP_RIGHT,MUP_RIGHT,MRIGHT,MRIGHT,MRIGHT,MRIGHT,W4,;3:MUP_LEFT,MUP_LEFT,W5,W2,MDOWN_RIGHT,MDOWN_RIGHT,W15,;
V2_TERMINAL_PORTFOLIO day=3 rank=4 ownSemiBrands=4 ownSemiCollections=11 coupledOwnCollections=8 baselineOpponentCollections=15 coupledOpponentCollections=11 hybridMarginScore4=-15 strategicDecisionCount=4 movementCommandCount=76 signature=0:MRIGHT,MRIGHT,MDOWN_RIGHT,MDOWN_RIGHT,MDOWN_RIGHT,MDOWN_LEFT,MUP_RIGHT,MUP_RIGHT,MUP_RIGHT,MRIGHT,MRIGHT,MRIGHT,W9,;1:MRIGHT,MRIGHT,MDOWN_RIGHT,MDOWN_RIGHT,MDOWN_RIGHT,MDOWN_RIGHT,MDOWN_RIGHT,MDOWN_LEFT,MUP_LEFT,MUP_LEFT,MUP_LEFT,MUP_LEFT,MUP_RIGHT,MUP_LEFT,MUP_LEFT,W2,;2:MDOWN_RIGHT,MDOWN_LEFT,MDOWN_LEFT,MDOWN_LEFT,MDOWN_LEFT,MDOWN_LEFT,MLEFT,MRIGHT,MRIGHT,MDOWN_RIGHT,W11,;3:MUP_LEFT,MUP_LEFT,W5,W2,MDOWN_RIGHT,MDOWN_RIGHT,W15,;
V2_TERMINAL_PORTFOLIO day=3 rank=5 ownSemiBrands=4 ownSemiCollections=11 coupledOwnCollections=8 baselineOpponentCollections=15 coupledOpponentCollections=11 hybridMarginScore4=-15 strategicDecisionCount=4 movementCommandCount=77 signature=0:MRIGHT,MRIGHT,MDOWN_RIGHT,MDOWN_RIGHT,MDOWN_RIGHT,MDOWN_LEFT,MDOWN_RIGHT,MDOWN_RIGHT,W15,;1:MRIGHT,MRIGHT,MDOWN_RIGHT,MDOWN_RIGHT,MDOWN_RIGHT,MDOWN_RIGHT,MDOWN_RIGHT,MDOWN_LEFT,MUP_LEFT,MUP_LEFT,MUP_LEFT,MUP_LEFT,MUP_RIGHT,MUP_LEFT,MUP_LEFT,W2,;2:MDOWN_RIGHT,MDOWN_LEFT,MDOWN_LEFT,MDOWN_LEFT,MDOWN_LEFT,MDOWN_LEFT,MLEFT,MUP_RIGHT,MUP_RIGHT,MUP_RIGHT,MUP_RIGHT,MRIGHT,MRIGHT,MRIGHT,MRIGHT,W4,;3:MUP_LEFT,MUP_LEFT,W5,W2,MDOWN_RIGHT,MDOWN_RIGHT,W15,;
V2_TIMING_BREAKDOWN day=3 catalogWallMillis=3 searchWallMillis=58 stageBTerminalWallMillis=3 stageATerminalAccumulatedMillis=0 stageBTerminalAccumulatedMillis=0 totalWallMillis=64 fullCoupledEvaluationCount=16
V2_JOINT_BEAM_DONE day=3 beamWidth=48 maxExpandedStates=64 expanded=64 generatedChildren=183 uniqueStates=122 collectChildrenGenerated=64 stopChildrenGenerated=119 rootScheduleStates=12 duplicateStatesRejected=74 dominatedStatesRejected=0 terminalStates=122 continuingTerminalCandidates=114 fullyStoppedTerminalCandidates=8 stageATerminalEvaluations=122 stageBRequested=16 stageBDuplicateCandidatesSkipped=79 terminalPlansEvaluated=16 selectedOwnSemiBrands=4 selectedOwnSemiCollections=12 selectedCoupledOwnCollections=8 selectedBaselineOpponentCollections=15 selectedCoupledOpponentCollections=11 selectedHybridOwnScore4=44 selectedHybridOpponentScore4=56 selectedHybridMarginScore4=-12 catalogPathfindingExecutions=8 searchPathfindingExecutions=0 planningMillis=64 planningDeadlineTriggered=false deadlinePhase=NONE
R3_PORTFOLIO_SUMMARY day=3 partialToursGenerated=106 partialToursPruned=12 skeletonsConsidered=48 skeletonsValidated=24 skeletonsValid=14 skeletonsRetained=12 rootCandidates=13 rootsInitiallyAdmitted=13 rootsSurvivingMerge=13 selectedSupportServiceCount=3 selectedSupportedPatrols=[0, 1, 2] selectedSupportSkeletonSignature=3:2@43/9,0@43/11,1@60/15 stageATerminals=122 stageBRequested=16 stageBEvaluated=16 stageBSkippedForDeadline=0 tourCatalogPathfindingExecutions=20 tourSearchPathfindingExecutions=0 beamSearchPathfindingExecutions=0 planningDeadlineTriggered=false deadlinePhase=NONE incumbentSource=STAGE_B fallbackUsed=false terminalEvaluationWallMillis=3 terminalEvaluationAccumulatedMillis=0 wallPlanningMillis=78
R3_ROOT_FAMILY_SUMMARY day=3 serviceCount=0 available=true rootCandidates=1 rootsInitiallyAdmitted=1 rootsSurvivingMerge=1 rawTerminalCandidates=1 uniquePhysicalTerminals=1 physicalDedupRatio=0.0 bestStageAOwnSemiBrands=2 bestStageAOwnSemiCollections=3 stageBEligiblePhysicalPlans=1 stageBEvaluatedForFamily=1 bestFullyEvaluatedOwnSemiBrands=2 bestFullyEvaluatedOwnSemiCollections=3 bestFullyEvaluatedCoupledOwnCollections=3 bestFullyEvaluatedBaselineOpponentCollections=15 bestFullyEvaluatedCoupledOpponentCollections=14 bestFullyEvaluatedHybridMarginScore4=-47 bestPhysicalSignature=0:W30,;1:W30,;2:W30,;3:W30,; supportedPatrols=[] supportSkeletonSignature=NO_REFUEL
R3_ROOT_FAMILY_SUMMARY day=3 serviceCount=1 available=false rootCandidates=0 rootsInitiallyAdmitted=0 rootsSurvivingMerge=0 rawTerminalCandidates=0 uniquePhysicalTerminals=0 physicalDedupRatio=0.0 bestStageAOwnSemiBrands=-1 bestStageAOwnSemiCollections=-1 stageBEligiblePhysicalPlans=0 stageBEvaluatedForFamily=0 bestFullyEvaluatedOwnSemiBrands=-1 bestFullyEvaluatedOwnSemiCollections=-1 bestFullyEvaluatedCoupledOwnCollections=-1 bestFullyEvaluatedBaselineOpponentCollections=-1 bestFullyEvaluatedCoupledOpponentCollections=-1 bestFullyEvaluatedHybridMarginScore4=-1 bestPhysicalSignature=UNAVAILABLE supportedPatrols=[] supportSkeletonSignature=UNAVAILABLE
R3_ROOT_FAMILY_SUMMARY day=3 serviceCount=2 available=false rootCandidates=0 rootsInitiallyAdmitted=0 rootsSurvivingMerge=0 rawTerminalCandidates=0 uniquePhysicalTerminals=0 physicalDedupRatio=0.0 bestStageAOwnSemiBrands=-1 bestStageAOwnSemiCollections=-1 stageBEligiblePhysicalPlans=0 stageBEvaluatedForFamily=0 bestFullyEvaluatedOwnSemiBrands=-1 bestFullyEvaluatedOwnSemiCollections=-1 bestFullyEvaluatedCoupledOwnCollections=-1 bestFullyEvaluatedBaselineOpponentCollections=-1 bestFullyEvaluatedCoupledOpponentCollections=-1 bestFullyEvaluatedHybridMarginScore4=-1 bestPhysicalSignature=UNAVAILABLE supportedPatrols=[] supportSkeletonSignature=UNAVAILABLE
R3_ROOT_FAMILY_SUMMARY day=3 serviceCount=3 available=true rootCandidates=12 rootsInitiallyAdmitted=12 rootsSurvivingMerge=7 rawTerminalCandidates=126 uniquePhysicalTerminals=42 physicalDedupRatio=0.6666666666666667 bestStageAOwnSemiBrands=4 bestStageAOwnSemiCollections=12 stageBEligiblePhysicalPlans=42 stageBEvaluatedForFamily=16 bestFullyEvaluatedOwnSemiBrands=4 bestFullyEvaluatedOwnSemiCollections=12 bestFullyEvaluatedCoupledOwnCollections=8 bestFullyEvaluatedBaselineOpponentCollections=15 bestFullyEvaluatedCoupledOpponentCollections=11 bestFullyEvaluatedHybridMarginScore4=-12 bestPhysicalSignature=0:MRIGHT,MRIGHT,MDOWN_RIGHT,MDOWN_RIGHT,MDOWN_RIGHT,MDOWN_LEFT,MUP_LEFT,MUP_RIGHT,MUP_RIGHT,MUP_RIGHT,MUP_RIGHT,MRIGHT,MDOWN_RIGHT,MRIGHT,MDOWN_RIGHT,W4,;1:MRIGHT,MRIGHT,MDOWN_RIGHT,MDOWN_RIGHT,MDOWN_RIGHT,MDOWN_RIGHT,MDOWN_RIGHT,MDOWN_LEFT,MUP_LEFT,MUP_LEFT,MUP_LEFT,MUP_LEFT,MUP_RIGHT,MUP_LEFT,MUP_LEFT,W2,;2:MDOWN_RIGHT,MDOWN_LEFT,MDOWN_LEFT,MDOWN_LEFT,MDOWN_LEFT,MDOWN_LEFT,MLEFT,MRIGHT,MRIGHT,MDOWN_RIGHT,W11,;3:MUP_LEFT,MUP_LEFT,W5,W2,MDOWN_RIGHT,MDOWN_RIGHT,W15,; supportedPatrols=[0, 1, 2] supportSkeletonSignature=3:2@43/9,0@43/11,1@60/15
R3_ROOT_FAMILY_SELECTED day=3 selectedSupportServiceCount=3 selectedOwnSemiCollections=12 bestNoRefuelOwnSemiCollections=3 selectedGainVsNoRefuelSemi=9 selectedHybridMarginScore4=-12 bestNoRefuelHybridMarginScore4=null selectedGainVsNoRefuelHybridScore4=null globalRawTerminalCandidates=122 globalUniquePhysicalTerminals=43 globalPhysicalDedupRatio=0.6475409836065573
R3_LIVE_FAMILY_AUDIT day=3 serviceCount=0 available=true bestStageAOwnSemiBrands=2 bestStageAOwnSemiCollections=3 shadowEvaluated=true shadowOwnSemiBrands=2 shadowOwnSemiCollections=3 shadowCoupledOwnCollections=3 shadowBaselineOpponentCollections=15 shadowCoupledOpponentCollections=14 shadowHybridMarginScore4=-47 supportedPatrols=[] supportSkeletonSignature=NO_REFUEL physicalSignature=0:W30,;1:W30,;2:W30,;3:W30,; shadowAuditSkippedForDeadline=false
R3_LIVE_FAMILY_AUDIT day=3 serviceCount=1 available=false bestStageAOwnSemiBrands=NA bestStageAOwnSemiCollections=NA shadowEvaluated=false shadowOwnSemiBrands=NA shadowOwnSemiCollections=NA shadowCoupledOwnCollections=NA shadowBaselineOpponentCollections=NA shadowCoupledOpponentCollections=NA shadowHybridMarginScore4=NA supportedPatrols=[] supportSkeletonSignature=UNAVAILABLE physicalSignature=UNAVAILABLE shadowAuditSkippedForDeadline=false
R3_LIVE_FAMILY_AUDIT day=3 serviceCount=2 available=false bestStageAOwnSemiBrands=NA bestStageAOwnSemiCollections=NA shadowEvaluated=false shadowOwnSemiBrands=NA shadowOwnSemiCollections=NA shadowCoupledOwnCollections=NA shadowBaselineOpponentCollections=NA shadowCoupledOpponentCollections=NA shadowHybridMarginScore4=NA supportedPatrols=[] supportSkeletonSignature=UNAVAILABLE physicalSignature=UNAVAILABLE shadowAuditSkippedForDeadline=false
R3_LIVE_FAMILY_AUDIT day=3 serviceCount=3 available=true bestStageAOwnSemiBrands=4 bestStageAOwnSemiCollections=12 shadowEvaluated=true shadowOwnSemiBrands=4 shadowOwnSemiCollections=12 shadowCoupledOwnCollections=5 shadowBaselineOpponentCollections=15 shadowCoupledOpponentCollections=14 shadowHybridMarginScore4=-18 supportedPatrols=[0, 1, 2] supportSkeletonSignature=3:2@43/9,0@43/11,1@60/15 physicalSignature=0:MRIGHT,MRIGHT,MDOWN_RIGHT,MDOWN_RIGHT,MDOWN_RIGHT,MDOWN_LEFT,MDOWN_RIGHT,MDOWN_RIGHT,MUP_LEFT,MUP_LEFT,MUP_LEFT,MUP_RIGHT,MUP_RIGHT,MUP_RIGHT,MUP_RIGHT,W2,;1:MRIGHT,MRIGHT,MDOWN_RIGHT,MDOWN_RIGHT,MDOWN_RIGHT,MDOWN_RIGHT,MDOWN_RIGHT,MDOWN_LEFT,MUP_LEFT,MUP_LEFT,MUP_LEFT,MUP_LEFT,MUP_RIGHT,MUP_LEFT,MUP_LEFT,W2,;2:MDOWN_RIGHT,MDOWN_LEFT,MDOWN_LEFT,MDOWN_LEFT,MDOWN_LEFT,MDOWN_LEFT,MLEFT,MRIGHT,MRIGHT,MDOWN_RIGHT,W11,;3:MUP_LEFT,MUP_LEFT,W5,W2,MDOWN_RIGHT,MDOWN_RIGHT,W15,; shadowAuditSkippedForDeadline=false
R3_LIVE_FAMILY_COMPARISON day=3 selectedServiceCount=3 selectedOwnSemiCollections=12 selectedHybridMarginScore4=-12 noRefuelSemi=3 noRefuelHybridMarginScore4=-47 oneServiceSemi=NA oneServiceHybridMarginScore4=NA twoServiceSemi=NA twoServiceHybridMarginScore4=NA threeServiceSemi=12 threeServiceHybridMarginScore4=-18 selectedGainVsNoRefuelSemi=9 selectedGainVsNoRefuelHybridScore4=35 bestShadowFamilyByFrozenObjective=3 selectedMatchesBestShadowFamily=true shadowEvaluationsPerformed=1 shadowEvaluationsSkippedForDeadline=0
R3_SUPPORT_PRODUCTIVITY day=3 serviceCount=3 supportedPatrols=[0, 1, 2] prefixCollections=4 collectionsBeforeFirstService=4 postSupportCollections=5 totalSupportedPatrolCollections=13 supportMovementSteps=8 supportWaitSteps=7 selectedSupportSkeletonSignature=3:2@43/9,0@43/11,1@60/15
LOCAL_PLAN_VALID matchId=m-6854 day=3 mode=JointTeamBeamR3Planner
ACTION_REQUEST_FINGERPRINT matchId=m-6854 day=3 agentCount=4 serializedLength=117 fingerprint=d0590b55
ACTION_DURATION_AUDIT matchId=m-6854 day=3 agent=0 dayBudget=30 plannerDuration=30 validatedDuration=30 encodedDuration=30 actionCount=16 finalAction=WAIT(4) paddingApplied=false
ACTION_WIRE_REPLAY_AUDIT matchId=m-6854 day=3 agent=0 dayBudget=30 simulatedDuration=30 wireReplayDuration=30 simulatedEndPosition=23 wireReplayEndPosition=23 simulatedPatrolFuel=48 wireReplayPatrolFuel=48 actionCount=16 durationMatch=true positionMatch=true fuelMatch=true fuelCheckReason=finiteFuelCompared
ACTION_DURATION_AUDIT matchId=m-6854 day=3 agent=1 dayBudget=30 plannerDuration=30 validatedDuration=30 encodedDuration=30 actionCount=16 finalAction=WAIT(2) paddingApplied=false
ACTION_WIRE_REPLAY_AUDIT matchId=m-6854 day=3 agent=1 dayBudget=30 simulatedDuration=30 wireReplayDuration=30 simulatedEndPosition=1 wireReplayEndPosition=1 simulatedPatrolFuel=52 wireReplayPatrolFuel=52 actionCount=16 durationMatch=true positionMatch=true fuelMatch=true fuelCheckReason=finiteFuelCompared
ACTION_DURATION_AUDIT matchId=m-6854 day=3 agent=2 dayBudget=30 plannerDuration=30 validatedDuration=30 encodedDuration=30 actionCount=11 finalAction=WAIT(11) paddingApplied=false
ACTION_WIRE_REPLAY_AUDIT matchId=m-6854 day=3 agent=2 dayBudget=30 simulatedDuration=30 wireReplayDuration=30 simulatedEndPosition=60 wireReplayEndPosition=60 simulatedPatrolFuel=60 wireReplayPatrolFuel=60 actionCount=11 durationMatch=true positionMatch=true fuelMatch=true fuelCheckReason=finiteFuelCompared
ACTION_DURATION_AUDIT matchId=m-6854 day=3 agent=3 dayBudget=30 plannerDuration=30 validatedDuration=30 encodedDuration=30 actionCount=7 finalAction=WAIT(15) paddingApplied=false
ACTION_WIRE_REPLAY_AUDIT matchId=m-6854 day=3 agent=3 dayBudget=30 simulatedDuration=30 wireReplayDuration=30 simulatedEndPosition=60 wireReplayEndPosition=60 simulatedPatrolFuel=UNAVAILABLE wireReplayPatrolFuel=UNAVAILABLE actionCount=7 durationMatch=true positionMatch=true fuelMatch=NA fuelCheckReason=nonPatrolOrUnavailableFuel
ACTIONS_SUBMITTED matchId=m-6854 day=3 fingerprint=d0590b55
ACTION_RESPONSE_DAY_OBSERVED matchId=m-6854 submittedDay=3 responseDay=4 delta=1 fingerprint=d0590b55
UDON_OBSERVABILITY matchId=m-6854 day=3 predictedDayUdon=13 authoritativeActual=UNAVAILABLE
ACTIONS_ACCEPTED matchId=m-6854 day=3
RESULT_WAITING matchId=m-6854 httpStatus=425
RESULT_WAITING matchId=m-6854 httpStatus=425
RESULT_WAITING matchId=m-6854 httpStatus=425
RESULT_WAITING matchId=m-6854 httpStatus=425
RESULT_WAITING matchId=m-6854 httpStatus=425
RESULT_WAITING matchId=m-6854 httpStatus=425
RESULT_WAITING matchId=m-6854 httpStatus=425
RESULT_WAITING matchId=m-6854 httpStatus=425
RESULT_WAITING matchId=m-6854 httpStatus=425
RESULT_WAITING matchId=m-6854 httpStatus=425
RESULT_WAITING matchId=m-6854 httpStatus=425
RESULT_WAITING matchId=m-6854 httpStatus=425
RESULT_WAITING matchId=m-6854 httpStatus=425
RESULT_WAITING matchId=m-6854 httpStatus=425
RESULT_WAITING matchId=m-6854 httpStatus=425
RESULT_WAITING matchId=m-6854 httpStatus=425
RESULT_WAITING matchId=m-6854 httpStatus=425
RESULT_WAITING matchId=m-6854 httpStatus=425
RESULT_WAITING matchId=m-6854 httpStatus=425
RESULT_RECEIVED matchId=m-6854 submittedDays=4
FINAL matchId=m-6854 submittedDays=4 rateLimits=0 result={"protocol_version":"v0.1-draft","type":"match_result","match_id":"m-6854","standings":[{"rank":1,"team_id":"team-B","udon_types":4,"daily_types_sum":16,"udon_total":49,"response_ms_total":1277},{"rank":2,"team_id":"team-A","udon_types":4,"daily_types_sum":15,"udon_total":44,"response_ms_total":1638}]}
