CONFIG_LOADED baseUrl=https://procon.ptit.edu.vn matchId=m-6861 plannerMode=JOINT_TEAM_BEAM_V2_R3 PROCON_TOKEN=<set>
SETUP_WAITING matchId=m-6861
SETUP_RECEIVED matchId=m-6861 agents=4 days=4
ASSIGNMENT_SUBMITTED matchId=m-6861 agents=4
ASSIGNMENT_ACCEPTED matchId=m-6861 agents=4
MATCH_STARTED matchId=m-6861
DAY_STATE_RECEIVED matchId=m-6861 day=0 agents=4
V2_JOINT_BEAM_START day=0 beamWidth=48 maxExpandedStates=64 maxChildrenPerState=24 maxNextTargetsPerAgent=4 fullTerminalEvaluationLimit=16 searchPolicy=R1_CONTROL
V2_PATHFINDING_AUDIT day=0 catalogPathfindingExecutions=11 searchPathfindingExecutions=0
V2_BEAM_DEPTH_SUMMARY day=0 depth=0 statesConsidered=4 expanded=4 candidateAttempts=87 infeasibleRoutes=0 topKTruncations=39 generatedChildren=60 uniqueChildren=4 collectChildren=48 stopChildren=12 duplicates=0 dominance=0 terminalCandidates=4 bestSecuredCollections=3 bestPotentialCollections=17
V2_BEAM_DEPTH_SUMMARY day=0 depth=1 statesConsidered=60 expanded=1 candidateAttempts=19 infeasibleRoutes=1 topKTruncations=6 generatedChildren=15 uniqueChildren=60 collectChildren=12 stopChildren=3 duplicates=0 dominance=0 terminalCandidates=60 bestSecuredCollections=5 bestPotentialCollections=17
V2_BEAM_DEPTH_SUMMARY day=0 depth=2 statesConsidered=15 expanded=1 candidateAttempts=16 infeasibleRoutes=1 topKTruncations=4 generatedChildren=14 uniqueChildren=15 collectChildren=11 stopChildren=3 duplicates=0 dominance=0 terminalCandidates=15 bestSecuredCollections=6 bestPotentialCollections=17
V2_BEAM_DEPTH_SUMMARY day=0 depth=3 statesConsidered=14 expanded=1 candidateAttempts=13 infeasibleRoutes=1 topKTruncations=2 generatedChildren=13 uniqueChildren=14 collectChildren=10 stopChildren=3 duplicates=0 dominance=0 terminalCandidates=14 bestSecuredCollections=7 bestPotentialCollections=17
V2_BEAM_DEPTH_SUMMARY day=0 depth=4 statesConsidered=13 expanded=1 candidateAttempts=10 infeasibleRoutes=2 topKTruncations=0 generatedChildren=11 uniqueChildren=13 collectChildren=8 stopChildren=3 duplicates=0 dominance=0 terminalCandidates=13 bestSecuredCollections=8 bestPotentialCollections=17
V2_BEAM_DEPTH_SUMMARY day=0 depth=5 statesConsidered=11 expanded=1 candidateAttempts=8 infeasibleRoutes=4 topKTruncations=0 generatedChildren=7 uniqueChildren=11 collectChildren=4 stopChildren=3 duplicates=0 dominance=0 terminalCandidates=11 bestSecuredCollections=10 bestPotentialCollections=16
V2_BEAM_DEPTH_SUMMARY day=0 depth=6 statesConsidered=7 expanded=3 candidateAttempts=19 infeasibleRoutes=11 topKTruncations=0 generatedChildren=17 uniqueChildren=7 collectChildren=8 stopChildren=9 duplicates=0 dominance=0 terminalCandidates=7 bestSecuredCollections=11 bestPotentialCollections=14
V2_BEAM_DEPTH_SUMMARY day=0 depth=7 statesConsidered=17 expanded=10 candidateAttempts=48 infeasibleRoutes=42 topKTruncations=0 generatedChildren=34 uniqueChildren=17 collectChildren=6 stopChildren=28 duplicates=0 dominance=0 terminalCandidates=17 bestSecuredCollections=12 bestPotentialCollections=14
V2_BEAM_DEPTH_SUMMARY day=0 depth=8 statesConsidered=34 expanded=25 candidateAttempts=83 infeasibleRoutes=80 topKTruncations=0 generatedChildren=52 uniqueChildren=27 collectChildren=3 stopChildren=49 duplicates=7 dominance=0 terminalCandidates=27 bestSecuredCollections=12 bestPotentialCollections=14
V2_BEAM_DEPTH_SUMMARY day=0 depth=9 statesConsidered=52 expanded=17 candidateAttempts=27 infeasibleRoutes=27 topKTruncations=0 generatedChildren=17 uniqueChildren=25 collectChildren=0 stopChildren=17 duplicates=27 dominance=0 terminalCandidates=25 bestSecuredCollections=12 bestPotentialCollections=12
V2_BEAM_DEPTH_SUMMARY day=0 depth=10 statesConsidered=17 expanded=0 candidateAttempts=0 infeasibleRoutes=0 topKTruncations=0 generatedChildren=0 uniqueChildren=7 collectChildren=0 stopChildren=0 duplicates=10 dominance=0 terminalCandidates=7 bestSecuredCollections=12 bestPotentialCollections=12
V2_POTENTIAL_DISCRIMINATION_SUMMARY day=0 depth=0 stateCount=4 minPotential=13 maxPotential=17 distinctPotentialValues=3
V2_POTENTIAL_DISCRIMINATION_SUMMARY day=0 depth=1 stateCount=60 minPotential=12 maxPotential=16 distinctPotentialValues=5
V2_POTENTIAL_DISCRIMINATION_SUMMARY day=0 depth=2 stateCount=15 minPotential=9 maxPotential=12 distinctPotentialValues=4
V2_POTENTIAL_DISCRIMINATION_SUMMARY day=0 depth=3 stateCount=14 minPotential=7 maxPotential=11 distinctPotentialValues=5
V2_POTENTIAL_DISCRIMINATION_SUMMARY day=0 depth=4 stateCount=13 minPotential=5 maxPotential=10 distinctPotentialValues=6
V2_POTENTIAL_DISCRIMINATION_SUMMARY day=0 depth=5 stateCount=11 minPotential=3 maxPotential=8 distinctPotentialValues=5
V2_POTENTIAL_DISCRIMINATION_SUMMARY day=0 depth=6 stateCount=7 minPotential=0 maxPotential=4 distinctPotentialValues=4
V2_POTENTIAL_DISCRIMINATION_SUMMARY day=0 depth=7 stateCount=17 minPotential=0 maxPotential=3 distinctPotentialValues=3
V2_POTENTIAL_DISCRIMINATION_SUMMARY day=0 depth=8 stateCount=34 minPotential=0 maxPotential=3 distinctPotentialValues=2
V2_POTENTIAL_DISCRIMINATION_SUMMARY day=0 depth=9 stateCount=52 minPotential=0 maxPotential=0 distinctPotentialValues=1
V2_POTENTIAL_DISCRIMINATION_SUMMARY day=0 depth=10 stateCount=17 minPotential=0 maxPotential=0 distinctPotentialValues=1
V2_TERMINAL_PORTFOLIO day=0 rank=1 ownSemiBrands=4 ownSemiCollections=12 coupledOwnCollections=5 baselineOpponentCollections=15 coupledOpponentCollections=12 hybridMarginScore4=-16 strategicDecisionCount=7 movementCommandCount=79 signature=0:MUP_RIGHT,W3,MUP_RIGHT,MRIGHT,MRIGHT,MRIGHT,MUP_LEFT,MLEFT,MUP_LEFT,MLEFT,MUP_LEFT,MDOWN_LEFT,MDOWN_LEFT,MLEFT,MDOWN_LEFT,W3,;1:MDOWN_LEFT,MDOWN_LEFT,MDOWN_LEFT,W6,MUP_LEFT,MRIGHT,MRIGHT,MDOWN_RIGHT,MDOWN_RIGHT,MDOWN_RIGHT,W7,;2:MDOWN_LEFT,MDOWN_LEFT,MLEFT,MDOWN_LEFT,MLEFT,MLEFT,MDOWN_LEFT,W1,MDOWN_RIGHT,MRIGHT,MRIGHT,MDOWN_RIGHT,MRIGHT,MRIGHT,MRIGHT,W3,;3:MDOWN_LEFT,MDOWN_RIGHT,MDOWN_RIGHT,MLEFT,MLEFT,MUP_LEFT,W18,;
V2_TERMINAL_PORTFOLIO day=0 rank=2 ownSemiBrands=4 ownSemiCollections=12 coupledOwnCollections=5 baselineOpponentCollections=15 coupledOpponentCollections=12 hybridMarginScore4=-16 strategicDecisionCount=7 movementCommandCount=80 signature=0:MUP_RIGHT,W3,MUP_RIGHT,MRIGHT,MRIGHT,MRIGHT,MUP_LEFT,MLEFT,MUP_LEFT,MLEFT,MUP_LEFT,MDOWN_RIGHT,MDOWN_LEFT,MDOWN_RIGHT,MDOWN_RIGHT,MDOWN_LEFT,W2,;1:MDOWN_LEFT,MDOWN_LEFT,MDOWN_LEFT,W6,MUP_LEFT,MRIGHT,MRIGHT,MDOWN_RIGHT,MDOWN_RIGHT,MDOWN_RIGHT,W7,;2:MDOWN_LEFT,MDOWN_LEFT,MLEFT,MDOWN_LEFT,MLEFT,MLEFT,MDOWN_LEFT,W1,MDOWN_RIGHT,MRIGHT,MRIGHT,MDOWN_RIGHT,MRIGHT,MRIGHT,MRIGHT,W3,;3:MDOWN_LEFT,MDOWN_RIGHT,MDOWN_RIGHT,MLEFT,MLEFT,MUP_LEFT,W18,;
V2_TERMINAL_PORTFOLIO day=0 rank=3 ownSemiBrands=4 ownSemiCollections=11 coupledOwnCollections=5 baselineOpponentCollections=15 coupledOpponentCollections=12 hybridMarginScore4=-19 strategicDecisionCount=7 movementCommandCount=81 signature=0:MUP_RIGHT,W3,MUP_RIGHT,MRIGHT,MRIGHT,MRIGHT,MUP_LEFT,MUP_RIGHT,MUP_LEFT,MDOWN_LEFT,MLEFT,MLEFT,MDOWN_LEFT,MLEFT,MLEFT,MDOWN_LEFT,W1,;1:MDOWN_LEFT,MDOWN_LEFT,MDOWN_LEFT,W6,MUP_LEFT,MRIGHT,MRIGHT,MDOWN_RIGHT,MDOWN_RIGHT,MDOWN_RIGHT,W7,;2:MDOWN_LEFT,MDOWN_LEFT,MLEFT,MDOWN_LEFT,MLEFT,MLEFT,MDOWN_LEFT,W1,MDOWN_RIGHT,MRIGHT,MRIGHT,MDOWN_RIGHT,MRIGHT,MRIGHT,MRIGHT,W3,;3:MDOWN_LEFT,MDOWN_RIGHT,MDOWN_RIGHT,MLEFT,MLEFT,MUP_LEFT,W18,;
V2_TERMINAL_PORTFOLIO day=0 rank=4 ownSemiBrands=4 ownSemiCollections=11 coupledOwnCollections=5 baselineOpponentCollections=15 coupledOpponentCollections=12 hybridMarginScore4=-19 strategicDecisionCount=7 movementCommandCount=79 signature=0:MUP_RIGHT,W3,MUP_RIGHT,MRIGHT,MRIGHT,MRIGHT,MUP_LEFT,MLEFT,MUP_LEFT,MLEFT,MUP_LEFT,MRIGHT,MRIGHT,MRIGHT,W3,;1:MDOWN_LEFT,MDOWN_LEFT,MDOWN_LEFT,W6,MUP_LEFT,MRIGHT,MRIGHT,MDOWN_RIGHT,MDOWN_RIGHT,MDOWN_RIGHT,W7,;2:MDOWN_LEFT,MDOWN_LEFT,MLEFT,MDOWN_LEFT,MLEFT,MLEFT,MDOWN_LEFT,W1,MDOWN_RIGHT,MRIGHT,MRIGHT,MDOWN_RIGHT,MRIGHT,MRIGHT,MRIGHT,W3,;3:MDOWN_LEFT,MDOWN_RIGHT,MDOWN_RIGHT,MLEFT,MLEFT,MUP_LEFT,W18,;
V2_TERMINAL_PORTFOLIO day=0 rank=5 ownSemiBrands=4 ownSemiCollections=11 coupledOwnCollections=5 baselineOpponentCollections=15 coupledOpponentCollections=12 hybridMarginScore4=-19 strategicDecisionCount=6 movementCommandCount=72 signature=0:MUP_RIGHT,W3,MUP_RIGHT,MRIGHT,MRIGHT,MRIGHT,MUP_LEFT,MLEFT,MUP_LEFT,MLEFT,MUP_LEFT,W10,;1:MDOWN_LEFT,MDOWN_LEFT,MDOWN_LEFT,W6,MUP_LEFT,MRIGHT,MRIGHT,MDOWN_RIGHT,MDOWN_RIGHT,MDOWN_RIGHT,W7,;2:MDOWN_LEFT,MDOWN_LEFT,MLEFT,MDOWN_LEFT,MLEFT,MLEFT,MDOWN_LEFT,W1,MDOWN_RIGHT,MRIGHT,MRIGHT,MDOWN_RIGHT,MRIGHT,MRIGHT,MRIGHT,W3,;3:MDOWN_LEFT,MDOWN_RIGHT,MDOWN_RIGHT,MLEFT,MLEFT,MUP_LEFT,W18,;
V2_TIMING_BREAKDOWN day=0 catalogWallMillis=10 searchWallMillis=356 stageBTerminalWallMillis=361 stageATerminalAccumulatedMillis=15 stageBTerminalAccumulatedMillis=351 totalWallMillis=727 fullCoupledEvaluationCount=16
V2_JOINT_BEAM_DONE day=0 beamWidth=48 maxExpandedStates=64 expanded=64 generatedChildren=240 uniqueStates=200 collectChildrenGenerated=110 stopChildrenGenerated=130 rootScheduleStates=3 duplicateStatesRejected=44 dominatedStatesRejected=0 terminalStates=200 continuingTerminalCandidates=192 fullyStoppedTerminalCandidates=8 stageATerminalEvaluations=200 stageBRequested=16 stageBDuplicateCandidatesSkipped=95 terminalPlansEvaluated=16 selectedOwnSemiBrands=4 selectedOwnSemiCollections=12 selectedCoupledOwnCollections=5 selectedBaselineOpponentCollections=15 selectedCoupledOpponentCollections=12 selectedHybridOwnScore4=41 selectedHybridOpponentScore4=57 selectedHybridMarginScore4=-16 catalogPathfindingExecutions=11 searchPathfindingExecutions=0 planningMillis=727 planningDeadlineTriggered=false deadlinePhase=NONE
R3_PORTFOLIO_SUMMARY day=0 partialToursGenerated=117 partialToursPruned=18 skeletonsConsidered=48 skeletonsValidated=24 skeletonsValid=3 skeletonsRetained=3 rootCandidates=4 rootsInitiallyAdmitted=4 rootsSurvivingMerge=4 selectedSupportServiceCount=3 selectedSupportedPatrols=[0, 1, 2] selectedSupportSkeletonSignature=3:0@51/5,1@41/12,2@41/12 stageATerminals=200 stageBRequested=16 stageBEvaluated=16 stageBSkippedForDeadline=0 tourCatalogPathfindingExecutions=36 tourSearchPathfindingExecutions=0 beamSearchPathfindingExecutions=0 planningDeadlineTriggered=false deadlinePhase=NONE incumbentSource=STAGE_B fallbackUsed=false terminalEvaluationWallMillis=361 terminalEvaluationAccumulatedMillis=366 wallPlanningMillis=935
R3_SUPPORT_FAMILY_PIPELINE day=0 generated1Service=9 generated2Service=36 generated3Service=72 prunedBeforeValidation1=9 prunedBeforeValidation2=53 prunedBeforeValidation3=49 validated1=0 validated2=1 validated3=23 valid1=0 valid2=0 valid3=3 retained1=0 retained2=0 retained3=3 initialRoots1=0 initialRoots2=0 initialRoots3=3 familyReservationSlotsUsed=1 globalFillSlotsUsed=2 totalSupportSkeletonsRetained=3
R3_ROOT_FAMILY_SUMMARY day=0 serviceCount=0 available=true rootCandidates=1 rootsInitiallyAdmitted=1 rootsSurvivingMerge=1 rawTerminalCandidates=16 uniquePhysicalTerminals=13 physicalDedupRatio=0.1875 bestStageAOwnSemiBrands=2 bestStageAOwnSemiCollections=2 stageBEligiblePhysicalPlans=13 stageBEvaluatedForFamily=1 bestFullyEvaluatedOwnSemiBrands=2 bestFullyEvaluatedOwnSemiCollections=2 bestFullyEvaluatedCoupledOwnCollections=1 bestFullyEvaluatedBaselineOpponentCollections=15 bestFullyEvaluatedCoupledOpponentCollections=14 bestFullyEvaluatedHybridMarginScore4=-52 bestPhysicalSignature=0:MRIGHT,MRIGHT,MRIGHT,MRIGHT,W22,;1:W30,;2:W30,;3:W30,; supportedPatrols=[] supportSkeletonSignature=NO_REFUEL
R3_ROOT_FAMILY_SUMMARY day=0 serviceCount=1 available=false rootCandidates=0 rootsInitiallyAdmitted=0 rootsSurvivingMerge=0 rawTerminalCandidates=0 uniquePhysicalTerminals=0 physicalDedupRatio=0.0 bestStageAOwnSemiBrands=-1 bestStageAOwnSemiCollections=-1 stageBEligiblePhysicalPlans=0 stageBEvaluatedForFamily=0 bestFullyEvaluatedOwnSemiBrands=-1 bestFullyEvaluatedOwnSemiCollections=-1 bestFullyEvaluatedCoupledOwnCollections=-1 bestFullyEvaluatedBaselineOpponentCollections=-1 bestFullyEvaluatedCoupledOpponentCollections=-1 bestFullyEvaluatedHybridMarginScore4=-1 bestPhysicalSignature=UNAVAILABLE supportedPatrols=[] supportSkeletonSignature=UNAVAILABLE
R3_ROOT_FAMILY_SUMMARY day=0 serviceCount=2 available=false rootCandidates=0 rootsInitiallyAdmitted=0 rootsSurvivingMerge=0 rawTerminalCandidates=0 uniquePhysicalTerminals=0 physicalDedupRatio=0.0 bestStageAOwnSemiBrands=-1 bestStageAOwnSemiCollections=-1 stageBEligiblePhysicalPlans=0 stageBEvaluatedForFamily=0 bestFullyEvaluatedOwnSemiBrands=-1 bestFullyEvaluatedOwnSemiCollections=-1 bestFullyEvaluatedCoupledOwnCollections=-1 bestFullyEvaluatedBaselineOpponentCollections=-1 bestFullyEvaluatedCoupledOpponentCollections=-1 bestFullyEvaluatedHybridMarginScore4=-1 bestPhysicalSignature=UNAVAILABLE supportedPatrols=[] supportSkeletonSignature=UNAVAILABLE
R3_ROOT_FAMILY_SUMMARY day=0 serviceCount=3 available=true rootCandidates=3 rootsInitiallyAdmitted=3 rootsSurvivingMerge=3 rawTerminalCandidates=184 uniquePhysicalTerminals=92 physicalDedupRatio=0.5 bestStageAOwnSemiBrands=4 bestStageAOwnSemiCollections=12 stageBEligiblePhysicalPlans=92 stageBEvaluatedForFamily=16 bestFullyEvaluatedOwnSemiBrands=4 bestFullyEvaluatedOwnSemiCollections=12 bestFullyEvaluatedCoupledOwnCollections=5 bestFullyEvaluatedBaselineOpponentCollections=15 bestFullyEvaluatedCoupledOpponentCollections=12 bestFullyEvaluatedHybridMarginScore4=-16 bestPhysicalSignature=0:MUP_RIGHT,W3,MUP_RIGHT,MRIGHT,MRIGHT,MRIGHT,MUP_LEFT,MLEFT,MUP_LEFT,MLEFT,MUP_LEFT,MDOWN_LEFT,MDOWN_LEFT,MLEFT,MDOWN_LEFT,W3,;1:MDOWN_LEFT,MDOWN_LEFT,MDOWN_LEFT,W6,MUP_LEFT,MRIGHT,MRIGHT,MDOWN_RIGHT,MDOWN_RIGHT,MDOWN_RIGHT,W7,;2:MDOWN_LEFT,MDOWN_LEFT,MLEFT,MDOWN_LEFT,MLEFT,MLEFT,MDOWN_LEFT,W1,MDOWN_RIGHT,MRIGHT,MRIGHT,MDOWN_RIGHT,MRIGHT,MRIGHT,MRIGHT,W3,;3:MDOWN_LEFT,MDOWN_RIGHT,MDOWN_RIGHT,MLEFT,MLEFT,MUP_LEFT,W18,; supportedPatrols=[0, 1, 2] supportSkeletonSignature=3:0@51/5,1@41/12,2@41/12
R3_ROOT_FAMILY_SELECTED day=0 selectedSupportServiceCount=3 selectedOwnSemiCollections=12 bestNoRefuelOwnSemiCollections=2 selectedGainVsNoRefuelSemi=10 selectedHybridMarginScore4=-16 bestNoRefuelHybridMarginScore4=null selectedGainVsNoRefuelHybridScore4=null globalRawTerminalCandidates=200 globalUniquePhysicalTerminals=105 globalPhysicalDedupRatio=0.475
R3_LIVE_FAMILY_AUDIT day=0 serviceCount=0 available=true bestStageAOwnSemiBrands=2 bestStageAOwnSemiCollections=2 shadowEvaluated=true shadowOwnSemiBrands=2 shadowOwnSemiCollections=2 shadowCoupledOwnCollections=1 shadowBaselineOpponentCollections=15 shadowCoupledOpponentCollections=14 shadowHybridMarginScore4=-52 supportedPatrols=[] supportSkeletonSignature=NO_REFUEL physicalSignature=0:MRIGHT,MRIGHT,MRIGHT,MRIGHT,W22,;1:W30,;2:W30,;3:W30,; shadowAuditSkippedForDeadline=false
R3_LIVE_FAMILY_AUDIT day=0 serviceCount=1 available=false bestStageAOwnSemiBrands=NA bestStageAOwnSemiCollections=NA shadowEvaluated=false shadowOwnSemiBrands=NA shadowOwnSemiCollections=NA shadowCoupledOwnCollections=NA shadowBaselineOpponentCollections=NA shadowCoupledOpponentCollections=NA shadowHybridMarginScore4=NA supportedPatrols=[] supportSkeletonSignature=UNAVAILABLE physicalSignature=UNAVAILABLE shadowAuditSkippedForDeadline=false
R3_LIVE_FAMILY_AUDIT day=0 serviceCount=2 available=false bestStageAOwnSemiBrands=NA bestStageAOwnSemiCollections=NA shadowEvaluated=false shadowOwnSemiBrands=NA shadowOwnSemiCollections=NA shadowCoupledOwnCollections=NA shadowBaselineOpponentCollections=NA shadowCoupledOpponentCollections=NA shadowHybridMarginScore4=NA supportedPatrols=[] supportSkeletonSignature=UNAVAILABLE physicalSignature=UNAVAILABLE shadowAuditSkippedForDeadline=false
R3_LIVE_FAMILY_AUDIT day=0 serviceCount=3 available=true bestStageAOwnSemiBrands=4 bestStageAOwnSemiCollections=12 shadowEvaluated=true shadowOwnSemiBrands=4 shadowOwnSemiCollections=12 shadowCoupledOwnCollections=5 shadowBaselineOpponentCollections=15 shadowCoupledOpponentCollections=12 shadowHybridMarginScore4=-16 supportedPatrols=[0, 1, 2] supportSkeletonSignature=3:0@51/5,1@41/12,2@41/12 physicalSignature=0:MUP_RIGHT,W3,MUP_RIGHT,MRIGHT,MRIGHT,MRIGHT,MUP_LEFT,MLEFT,MUP_LEFT,MLEFT,MUP_LEFT,MDOWN_LEFT,MDOWN_LEFT,MLEFT,MDOWN_LEFT,W3,;1:MDOWN_LEFT,MDOWN_LEFT,MDOWN_LEFT,W6,MUP_LEFT,MRIGHT,MRIGHT,MDOWN_RIGHT,MDOWN_RIGHT,MDOWN_RIGHT,W7,;2:MDOWN_LEFT,MDOWN_LEFT,MLEFT,MDOWN_LEFT,MLEFT,MLEFT,MDOWN_LEFT,W1,MDOWN_RIGHT,MRIGHT,MRIGHT,MDOWN_RIGHT,MRIGHT,MRIGHT,MRIGHT,W3,;3:MDOWN_LEFT,MDOWN_RIGHT,MDOWN_RIGHT,MLEFT,MLEFT,MUP_LEFT,W18,; shadowAuditSkippedForDeadline=false
R3_LIVE_FAMILY_COMPARISON day=0 selectedServiceCount=3 selectedOwnSemiCollections=12 selectedHybridMarginScore4=-16 noRefuelSemi=2 noRefuelHybridMarginScore4=-52 oneServiceSemi=NA oneServiceHybridMarginScore4=NA twoServiceSemi=NA twoServiceHybridMarginScore4=NA threeServiceSemi=12 threeServiceHybridMarginScore4=-16 selectedGainVsNoRefuelSemi=10 selectedGainVsNoRefuelHybridScore4=36 bestShadowFamilyByFrozenObjective=3 selectedMatchesBestShadowFamily=true shadowEvaluationsPerformed=1 shadowEvaluationsSkippedForDeadline=0
R3_SUPPORT_PRODUCTIVITY day=0 serviceCount=3 supportedPatrols=[0, 1, 2] prefixCollections=2 collectionsBeforeFirstService=1 postSupportCollections=9 totalSupportedPatrolCollections=12 supportMovementSteps=12 supportWaitSteps=0 selectedSupportSkeletonSignature=3:0@51/5,1@41/12,2@41/12
R3_NO_REFUEL_SEARCH_AUDIT day=0 rootSeedCollectionCount=0 expandablePatrolCount=3 reachableOpportunitiesAtRoot=24 generatedChildrenAtFirstExpansion=15 rawTerminalCandidates=16 uniquePhysicalTerminals=13 bestSemiBrands=2 bestSemiCollections=2 bestHybridMarginScore4=-52 waitOnlyTerminalExists=true waitOnlyWasBest=false
LOCAL_PLAN_VALID matchId=m-6861 day=0 mode=JointTeamBeamR3Planner
ACTION_REQUEST_FINGERPRINT matchId=m-6861 day=0 agentCount=4 serializedLength=117 fingerprint=9e2dbf54
ACTION_DURATION_AUDIT matchId=m-6861 day=0 agent=0 dayBudget=30 plannerDuration=30 validatedDuration=30 encodedDuration=30 actionCount=16 finalAction=WAIT(3) paddingApplied=false
ACTION_WIRE_REPLAY_AUDIT matchId=m-6861 day=0 agent=0 dayBudget=30 simulatedDuration=30 wireReplayDuration=30 simulatedEndPosition=41 wireReplayEndPosition=41 simulatedPatrolFuel=60 wireReplayPatrolFuel=60 actionCount=16 durationMatch=true positionMatch=true fuelMatch=true fuelCheckReason=finiteFuelCompared
ACTION_DURATION_AUDIT matchId=m-6861 day=0 agent=1 dayBudget=30 plannerDuration=30 validatedDuration=30 encodedDuration=30 actionCount=11 finalAction=WAIT(7) paddingApplied=false
ACTION_WIRE_REPLAY_AUDIT matchId=m-6861 day=0 agent=1 dayBudget=30 simulatedDuration=30 wireReplayDuration=30 simulatedEndPosition=60 wireReplayEndPosition=60 simulatedPatrolFuel=53 wireReplayPatrolFuel=53 actionCount=11 durationMatch=true positionMatch=true fuelMatch=true fuelCheckReason=finiteFuelCompared
ACTION_DURATION_AUDIT matchId=m-6861 day=0 agent=2 dayBudget=30 plannerDuration=30 validatedDuration=30 encodedDuration=30 actionCount=16 finalAction=WAIT(3) paddingApplied=false
ACTION_WIRE_REPLAY_AUDIT matchId=m-6861 day=0 agent=2 dayBudget=30 simulatedDuration=30 wireReplayDuration=30 simulatedEndPosition=63 wireReplayEndPosition=63 simulatedPatrolFuel=52 wireReplayPatrolFuel=52 actionCount=16 durationMatch=true positionMatch=true fuelMatch=true fuelCheckReason=finiteFuelCompared
ACTION_DURATION_AUDIT matchId=m-6861 day=0 agent=3 dayBudget=30 plannerDuration=30 validatedDuration=30 encodedDuration=30 actionCount=7 finalAction=WAIT(18) paddingApplied=false
ACTION_WIRE_REPLAY_AUDIT matchId=m-6861 day=0 agent=3 dayBudget=30 simulatedDuration=30 wireReplayDuration=30 simulatedEndPosition=41 wireReplayEndPosition=41 simulatedPatrolFuel=UNAVAILABLE wireReplayPatrolFuel=UNAVAILABLE actionCount=7 durationMatch=true positionMatch=true fuelMatch=NA fuelCheckReason=nonPatrolOrUnavailableFuel
ACTIONS_SUBMITTED matchId=m-6861 day=0 fingerprint=9e2dbf54
ACTION_RESPONSE_DAY_OBSERVED matchId=m-6861 submittedDay=0 responseDay=1 delta=1 fingerprint=9e2dbf54
UDON_OBSERVABILITY matchId=m-6861 day=0 predictedDayUdon=12 authoritativeActual=UNAVAILABLE
ACTIONS_ACCEPTED matchId=m-6861 day=0
DAY_STATE_RECEIVED matchId=m-6861 day=0 agents=4
DAY_STATE_RECEIVED matchId=m-6861 day=0 agents=4
DAY_STATE_RECEIVED matchId=m-6861 day=0 agents=4
DAY_STATE_RECEIVED matchId=m-6861 day=0 agents=4
DAY_STATE_RECEIVED matchId=m-6861 day=0 agents=4
DAY_STATE_RECEIVED matchId=m-6861 day=0 agents=4
DAY_STATE_RECEIVED matchId=m-6861 day=0 agents=4
DAY_STATE_RECEIVED matchId=m-6861 day=0 agents=4
DAY_STATE_RECEIVED matchId=m-6861 day=0 agents=4
DAY_STATE_RECEIVED matchId=m-6861 day=0 agents=4
DAY_STATE_RECEIVED matchId=m-6861 day=0 agents=4
DAY_STATE_RECEIVED matchId=m-6861 day=0 agents=4
DAY_STATE_RECEIVED matchId=m-6861 day=0 agents=4
DAY_STATE_RECEIVED matchId=m-6861 day=0 agents=4
DAY_STATE_RECEIVED matchId=m-6861 day=1 agents=4
PARITY_OBSERVED matchId=m-6861 day=0 position=MATCH patrolFuel=MATCH
DAY_ADVANCED matchId=m-6861 from=0 to=1
V2_JOINT_BEAM_START day=1 beamWidth=48 maxExpandedStates=64 maxChildrenPerState=24 maxNextTargetsPerAgent=4 fullTerminalEvaluationLimit=16 searchPolicy=R1_CONTROL
V2_PATHFINDING_AUDIT day=1 catalogPathfindingExecutions=8 searchPathfindingExecutions=0
V2_BEAM_DEPTH_SUMMARY day=1 depth=0 statesConsidered=12 expanded=9 candidateAttempts=148 infeasibleRoutes=0 topKTruncations=40 generatedChildren=135 uniqueChildren=9 collectChildren=108 stopChildren=27 duplicates=3 dominance=0 terminalCandidates=9 bestSecuredCollections=7 bestPotentialCollections=17
V2_BEAM_DEPTH_SUMMARY day=1 depth=1 statesConsidered=135 expanded=1 candidateAttempts=12 infeasibleRoutes=0 topKTruncations=1 generatedChildren=14 uniqueChildren=135 collectChildren=11 stopChildren=3 duplicates=0 dominance=0 terminalCandidates=135 bestSecuredCollections=8 bestPotentialCollections=17
V2_BEAM_DEPTH_SUMMARY day=1 depth=2 statesConsidered=14 expanded=1 candidateAttempts=9 infeasibleRoutes=1 topKTruncations=0 generatedChildren=11 uniqueChildren=14 collectChildren=8 stopChildren=3 duplicates=0 dominance=0 terminalCandidates=14 bestSecuredCollections=9 bestPotentialCollections=16
V2_BEAM_DEPTH_SUMMARY day=1 depth=3 statesConsidered=11 expanded=1 candidateAttempts=8 infeasibleRoutes=1 topKTruncations=0 generatedChildren=10 uniqueChildren=11 collectChildren=7 stopChildren=3 duplicates=0 dominance=0 terminalCandidates=11 bestSecuredCollections=10 bestPotentialCollections=16
V2_BEAM_DEPTH_SUMMARY day=1 depth=4 statesConsidered=10 expanded=1 candidateAttempts=7 infeasibleRoutes=1 topKTruncations=0 generatedChildren=9 uniqueChildren=10 collectChildren=6 stopChildren=3 duplicates=0 dominance=0 terminalCandidates=10 bestSecuredCollections=11 bestPotentialCollections=16
V2_BEAM_DEPTH_SUMMARY day=1 depth=5 statesConsidered=9 expanded=1 candidateAttempts=6 infeasibleRoutes=1 topKTruncations=0 generatedChildren=8 uniqueChildren=9 collectChildren=5 stopChildren=3 duplicates=0 dominance=0 terminalCandidates=9 bestSecuredCollections=12 bestPotentialCollections=16
V2_BEAM_DEPTH_SUMMARY day=1 depth=6 statesConsidered=8 expanded=2 candidateAttempts=7 infeasibleRoutes=1 topKTruncations=0 generatedChildren=12 uniqueChildren=8 collectChildren=6 stopChildren=6 duplicates=0 dominance=0 terminalCandidates=8 bestSecuredCollections=13 bestPotentialCollections=16
V2_BEAM_DEPTH_SUMMARY day=1 depth=7 statesConsidered=12 expanded=4 candidateAttempts=5 infeasibleRoutes=0 topKTruncations=0 generatedChildren=17 uniqueChildren=12 collectChildren=5 stopChildren=12 duplicates=0 dominance=0 terminalCandidates=12 bestSecuredCollections=14 bestPotentialCollections=16
V2_BEAM_DEPTH_SUMMARY day=1 depth=8 statesConsidered=17 expanded=13 candidateAttempts=8 infeasibleRoutes=0 topKTruncations=0 generatedChildren=38 uniqueChildren=16 collectChildren=8 stopChildren=30 duplicates=1 dominance=0 terminalCandidates=16 bestSecuredCollections=15 bestPotentialCollections=15
V2_BEAM_DEPTH_SUMMARY day=1 depth=9 statesConsidered=38 expanded=21 candidateAttempts=4 infeasibleRoutes=0 topKTruncations=0 generatedChildren=37 uniqueChildren=21 collectChildren=4 stopChildren=33 duplicates=17 dominance=0 terminalCandidates=21 bestSecuredCollections=15 bestPotentialCollections=15
V2_BEAM_DEPTH_SUMMARY day=1 depth=10 statesConsidered=37 expanded=10 candidateAttempts=0 infeasibleRoutes=0 topKTruncations=0 generatedChildren=10 uniqueChildren=15 collectChildren=0 stopChildren=10 duplicates=22 dominance=0 terminalCandidates=15 bestSecuredCollections=15 bestPotentialCollections=15
V2_BEAM_DEPTH_SUMMARY day=1 depth=11 statesConsidered=10 expanded=0 candidateAttempts=0 infeasibleRoutes=0 topKTruncations=0 generatedChildren=0 uniqueChildren=4 collectChildren=0 stopChildren=0 duplicates=6 dominance=0 terminalCandidates=4 bestSecuredCollections=15 bestPotentialCollections=15
V2_POTENTIAL_DISCRIMINATION_SUMMARY day=1 depth=0 stateCount=12 minPotential=9 maxPotential=14 distinctPotentialValues=5
V2_POTENTIAL_DISCRIMINATION_SUMMARY day=1 depth=1 stateCount=135 minPotential=7 maxPotential=13 distinctPotentialValues=7
V2_POTENTIAL_DISCRIMINATION_SUMMARY day=1 depth=2 stateCount=14 minPotential=7 maxPotential=8 distinctPotentialValues=2
V2_POTENTIAL_DISCRIMINATION_SUMMARY day=1 depth=3 stateCount=11 minPotential=4 maxPotential=7 distinctPotentialValues=4
V2_POTENTIAL_DISCRIMINATION_SUMMARY day=1 depth=4 stateCount=10 minPotential=4 maxPotential=6 distinctPotentialValues=3
V2_POTENTIAL_DISCRIMINATION_SUMMARY day=1 depth=5 stateCount=9 minPotential=3 maxPotential=5 distinctPotentialValues=3
V2_POTENTIAL_DISCRIMINATION_SUMMARY day=1 depth=6 stateCount=8 minPotential=2 maxPotential=4 distinctPotentialValues=3
V2_POTENTIAL_DISCRIMINATION_SUMMARY day=1 depth=7 stateCount=12 minPotential=1 maxPotential=3 distinctPotentialValues=3
V2_POTENTIAL_DISCRIMINATION_SUMMARY day=1 depth=8 stateCount=17 minPotential=0 maxPotential=1 distinctPotentialValues=2
V2_POTENTIAL_DISCRIMINATION_SUMMARY day=1 depth=9 stateCount=38 minPotential=0 maxPotential=1 distinctPotentialValues=2
V2_POTENTIAL_DISCRIMINATION_SUMMARY day=1 depth=10 stateCount=37 minPotential=0 maxPotential=0 distinctPotentialValues=1
V2_POTENTIAL_DISCRIMINATION_SUMMARY day=1 depth=11 stateCount=10 minPotential=0 maxPotential=0 distinctPotentialValues=1
V2_TERMINAL_PORTFOLIO day=1 rank=1 ownSemiBrands=4 ownSemiCollections=12 coupledOwnCollections=8 baselineOpponentCollections=15 coupledOpponentCollections=9 hybridMarginScore4=-10 strategicDecisionCount=8 movementCommandCount=75 signature=0:MDOWN_RIGHT,MRIGHT,MRIGHT,MDOWN_RIGHT,W1,MUP_RIGHT,MUP_RIGHT,MRIGHT,MRIGHT,MUP_LEFT,MUP_RIGHT,MUP_LEFT,MLEFT,MLEFT,MLEFT,;1:MUP_LEFT,W5,MLEFT,MLEFT,MUP_LEFT,MUP_LEFT,MUP_RIGHT,MUP_RIGHT,MRIGHT,MRIGHT,W7,;2:MUP_LEFT,MLEFT,MLEFT,MLEFT,MDOWN_RIGHT,MUP_LEFT,MLEFT,MLEFT,MUP_LEFT,W11,;3:MDOWN_RIGHT,MRIGHT,MRIGHT,W1,MDOWN_RIGHT,W20,;
V2_TERMINAL_PORTFOLIO day=1 rank=2 ownSemiBrands=4 ownSemiCollections=12 coupledOwnCollections=8 baselineOpponentCollections=15 coupledOpponentCollections=9 hybridMarginScore4=-10 strategicDecisionCount=8 movementCommandCount=75 signature=0:MDOWN_RIGHT,MRIGHT,MRIGHT,MDOWN_RIGHT,W1,MUP_RIGHT,MUP_RIGHT,MRIGHT,MRIGHT,MUP_LEFT,MUP_RIGHT,MUP_LEFT,MLEFT,MLEFT,MLEFT,;1:MUP_LEFT,W5,MLEFT,MLEFT,MUP_LEFT,MUP_LEFT,W14,;2:MUP_LEFT,MLEFT,MLEFT,MLEFT,MDOWN_RIGHT,MUP_LEFT,MLEFT,MLEFT,MUP_LEFT,MUP_RIGHT,MRIGHT,MUP_RIGHT,MUP_RIGHT,W4,;3:MDOWN_RIGHT,MRIGHT,MRIGHT,W1,MDOWN_RIGHT,W20,;
V2_TERMINAL_PORTFOLIO day=1 rank=3 ownSemiBrands=4 ownSemiCollections=12 coupledOwnCollections=8 baselineOpponentCollections=15 coupledOpponentCollections=9 hybridMarginScore4=-10 strategicDecisionCount=8 movementCommandCount=74 signature=0:MDOWN_RIGHT,MRIGHT,MRIGHT,MDOWN_RIGHT,W1,MUP_RIGHT,MUP_RIGHT,MRIGHT,MRIGHT,MUP_LEFT,MUP_RIGHT,MUP_LEFT,MLEFT,MLEFT,MLEFT,;1:MUP_LEFT,W5,MLEFT,MLEFT,MUP_LEFT,MUP_LEFT,W14,;2:MUP_LEFT,MLEFT,MLEFT,MLEFT,MDOWN_RIGHT,MUP_LEFT,MUP_LEFT,MUP_RIGHT,MUP_RIGHT,MUP_LEFT,MDOWN_LEFT,MDOWN_LEFT,MLEFT,MDOWN_LEFT,W5,;3:MDOWN_RIGHT,MRIGHT,MRIGHT,W1,MDOWN_RIGHT,W20,;
V2_TERMINAL_PORTFOLIO day=1 rank=4 ownSemiBrands=4 ownSemiCollections=12 coupledOwnCollections=8 baselineOpponentCollections=15 coupledOpponentCollections=9 hybridMarginScore4=-10 strategicDecisionCount=8 movementCommandCount=80 signature=0:MDOWN_RIGHT,MRIGHT,MRIGHT,MDOWN_RIGHT,W1,MUP_RIGHT,MUP_RIGHT,MRIGHT,MRIGHT,MUP_LEFT,MUP_RIGHT,MUP_LEFT,MLEFT,MLEFT,MLEFT,;1:MUP_LEFT,W5,MLEFT,MLEFT,MUP_LEFT,MUP_RIGHT,MRIGHT,MUP_RIGHT,MUP_RIGHT,MDOWN_LEFT,MDOWN_LEFT,MLEFT,MLEFT,W2,;2:MUP_LEFT,MLEFT,MLEFT,MLEFT,MDOWN_RIGHT,MUP_LEFT,MLEFT,MLEFT,MUP_LEFT,W11,;3:MDOWN_RIGHT,MRIGHT,MRIGHT,W1,MDOWN_RIGHT,W20,;
V2_TERMINAL_PORTFOLIO day=1 rank=5 ownSemiBrands=4 ownSemiCollections=12 coupledOwnCollections=8 baselineOpponentCollections=15 coupledOpponentCollections=9 hybridMarginScore4=-10 strategicDecisionCount=7 movementCommandCount=68 signature=0:MDOWN_RIGHT,MRIGHT,MRIGHT,MDOWN_RIGHT,W1,MUP_RIGHT,MUP_RIGHT,MRIGHT,MRIGHT,MUP_LEFT,MUP_RIGHT,MUP_LEFT,MLEFT,MLEFT,MLEFT,;1:MUP_LEFT,W5,MLEFT,MLEFT,MUP_LEFT,MUP_LEFT,W14,;2:MUP_LEFT,MLEFT,MLEFT,MLEFT,MDOWN_RIGHT,MUP_LEFT,MLEFT,MLEFT,MUP_LEFT,W11,;3:MDOWN_RIGHT,MRIGHT,MRIGHT,W1,MDOWN_RIGHT,W20,;
V2_TIMING_BREAKDOWN day=1 catalogWallMillis=13 searchWallMillis=167 stageBTerminalWallMillis=154 stageATerminalAccumulatedMillis=8 stageBTerminalAccumulatedMillis=145 totalWallMillis=334 fullCoupledEvaluationCount=16
V2_JOINT_BEAM_DONE day=1 beamWidth=48 maxExpandedStates=64 expanded=64 generatedChildren=301 uniqueStates=264 collectChildrenGenerated=168 stopChildrenGenerated=133 rootScheduleStates=11 duplicateStatesRejected=49 dominatedStatesRejected=0 terminalStates=264 continuingTerminalCandidates=257 fullyStoppedTerminalCandidates=7 stageATerminalEvaluations=264 stageBRequested=16 stageBDuplicateCandidatesSkipped=100 terminalPlansEvaluated=16 selectedOwnSemiBrands=4 selectedOwnSemiCollections=12 selectedCoupledOwnCollections=8 selectedBaselineOpponentCollections=15 selectedCoupledOpponentCollections=9 selectedHybridOwnScore4=44 selectedHybridOpponentScore4=54 selectedHybridMarginScore4=-10 catalogPathfindingExecutions=8 searchPathfindingExecutions=0 planningMillis=334 planningDeadlineTriggered=false deadlinePhase=NONE
R3_PORTFOLIO_SUMMARY day=1 partialToursGenerated=112 partialToursPruned=17 skeletonsConsidered=48 skeletonsValidated=24 skeletonsValid=11 skeletonsRetained=11 rootCandidates=12 rootsInitiallyAdmitted=12 rootsSurvivingMerge=9 selectedSupportServiceCount=3 selectedSupportedPatrols=[0, 1, 2] selectedSupportSkeletonSignature=3:1@51/7,2@51/8,0@60/10 stageATerminals=264 stageBRequested=16 stageBEvaluated=16 stageBSkippedForDeadline=0 tourCatalogPathfindingExecutions=20 tourSearchPathfindingExecutions=0 beamSearchPathfindingExecutions=0 planningDeadlineTriggered=false deadlinePhase=NONE incumbentSource=STAGE_B fallbackUsed=false terminalEvaluationWallMillis=154 terminalEvaluationAccumulatedMillis=153 wallPlanningMillis=378
R3_SUPPORT_FAMILY_PIPELINE day=1 generated1Service=8 generated2Service=32 generated3Service=72 prunedBeforeValidation1=9 prunedBeforeValidation2=47 prunedBeforeValidation3=49 validated1=0 validated2=1 validated3=23 valid1=0 valid2=1 valid3=10 retained1=0 retained2=1 retained3=10 initialRoots1=0 initialRoots2=1 initialRoots3=10 familyReservationSlotsUsed=2 globalFillSlotsUsed=9 totalSupportSkeletonsRetained=11
R3_ROOT_FAMILY_SUMMARY day=1 serviceCount=0 available=true rootCandidates=1 rootsInitiallyAdmitted=1 rootsSurvivingMerge=1 rawTerminalCandidates=16 uniquePhysicalTerminals=13 physicalDedupRatio=0.1875 bestStageAOwnSemiBrands=4 bestStageAOwnSemiCollections=5 stageBEligiblePhysicalPlans=13 stageBEvaluatedForFamily=1 bestFullyEvaluatedOwnSemiBrands=4 bestFullyEvaluatedOwnSemiCollections=5 bestFullyEvaluatedCoupledOwnCollections=5 bestFullyEvaluatedBaselineOpponentCollections=15 bestFullyEvaluatedCoupledOpponentCollections=12 bestFullyEvaluatedHybridMarginScore4=-37 bestPhysicalSignature=0:W30,;1:MUP_LEFT,MUP_LEFT,MUP_RIGHT,MUP_RIGHT,MUP_LEFT,W22,;2:W30,;3:W30,; supportedPatrols=[] supportSkeletonSignature=NO_REFUEL
R3_ROOT_FAMILY_SUMMARY day=1 serviceCount=1 available=false rootCandidates=0 rootsInitiallyAdmitted=0 rootsSurvivingMerge=0 rawTerminalCandidates=0 uniquePhysicalTerminals=0 physicalDedupRatio=0.0 bestStageAOwnSemiBrands=-1 bestStageAOwnSemiCollections=-1 stageBEligiblePhysicalPlans=0 stageBEvaluatedForFamily=0 bestFullyEvaluatedOwnSemiBrands=-1 bestFullyEvaluatedOwnSemiCollections=-1 bestFullyEvaluatedCoupledOwnCollections=-1 bestFullyEvaluatedBaselineOpponentCollections=-1 bestFullyEvaluatedCoupledOpponentCollections=-1 bestFullyEvaluatedHybridMarginScore4=-1 bestPhysicalSignature=UNAVAILABLE supportedPatrols=[] supportSkeletonSignature=UNAVAILABLE
R3_ROOT_FAMILY_SUMMARY day=1 serviceCount=2 available=true rootCandidates=1 rootsInitiallyAdmitted=1 rootsSurvivingMerge=1 rawTerminalCandidates=16 uniquePhysicalTerminals=13 physicalDedupRatio=0.1875 bestStageAOwnSemiBrands=4 bestStageAOwnSemiCollections=6 stageBEligiblePhysicalPlans=13 stageBEvaluatedForFamily=1 bestFullyEvaluatedOwnSemiBrands=4 bestFullyEvaluatedOwnSemiCollections=6 bestFullyEvaluatedCoupledOwnCollections=5 bestFullyEvaluatedBaselineOpponentCollections=15 bestFullyEvaluatedCoupledOpponentCollections=12 bestFullyEvaluatedHybridMarginScore4=-34 bestPhysicalSignature=0:MDOWN_RIGHT,MRIGHT,MRIGHT,MUP_LEFT,MUP_RIGHT,MUP_RIGHT,MUP_LEFT,W17,;1:MUP_LEFT,W5,W23,;2:W30,;3:MDOWN_RIGHT,MRIGHT,MRIGHT,W23,; supportedPatrols=[0, 1] supportSkeletonSignature=3:0@51/7,1@51/7
R3_ROOT_FAMILY_SUMMARY day=1 serviceCount=3 available=true rootCandidates=10 rootsInitiallyAdmitted=10 rootsSurvivingMerge=7 rawTerminalCandidates=280 uniquePhysicalTerminals=138 physicalDedupRatio=0.5071428571428571 bestStageAOwnSemiBrands=4 bestStageAOwnSemiCollections=12 stageBEligiblePhysicalPlans=138 stageBEvaluatedForFamily=16 bestFullyEvaluatedOwnSemiBrands=4 bestFullyEvaluatedOwnSemiCollections=12 bestFullyEvaluatedCoupledOwnCollections=8 bestFullyEvaluatedBaselineOpponentCollections=15 bestFullyEvaluatedCoupledOpponentCollections=9 bestFullyEvaluatedHybridMarginScore4=-10 bestPhysicalSignature=0:MDOWN_RIGHT,MRIGHT,MRIGHT,MDOWN_RIGHT,W1,MUP_RIGHT,MUP_RIGHT,MRIGHT,MRIGHT,MUP_LEFT,MUP_RIGHT,MUP_LEFT,MLEFT,MLEFT,MLEFT,;1:MUP_LEFT,W5,MLEFT,MLEFT,MUP_LEFT,MUP_LEFT,MUP_RIGHT,MUP_RIGHT,MRIGHT,MRIGHT,W7,;2:MUP_LEFT,MLEFT,MLEFT,MLEFT,MDOWN_RIGHT,MUP_LEFT,MLEFT,MLEFT,MUP_LEFT,W11,;3:MDOWN_RIGHT,MRIGHT,MRIGHT,W1,MDOWN_RIGHT,W20,; supportedPatrols=[0, 1, 2] supportSkeletonSignature=3:1@51/7,2@51/8,0@60/10
R3_ROOT_FAMILY_SELECTED day=1 selectedSupportServiceCount=3 selectedOwnSemiCollections=12 bestNoRefuelOwnSemiCollections=5 selectedGainVsNoRefuelSemi=7 selectedHybridMarginScore4=-10 bestNoRefuelHybridMarginScore4=null selectedGainVsNoRefuelHybridScore4=null globalRawTerminalCandidates=264 globalUniquePhysicalTerminals=164 globalPhysicalDedupRatio=0.3787878787878788
R3_LIVE_FAMILY_AUDIT day=1 serviceCount=0 available=true bestStageAOwnSemiBrands=4 bestStageAOwnSemiCollections=5 shadowEvaluated=true shadowOwnSemiBrands=4 shadowOwnSemiCollections=5 shadowCoupledOwnCollections=5 shadowBaselineOpponentCollections=15 shadowCoupledOpponentCollections=12 shadowHybridMarginScore4=-37 supportedPatrols=[] supportSkeletonSignature=NO_REFUEL physicalSignature=0:W30,;1:MUP_LEFT,MUP_LEFT,MUP_RIGHT,MUP_RIGHT,MUP_LEFT,W22,;2:W30,;3:W30,; shadowAuditSkippedForDeadline=false
R3_LIVE_FAMILY_AUDIT day=1 serviceCount=1 available=false bestStageAOwnSemiBrands=NA bestStageAOwnSemiCollections=NA shadowEvaluated=false shadowOwnSemiBrands=NA shadowOwnSemiCollections=NA shadowCoupledOwnCollections=NA shadowBaselineOpponentCollections=NA shadowCoupledOpponentCollections=NA shadowHybridMarginScore4=NA supportedPatrols=[] supportSkeletonSignature=UNAVAILABLE physicalSignature=UNAVAILABLE shadowAuditSkippedForDeadline=false
R3_LIVE_FAMILY_AUDIT day=1 serviceCount=2 available=true bestStageAOwnSemiBrands=4 bestStageAOwnSemiCollections=6 shadowEvaluated=true shadowOwnSemiBrands=4 shadowOwnSemiCollections=6 shadowCoupledOwnCollections=5 shadowBaselineOpponentCollections=15 shadowCoupledOpponentCollections=12 shadowHybridMarginScore4=-34 supportedPatrols=[0, 1] supportSkeletonSignature=3:0@51/7,1@51/7 physicalSignature=0:MDOWN_RIGHT,MRIGHT,MRIGHT,MUP_LEFT,MUP_RIGHT,MUP_RIGHT,MUP_LEFT,W17,;1:MUP_LEFT,W5,W23,;2:W30,;3:MDOWN_RIGHT,MRIGHT,MRIGHT,W23,; shadowAuditSkippedForDeadline=false
R3_LIVE_FAMILY_AUDIT day=1 serviceCount=3 available=true bestStageAOwnSemiBrands=4 bestStageAOwnSemiCollections=12 shadowEvaluated=true shadowOwnSemiBrands=4 shadowOwnSemiCollections=12 shadowCoupledOwnCollections=8 shadowBaselineOpponentCollections=15 shadowCoupledOpponentCollections=9 shadowHybridMarginScore4=-10 supportedPatrols=[0, 1, 2] supportSkeletonSignature=3:1@51/7,2@51/8,0@60/10 physicalSignature=0:MDOWN_RIGHT,MRIGHT,MRIGHT,MDOWN_RIGHT,W1,MUP_RIGHT,MUP_RIGHT,MRIGHT,MRIGHT,MUP_LEFT,MUP_RIGHT,MUP_LEFT,MLEFT,MLEFT,MLEFT,;1:MUP_LEFT,W5,MLEFT,MLEFT,MUP_LEFT,MUP_LEFT,MUP_RIGHT,MUP_RIGHT,MRIGHT,MRIGHT,W7,;2:MUP_LEFT,MLEFT,MLEFT,MLEFT,MDOWN_RIGHT,MUP_LEFT,MLEFT,MLEFT,MUP_LEFT,W11,;3:MDOWN_RIGHT,MRIGHT,MRIGHT,W1,MDOWN_RIGHT,W20,; shadowAuditSkippedForDeadline=false
R3_LIVE_FAMILY_COMPARISON day=1 selectedServiceCount=3 selectedOwnSemiCollections=12 selectedHybridMarginScore4=-10 noRefuelSemi=5 noRefuelHybridMarginScore4=-37 oneServiceSemi=NA oneServiceHybridMarginScore4=NA twoServiceSemi=6 twoServiceHybridMarginScore4=-34 threeServiceSemi=12 threeServiceHybridMarginScore4=-10 selectedGainVsNoRefuelSemi=7 selectedGainVsNoRefuelHybridScore4=27 bestShadowFamilyByFrozenObjective=3 selectedMatchesBestShadowFamily=true shadowEvaluationsPerformed=2 shadowEvaluationsSkippedForDeadline=0
R3_SUPPORT_PRODUCTIVITY day=1 serviceCount=3 supportedPatrols=[0, 1, 2] prefixCollections=4 collectionsBeforeFirstService=4 postSupportCollections=7 totalSupportedPatrolCollections=15 supportMovementSteps=9 supportWaitSteps=1 selectedSupportSkeletonSignature=3:1@51/7,2@51/8,0@60/10
R3_NO_REFUEL_SEARCH_AUDIT day=1 rootSeedCollectionCount=3 expandablePatrolCount=3 reachableOpportunitiesAtRoot=19 generatedChildrenAtFirstExpansion=15 rawTerminalCandidates=16 uniquePhysicalTerminals=13 bestSemiBrands=4 bestSemiCollections=5 bestHybridMarginScore4=-37 waitOnlyTerminalExists=true waitOnlyWasBest=false
LOCAL_PLAN_VALID matchId=m-6861 day=1 mode=JointTeamBeamR3Planner
ACTION_REQUEST_FINGERPRINT matchId=m-6861 day=1 agentCount=4 serializedLength=101 fingerprint=031080a4
ACTION_DURATION_AUDIT matchId=m-6861 day=1 agent=0 dayBudget=30 plannerDuration=30 validatedDuration=30 encodedDuration=30 actionCount=15 finalAction=MOVE(LEFT) paddingApplied=false
ACTION_WIRE_REPLAY_AUDIT matchId=m-6861 day=1 agent=0 dayBudget=30 simulatedDuration=30 wireReplayDuration=30 simulatedEndPosition=19 wireReplayEndPosition=19 simulatedPatrolFuel=48 wireReplayPatrolFuel=48 actionCount=15 durationMatch=true positionMatch=true fuelMatch=true fuelCheckReason=finiteFuelCompared
ACTION_DURATION_AUDIT matchId=m-6861 day=1 agent=1 dayBudget=30 plannerDuration=30 validatedDuration=30 encodedDuration=30 actionCount=11 finalAction=WAIT(7) paddingApplied=false
ACTION_WIRE_REPLAY_AUDIT matchId=m-6861 day=1 agent=1 dayBudget=30 simulatedDuration=30 wireReplayDuration=30 simulatedEndPosition=19 wireReplayEndPosition=19 simulatedPatrolFuel=50 wireReplayPatrolFuel=50 actionCount=11 durationMatch=true positionMatch=true fuelMatch=true fuelCheckReason=finiteFuelCompared
ACTION_DURATION_AUDIT matchId=m-6861 day=1 agent=2 dayBudget=30 plannerDuration=30 validatedDuration=30 encodedDuration=30 actionCount=10 finalAction=WAIT(11) paddingApplied=false
ACTION_WIRE_REPLAY_AUDIT matchId=m-6861 day=1 agent=2 dayBudget=30 simulatedDuration=30 wireReplayDuration=30 simulatedEndPosition=41 wireReplayEndPosition=41 simulatedPatrolFuel=55 wireReplayPatrolFuel=55 actionCount=10 durationMatch=true positionMatch=true fuelMatch=true fuelCheckReason=finiteFuelCompared
ACTION_DURATION_AUDIT matchId=m-6861 day=1 agent=3 dayBudget=30 plannerDuration=30 validatedDuration=30 encodedDuration=30 actionCount=6 finalAction=WAIT(20) paddingApplied=false
ACTION_WIRE_REPLAY_AUDIT matchId=m-6861 day=1 agent=3 dayBudget=30 simulatedDuration=30 wireReplayDuration=30 simulatedEndPosition=60 wireReplayEndPosition=60 simulatedPatrolFuel=UNAVAILABLE wireReplayPatrolFuel=UNAVAILABLE actionCount=6 durationMatch=true positionMatch=true fuelMatch=NA fuelCheckReason=nonPatrolOrUnavailableFuel
ACTIONS_SUBMITTED matchId=m-6861 day=1 fingerprint=031080a4
ACTION_RESPONSE_DAY_OBSERVED matchId=m-6861 submittedDay=1 responseDay=2 delta=1 fingerprint=031080a4
UDON_OBSERVABILITY matchId=m-6861 day=1 predictedDayUdon=15 authoritativeActual=UNAVAILABLE
ACTIONS_ACCEPTED matchId=m-6861 day=1
DAY_STATE_RECEIVED matchId=m-6861 day=1 agents=4
DAY_STATE_RECEIVED matchId=m-6861 day=1 agents=4
DAY_STATE_RECEIVED matchId=m-6861 day=1 agents=4
DAY_STATE_RECEIVED matchId=m-6861 day=1 agents=4
DAY_STATE_RECEIVED matchId=m-6861 day=1 agents=4
DAY_STATE_RECEIVED matchId=m-6861 day=1 agents=4
DAY_STATE_RECEIVED matchId=m-6861 day=1 agents=4
DAY_STATE_RECEIVED matchId=m-6861 day=1 agents=4
DAY_STATE_RECEIVED matchId=m-6861 day=1 agents=4
DAY_STATE_RECEIVED matchId=m-6861 day=1 agents=4
DAY_STATE_RECEIVED matchId=m-6861 day=1 agents=4
DAY_STATE_RECEIVED matchId=m-6861 day=1 agents=4
DAY_STATE_RECEIVED matchId=m-6861 day=1 agents=4
DAY_STATE_RECEIVED matchId=m-6861 day=1 agents=4
DAY_STATE_RECEIVED matchId=m-6861 day=1 agents=4
DAY_STATE_RECEIVED matchId=m-6861 day=1 agents=4
DAY_STATE_RECEIVED matchId=m-6861 day=2 agents=4
PARITY_OBSERVED matchId=m-6861 day=1 position=MATCH patrolFuel=MATCH
DAY_ADVANCED matchId=m-6861 from=1 to=2
V2_JOINT_BEAM_START day=2 beamWidth=48 maxExpandedStates=64 maxChildrenPerState=24 maxNextTargetsPerAgent=4 fullTerminalEvaluationLimit=16 searchPolicy=R1_CONTROL
V2_PATHFINDING_AUDIT day=2 catalogPathfindingExecutions=8 searchPathfindingExecutions=0
V2_BEAM_DEPTH_SUMMARY day=2 depth=0 statesConsidered=13 expanded=6 candidateAttempts=105 infeasibleRoutes=0 topKTruncations=33 generatedChildren=90 uniqueChildren=6 collectChildren=72 stopChildren=18 duplicates=7 dominance=0 terminalCandidates=6 bestSecuredCollections=7 bestPotentialCollections=17
V2_BEAM_DEPTH_SUMMARY day=2 depth=1 statesConsidered=90 expanded=1 candidateAttempts=13 infeasibleRoutes=0 topKTruncations=2 generatedChildren=14 uniqueChildren=90 collectChildren=11 stopChildren=3 duplicates=0 dominance=0 terminalCandidates=90 bestSecuredCollections=8 bestPotentialCollections=17
V2_BEAM_DEPTH_SUMMARY day=2 depth=2 statesConsidered=14 expanded=1 candidateAttempts=10 infeasibleRoutes=1 topKTruncations=0 generatedChildren=12 uniqueChildren=14 collectChildren=9 stopChildren=3 duplicates=0 dominance=0 terminalCandidates=14 bestSecuredCollections=9 bestPotentialCollections=16
V2_BEAM_DEPTH_SUMMARY day=2 depth=3 statesConsidered=12 expanded=1 candidateAttempts=9 infeasibleRoutes=1 topKTruncations=0 generatedChildren=11 uniqueChildren=12 collectChildren=8 stopChildren=3 duplicates=0 dominance=0 terminalCandidates=12 bestSecuredCollections=10 bestPotentialCollections=16
V2_BEAM_DEPTH_SUMMARY day=2 depth=4 statesConsidered=11 expanded=1 candidateAttempts=8 infeasibleRoutes=1 topKTruncations=0 generatedChildren=10 uniqueChildren=11 collectChildren=7 stopChildren=3 duplicates=0 dominance=0 terminalCandidates=11 bestSecuredCollections=11 bestPotentialCollections=16
V2_BEAM_DEPTH_SUMMARY day=2 depth=5 statesConsidered=10 expanded=1 candidateAttempts=5 infeasibleRoutes=1 topKTruncations=0 generatedChildren=7 uniqueChildren=10 collectChildren=4 stopChildren=3 duplicates=0 dominance=0 terminalCandidates=10 bestSecuredCollections=12 bestPotentialCollections=16
V2_BEAM_DEPTH_SUMMARY day=2 depth=6 statesConsidered=7 expanded=2 candidateAttempts=8 infeasibleRoutes=2 topKTruncations=0 generatedChildren=12 uniqueChildren=7 collectChildren=6 stopChildren=6 duplicates=0 dominance=0 terminalCandidates=7 bestSecuredCollections=13 bestPotentialCollections=16
V2_BEAM_DEPTH_SUMMARY day=2 depth=7 statesConsidered=12 expanded=5 candidateAttempts=7 infeasibleRoutes=1 topKTruncations=0 generatedChildren=21 uniqueChildren=11 collectChildren=6 stopChildren=15 duplicates=1 dominance=0 terminalCandidates=11 bestSecuredCollections=14 bestPotentialCollections=16
V2_BEAM_DEPTH_SUMMARY day=2 depth=8 statesConsidered=21 expanded=13 candidateAttempts=10 infeasibleRoutes=2 topKTruncations=0 generatedChildren=38 uniqueChildren=19 collectChildren=8 stopChildren=30 duplicates=2 dominance=0 terminalCandidates=19 bestSecuredCollections=15 bestPotentialCollections=15
V2_BEAM_DEPTH_SUMMARY day=2 depth=9 statesConsidered=38 expanded=21 candidateAttempts=5 infeasibleRoutes=1 topKTruncations=0 generatedChildren=37 uniqueChildren=21 collectChildren=4 stopChildren=33 duplicates=17 dominance=0 terminalCandidates=21 bestSecuredCollections=15 bestPotentialCollections=15
V2_BEAM_DEPTH_SUMMARY day=2 depth=10 statesConsidered=37 expanded=12 candidateAttempts=0 infeasibleRoutes=0 topKTruncations=0 generatedChildren=12 uniqueChildren=15 collectChildren=0 stopChildren=12 duplicates=22 dominance=0 terminalCandidates=15 bestSecuredCollections=15 bestPotentialCollections=15
V2_BEAM_DEPTH_SUMMARY day=2 depth=11 statesConsidered=12 expanded=0 candidateAttempts=0 infeasibleRoutes=0 topKTruncations=0 generatedChildren=0 uniqueChildren=4 collectChildren=0 stopChildren=0 duplicates=8 dominance=0 terminalCandidates=4 bestSecuredCollections=15 bestPotentialCollections=15
V2_POTENTIAL_DISCRIMINATION_SUMMARY day=2 depth=0 stateCount=13 minPotential=9 maxPotential=14 distinctPotentialValues=5
V2_POTENTIAL_DISCRIMINATION_SUMMARY day=2 depth=1 stateCount=90 minPotential=8 maxPotential=14 distinctPotentialValues=7
V2_POTENTIAL_DISCRIMINATION_SUMMARY day=2 depth=2 stateCount=14 minPotential=7 maxPotential=8 distinctPotentialValues=2
V2_POTENTIAL_DISCRIMINATION_SUMMARY day=2 depth=3 stateCount=12 minPotential=5 maxPotential=7 distinctPotentialValues=3
V2_POTENTIAL_DISCRIMINATION_SUMMARY day=2 depth=4 stateCount=11 minPotential=3 maxPotential=6 distinctPotentialValues=4
V2_POTENTIAL_DISCRIMINATION_SUMMARY day=2 depth=5 stateCount=10 minPotential=2 maxPotential=5 distinctPotentialValues=3
V2_POTENTIAL_DISCRIMINATION_SUMMARY day=2 depth=6 stateCount=7 minPotential=2 maxPotential=4 distinctPotentialValues=3
V2_POTENTIAL_DISCRIMINATION_SUMMARY day=2 depth=7 stateCount=12 minPotential=1 maxPotential=3 distinctPotentialValues=3
V2_POTENTIAL_DISCRIMINATION_SUMMARY day=2 depth=8 stateCount=21 minPotential=0 maxPotential=1 distinctPotentialValues=2
V2_POTENTIAL_DISCRIMINATION_SUMMARY day=2 depth=9 stateCount=38 minPotential=0 maxPotential=1 distinctPotentialValues=2
V2_POTENTIAL_DISCRIMINATION_SUMMARY day=2 depth=10 stateCount=37 minPotential=0 maxPotential=0 distinctPotentialValues=1
V2_POTENTIAL_DISCRIMINATION_SUMMARY day=2 depth=11 stateCount=12 minPotential=0 maxPotential=0 distinctPotentialValues=1
V2_TERMINAL_PORTFOLIO day=2 rank=1 ownSemiBrands=4 ownSemiCollections=13 coupledOwnCollections=9 baselineOpponentCollections=15 coupledOpponentCollections=8 hybridMarginScore4=-5 strategicDecisionCount=8 movementCommandCount=64 signature=0:MDOWN_RIGHT,MDOWN_LEFT,MDOWN_RIGHT,MDOWN_LEFT,MDOWN_RIGHT,MUP_LEFT,MLEFT,MLEFT,MUP_LEFT,MUP_LEFT,W11,;1:MDOWN_RIGHT,MDOWN_LEFT,MDOWN_RIGHT,MDOWN_LEFT,MDOWN_RIGHT,MUP_LEFT,MLEFT,MLEFT,MUP_LEFT,W13,;2:MDOWN_RIGHT,MRIGHT,MRIGHT,MDOWN_RIGHT,MRIGHT,MRIGHT,MRIGHT,MUP_LEFT,MUP_RIGHT,MUP_LEFT,MUP_RIGHT,MUP_LEFT,W6,;3:MUP_LEFT,W4,MDOWN_RIGHT,W1,W21,;
V2_TERMINAL_PORTFOLIO day=2 rank=2 ownSemiBrands=4 ownSemiCollections=13 coupledOwnCollections=9 baselineOpponentCollections=15 coupledOpponentCollections=8 hybridMarginScore4=-5 strategicDecisionCount=8 movementCommandCount=64 signature=0:MDOWN_RIGHT,MDOWN_LEFT,MDOWN_RIGHT,MDOWN_LEFT,MDOWN_RIGHT,MUP_LEFT,MLEFT,MLEFT,MUP_LEFT,W13,;1:MDOWN_RIGHT,MDOWN_LEFT,MDOWN_RIGHT,MDOWN_LEFT,MDOWN_RIGHT,MUP_LEFT,MLEFT,MLEFT,MUP_LEFT,MUP_LEFT,W11,;2:MDOWN_RIGHT,MRIGHT,MRIGHT,MDOWN_RIGHT,MRIGHT,MRIGHT,MRIGHT,MUP_LEFT,MUP_RIGHT,MUP_LEFT,MUP_RIGHT,MUP_LEFT,W6,;3:MUP_LEFT,W4,MDOWN_RIGHT,W1,W21,;
V2_TERMINAL_PORTFOLIO day=2 rank=3 ownSemiBrands=4 ownSemiCollections=13 coupledOwnCollections=9 baselineOpponentCollections=15 coupledOpponentCollections=8 hybridMarginScore4=-5 strategicDecisionCount=8 movementCommandCount=65 signature=0:MDOWN_RIGHT,MDOWN_LEFT,MDOWN_RIGHT,MDOWN_LEFT,MDOWN_RIGHT,MUP_LEFT,MLEFT,MLEFT,MUP_LEFT,W13,;1:MDOWN_RIGHT,MDOWN_LEFT,MDOWN_RIGHT,MDOWN_LEFT,MDOWN_RIGHT,MUP_LEFT,MUP_LEFT,MUP_LEFT,MLEFT,MLEFT,MDOWN_RIGHT,W10,;2:MDOWN_RIGHT,MRIGHT,MRIGHT,MDOWN_RIGHT,MRIGHT,MRIGHT,MRIGHT,MUP_LEFT,MUP_RIGHT,MUP_LEFT,MUP_RIGHT,MUP_LEFT,W6,;3:MUP_LEFT,W4,MDOWN_RIGHT,W1,W21,;
V2_TERMINAL_PORTFOLIO day=2 rank=4 ownSemiBrands=4 ownSemiCollections=13 coupledOwnCollections=9 baselineOpponentCollections=15 coupledOpponentCollections=8 hybridMarginScore4=-5 strategicDecisionCount=8 movementCommandCount=65 signature=0:MDOWN_RIGHT,MDOWN_LEFT,MDOWN_RIGHT,MDOWN_LEFT,MDOWN_RIGHT,MUP_LEFT,MUP_LEFT,MUP_LEFT,MLEFT,MLEFT,MDOWN_RIGHT,W10,;1:MDOWN_RIGHT,MDOWN_LEFT,MDOWN_RIGHT,MDOWN_LEFT,MDOWN_RIGHT,MUP_LEFT,MLEFT,MLEFT,MUP_LEFT,W13,;2:MDOWN_RIGHT,MRIGHT,MRIGHT,MDOWN_RIGHT,MRIGHT,MRIGHT,MRIGHT,MUP_LEFT,MUP_RIGHT,MUP_LEFT,MUP_RIGHT,MUP_LEFT,W6,;3:MUP_LEFT,W4,MDOWN_RIGHT,W1,W21,;
V2_TERMINAL_PORTFOLIO day=2 rank=5 ownSemiBrands=4 ownSemiCollections=13 coupledOwnCollections=9 baselineOpponentCollections=15 coupledOpponentCollections=8 hybridMarginScore4=-5 strategicDecisionCount=7 movementCommandCount=55 signature=0:MDOWN_RIGHT,MDOWN_LEFT,MDOWN_RIGHT,MDOWN_LEFT,MDOWN_RIGHT,MUP_LEFT,MLEFT,MLEFT,MUP_LEFT,MUP_LEFT,W11,;1:MDOWN_RIGHT,MDOWN_LEFT,MDOWN_RIGHT,MDOWN_LEFT,MDOWN_RIGHT,W22,;2:MDOWN_RIGHT,MRIGHT,MRIGHT,MDOWN_RIGHT,MRIGHT,MRIGHT,MRIGHT,MUP_LEFT,MUP_RIGHT,MUP_LEFT,MUP_RIGHT,MUP_LEFT,W6,;3:MUP_LEFT,W4,MDOWN_RIGHT,W1,W21,;
V2_TIMING_BREAKDOWN day=2 catalogWallMillis=3 searchWallMillis=95 stageBTerminalWallMillis=158 stageATerminalAccumulatedMillis=4 stageBTerminalAccumulatedMillis=149 totalWallMillis=256 fullCoupledEvaluationCount=16
V2_JOINT_BEAM_DONE day=2 beamWidth=48 maxExpandedStates=64 expanded=64 generatedChildren=264 uniqueStates=220 collectChildrenGenerated=135 stopChildrenGenerated=129 rootScheduleStates=12 duplicateStatesRejected=57 dominatedStatesRejected=0 terminalStates=220 continuingTerminalCandidates=213 fullyStoppedTerminalCandidates=7 stageATerminalEvaluations=220 stageBRequested=16 stageBDuplicateCandidatesSkipped=94 terminalPlansEvaluated=16 selectedOwnSemiBrands=4 selectedOwnSemiCollections=13 selectedCoupledOwnCollections=9 selectedBaselineOpponentCollections=15 selectedCoupledOpponentCollections=8 selectedHybridOwnScore4=48 selectedHybridOpponentScore4=53 selectedHybridMarginScore4=-5 catalogPathfindingExecutions=8 searchPathfindingExecutions=0 planningMillis=256 planningDeadlineTriggered=false deadlinePhase=NONE
R3_PORTFOLIO_SUMMARY day=2 partialToursGenerated=117 partialToursPruned=18 skeletonsConsidered=48 skeletonsValidated=24 skeletonsValid=18 skeletonsRetained=12 rootCandidates=13 rootsInitiallyAdmitted=13 rootsSurvivingMerge=6 selectedSupportServiceCount=3 selectedSupportedPatrols=[0, 1, 2] selectedSupportSkeletonSignature=3:0@51/6,1@51/6,2@60/9 stageATerminals=220 stageBRequested=16 stageBEvaluated=16 stageBSkippedForDeadline=0 tourCatalogPathfindingExecutions=20 tourSearchPathfindingExecutions=0 beamSearchPathfindingExecutions=0 planningDeadlineTriggered=false deadlinePhase=NONE incumbentSource=STAGE_B fallbackUsed=false terminalEvaluationWallMillis=158 terminalEvaluationAccumulatedMillis=153 wallPlanningMillis=269
R3_SUPPORT_FAMILY_PIPELINE day=2 generated1Service=9 generated2Service=36 generated3Service=72 prunedBeforeValidation1=9 prunedBeforeValidation2=53 prunedBeforeValidation3=49 validated1=0 validated2=1 validated3=23 valid1=0 valid2=1 valid3=17 retained1=0 retained2=1 retained3=11 initialRoots1=0 initialRoots2=1 initialRoots3=11 familyReservationSlotsUsed=2 globalFillSlotsUsed=10 totalSupportSkeletonsRetained=12
R3_ROOT_FAMILY_SUMMARY day=2 serviceCount=0 available=true rootCandidates=1 rootsInitiallyAdmitted=1 rootsSurvivingMerge=1 rawTerminalCandidates=16 uniquePhysicalTerminals=13 physicalDedupRatio=0.1875 bestStageAOwnSemiBrands=3 bestStageAOwnSemiCollections=5 stageBEligiblePhysicalPlans=13 stageBEvaluatedForFamily=1 bestFullyEvaluatedOwnSemiBrands=3 bestFullyEvaluatedOwnSemiCollections=5 bestFullyEvaluatedCoupledOwnCollections=4 bestFullyEvaluatedBaselineOpponentCollections=15 bestFullyEvaluatedCoupledOpponentCollections=13 bestFullyEvaluatedHybridMarginScore4=-39 bestPhysicalSignature=0:W30,;1:W30,;2:MDOWN_RIGHT,MRIGHT,MRIGHT,MRIGHT,MRIGHT,MRIGHT,MDOWN_RIGHT,W15,;3:W30,; supportedPatrols=[] supportSkeletonSignature=NO_REFUEL
R3_ROOT_FAMILY_SUMMARY day=2 serviceCount=1 available=false rootCandidates=0 rootsInitiallyAdmitted=0 rootsSurvivingMerge=0 rawTerminalCandidates=0 uniquePhysicalTerminals=0 physicalDedupRatio=0.0 bestStageAOwnSemiBrands=-1 bestStageAOwnSemiCollections=-1 stageBEligiblePhysicalPlans=0 stageBEvaluatedForFamily=0 bestFullyEvaluatedOwnSemiBrands=-1 bestFullyEvaluatedOwnSemiCollections=-1 bestFullyEvaluatedCoupledOwnCollections=-1 bestFullyEvaluatedBaselineOpponentCollections=-1 bestFullyEvaluatedCoupledOpponentCollections=-1 bestFullyEvaluatedHybridMarginScore4=-1 bestPhysicalSignature=UNAVAILABLE supportedPatrols=[] supportSkeletonSignature=UNAVAILABLE
R3_ROOT_FAMILY_SUMMARY day=2 serviceCount=2 available=true rootCandidates=1 rootsInitiallyAdmitted=1 rootsSurvivingMerge=1 rawTerminalCandidates=16 uniquePhysicalTerminals=13 physicalDedupRatio=0.1875 bestStageAOwnSemiBrands=4 bestStageAOwnSemiCollections=7 stageBEligiblePhysicalPlans=13 stageBEvaluatedForFamily=1 bestFullyEvaluatedOwnSemiBrands=4 bestFullyEvaluatedOwnSemiCollections=7 bestFullyEvaluatedCoupledOwnCollections=7 bestFullyEvaluatedBaselineOpponentCollections=15 bestFullyEvaluatedCoupledOpponentCollections=10 bestFullyEvaluatedHybridMarginScore4=-27 bestPhysicalSignature=0:MDOWN_RIGHT,MDOWN_LEFT,MDOWN_RIGHT,MDOWN_LEFT,W24,;1:MDOWN_RIGHT,MDOWN_LEFT,MDOWN_RIGHT,MDOWN_LEFT,W24,;2:MDOWN_RIGHT,MRIGHT,MRIGHT,MDOWN_RIGHT,W21,;3:MUP_LEFT,W4,W24,; supportedPatrols=[0, 1] supportSkeletonSignature=3:0@51/6,1@51/6
R3_ROOT_FAMILY_SUMMARY day=2 serviceCount=3 available=true rootCandidates=11 rootsInitiallyAdmitted=11 rootsSurvivingMerge=4 rawTerminalCandidates=424 uniquePhysicalTerminals=100 physicalDedupRatio=0.7641509433962264 bestStageAOwnSemiBrands=4 bestStageAOwnSemiCollections=13 stageBEligiblePhysicalPlans=100 stageBEvaluatedForFamily=16 bestFullyEvaluatedOwnSemiBrands=4 bestFullyEvaluatedOwnSemiCollections=13 bestFullyEvaluatedCoupledOwnCollections=9 bestFullyEvaluatedBaselineOpponentCollections=15 bestFullyEvaluatedCoupledOpponentCollections=8 bestFullyEvaluatedHybridMarginScore4=-5 bestPhysicalSignature=0:MDOWN_RIGHT,MDOWN_LEFT,MDOWN_RIGHT,MDOWN_LEFT,MDOWN_RIGHT,MUP_LEFT,MLEFT,MLEFT,MUP_LEFT,MUP_LEFT,W11,;1:MDOWN_RIGHT,MDOWN_LEFT,MDOWN_RIGHT,MDOWN_LEFT,MDOWN_RIGHT,MUP_LEFT,MLEFT,MLEFT,MUP_LEFT,W13,;2:MDOWN_RIGHT,MRIGHT,MRIGHT,MDOWN_RIGHT,MRIGHT,MRIGHT,MRIGHT,MUP_LEFT,MUP_RIGHT,MUP_LEFT,MUP_RIGHT,MUP_LEFT,W6,;3:MUP_LEFT,W4,MDOWN_RIGHT,W1,W21,; supportedPatrols=[0, 1, 2] supportSkeletonSignature=3:0@51/6,1@51/6,2@60/9
R3_ROOT_FAMILY_SELECTED day=2 selectedSupportServiceCount=3 selectedOwnSemiCollections=13 bestNoRefuelOwnSemiCollections=5 selectedGainVsNoRefuelSemi=8 selectedHybridMarginScore4=-5 bestNoRefuelHybridMarginScore4=null selectedGainVsNoRefuelHybridScore4=null globalRawTerminalCandidates=220 globalUniquePhysicalTerminals=126 globalPhysicalDedupRatio=0.42727272727272725
R3_LIVE_FAMILY_AUDIT day=2 serviceCount=0 available=true bestStageAOwnSemiBrands=3 bestStageAOwnSemiCollections=5 shadowEvaluated=true shadowOwnSemiBrands=3 shadowOwnSemiCollections=5 shadowCoupledOwnCollections=4 shadowBaselineOpponentCollections=15 shadowCoupledOpponentCollections=13 shadowHybridMarginScore4=-39 supportedPatrols=[] supportSkeletonSignature=NO_REFUEL physicalSignature=0:W30,;1:W30,;2:MDOWN_RIGHT,MRIGHT,MRIGHT,MRIGHT,MRIGHT,MRIGHT,MDOWN_RIGHT,W15,;3:W30,; shadowAuditSkippedForDeadline=false
R3_LIVE_FAMILY_AUDIT day=2 serviceCount=1 available=false bestStageAOwnSemiBrands=NA bestStageAOwnSemiCollections=NA shadowEvaluated=false shadowOwnSemiBrands=NA shadowOwnSemiCollections=NA shadowCoupledOwnCollections=NA shadowBaselineOpponentCollections=NA shadowCoupledOpponentCollections=NA shadowHybridMarginScore4=NA supportedPatrols=[] supportSkeletonSignature=UNAVAILABLE physicalSignature=UNAVAILABLE shadowAuditSkippedForDeadline=false
R3_LIVE_FAMILY_AUDIT day=2 serviceCount=2 available=true bestStageAOwnSemiBrands=4 bestStageAOwnSemiCollections=7 shadowEvaluated=true shadowOwnSemiBrands=4 shadowOwnSemiCollections=7 shadowCoupledOwnCollections=7 shadowBaselineOpponentCollections=15 shadowCoupledOpponentCollections=10 shadowHybridMarginScore4=-27 supportedPatrols=[0, 1] supportSkeletonSignature=3:0@51/6,1@51/6 physicalSignature=0:MDOWN_RIGHT,MDOWN_LEFT,MDOWN_RIGHT,MDOWN_LEFT,W24,;1:MDOWN_RIGHT,MDOWN_LEFT,MDOWN_RIGHT,MDOWN_LEFT,W24,;2:MDOWN_RIGHT,MRIGHT,MRIGHT,MDOWN_RIGHT,W21,;3:MUP_LEFT,W4,W24,; shadowAuditSkippedForDeadline=false
R3_LIVE_FAMILY_AUDIT day=2 serviceCount=3 available=true bestStageAOwnSemiBrands=4 bestStageAOwnSemiCollections=13 shadowEvaluated=true shadowOwnSemiBrands=4 shadowOwnSemiCollections=13 shadowCoupledOwnCollections=9 shadowBaselineOpponentCollections=15 shadowCoupledOpponentCollections=8 shadowHybridMarginScore4=-5 supportedPatrols=[0, 1, 2] supportSkeletonSignature=3:0@51/6,1@51/6,2@60/9 physicalSignature=0:MDOWN_RIGHT,MDOWN_LEFT,MDOWN_RIGHT,MDOWN_LEFT,MDOWN_RIGHT,MUP_LEFT,MLEFT,MLEFT,MUP_LEFT,MUP_LEFT,W11,;1:MDOWN_RIGHT,MDOWN_LEFT,MDOWN_RIGHT,MDOWN_LEFT,MDOWN_RIGHT,MUP_LEFT,MLEFT,MLEFT,MUP_LEFT,W13,;2:MDOWN_RIGHT,MRIGHT,MRIGHT,MDOWN_RIGHT,MRIGHT,MRIGHT,MRIGHT,MUP_LEFT,MUP_RIGHT,MUP_LEFT,MUP_RIGHT,MUP_LEFT,W6,;3:MUP_LEFT,W4,MDOWN_RIGHT,W1,W21,; shadowAuditSkippedForDeadline=false
R3_LIVE_FAMILY_COMPARISON day=2 selectedServiceCount=3 selectedOwnSemiCollections=13 selectedHybridMarginScore4=-5 noRefuelSemi=5 noRefuelHybridMarginScore4=-39 oneServiceSemi=NA oneServiceHybridMarginScore4=NA twoServiceSemi=7 twoServiceHybridMarginScore4=-27 threeServiceSemi=13 threeServiceHybridMarginScore4=-5 selectedGainVsNoRefuelSemi=8 selectedGainVsNoRefuelHybridScore4=34 bestShadowFamilyByFrozenObjective=3 selectedMatchesBestShadowFamily=true shadowEvaluationsPerformed=2 shadowEvaluationsSkippedForDeadline=0
R3_SUPPORT_PRODUCTIVITY day=2 serviceCount=3 supportedPatrols=[0, 1, 2] prefixCollections=6 collectionsBeforeFirstService=3 postSupportCollections=6 totalSupportedPatrolCollections=15 supportMovementSteps=4 supportWaitSteps=5 selectedSupportSkeletonSignature=3:0@51/6,1@51/6,2@60/9
R3_NO_REFUEL_SEARCH_AUDIT day=2 rootSeedCollectionCount=3 expandablePatrolCount=3 reachableOpportunitiesAtRoot=20 generatedChildrenAtFirstExpansion=15 rawTerminalCandidates=16 uniquePhysicalTerminals=13 bestSemiBrands=3 bestSemiCollections=5 bestHybridMarginScore4=-39 waitOnlyTerminalExists=true waitOnlyWasBest=false
LOCAL_PLAN_VALID matchId=m-6861 day=2 mode=JointTeamBeamR3Planner
ACTION_REQUEST_FINGERPRINT matchId=m-6861 day=2 agentCount=4 serializedLength=96 fingerprint=df621dfb
ACTION_DURATION_AUDIT matchId=m-6861 day=2 agent=0 dayBudget=30 plannerDuration=30 validatedDuration=30 encodedDuration=30 actionCount=11 finalAction=WAIT(11) paddingApplied=false
ACTION_WIRE_REPLAY_AUDIT matchId=m-6861 day=2 agent=0 dayBudget=30 simulatedDuration=30 wireReplayDuration=30 simulatedEndPosition=32 wireReplayEndPosition=32 simulatedPatrolFuel=54 wireReplayPatrolFuel=54 actionCount=11 durationMatch=true positionMatch=true fuelMatch=true fuelCheckReason=finiteFuelCompared
ACTION_DURATION_AUDIT matchId=m-6861 day=2 agent=1 dayBudget=30 plannerDuration=30 validatedDuration=30 encodedDuration=30 actionCount=10 finalAction=WAIT(13) paddingApplied=false
ACTION_WIRE_REPLAY_AUDIT matchId=m-6861 day=2 agent=1 dayBudget=30 simulatedDuration=30 wireReplayDuration=30 simulatedEndPosition=41 wireReplayEndPosition=41 simulatedPatrolFuel=55 wireReplayPatrolFuel=55 actionCount=10 durationMatch=true positionMatch=true fuelMatch=true fuelCheckReason=finiteFuelCompared
ACTION_DURATION_AUDIT matchId=m-6861 day=2 agent=2 dayBudget=30 plannerDuration=30 validatedDuration=30 encodedDuration=30 actionCount=13 finalAction=WAIT(6) paddingApplied=false
ACTION_WIRE_REPLAY_AUDIT matchId=m-6861 day=2 agent=2 dayBudget=30 simulatedDuration=30 wireReplayDuration=30 simulatedEndPosition=22 wireReplayEndPosition=22 simulatedPatrolFuel=51 wireReplayPatrolFuel=51 actionCount=13 durationMatch=true positionMatch=true fuelMatch=true fuelCheckReason=finiteFuelCompared
ACTION_DURATION_AUDIT matchId=m-6861 day=2 agent=3 dayBudget=30 plannerDuration=30 validatedDuration=30 encodedDuration=30 actionCount=5 finalAction=WAIT(21) paddingApplied=false
ACTION_WIRE_REPLAY_AUDIT matchId=m-6861 day=2 agent=3 dayBudget=30 simulatedDuration=30 wireReplayDuration=30 simulatedEndPosition=60 wireReplayEndPosition=60 simulatedPatrolFuel=UNAVAILABLE wireReplayPatrolFuel=UNAVAILABLE actionCount=5 durationMatch=true positionMatch=true fuelMatch=NA fuelCheckReason=nonPatrolOrUnavailableFuel
ACTIONS_SUBMITTED matchId=m-6861 day=2 fingerprint=df621dfb
ACTION_RESPONSE_DAY_OBSERVED matchId=m-6861 submittedDay=2 responseDay=3 delta=1 fingerprint=df621dfb
UDON_OBSERVABILITY matchId=m-6861 day=2 predictedDayUdon=15 authoritativeActual=UNAVAILABLE
ACTIONS_ACCEPTED matchId=m-6861 day=2
DAY_STATE_RECEIVED matchId=m-6861 day=2 agents=4
DAY_STATE_RECEIVED matchId=m-6861 day=2 agents=4
DAY_STATE_RECEIVED matchId=m-6861 day=2 agents=4
DAY_STATE_RECEIVED matchId=m-6861 day=2 agents=4
DAY_STATE_RECEIVED matchId=m-6861 day=2 agents=4
DAY_STATE_RECEIVED matchId=m-6861 day=2 agents=4
DAY_STATE_RECEIVED matchId=m-6861 day=2 agents=4
DAY_STATE_RECEIVED matchId=m-6861 day=2 agents=4
DAY_STATE_RECEIVED matchId=m-6861 day=2 agents=4
DAY_STATE_RECEIVED matchId=m-6861 day=2 agents=4
DAY_STATE_RECEIVED matchId=m-6861 day=2 agents=4
DAY_STATE_RECEIVED matchId=m-6861 day=2 agents=4
DAY_STATE_RECEIVED matchId=m-6861 day=2 agents=4
DAY_STATE_RECEIVED matchId=m-6861 day=2 agents=4
DAY_STATE_RECEIVED matchId=m-6861 day=2 agents=4
DAY_STATE_RECEIVED matchId=m-6861 day=2 agents=4
DAY_STATE_RECEIVED matchId=m-6861 day=3 agents=4
PARITY_OBSERVED matchId=m-6861 day=2 position=MATCH patrolFuel=MATCH
DAY_ADVANCED matchId=m-6861 from=2 to=3
V2_JOINT_BEAM_START day=3 beamWidth=48 maxExpandedStates=64 maxChildrenPerState=24 maxNextTargetsPerAgent=4 fullTerminalEvaluationLimit=16 searchPolicy=R1_CONTROL
V2_PATHFINDING_AUDIT day=3 catalogPathfindingExecutions=8 searchPathfindingExecutions=0
V2_BEAM_DEPTH_SUMMARY day=3 depth=0 statesConsidered=13 expanded=9 candidateAttempts=132 infeasibleRoutes=0 topKTruncations=27 generatedChildren=132 uniqueChildren=9 collectChildren=105 stopChildren=27 duplicates=4 dominance=0 terminalCandidates=9 bestSecuredCollections=7 bestPotentialCollections=17
V2_BEAM_DEPTH_SUMMARY day=3 depth=1 statesConsidered=132 expanded=1 candidateAttempts=10 infeasibleRoutes=0 topKTruncations=0 generatedChildren=13 uniqueChildren=132 collectChildren=10 stopChildren=3 duplicates=0 dominance=0 terminalCandidates=132 bestSecuredCollections=8 bestPotentialCollections=17
V2_BEAM_DEPTH_SUMMARY day=3 depth=2 statesConsidered=13 expanded=1 candidateAttempts=9 infeasibleRoutes=0 topKTruncations=0 generatedChildren=12 uniqueChildren=13 collectChildren=9 stopChildren=3 duplicates=0 dominance=0 terminalCandidates=13 bestSecuredCollections=9 bestPotentialCollections=16
V2_BEAM_DEPTH_SUMMARY day=3 depth=3 statesConsidered=12 expanded=1 candidateAttempts=6 infeasibleRoutes=1 topKTruncations=0 generatedChildren=8 uniqueChildren=12 collectChildren=5 stopChildren=3 duplicates=0 dominance=0 terminalCandidates=12 bestSecuredCollections=10 bestPotentialCollections=16
V2_BEAM_DEPTH_SUMMARY day=3 depth=4 statesConsidered=8 expanded=1 candidateAttempts=5 infeasibleRoutes=2 topKTruncations=0 generatedChildren=6 uniqueChildren=8 collectChildren=3 stopChildren=3 duplicates=0 dominance=0 terminalCandidates=8 bestSecuredCollections=11 bestPotentialCollections=15
V2_BEAM_DEPTH_SUMMARY day=3 depth=5 statesConsidered=6 expanded=3 candidateAttempts=12 infeasibleRoutes=6 topKTruncations=0 generatedChildren=15 uniqueChildren=6 collectChildren=6 stopChildren=9 duplicates=0 dominance=0 terminalCandidates=6 bestSecuredCollections=12 bestPotentialCollections=14
V2_BEAM_DEPTH_SUMMARY day=3 depth=6 statesConsidered=15 expanded=8 candidateAttempts=22 infeasibleRoutes=11 topKTruncations=0 generatedChildren=31 uniqueChildren=13 collectChildren=11 stopChildren=20 duplicates=2 dominance=0 terminalCandidates=13 bestSecuredCollections=13 bestPotentialCollections=14
V2_BEAM_DEPTH_SUMMARY day=3 depth=7 statesConsidered=31 expanded=16 candidateAttempts=27 infeasibleRoutes=16 topKTruncations=0 generatedChildren=43 uniqueChildren=20 collectChildren=11 stopChildren=32 duplicates=11 dominance=0 terminalCandidates=20 bestSecuredCollections=14 bestPotentialCollections=14
V2_BEAM_DEPTH_SUMMARY day=3 depth=8 statesConsidered=43 expanded=18 candidateAttempts=15 infeasibleRoutes=11 topKTruncations=0 generatedChildren=28 uniqueChildren=20 collectChildren=4 stopChildren=24 duplicates=23 dominance=0 terminalCandidates=20 bestSecuredCollections=14 bestPotentialCollections=14
V2_BEAM_DEPTH_SUMMARY day=3 depth=9 statesConsidered=28 expanded=6 candidateAttempts=2 infeasibleRoutes=2 topKTruncations=0 generatedChildren=6 uniqueChildren=10 collectChildren=0 stopChildren=6 duplicates=18 dominance=0 terminalCandidates=10 bestSecuredCollections=14 bestPotentialCollections=14
V2_BEAM_DEPTH_SUMMARY day=3 depth=10 statesConsidered=6 expanded=0 candidateAttempts=0 infeasibleRoutes=0 topKTruncations=0 generatedChildren=0 uniqueChildren=2 collectChildren=0 stopChildren=0 duplicates=4 dominance=0 terminalCandidates=2 bestSecuredCollections=14 bestPotentialCollections=14
V2_POTENTIAL_DISCRIMINATION_SUMMARY day=3 depth=0 stateCount=13 minPotential=9 maxPotential=14 distinctPotentialValues=6
V2_POTENTIAL_DISCRIMINATION_SUMMARY day=3 depth=1 stateCount=132 minPotential=8 maxPotential=13 distinctPotentialValues=6
V2_POTENTIAL_DISCRIMINATION_SUMMARY day=3 depth=2 stateCount=13 minPotential=6 maxPotential=8 distinctPotentialValues=3
V2_POTENTIAL_DISCRIMINATION_SUMMARY day=3 depth=3 stateCount=12 minPotential=5 maxPotential=7 distinctPotentialValues=3
V2_POTENTIAL_DISCRIMINATION_SUMMARY day=3 depth=4 stateCount=8 minPotential=3 maxPotential=4 distinctPotentialValues=2
V2_POTENTIAL_DISCRIMINATION_SUMMARY day=3 depth=5 stateCount=6 minPotential=1 maxPotential=3 distinctPotentialValues=3
V2_POTENTIAL_DISCRIMINATION_SUMMARY day=3 depth=6 stateCount=15 minPotential=0 maxPotential=2 distinctPotentialValues=3
V2_POTENTIAL_DISCRIMINATION_SUMMARY day=3 depth=7 stateCount=31 minPotential=0 maxPotential=2 distinctPotentialValues=3
V2_POTENTIAL_DISCRIMINATION_SUMMARY day=3 depth=8 stateCount=43 minPotential=0 maxPotential=1 distinctPotentialValues=2
V2_POTENTIAL_DISCRIMINATION_SUMMARY day=3 depth=9 stateCount=28 minPotential=0 maxPotential=0 distinctPotentialValues=1
V2_POTENTIAL_DISCRIMINATION_SUMMARY day=3 depth=10 stateCount=6 minPotential=0 maxPotential=0 distinctPotentialValues=1
V2_TERMINAL_PORTFOLIO day=3 rank=1 ownSemiBrands=4 ownSemiCollections=12 coupledOwnCollections=6 baselineOpponentCollections=15 coupledOpponentCollections=11 hybridMarginScore4=-14 strategicDecisionCount=7 movementCommandCount=76 signature=0:MRIGHT,MRIGHT,MDOWN_RIGHT,MDOWN_RIGHT,MUP_RIGHT,MRIGHT,MRIGHT,MRIGHT,MDOWN_RIGHT,MDOWN_LEFT,MLEFT,MLEFT,MLEFT,W5,;1:MDOWN_RIGHT,MRIGHT,MRIGHT,MDOWN_RIGHT,MUP_LEFT,MUP_LEFT,MUP_RIGHT,MUP_RIGHT,MUP_LEFT,W13,;2:MDOWN_LEFT,MLEFT,MDOWN_LEFT,MDOWN_LEFT,MDOWN_LEFT,W1,MDOWN_RIGHT,MUP_LEFT,MLEFT,MLEFT,MUP_LEFT,MUP_RIGHT,MRIGHT,MUP_RIGHT,MUP_RIGHT,W1,;3:MUP_LEFT,W5,MDOWN_RIGHT,MUP_LEFT,W19,;
V2_TERMINAL_PORTFOLIO day=3 rank=2 ownSemiBrands=4 ownSemiCollections=12 coupledOwnCollections=5 baselineOpponentCollections=15 coupledOpponentCollections=12 hybridMarginScore4=-16 strategicDecisionCount=7 movementCommandCount=75 signature=0:MRIGHT,MRIGHT,MDOWN_RIGHT,MDOWN_RIGHT,MUP_RIGHT,MRIGHT,MRIGHT,MRIGHT,MDOWN_RIGHT,MDOWN_LEFT,MLEFT,MLEFT,MLEFT,W5,;1:MDOWN_RIGHT,MRIGHT,MRIGHT,MDOWN_RIGHT,MUP_LEFT,MUP_LEFT,MUP_RIGHT,MUP_RIGHT,MUP_LEFT,W13,;2:MDOWN_LEFT,MLEFT,MDOWN_LEFT,MDOWN_LEFT,MDOWN_LEFT,W1,MDOWN_RIGHT,MUP_LEFT,MUP_LEFT,MUP_RIGHT,MUP_RIGHT,MUP_LEFT,MDOWN_LEFT,MDOWN_LEFT,MLEFT,MDOWN_LEFT,W2,;3:MUP_LEFT,W5,MDOWN_RIGHT,MUP_LEFT,W19,;
V2_TERMINAL_PORTFOLIO day=3 rank=3 ownSemiBrands=4 ownSemiCollections=11 coupledOwnCollections=6 baselineOpponentCollections=15 coupledOpponentCollections=11 hybridMarginScore4=-17 strategicDecisionCount=6 movementCommandCount=69 signature=0:MRIGHT,MRIGHT,MDOWN_RIGHT,MDOWN_RIGHT,MUP_RIGHT,MRIGHT,MRIGHT,MRIGHT,MDOWN_RIGHT,MDOWN_LEFT,MLEFT,MLEFT,MLEFT,W5,;1:MDOWN_RIGHT,MRIGHT,MRIGHT,MDOWN_RIGHT,MUP_LEFT,MUP_LEFT,MUP_RIGHT,MUP_RIGHT,MUP_LEFT,W13,;2:MDOWN_LEFT,MLEFT,MDOWN_LEFT,MDOWN_LEFT,MDOWN_LEFT,W1,MDOWN_RIGHT,MUP_LEFT,MLEFT,MLEFT,MUP_LEFT,W8,;3:MUP_LEFT,W5,MDOWN_RIGHT,MUP_LEFT,W19,;
V2_TERMINAL_PORTFOLIO day=3 rank=4 ownSemiBrands=4 ownSemiCollections=11 coupledOwnCollections=5 baselineOpponentCollections=15 coupledOpponentCollections=12 hybridMarginScore4=-19 strategicDecisionCount=6 movementCommandCount=68 signature=0:MRIGHT,MRIGHT,MDOWN_RIGHT,MDOWN_RIGHT,MUP_RIGHT,MRIGHT,MRIGHT,MRIGHT,MDOWN_RIGHT,MDOWN_LEFT,MLEFT,MLEFT,MLEFT,W5,;1:MDOWN_RIGHT,MRIGHT,MRIGHT,MDOWN_RIGHT,W21,;2:MDOWN_LEFT,MLEFT,MDOWN_LEFT,MDOWN_LEFT,MDOWN_LEFT,W1,MDOWN_RIGHT,MUP_LEFT,MLEFT,MLEFT,MUP_LEFT,MUP_RIGHT,MRIGHT,MUP_RIGHT,MUP_RIGHT,W1,;3:MUP_LEFT,W5,MDOWN_RIGHT,MUP_LEFT,W19,;
V2_TERMINAL_PORTFOLIO day=3 rank=5 ownSemiBrands=4 ownSemiCollections=11 coupledOwnCollections=5 baselineOpponentCollections=15 coupledOpponentCollections=12 hybridMarginScore4=-19 strategicDecisionCount=6 movementCommandCount=67 signature=0:MRIGHT,MRIGHT,MDOWN_RIGHT,MDOWN_RIGHT,MUP_RIGHT,MRIGHT,MRIGHT,MRIGHT,MDOWN_RIGHT,MDOWN_LEFT,MLEFT,MLEFT,MLEFT,W5,;1:MDOWN_RIGHT,MRIGHT,MRIGHT,MDOWN_RIGHT,W21,;2:MDOWN_LEFT,MLEFT,MDOWN_LEFT,MDOWN_LEFT,MDOWN_LEFT,W1,MDOWN_RIGHT,MUP_LEFT,MUP_LEFT,MUP_RIGHT,MUP_RIGHT,MUP_LEFT,MDOWN_LEFT,MDOWN_LEFT,MLEFT,MDOWN_LEFT,W2,;3:MUP_LEFT,W5,MDOWN_RIGHT,MUP_LEFT,W19,;
V2_TIMING_BREAKDOWN day=3 catalogWallMillis=5 searchWallMillis=95 stageBTerminalWallMillis=4 stageATerminalAccumulatedMillis=0 stageBTerminalAccumulatedMillis=0 totalWallMillis=104 fullCoupledEvaluationCount=16
V2_JOINT_BEAM_DONE day=3 beamWidth=48 maxExpandedStates=64 expanded=64 generatedChildren=294 uniqueStates=245 collectChildrenGenerated=164 stopChildrenGenerated=130 rootScheduleStates=12 duplicateStatesRejected=62 dominatedStatesRejected=0 terminalStates=245 continuingTerminalCandidates=237 fullyStoppedTerminalCandidates=8 stageATerminalEvaluations=245 stageBRequested=16 stageBDuplicateCandidatesSkipped=98 terminalPlansEvaluated=16 selectedOwnSemiBrands=4 selectedOwnSemiCollections=12 selectedCoupledOwnCollections=6 selectedBaselineOpponentCollections=15 selectedCoupledOpponentCollections=11 selectedHybridOwnScore4=42 selectedHybridOpponentScore4=56 selectedHybridMarginScore4=-14 catalogPathfindingExecutions=8 searchPathfindingExecutions=0 planningMillis=104 planningDeadlineTriggered=false deadlinePhase=NONE
R3_PORTFOLIO_SUMMARY day=3 partialToursGenerated=117 partialToursPruned=18 skeletonsConsidered=48 skeletonsValidated=24 skeletonsValid=14 skeletonsRetained=12 rootCandidates=13 rootsInitiallyAdmitted=13 rootsSurvivingMerge=9 selectedSupportServiceCount=3 selectedSupportedPatrols=[0, 1, 2] selectedSupportSkeletonSignature=3:0@51/7,1@60/9,2@51/11 stageATerminals=245 stageBRequested=16 stageBEvaluated=16 stageBSkippedForDeadline=0 tourCatalogPathfindingExecutions=28 tourSearchPathfindingExecutions=0 beamSearchPathfindingExecutions=0 planningDeadlineTriggered=false deadlinePhase=NONE incumbentSource=STAGE_B fallbackUsed=false terminalEvaluationWallMillis=4 terminalEvaluationAccumulatedMillis=0 wallPlanningMillis=126
R3_SUPPORT_FAMILY_PIPELINE day=3 generated1Service=9 generated2Service=36 generated3Service=72 prunedBeforeValidation1=9 prunedBeforeValidation2=53 prunedBeforeValidation3=49 validated1=0 validated2=1 validated3=23 valid1=0 valid2=1 valid3=13 retained1=0 retained2=1 retained3=11 initialRoots1=0 initialRoots2=1 initialRoots3=11 familyReservationSlotsUsed=2 globalFillSlotsUsed=10 totalSupportSkeletonsRetained=12
R3_ROOT_FAMILY_SUMMARY day=3 serviceCount=0 available=true rootCandidates=1 rootsInitiallyAdmitted=1 rootsSurvivingMerge=1 rawTerminalCandidates=16 uniquePhysicalTerminals=13 physicalDedupRatio=0.1875 bestStageAOwnSemiBrands=4 bestStageAOwnSemiCollections=4 stageBEligiblePhysicalPlans=13 stageBEvaluatedForFamily=1 bestFullyEvaluatedOwnSemiBrands=4 bestFullyEvaluatedOwnSemiCollections=4 bestFullyEvaluatedCoupledOwnCollections=3 bestFullyEvaluatedBaselineOpponentCollections=15 bestFullyEvaluatedCoupledOpponentCollections=13 bestFullyEvaluatedHybridMarginScore4=-43 bestPhysicalSignature=0:W30,;1:W30,;2:MLEFT,MLEFT,MLEFT,W23,;3:W30,; supportedPatrols=[] supportSkeletonSignature=NO_REFUEL
R3_ROOT_FAMILY_SUMMARY day=3 serviceCount=1 available=false rootCandidates=0 rootsInitiallyAdmitted=0 rootsSurvivingMerge=0 rawTerminalCandidates=0 uniquePhysicalTerminals=0 physicalDedupRatio=0.0 bestStageAOwnSemiBrands=-1 bestStageAOwnSemiCollections=-1 stageBEligiblePhysicalPlans=0 stageBEvaluatedForFamily=0 bestFullyEvaluatedOwnSemiBrands=-1 bestFullyEvaluatedOwnSemiCollections=-1 bestFullyEvaluatedCoupledOwnCollections=-1 bestFullyEvaluatedBaselineOpponentCollections=-1 bestFullyEvaluatedCoupledOpponentCollections=-1 bestFullyEvaluatedHybridMarginScore4=-1 bestPhysicalSignature=UNAVAILABLE supportedPatrols=[] supportSkeletonSignature=UNAVAILABLE
R3_ROOT_FAMILY_SUMMARY day=3 serviceCount=2 available=true rootCandidates=1 rootsInitiallyAdmitted=1 rootsSurvivingMerge=1 rawTerminalCandidates=16 uniquePhysicalTerminals=13 physicalDedupRatio=0.1875 bestStageAOwnSemiBrands=4 bestStageAOwnSemiCollections=6 stageBEligiblePhysicalPlans=13 stageBEvaluatedForFamily=1 bestFullyEvaluatedOwnSemiBrands=4 bestFullyEvaluatedOwnSemiCollections=6 bestFullyEvaluatedCoupledOwnCollections=5 bestFullyEvaluatedBaselineOpponentCollections=15 bestFullyEvaluatedCoupledOpponentCollections=12 bestFullyEvaluatedHybridMarginScore4=-34 bestPhysicalSignature=0:MRIGHT,MRIGHT,MDOWN_RIGHT,MDOWN_RIGHT,W23,;1:MDOWN_RIGHT,MRIGHT,MRIGHT,W23,;2:MLEFT,MLEFT,MLEFT,W23,;3:MUP_LEFT,W5,W23,; supportedPatrols=[0, 1] supportSkeletonSignature=3:0@51/7,1@51/7
R3_ROOT_FAMILY_SUMMARY day=3 serviceCount=3 available=true rootCandidates=11 rootsInitiallyAdmitted=11 rootsSurvivingMerge=7 rawTerminalCandidates=276 uniquePhysicalTerminals=121 physicalDedupRatio=0.5615942028985508 bestStageAOwnSemiBrands=4 bestStageAOwnSemiCollections=12 stageBEligiblePhysicalPlans=121 stageBEvaluatedForFamily=16 bestFullyEvaluatedOwnSemiBrands=4 bestFullyEvaluatedOwnSemiCollections=12 bestFullyEvaluatedCoupledOwnCollections=6 bestFullyEvaluatedBaselineOpponentCollections=15 bestFullyEvaluatedCoupledOpponentCollections=11 bestFullyEvaluatedHybridMarginScore4=-14 bestPhysicalSignature=0:MRIGHT,MRIGHT,MDOWN_RIGHT,MDOWN_RIGHT,MUP_RIGHT,MRIGHT,MRIGHT,MRIGHT,MDOWN_RIGHT,MDOWN_LEFT,MLEFT,MLEFT,MLEFT,W5,;1:MDOWN_RIGHT,MRIGHT,MRIGHT,MDOWN_RIGHT,MUP_LEFT,MUP_LEFT,MUP_RIGHT,MUP_RIGHT,MUP_LEFT,W13,;2:MDOWN_LEFT,MLEFT,MDOWN_LEFT,MDOWN_LEFT,MDOWN_LEFT,W1,MDOWN_RIGHT,MUP_LEFT,MLEFT,MLEFT,MUP_LEFT,MUP_RIGHT,MRIGHT,MUP_RIGHT,MUP_RIGHT,W1,;3:MUP_LEFT,W5,MDOWN_RIGHT,MUP_LEFT,W19,; supportedPatrols=[0, 1, 2] supportSkeletonSignature=3:0@51/7,1@60/9,2@51/11
R3_ROOT_FAMILY_SELECTED day=3 selectedSupportServiceCount=3 selectedOwnSemiCollections=12 bestNoRefuelOwnSemiCollections=4 selectedGainVsNoRefuelSemi=8 selectedHybridMarginScore4=-14 bestNoRefuelHybridMarginScore4=null selectedGainVsNoRefuelHybridScore4=null globalRawTerminalCandidates=245 globalUniquePhysicalTerminals=147 globalPhysicalDedupRatio=0.4
R3_LIVE_FAMILY_AUDIT day=3 serviceCount=0 available=true bestStageAOwnSemiBrands=4 bestStageAOwnSemiCollections=4 shadowEvaluated=true shadowOwnSemiBrands=4 shadowOwnSemiCollections=4 shadowCoupledOwnCollections=3 shadowBaselineOpponentCollections=15 shadowCoupledOpponentCollections=13 shadowHybridMarginScore4=-43 supportedPatrols=[] supportSkeletonSignature=NO_REFUEL physicalSignature=0:W30,;1:W30,;2:MLEFT,MLEFT,MLEFT,W23,;3:W30,; shadowAuditSkippedForDeadline=false
R3_LIVE_FAMILY_AUDIT day=3 serviceCount=1 available=false bestStageAOwnSemiBrands=NA bestStageAOwnSemiCollections=NA shadowEvaluated=false shadowOwnSemiBrands=NA shadowOwnSemiCollections=NA shadowCoupledOwnCollections=NA shadowBaselineOpponentCollections=NA shadowCoupledOpponentCollections=NA shadowHybridMarginScore4=NA supportedPatrols=[] supportSkeletonSignature=UNAVAILABLE physicalSignature=UNAVAILABLE shadowAuditSkippedForDeadline=false
R3_LIVE_FAMILY_AUDIT day=3 serviceCount=2 available=true bestStageAOwnSemiBrands=4 bestStageAOwnSemiCollections=6 shadowEvaluated=true shadowOwnSemiBrands=4 shadowOwnSemiCollections=6 shadowCoupledOwnCollections=5 shadowBaselineOpponentCollections=15 shadowCoupledOpponentCollections=12 shadowHybridMarginScore4=-34 supportedPatrols=[0, 1] supportSkeletonSignature=3:0@51/7,1@51/7 physicalSignature=0:MRIGHT,MRIGHT,MDOWN_RIGHT,MDOWN_RIGHT,W23,;1:MDOWN_RIGHT,MRIGHT,MRIGHT,W23,;2:MLEFT,MLEFT,MLEFT,W23,;3:MUP_LEFT,W5,W23,; shadowAuditSkippedForDeadline=false
R3_LIVE_FAMILY_AUDIT day=3 serviceCount=3 available=true bestStageAOwnSemiBrands=4 bestStageAOwnSemiCollections=12 shadowEvaluated=true shadowOwnSemiBrands=4 shadowOwnSemiCollections=12 shadowCoupledOwnCollections=6 shadowBaselineOpponentCollections=15 shadowCoupledOpponentCollections=11 shadowHybridMarginScore4=-14 supportedPatrols=[0, 1, 2] supportSkeletonSignature=3:0@51/7,1@60/9,2@51/11 physicalSignature=0:MRIGHT,MRIGHT,MDOWN_RIGHT,MDOWN_RIGHT,MUP_RIGHT,MRIGHT,MRIGHT,MRIGHT,MDOWN_RIGHT,MDOWN_LEFT,MLEFT,MLEFT,MLEFT,W5,;1:MDOWN_RIGHT,MRIGHT,MRIGHT,MDOWN_RIGHT,MUP_LEFT,MUP_LEFT,MUP_RIGHT,MUP_RIGHT,MUP_LEFT,W13,;2:MDOWN_LEFT,MLEFT,MDOWN_LEFT,MDOWN_LEFT,MDOWN_LEFT,W1,MDOWN_RIGHT,MUP_LEFT,MLEFT,MLEFT,MUP_LEFT,MUP_RIGHT,MRIGHT,MUP_RIGHT,MUP_RIGHT,W1,;3:MUP_LEFT,W5,MDOWN_RIGHT,MUP_LEFT,W19,; shadowAuditSkippedForDeadline=false
R3_LIVE_FAMILY_COMPARISON day=3 selectedServiceCount=3 selectedOwnSemiCollections=12 selectedHybridMarginScore4=-14 noRefuelSemi=4 noRefuelHybridMarginScore4=-43 oneServiceSemi=NA oneServiceHybridMarginScore4=NA twoServiceSemi=6 twoServiceHybridMarginScore4=-34 threeServiceSemi=12 threeServiceHybridMarginScore4=-14 selectedGainVsNoRefuelSemi=8 selectedGainVsNoRefuelHybridScore4=29 bestShadowFamilyByFrozenObjective=3 selectedMatchesBestShadowFamily=true shadowEvaluationsPerformed=2 shadowEvaluationsSkippedForDeadline=0
R3_SUPPORT_PRODUCTIVITY day=3 serviceCount=3 supportedPatrols=[0, 1, 2] prefixCollections=4 collectionsBeforeFirstService=3 postSupportCollections=7 totalSupportedPatrolCollections=14 supportMovementSteps=6 supportWaitSteps=5 selectedSupportSkeletonSignature=3:0@51/7,1@60/9,2@51/11
R3_NO_REFUEL_SEARCH_AUDIT day=3 rootSeedCollectionCount=3 expandablePatrolCount=3 reachableOpportunitiesAtRoot=17 generatedChildrenAtFirstExpansion=15 rawTerminalCandidates=16 uniquePhysicalTerminals=13 bestSemiBrands=4 bestSemiCollections=4 bestHybridMarginScore4=-43 waitOnlyTerminalExists=true waitOnlyWasBest=false
LOCAL_PLAN_VALID matchId=m-6861 day=3 mode=JointTeamBeamR3Planner
ACTION_REQUEST_FINGERPRINT matchId=m-6861 day=3 agentCount=4 serializedLength=107 fingerprint=9b857ed1
ACTION_DURATION_AUDIT matchId=m-6861 day=3 agent=0 dayBudget=30 plannerDuration=30 validatedDuration=30 encodedDuration=30 actionCount=14 finalAction=WAIT(5) paddingApplied=false
ACTION_WIRE_REPLAY_AUDIT matchId=m-6861 day=3 agent=0 dayBudget=30 simulatedDuration=30 wireReplayDuration=30 simulatedEndPosition=60 wireReplayEndPosition=60 simulatedPatrolFuel=51 wireReplayPatrolFuel=51 actionCount=14 durationMatch=true positionMatch=true fuelMatch=true fuelCheckReason=finiteFuelCompared
ACTION_DURATION_AUDIT matchId=m-6861 day=3 agent=1 dayBudget=30 plannerDuration=30 validatedDuration=30 encodedDuration=30 actionCount=10 finalAction=WAIT(13) paddingApplied=false
ACTION_WIRE_REPLAY_AUDIT matchId=m-6861 day=3 agent=1 dayBudget=30 simulatedDuration=30 wireReplayDuration=30 simulatedEndPosition=19 wireReplayEndPosition=19 simulatedPatrolFuel=54 wireReplayPatrolFuel=54 actionCount=10 durationMatch=true positionMatch=true fuelMatch=true fuelCheckReason=finiteFuelCompared
ACTION_DURATION_AUDIT matchId=m-6861 day=3 agent=2 dayBudget=30 plannerDuration=30 validatedDuration=30 encodedDuration=30 actionCount=16 finalAction=WAIT(1) paddingApplied=false
ACTION_WIRE_REPLAY_AUDIT matchId=m-6861 day=3 agent=2 dayBudget=30 simulatedDuration=30 wireReplayDuration=30 simulatedEndPosition=19 wireReplayEndPosition=19 simulatedPatrolFuel=51 wireReplayPatrolFuel=51 actionCount=16 durationMatch=true positionMatch=true fuelMatch=true fuelCheckReason=finiteFuelCompared
ACTION_DURATION_AUDIT matchId=m-6861 day=3 agent=3 dayBudget=30 plannerDuration=30 validatedDuration=30 encodedDuration=30 actionCount=5 finalAction=WAIT(19) paddingApplied=false
ACTION_WIRE_REPLAY_AUDIT matchId=m-6861 day=3 agent=3 dayBudget=30 simulatedDuration=30 wireReplayDuration=30 simulatedEndPosition=51 wireReplayEndPosition=51 simulatedPatrolFuel=UNAVAILABLE wireReplayPatrolFuel=UNAVAILABLE actionCount=5 durationMatch=true positionMatch=true fuelMatch=NA fuelCheckReason=nonPatrolOrUnavailableFuel
ACTIONS_SUBMITTED matchId=m-6861 day=3 fingerprint=9b857ed1
ACTION_RESPONSE_DAY_OBSERVED matchId=m-6861 submittedDay=3 responseDay=4 delta=1 fingerprint=9b857ed1
UDON_OBSERVABILITY matchId=m-6861 day=3 predictedDayUdon=14 authoritativeActual=UNAVAILABLE
ACTIONS_ACCEPTED matchId=m-6861 day=3
RESULT_WAITING matchId=m-6861 httpStatus=425
RESULT_WAITING matchId=m-6861 httpStatus=425
RESULT_WAITING matchId=m-6861 httpStatus=425
RESULT_WAITING matchId=m-6861 httpStatus=425
RESULT_WAITING matchId=m-6861 httpStatus=425
RESULT_WAITING matchId=m-6861 httpStatus=425
RESULT_WAITING matchId=m-6861 httpStatus=425
RESULT_WAITING matchId=m-6861 httpStatus=425
RESULT_WAITING matchId=m-6861 httpStatus=425
RESULT_WAITING matchId=m-6861 httpStatus=425
RESULT_WAITING matchId=m-6861 httpStatus=425
RESULT_WAITING matchId=m-6861 httpStatus=425
RESULT_WAITING matchId=m-6861 httpStatus=425
RESULT_WAITING matchId=m-6861 httpStatus=425
RESULT_WAITING matchId=m-6861 httpStatus=425
RESULT_WAITING matchId=m-6861 httpStatus=425
RESULT_WAITING matchId=m-6861 httpStatus=425
RESULT_WAITING matchId=m-6861 httpStatus=425
RESULT_RECEIVED matchId=m-6861 submittedDays=4
FINAL matchId=m-6861 submittedDays=4 rateLimits=0 result={"protocol_version":"v0.1-draft","type":"match_result","match_id":"m-6861","standings":[{"rank":1,"team_id":"team-B","udon_types":4,"daily_types_sum":16,"udon_total":57,"response_ms_total":1627},{"rank":2,"team_id":"team-A","udon_types":4,"daily_types_sum":16,"udon_total":47,"response_ms_total":2429}]}
