CONFIG_LOADED baseUrl=https://procon.ptit.edu.vn matchId=m-6408 plannerMode=JOINT_TEAM_BEAM_V2_R3 PROCON_TOKEN=<set>
SETUP_WAITING matchId=m-6408
SETUP_RECEIVED matchId=m-6408 agents=4 days=4
ASSIGNMENT_SUBMITTED matchId=m-6408 agents=4
ASSIGNMENT_ACCEPTED matchId=m-6408 agents=4
MATCH_STARTED matchId=m-6408
DAY_STATE_RECEIVED matchId=m-6408 day=0 agents=4
V2_JOINT_BEAM_START day=0 beamWidth=48 maxExpandedStates=64 maxChildrenPerState=24 maxNextTargetsPerAgent=4 fullTerminalEvaluationLimit=16 searchPolicy=R1_CONTROL
V2_PATHFINDING_AUDIT day=0 catalogPathfindingExecutions=11 searchPathfindingExecutions=0
V2_BEAM_DEPTH_SUMMARY day=0 depth=0 statesConsidered=9 expanded=1 candidateAttempts=16 infeasibleRoutes=0 topKTruncations=4 generatedChildren=15 uniqueChildren=3 collectChildren=12 stopChildren=3 duplicates=6 dominance=0 terminalCandidates=3 bestSecuredCollections=6 bestPotentialCollections=18
V2_BEAM_DEPTH_SUMMARY day=0 depth=1 statesConsidered=15 expanded=1 candidateAttempts=15 infeasibleRoutes=4 topKTruncations=3 generatedChildren=11 uniqueChildren=15 collectChildren=8 stopChildren=3 duplicates=0 dominance=0 terminalCandidates=15 bestSecuredCollections=7 bestPotentialCollections=17
V2_BEAM_DEPTH_SUMMARY day=0 depth=2 statesConsidered=11 expanded=1 candidateAttempts=12 infeasibleRoutes=7 topKTruncations=1 generatedChildren=7 uniqueChildren=11 collectChildren=4 stopChildren=3 duplicates=0 dominance=0 terminalCandidates=11 bestSecuredCollections=8 bestPotentialCollections=17
V2_BEAM_DEPTH_SUMMARY day=0 depth=3 statesConsidered=7 expanded=4 candidateAttempts=43 infeasibleRoutes=36 topKTruncations=0 generatedChildren=19 uniqueChildren=7 collectChildren=7 stopChildren=12 duplicates=0 dominance=0 terminalCandidates=7 bestSecuredCollections=9 bestPotentialCollections=13
V2_BEAM_DEPTH_SUMMARY day=0 depth=4 statesConsidered=19 expanded=13 candidateAttempts=109 infeasibleRoutes=97 topKTruncations=0 generatedChildren=45 uniqueChildren=19 collectChildren=12 stopChildren=33 duplicates=0 dominance=0 terminalCandidates=19 bestSecuredCollections=10 bestPotentialCollections=12
V2_BEAM_DEPTH_SUMMARY day=0 depth=5 statesConsidered=45 expanded=24 candidateAttempts=142 infeasibleRoutes=136 topKTruncations=0 generatedChildren=51 uniqueChildren=30 collectChildren=6 stopChildren=45 duplicates=15 dominance=0 terminalCandidates=30 bestSecuredCollections=10 bestPotentialCollections=12
V2_BEAM_DEPTH_SUMMARY day=0 depth=6 statesConsidered=51 expanded=20 candidateAttempts=62 infeasibleRoutes=62 topKTruncations=0 generatedChildren=20 uniqueChildren=24 collectChildren=0 stopChildren=20 duplicates=27 dominance=0 terminalCandidates=24 bestSecuredCollections=10 bestPotentialCollections=10
V2_BEAM_DEPTH_SUMMARY day=0 depth=7 statesConsidered=20 expanded=0 candidateAttempts=0 infeasibleRoutes=0 topKTruncations=0 generatedChildren=0 uniqueChildren=7 collectChildren=0 stopChildren=0 duplicates=13 dominance=0 terminalCandidates=7 bestSecuredCollections=10 bestPotentialCollections=10
V2_POTENTIAL_DISCRIMINATION_SUMMARY day=0 depth=0 stateCount=9 minPotential=11 maxPotential=18 distinctPotentialValues=3
V2_POTENTIAL_DISCRIMINATION_SUMMARY day=0 depth=1 stateCount=15 minPotential=8 maxPotential=11 distinctPotentialValues=4
V2_POTENTIAL_DISCRIMINATION_SUMMARY day=0 depth=2 stateCount=11 minPotential=4 maxPotential=10 distinctPotentialValues=6
V2_POTENTIAL_DISCRIMINATION_SUMMARY day=0 depth=3 stateCount=7 minPotential=0 maxPotential=5 distinctPotentialValues=5
V2_POTENTIAL_DISCRIMINATION_SUMMARY day=0 depth=4 stateCount=19 minPotential=0 maxPotential=3 distinctPotentialValues=4
V2_POTENTIAL_DISCRIMINATION_SUMMARY day=0 depth=5 stateCount=45 minPotential=0 maxPotential=3 distinctPotentialValues=4
V2_POTENTIAL_DISCRIMINATION_SUMMARY day=0 depth=6 stateCount=51 minPotential=0 maxPotential=0 distinctPotentialValues=1
V2_POTENTIAL_DISCRIMINATION_SUMMARY day=0 depth=7 stateCount=20 minPotential=0 maxPotential=0 distinctPotentialValues=1
V2_TERMINAL_PORTFOLIO day=0 rank=1 ownSemiBrands=4 ownSemiCollections=10 coupledOwnCollections=6 baselineOpponentCollections=15 coupledOpponentCollections=12 hybridMarginScore4=-21 strategicDecisionCount=4 movementCommandCount=81 signature=0:MRIGHT,MRIGHT,MRIGHT,MRIGHT,MRIGHT,MRIGHT,MDOWN_RIGHT,MDOWN_RIGHT,MUP_LEFT,MUP_LEFT,MUP_LEFT,MUP_RIGHT,MUP_RIGHT,MUP_RIGHT,W3,;1:MDOWN_RIGHT,MDOWN_RIGHT,W10,MUP_LEFT,MUP_LEFT,MUP_LEFT,MUP_LEFT,MLEFT,MLEFT,MLEFT,MUP_LEFT,MUP_RIGHT,W1,;2:MDOWN_RIGHT,MDOWN_LEFT,MDOWN_RIGHT,MDOWN_RIGHT,W6,MUP_LEFT,MUP_LEFT,MUP_LEFT,MUP_LEFT,MUP_LEFT,MUP_LEFT,MUP_LEFT,W3,;3:MRIGHT,MRIGHT,MRIGHT,MRIGHT,MRIGHT,MRIGHT,MDOWN_RIGHT,W2,W14,;
V2_TERMINAL_PORTFOLIO day=0 rank=2 ownSemiBrands=4 ownSemiCollections=10 coupledOwnCollections=6 baselineOpponentCollections=15 coupledOpponentCollections=12 hybridMarginScore4=-21 strategicDecisionCount=4 movementCommandCount=81 signature=0:MRIGHT,MRIGHT,MRIGHT,MRIGHT,MRIGHT,MRIGHT,MDOWN_RIGHT,MDOWN_RIGHT,MUP_LEFT,MUP_LEFT,MUP_LEFT,MUP_RIGHT,MUP_RIGHT,MUP_RIGHT,W3,;1:MDOWN_RIGHT,MDOWN_RIGHT,W10,MUP_LEFT,MUP_LEFT,MUP_LEFT,MUP_LEFT,MLEFT,MUP_LEFT,MLEFT,MUP_LEFT,MDOWN_RIGHT,MDOWN_LEFT,W1,;2:MDOWN_RIGHT,MDOWN_LEFT,MDOWN_RIGHT,MDOWN_RIGHT,W6,MUP_LEFT,MUP_LEFT,MUP_LEFT,MUP_LEFT,MUP_LEFT,MUP_LEFT,MUP_LEFT,W3,;3:MRIGHT,MRIGHT,MRIGHT,MRIGHT,MRIGHT,MRIGHT,MDOWN_RIGHT,W2,W14,;
V2_TERMINAL_PORTFOLIO day=0 rank=3 ownSemiBrands=4 ownSemiCollections=9 coupledOwnCollections=6 baselineOpponentCollections=15 coupledOpponentCollections=12 hybridMarginScore4=-24 strategicDecisionCount=4 movementCommandCount=77 signature=0:MRIGHT,MRIGHT,MRIGHT,MRIGHT,MRIGHT,MRIGHT,MDOWN_RIGHT,MDOWN_RIGHT,MUP_LEFT,MUP_LEFT,MUP_LEFT,MUP_RIGHT,MUP_RIGHT,MUP_RIGHT,W3,;1:MDOWN_RIGHT,MDOWN_RIGHT,W10,MUP_LEFT,MUP_LEFT,MUP_RIGHT,MUP_LEFT,MUP_RIGHT,MUP_RIGHT,W5,;2:MDOWN_RIGHT,MDOWN_LEFT,MDOWN_RIGHT,MDOWN_RIGHT,W6,MUP_LEFT,MUP_LEFT,MUP_LEFT,MUP_LEFT,MUP_LEFT,MUP_LEFT,MUP_LEFT,W3,;3:MRIGHT,MRIGHT,MRIGHT,MRIGHT,MRIGHT,MRIGHT,MDOWN_RIGHT,W2,W14,;
V2_TERMINAL_PORTFOLIO day=0 rank=4 ownSemiBrands=4 ownSemiCollections=9 coupledOwnCollections=6 baselineOpponentCollections=15 coupledOpponentCollections=12 hybridMarginScore4=-24 strategicDecisionCount=4 movementCommandCount=80 signature=0:MRIGHT,MRIGHT,MRIGHT,MRIGHT,MRIGHT,MRIGHT,MDOWN_RIGHT,MDOWN_RIGHT,MUP_LEFT,MUP_LEFT,MUP_LEFT,MUP_RIGHT,MUP_RIGHT,MUP_RIGHT,W3,;1:MDOWN_RIGHT,MDOWN_RIGHT,W10,MUP_LEFT,MUP_LEFT,MUP_RIGHT,MUP_LEFT,MLEFT,MLEFT,MLEFT,MLEFT,W2,;2:MDOWN_RIGHT,MDOWN_LEFT,MDOWN_RIGHT,MDOWN_RIGHT,W6,MUP_LEFT,MUP_LEFT,MUP_LEFT,MUP_LEFT,MUP_LEFT,MUP_LEFT,MUP_LEFT,W3,;3:MRIGHT,MRIGHT,MRIGHT,MRIGHT,MRIGHT,MRIGHT,MDOWN_RIGHT,W2,W14,;
V2_TERMINAL_PORTFOLIO day=0 rank=5 ownSemiBrands=4 ownSemiCollections=9 coupledOwnCollections=6 baselineOpponentCollections=15 coupledOpponentCollections=12 hybridMarginScore4=-24 strategicDecisionCount=4 movementCommandCount=82 signature=0:MRIGHT,MRIGHT,MRIGHT,MRIGHT,MRIGHT,MRIGHT,MDOWN_RIGHT,MDOWN_RIGHT,MUP_LEFT,MUP_LEFT,MUP_LEFT,MUP_RIGHT,MUP_RIGHT,MUP_RIGHT,W3,;1:MDOWN_RIGHT,MDOWN_RIGHT,W10,MUP_LEFT,MUP_LEFT,MUP_LEFT,MUP_LEFT,MLEFT,MLEFT,MLEFT,MDOWN_LEFT,MDOWN_LEFT,;2:MDOWN_RIGHT,MDOWN_LEFT,MDOWN_RIGHT,MDOWN_RIGHT,W6,MUP_LEFT,MUP_LEFT,MUP_LEFT,MUP_LEFT,MUP_LEFT,MUP_LEFT,MUP_LEFT,W3,;3:MRIGHT,MRIGHT,MRIGHT,MRIGHT,MRIGHT,MRIGHT,MDOWN_RIGHT,W2,W14,;
V2_TIMING_BREAKDOWN day=0 catalogWallMillis=16 searchWallMillis=321 stageBTerminalWallMillis=360 stageATerminalAccumulatedMillis=16 stageBTerminalAccumulatedMillis=350 totalWallMillis=697 fullCoupledEvaluationCount=16
V2_JOINT_BEAM_DONE day=0 beamWidth=48 maxExpandedStates=64 expanded=64 generatedChildren=168 uniqueStates=116 collectChildrenGenerated=49 stopChildrenGenerated=119 rootScheduleStates=8 duplicateStatesRejected=61 dominatedStatesRejected=0 terminalStates=116 continuingTerminalCandidates=106 fullyStoppedTerminalCandidates=10 stageATerminalEvaluations=116 stageBRequested=16 stageBDuplicateCandidatesSkipped=82 terminalPlansEvaluated=16 selectedOwnSemiBrands=4 selectedOwnSemiCollections=10 selectedCoupledOwnCollections=6 selectedBaselineOpponentCollections=15 selectedCoupledOpponentCollections=12 selectedHybridOwnScore4=36 selectedHybridOpponentScore4=57 selectedHybridMarginScore4=-21 catalogPathfindingExecutions=11 searchPathfindingExecutions=0 planningMillis=697 planningDeadlineTriggered=false deadlinePhase=NONE
R3_PORTFOLIO_SUMMARY day=0 partialToursGenerated=114 partialToursPruned=16 skeletonsConsidered=48 skeletonsValidated=24 skeletonsValid=8 skeletonsRetained=8 rootCandidates=9 rootsInitiallyAdmitted=9 rootsSurvivingMerge=9 selectedSupportServiceCount=3 selectedSupportedPatrols=[0, 1, 2] selectedSupportSkeletonSignature=3:1@63/14,2@63/14,0@63/16 stageATerminals=116 stageBRequested=16 stageBEvaluated=16 stageBSkippedForDeadline=0 tourCatalogPathfindingExecutions=36 tourSearchPathfindingExecutions=0 beamSearchPathfindingExecutions=0 planningDeadlineTriggered=false deadlinePhase=NONE incumbentSource=STAGE_B fallbackUsed=false terminalEvaluationWallMillis=360 terminalEvaluationAccumulatedMillis=366 wallPlanningMillis=866
R3_ROOT_FAMILY_SUMMARY day=0 serviceCount=0 available=true rootCandidates=1 rootsInitiallyAdmitted=1 rootsSurvivingMerge=1 rawTerminalCandidates=1 uniquePhysicalTerminals=1 physicalDedupRatio=0.0 bestStageAOwnSemiBrands=0 bestStageAOwnSemiCollections=0 stageBEligiblePhysicalPlans=1 stageBEvaluatedForFamily=1 bestFullyEvaluatedOwnSemiBrands=0 bestFullyEvaluatedOwnSemiCollections=0 bestFullyEvaluatedCoupledOwnCollections=0 bestFullyEvaluatedBaselineOpponentCollections=15 bestFullyEvaluatedCoupledOpponentCollections=15 bestFullyEvaluatedHybridMarginScore4=-60 bestPhysicalSignature=0:W30,;1:W30,;2:W30,;3:W30,; supportedPatrols=[] supportSkeletonSignature=NO_REFUEL
R3_ROOT_FAMILY_SUMMARY day=0 serviceCount=1 available=false rootCandidates=0 rootsInitiallyAdmitted=0 rootsSurvivingMerge=0 rawTerminalCandidates=0 uniquePhysicalTerminals=0 physicalDedupRatio=0.0 bestStageAOwnSemiBrands=-1 bestStageAOwnSemiCollections=-1 stageBEligiblePhysicalPlans=0 stageBEvaluatedForFamily=0 bestFullyEvaluatedOwnSemiBrands=-1 bestFullyEvaluatedOwnSemiCollections=-1 bestFullyEvaluatedCoupledOwnCollections=-1 bestFullyEvaluatedBaselineOpponentCollections=-1 bestFullyEvaluatedCoupledOpponentCollections=-1 bestFullyEvaluatedHybridMarginScore4=-1 bestPhysicalSignature=UNAVAILABLE supportedPatrols=[] supportSkeletonSignature=UNAVAILABLE
R3_ROOT_FAMILY_SUMMARY day=0 serviceCount=2 available=false rootCandidates=0 rootsInitiallyAdmitted=0 rootsSurvivingMerge=0 rawTerminalCandidates=0 uniquePhysicalTerminals=0 physicalDedupRatio=0.0 bestStageAOwnSemiBrands=-1 bestStageAOwnSemiCollections=-1 stageBEligiblePhysicalPlans=0 stageBEvaluatedForFamily=0 bestFullyEvaluatedOwnSemiBrands=-1 bestFullyEvaluatedOwnSemiCollections=-1 bestFullyEvaluatedCoupledOwnCollections=-1 bestFullyEvaluatedBaselineOpponentCollections=-1 bestFullyEvaluatedCoupledOpponentCollections=-1 bestFullyEvaluatedHybridMarginScore4=-1 bestPhysicalSignature=UNAVAILABLE supportedPatrols=[] supportSkeletonSignature=UNAVAILABLE
R3_ROOT_FAMILY_SUMMARY day=0 serviceCount=3 available=true rootCandidates=8 rootsInitiallyAdmitted=8 rootsSurvivingMerge=2 rawTerminalCandidates=234 uniquePhysicalTerminals=33 physicalDedupRatio=0.858974358974359 bestStageAOwnSemiBrands=4 bestStageAOwnSemiCollections=10 stageBEligiblePhysicalPlans=33 stageBEvaluatedForFamily=16 bestFullyEvaluatedOwnSemiBrands=4 bestFullyEvaluatedOwnSemiCollections=10 bestFullyEvaluatedCoupledOwnCollections=6 bestFullyEvaluatedBaselineOpponentCollections=15 bestFullyEvaluatedCoupledOpponentCollections=12 bestFullyEvaluatedHybridMarginScore4=-21 bestPhysicalSignature=0:MRIGHT,MRIGHT,MRIGHT,MRIGHT,MRIGHT,MRIGHT,MDOWN_RIGHT,MDOWN_RIGHT,MUP_LEFT,MUP_LEFT,MUP_LEFT,MUP_RIGHT,MUP_RIGHT,MUP_RIGHT,W3,;1:MDOWN_RIGHT,MDOWN_RIGHT,W10,MUP_LEFT,MUP_LEFT,MUP_LEFT,MUP_LEFT,MLEFT,MLEFT,MLEFT,MUP_LEFT,MUP_RIGHT,W1,;2:MDOWN_RIGHT,MDOWN_LEFT,MDOWN_RIGHT,MDOWN_RIGHT,W6,MUP_LEFT,MUP_LEFT,MUP_LEFT,MUP_LEFT,MUP_LEFT,MUP_LEFT,MUP_LEFT,W3,;3:MRIGHT,MRIGHT,MRIGHT,MRIGHT,MRIGHT,MRIGHT,MDOWN_RIGHT,W2,W14,; supportedPatrols=[0, 1, 2] supportSkeletonSignature=3:1@63/14,2@63/14,0@63/16
R3_ROOT_FAMILY_SELECTED day=0 selectedSupportServiceCount=3 selectedOwnSemiCollections=10 bestNoRefuelOwnSemiCollections=0 selectedGainVsNoRefuelSemi=10 selectedHybridMarginScore4=-21 bestNoRefuelHybridMarginScore4=null selectedGainVsNoRefuelHybridScore4=null globalRawTerminalCandidates=116 globalUniquePhysicalTerminals=34 globalPhysicalDedupRatio=0.7068965517241379
R3_LIVE_FAMILY_AUDIT day=0 serviceCount=0 available=true bestStageAOwnSemiBrands=0 bestStageAOwnSemiCollections=0 shadowEvaluated=true shadowOwnSemiBrands=0 shadowOwnSemiCollections=0 shadowCoupledOwnCollections=0 shadowBaselineOpponentCollections=15 shadowCoupledOpponentCollections=15 shadowHybridMarginScore4=-60 supportedPatrols=[] supportSkeletonSignature=NO_REFUEL physicalSignature=0:W30,;1:W30,;2:W30,;3:W30,; shadowAuditSkippedForDeadline=false
R3_LIVE_FAMILY_AUDIT day=0 serviceCount=1 available=false bestStageAOwnSemiBrands=NA bestStageAOwnSemiCollections=NA shadowEvaluated=false shadowOwnSemiBrands=NA shadowOwnSemiCollections=NA shadowCoupledOwnCollections=NA shadowBaselineOpponentCollections=NA shadowCoupledOpponentCollections=NA shadowHybridMarginScore4=NA supportedPatrols=[] supportSkeletonSignature=UNAVAILABLE physicalSignature=UNAVAILABLE shadowAuditSkippedForDeadline=false
R3_LIVE_FAMILY_AUDIT day=0 serviceCount=2 available=false bestStageAOwnSemiBrands=NA bestStageAOwnSemiCollections=NA shadowEvaluated=false shadowOwnSemiBrands=NA shadowOwnSemiCollections=NA shadowCoupledOwnCollections=NA shadowBaselineOpponentCollections=NA shadowCoupledOpponentCollections=NA shadowHybridMarginScore4=NA supportedPatrols=[] supportSkeletonSignature=UNAVAILABLE physicalSignature=UNAVAILABLE shadowAuditSkippedForDeadline=false
R3_LIVE_FAMILY_AUDIT day=0 serviceCount=3 available=true bestStageAOwnSemiBrands=4 bestStageAOwnSemiCollections=10 shadowEvaluated=true shadowOwnSemiBrands=4 shadowOwnSemiCollections=10 shadowCoupledOwnCollections=6 shadowBaselineOpponentCollections=15 shadowCoupledOpponentCollections=12 shadowHybridMarginScore4=-21 supportedPatrols=[0, 1, 2] supportSkeletonSignature=3:1@63/14,2@63/14,0@63/16 physicalSignature=0:MRIGHT,MRIGHT,MRIGHT,MRIGHT,MRIGHT,MRIGHT,MDOWN_RIGHT,MDOWN_RIGHT,MUP_LEFT,MUP_LEFT,MUP_LEFT,MUP_RIGHT,MUP_RIGHT,MUP_RIGHT,W3,;1:MDOWN_RIGHT,MDOWN_RIGHT,W10,MUP_LEFT,MUP_LEFT,MUP_LEFT,MUP_LEFT,MLEFT,MLEFT,MLEFT,MUP_LEFT,MUP_RIGHT,W1,;2:MDOWN_RIGHT,MDOWN_LEFT,MDOWN_RIGHT,MDOWN_RIGHT,W6,MUP_LEFT,MUP_LEFT,MUP_LEFT,MUP_LEFT,MUP_LEFT,MUP_LEFT,MUP_LEFT,W3,;3:MRIGHT,MRIGHT,MRIGHT,MRIGHT,MRIGHT,MRIGHT,MDOWN_RIGHT,W2,W14,; shadowAuditSkippedForDeadline=false
R3_LIVE_FAMILY_COMPARISON day=0 selectedServiceCount=3 selectedOwnSemiCollections=10 selectedHybridMarginScore4=-21 noRefuelSemi=0 noRefuelHybridMarginScore4=-60 oneServiceSemi=NA oneServiceHybridMarginScore4=NA twoServiceSemi=NA twoServiceHybridMarginScore4=NA threeServiceSemi=10 threeServiceHybridMarginScore4=-21 selectedGainVsNoRefuelSemi=10 selectedGainVsNoRefuelHybridScore4=39 bestShadowFamilyByFrozenObjective=3 selectedMatchesBestShadowFamily=true shadowEvaluationsPerformed=1 shadowEvaluationsSkippedForDeadline=0
R3_SUPPORT_PRODUCTIVITY day=0 serviceCount=3 supportedPatrols=[0, 1, 2] prefixCollections=1 collectionsBeforeFirstService=5 postSupportCollections=4 totalSupportedPatrolCollections=10 supportMovementSteps=14 supportWaitSteps=2 selectedSupportSkeletonSignature=3:1@63/14,2@63/14,0@63/16
LOCAL_PLAN_VALID matchId=m-6408 day=0 mode=JointTeamBeamR3Planner
ACTION_REQUEST_FINGERPRINT matchId=m-6408 day=0 agentCount=4 serializedLength=118 fingerprint=21aa75b7
ACTION_DURATION_AUDIT matchId=m-6408 day=0 agent=0 dayBudget=30 plannerDuration=30 validatedDuration=30 encodedDuration=30 actionCount=15 finalAction=WAIT(3) paddingApplied=false
ACTION_WIRE_REPLAY_AUDIT matchId=m-6408 day=0 agent=0 dayBudget=30 simulatedDuration=30 wireReplayDuration=30 simulatedEndPosition=15 wireReplayEndPosition=15 simulatedPatrolFuel=53 wireReplayPatrolFuel=53 actionCount=15 durationMatch=true positionMatch=true fuelMatch=true fuelCheckReason=finiteFuelCompared
ACTION_DURATION_AUDIT matchId=m-6408 day=0 agent=1 dayBudget=30 plannerDuration=30 validatedDuration=30 encodedDuration=30 actionCount=13 finalAction=WAIT(1) paddingApplied=false
ACTION_WIRE_REPLAY_AUDIT matchId=m-6408 day=0 agent=1 dayBudget=30 simulatedDuration=30 wireReplayDuration=30 simulatedEndPosition=10 wireReplayEndPosition=10 simulatedPatrolFuel=48 wireReplayPatrolFuel=48 actionCount=13 durationMatch=true positionMatch=true fuelMatch=true fuelCheckReason=finiteFuelCompared
ACTION_DURATION_AUDIT matchId=m-6408 day=0 agent=2 dayBudget=30 plannerDuration=30 validatedDuration=30 encodedDuration=30 actionCount=13 finalAction=WAIT(3) paddingApplied=false
ACTION_WIRE_REPLAY_AUDIT matchId=m-6408 day=0 agent=2 dayBudget=30 simulatedDuration=30 wireReplayDuration=30 simulatedEndPosition=3 wireReplayEndPosition=3 simulatedPatrolFuel=52 wireReplayPatrolFuel=52 actionCount=13 durationMatch=true positionMatch=true fuelMatch=true fuelCheckReason=finiteFuelCompared
ACTION_DURATION_AUDIT matchId=m-6408 day=0 agent=3 dayBudget=30 plannerDuration=30 validatedDuration=30 encodedDuration=30 actionCount=9 finalAction=WAIT(14) paddingApplied=false
ACTION_WIRE_REPLAY_AUDIT matchId=m-6408 day=0 agent=3 dayBudget=30 simulatedDuration=30 wireReplayDuration=30 simulatedEndPosition=63 wireReplayEndPosition=63 simulatedPatrolFuel=UNAVAILABLE wireReplayPatrolFuel=UNAVAILABLE actionCount=9 durationMatch=true positionMatch=true fuelMatch=NA fuelCheckReason=nonPatrolOrUnavailableFuel
ACTIONS_SUBMITTED matchId=m-6408 day=0 fingerprint=21aa75b7
ACTION_RESPONSE_DAY_OBSERVED matchId=m-6408 submittedDay=0 responseDay=1 delta=1 fingerprint=21aa75b7
UDON_OBSERVABILITY matchId=m-6408 day=0 predictedDayUdon=10 authoritativeActual=UNAVAILABLE
ACTIONS_ACCEPTED matchId=m-6408 day=0
DAY_STATE_RECEIVED matchId=m-6408 day=0 agents=4
DAY_STATE_RECEIVED matchId=m-6408 day=0 agents=4
DAY_STATE_RECEIVED matchId=m-6408 day=0 agents=4
DAY_STATE_RECEIVED matchId=m-6408 day=0 agents=4
DAY_STATE_RECEIVED matchId=m-6408 day=0 agents=4
DAY_STATE_RECEIVED matchId=m-6408 day=0 agents=4
DAY_STATE_RECEIVED matchId=m-6408 day=0 agents=4
DAY_STATE_RECEIVED matchId=m-6408 day=0 agents=4
DAY_STATE_RECEIVED matchId=m-6408 day=0 agents=4
DAY_STATE_RECEIVED matchId=m-6408 day=0 agents=4
DAY_STATE_RECEIVED matchId=m-6408 day=0 agents=4
DAY_STATE_RECEIVED matchId=m-6408 day=0 agents=4
DAY_STATE_RECEIVED matchId=m-6408 day=0 agents=4
DAY_STATE_RECEIVED matchId=m-6408 day=0 agents=4
DAY_STATE_RECEIVED matchId=m-6408 day=0 agents=4
DAY_STATE_RECEIVED matchId=m-6408 day=1 agents=4
PARITY_OBSERVED matchId=m-6408 day=0 position=MATCH patrolFuel=MATCH
DAY_ADVANCED matchId=m-6408 from=0 to=1
V2_JOINT_BEAM_START day=1 beamWidth=48 maxExpandedStates=64 maxChildrenPerState=24 maxNextTargetsPerAgent=4 fullTerminalEvaluationLimit=16 searchPolicy=R1_CONTROL
V2_PATHFINDING_AUDIT day=1 catalogPathfindingExecutions=8 searchPathfindingExecutions=0
V2_BEAM_DEPTH_SUMMARY day=1 depth=0 statesConsidered=13 expanded=1 candidateAttempts=12 infeasibleRoutes=0 topKTruncations=1 generatedChildren=14 uniqueChildren=6 collectChildren=11 stopChildren=3 duplicates=7 dominance=0 terminalCandidates=6 bestSecuredCollections=8 bestPotentialCollections=18
V2_BEAM_DEPTH_SUMMARY day=1 depth=1 statesConsidered=14 expanded=1 candidateAttempts=10 infeasibleRoutes=0 topKTruncations=0 generatedChildren=13 uniqueChildren=14 collectChildren=10 stopChildren=3 duplicates=0 dominance=0 terminalCandidates=14 bestSecuredCollections=9 bestPotentialCollections=17
V2_BEAM_DEPTH_SUMMARY day=1 depth=2 statesConsidered=13 expanded=1 candidateAttempts=9 infeasibleRoutes=2 topKTruncations=0 generatedChildren=10 uniqueChildren=13 collectChildren=7 stopChildren=3 duplicates=0 dominance=0 terminalCandidates=13 bestSecuredCollections=10 bestPotentialCollections=17
V2_BEAM_DEPTH_SUMMARY day=1 depth=3 statesConsidered=10 expanded=1 candidateAttempts=8 infeasibleRoutes=3 topKTruncations=0 generatedChildren=8 uniqueChildren=10 collectChildren=5 stopChildren=3 duplicates=0 dominance=0 terminalCandidates=10 bestSecuredCollections=11 bestPotentialCollections=17
V2_BEAM_DEPTH_SUMMARY day=1 depth=4 statesConsidered=8 expanded=2 candidateAttempts=14 infeasibleRoutes=7 topKTruncations=0 generatedChildren=13 uniqueChildren=8 collectChildren=7 stopChildren=6 duplicates=0 dominance=0 terminalCandidates=8 bestSecuredCollections=12 bestPotentialCollections=16
V2_BEAM_DEPTH_SUMMARY day=1 depth=5 statesConsidered=13 expanded=8 candidateAttempts=42 infeasibleRoutes=29 topKTruncations=0 generatedChildren=35 uniqueChildren=12 collectChildren=13 stopChildren=22 duplicates=1 dominance=0 terminalCandidates=12 bestSecuredCollections=13 bestPotentialCollections=16
V2_BEAM_DEPTH_SUMMARY day=1 depth=6 statesConsidered=35 expanded=20 candidateAttempts=68 infeasibleRoutes=54 topKTruncations=0 generatedChildren=56 uniqueChildren=24 collectChildren=14 stopChildren=42 duplicates=11 dominance=0 terminalCandidates=24 bestSecuredCollections=14 bestPotentialCollections=16
V2_BEAM_DEPTH_SUMMARY day=1 depth=7 statesConsidered=56 expanded=21 candidateAttempts=39 infeasibleRoutes=36 topKTruncations=0 generatedChildren=33 uniqueChildren=28 collectChildren=3 stopChildren=30 duplicates=28 dominance=0 terminalCandidates=28 bestSecuredCollections=14 bestPotentialCollections=15
V2_BEAM_DEPTH_SUMMARY day=1 depth=8 statesConsidered=33 expanded=9 candidateAttempts=9 infeasibleRoutes=9 topKTruncations=0 generatedChildren=9 uniqueChildren=13 collectChildren=0 stopChildren=9 duplicates=20 dominance=0 terminalCandidates=13 bestSecuredCollections=14 bestPotentialCollections=14
V2_BEAM_DEPTH_SUMMARY day=1 depth=9 statesConsidered=9 expanded=0 candidateAttempts=0 infeasibleRoutes=0 topKTruncations=0 generatedChildren=0 uniqueChildren=3 collectChildren=0 stopChildren=0 duplicates=6 dominance=0 terminalCandidates=3 bestSecuredCollections=14 bestPotentialCollections=14
V2_POTENTIAL_DISCRIMINATION_SUMMARY day=1 depth=0 stateCount=13 minPotential=9 maxPotential=15 distinctPotentialValues=4
V2_POTENTIAL_DISCRIMINATION_SUMMARY day=1 depth=1 stateCount=14 minPotential=7 maxPotential=9 distinctPotentialValues=3
V2_POTENTIAL_DISCRIMINATION_SUMMARY day=1 depth=2 stateCount=13 minPotential=6 maxPotential=7 distinctPotentialValues=2
V2_POTENTIAL_DISCRIMINATION_SUMMARY day=1 depth=3 stateCount=10 minPotential=3 maxPotential=7 distinctPotentialValues=5
V2_POTENTIAL_DISCRIMINATION_SUMMARY day=1 depth=4 stateCount=8 minPotential=1 maxPotential=5 distinctPotentialValues=5
V2_POTENTIAL_DISCRIMINATION_SUMMARY day=1 depth=5 stateCount=13 minPotential=0 maxPotential=4 distinctPotentialValues=5
V2_POTENTIAL_DISCRIMINATION_SUMMARY day=1 depth=6 stateCount=35 minPotential=0 maxPotential=4 distinctPotentialValues=4
V2_POTENTIAL_DISCRIMINATION_SUMMARY day=1 depth=7 stateCount=56 minPotential=0 maxPotential=2 distinctPotentialValues=3
V2_POTENTIAL_DISCRIMINATION_SUMMARY day=1 depth=8 stateCount=33 minPotential=0 maxPotential=0 distinctPotentialValues=1
V2_POTENTIAL_DISCRIMINATION_SUMMARY day=1 depth=9 stateCount=9 minPotential=0 maxPotential=0 distinctPotentialValues=1
V2_TERMINAL_PORTFOLIO day=1 rank=1 ownSemiBrands=4 ownSemiCollections=11 coupledOwnCollections=8 baselineOpponentCollections=15 coupledOpponentCollections=10 hybridMarginScore4=-14 strategicDecisionCount=5 movementCommandCount=77 signature=0:MDOWN_LEFT,MDOWN_LEFT,MDOWN_RIGHT,MDOWN_LEFT,MDOWN_RIGHT,MDOWN_RIGHT,MUP_LEFT,MUP_LEFT,MLEFT,MLEFT,MLEFT,MLEFT,MLEFT,W5,;1:MDOWN_RIGHT,MRIGHT,MDOWN_RIGHT,MRIGHT,MDOWN_RIGHT,MDOWN_RIGHT,MDOWN_RIGHT,MDOWN_RIGHT,MUP_LEFT,MUP_LEFT,MUP_RIGHT,MUP_LEFT,MUP_RIGHT,MUP_RIGHT,W7,;2:MDOWN_RIGHT,MDOWN_RIGHT,MDOWN_RIGHT,MDOWN_RIGHT,MDOWN_RIGHT,MDOWN_RIGHT,MDOWN_RIGHT,MUP_LEFT,MUP_LEFT,MUP_LEFT,MUP_LEFT,MLEFT,MLEFT,MLEFT,MDOWN_LEFT,MDOWN_LEFT,W1,;3:W11,W1,W1,W17,;
V2_TERMINAL_PORTFOLIO day=1 rank=2 ownSemiBrands=4 ownSemiCollections=11 coupledOwnCollections=7 baselineOpponentCollections=15 coupledOpponentCollections=11 hybridMarginScore4=-16 strategicDecisionCount=6 movementCommandCount=81 signature=0:MDOWN_LEFT,MDOWN_LEFT,MDOWN_RIGHT,MDOWN_LEFT,MDOWN_RIGHT,MDOWN_RIGHT,MUP_LEFT,MUP_LEFT,MLEFT,MLEFT,MLEFT,MLEFT,MLEFT,MUP_RIGHT,MUP_RIGHT,W1,;1:MDOWN_RIGHT,MRIGHT,MDOWN_RIGHT,MRIGHT,MDOWN_RIGHT,MDOWN_RIGHT,MDOWN_RIGHT,MDOWN_RIGHT,MUP_LEFT,MUP_LEFT,MUP_RIGHT,MUP_LEFT,MUP_RIGHT,MUP_RIGHT,W7,;2:MDOWN_RIGHT,MDOWN_RIGHT,MDOWN_RIGHT,MDOWN_RIGHT,MDOWN_RIGHT,MDOWN_RIGHT,MDOWN_RIGHT,MUP_LEFT,MUP_LEFT,MUP_LEFT,MUP_LEFT,MLEFT,MLEFT,MLEFT,MDOWN_LEFT,MDOWN_LEFT,W1,;3:W11,W1,W1,W17,;
V2_TERMINAL_PORTFOLIO day=1 rank=3 ownSemiBrands=4 ownSemiCollections=11 coupledOwnCollections=7 baselineOpponentCollections=15 coupledOpponentCollections=11 hybridMarginScore4=-16 strategicDecisionCount=5 movementCommandCount=76 signature=0:MDOWN_LEFT,MDOWN_LEFT,MDOWN_RIGHT,MDOWN_LEFT,MDOWN_RIGHT,MDOWN_RIGHT,MUP_LEFT,MUP_LEFT,MLEFT,MLEFT,MLEFT,MLEFT,MLEFT,MUP_RIGHT,MUP_RIGHT,W1,;1:MDOWN_RIGHT,MRIGHT,MDOWN_RIGHT,MRIGHT,MDOWN_RIGHT,MDOWN_RIGHT,MDOWN_RIGHT,MDOWN_RIGHT,MUP_LEFT,MUP_LEFT,MUP_RIGHT,MUP_LEFT,MUP_RIGHT,MUP_RIGHT,W7,;2:MDOWN_RIGHT,MDOWN_RIGHT,MDOWN_RIGHT,MDOWN_RIGHT,MDOWN_RIGHT,MDOWN_RIGHT,MDOWN_RIGHT,MUP_LEFT,MUP_LEFT,MUP_LEFT,MUP_RIGHT,MUP_RIGHT,MUP_RIGHT,W6,;3:W11,W1,W1,W17,;
V2_TERMINAL_PORTFOLIO day=1 rank=4 ownSemiBrands=4 ownSemiCollections=11 coupledOwnCollections=6 baselineOpponentCollections=15 coupledOpponentCollections=12 hybridMarginScore4=-18 strategicDecisionCount=5 movementCommandCount=79 signature=0:MDOWN_LEFT,MDOWN_LEFT,MDOWN_RIGHT,MDOWN_LEFT,MDOWN_RIGHT,MDOWN_RIGHT,MUP_LEFT,MUP_LEFT,MLEFT,MLEFT,MLEFT,MLEFT,MLEFT,MUP_RIGHT,MUP_RIGHT,W1,;1:MDOWN_RIGHT,MRIGHT,MDOWN_RIGHT,MRIGHT,MDOWN_RIGHT,MDOWN_RIGHT,MDOWN_RIGHT,MDOWN_RIGHT,MUP_LEFT,MUP_LEFT,MUP_RIGHT,MUP_LEFT,MUP_RIGHT,MUP_RIGHT,W7,;2:MDOWN_RIGHT,MDOWN_RIGHT,MDOWN_RIGHT,MDOWN_RIGHT,MDOWN_RIGHT,MDOWN_RIGHT,MDOWN_RIGHT,MUP_LEFT,MUP_LEFT,MLEFT,MLEFT,MLEFT,MLEFT,MLEFT,W3,;3:W11,W1,W1,W17,;
V2_TERMINAL_PORTFOLIO day=1 rank=5 ownSemiBrands=4 ownSemiCollections=10 coupledOwnCollections=7 baselineOpponentCollections=15 coupledOpponentCollections=11 hybridMarginScore4=-19 strategicDecisionCount=6 movementCommandCount=80 signature=0:MDOWN_LEFT,MDOWN_LEFT,MDOWN_RIGHT,MDOWN_LEFT,MDOWN_RIGHT,MDOWN_RIGHT,MUP_LEFT,MUP_LEFT,MLEFT,MLEFT,MLEFT,MLEFT,MLEFT,MUP_RIGHT,MUP_RIGHT,W1,;1:MDOWN_RIGHT,MRIGHT,MDOWN_RIGHT,MRIGHT,MDOWN_RIGHT,MDOWN_RIGHT,MDOWN_RIGHT,MDOWN_RIGHT,MUP_LEFT,MUP_LEFT,MUP_RIGHT,MUP_LEFT,MUP_RIGHT,MUP_RIGHT,W7,;2:MDOWN_RIGHT,MDOWN_RIGHT,MDOWN_RIGHT,MDOWN_RIGHT,MDOWN_RIGHT,MDOWN_RIGHT,MDOWN_RIGHT,MUP_LEFT,MUP_LEFT,MUP_LEFT,MUP_LEFT,MLEFT,MLEFT,MLEFT,MUP_LEFT,MUP_RIGHT,W2,;3:W11,W1,W1,W17,;
V2_TIMING_BREAKDOWN day=1 catalogWallMillis=15 searchWallMillis=140 stageBTerminalWallMillis=173 stageATerminalAccumulatedMillis=0 stageBTerminalAccumulatedMillis=166 totalWallMillis=328 fullCoupledEvaluationCount=16
V2_JOINT_BEAM_DONE day=1 beamWidth=48 maxExpandedStates=64 expanded=64 generatedChildren=191 uniqueStates=131 collectChildrenGenerated=70 stopChildrenGenerated=121 rootScheduleStates=12 duplicateStatesRejected=73 dominatedStatesRejected=0 terminalStates=131 continuingTerminalCandidates=123 fullyStoppedTerminalCandidates=8 stageATerminalEvaluations=131 stageBRequested=16 stageBDuplicateCandidatesSkipped=83 terminalPlansEvaluated=16 selectedOwnSemiBrands=4 selectedOwnSemiCollections=11 selectedCoupledOwnCollections=8 selectedBaselineOpponentCollections=15 selectedCoupledOpponentCollections=10 selectedHybridOwnScore4=41 selectedHybridOpponentScore4=55 selectedHybridMarginScore4=-14 catalogPathfindingExecutions=8 searchPathfindingExecutions=0 planningMillis=328 planningDeadlineTriggered=false deadlinePhase=NONE
R3_PORTFOLIO_SUMMARY day=1 partialToursGenerated=111 partialToursPruned=18 skeletonsConsidered=48 skeletonsValidated=24 skeletonsValid=17 skeletonsRetained=12 rootCandidates=13 rootsInitiallyAdmitted=13 rootsSurvivingMerge=13 selectedSupportServiceCount=3 selectedSupportedPatrols=[0, 1, 2] selectedSupportSkeletonSignature=3:0@63/11,1@63/12,2@63/13 stageATerminals=131 stageBRequested=16 stageBEvaluated=16 stageBSkippedForDeadline=0 tourCatalogPathfindingExecutions=20 tourSearchPathfindingExecutions=0 beamSearchPathfindingExecutions=0 planningDeadlineTriggered=false deadlinePhase=NONE incumbentSource=STAGE_B fallbackUsed=false terminalEvaluationWallMillis=173 terminalEvaluationAccumulatedMillis=166 wallPlanningMillis=386
R3_ROOT_FAMILY_SUMMARY day=1 serviceCount=0 available=true rootCandidates=1 rootsInitiallyAdmitted=1 rootsSurvivingMerge=1 rawTerminalCandidates=1 uniquePhysicalTerminals=1 physicalDedupRatio=0.0 bestStageAOwnSemiBrands=2 bestStageAOwnSemiCollections=3 stageBEligiblePhysicalPlans=1 stageBEvaluatedForFamily=1 bestFullyEvaluatedOwnSemiBrands=2 bestFullyEvaluatedOwnSemiCollections=3 bestFullyEvaluatedCoupledOwnCollections=3 bestFullyEvaluatedBaselineOpponentCollections=15 bestFullyEvaluatedCoupledOpponentCollections=13 bestFullyEvaluatedHybridMarginScore4=-46 bestPhysicalSignature=0:W30,;1:W30,;2:W30,;3:W30,; supportedPatrols=[] supportSkeletonSignature=NO_REFUEL
R3_ROOT_FAMILY_SUMMARY day=1 serviceCount=1 available=false rootCandidates=0 rootsInitiallyAdmitted=0 rootsSurvivingMerge=0 rawTerminalCandidates=0 uniquePhysicalTerminals=0 physicalDedupRatio=0.0 bestStageAOwnSemiBrands=-1 bestStageAOwnSemiCollections=-1 stageBEligiblePhysicalPlans=0 stageBEvaluatedForFamily=0 bestFullyEvaluatedOwnSemiBrands=-1 bestFullyEvaluatedOwnSemiCollections=-1 bestFullyEvaluatedCoupledOwnCollections=-1 bestFullyEvaluatedBaselineOpponentCollections=-1 bestFullyEvaluatedCoupledOpponentCollections=-1 bestFullyEvaluatedHybridMarginScore4=-1 bestPhysicalSignature=UNAVAILABLE supportedPatrols=[] supportSkeletonSignature=UNAVAILABLE
R3_ROOT_FAMILY_SUMMARY day=1 serviceCount=2 available=false rootCandidates=0 rootsInitiallyAdmitted=0 rootsSurvivingMerge=0 rawTerminalCandidates=0 uniquePhysicalTerminals=0 physicalDedupRatio=0.0 bestStageAOwnSemiBrands=-1 bestStageAOwnSemiCollections=-1 stageBEligiblePhysicalPlans=0 stageBEvaluatedForFamily=0 bestFullyEvaluatedOwnSemiBrands=-1 bestFullyEvaluatedOwnSemiCollections=-1 bestFullyEvaluatedCoupledOwnCollections=-1 bestFullyEvaluatedBaselineOpponentCollections=-1 bestFullyEvaluatedCoupledOpponentCollections=-1 bestFullyEvaluatedHybridMarginScore4=-1 bestPhysicalSignature=UNAVAILABLE supportedPatrols=[] supportSkeletonSignature=UNAVAILABLE
R3_ROOT_FAMILY_SUMMARY day=1 serviceCount=3 available=true rootCandidates=12 rootsInitiallyAdmitted=12 rootsSurvivingMerge=5 rawTerminalCandidates=137 uniquePhysicalTerminals=47 physicalDedupRatio=0.656934306569343 bestStageAOwnSemiBrands=4 bestStageAOwnSemiCollections=11 stageBEligiblePhysicalPlans=47 stageBEvaluatedForFamily=16 bestFullyEvaluatedOwnSemiBrands=4 bestFullyEvaluatedOwnSemiCollections=11 bestFullyEvaluatedCoupledOwnCollections=8 bestFullyEvaluatedBaselineOpponentCollections=15 bestFullyEvaluatedCoupledOpponentCollections=10 bestFullyEvaluatedHybridMarginScore4=-14 bestPhysicalSignature=0:MDOWN_LEFT,MDOWN_LEFT,MDOWN_RIGHT,MDOWN_LEFT,MDOWN_RIGHT,MDOWN_RIGHT,MUP_LEFT,MUP_LEFT,MLEFT,MLEFT,MLEFT,MLEFT,MLEFT,W5,;1:MDOWN_RIGHT,MRIGHT,MDOWN_RIGHT,MRIGHT,MDOWN_RIGHT,MDOWN_RIGHT,MDOWN_RIGHT,MDOWN_RIGHT,MUP_LEFT,MUP_LEFT,MUP_RIGHT,MUP_LEFT,MUP_RIGHT,MUP_RIGHT,W7,;2:MDOWN_RIGHT,MDOWN_RIGHT,MDOWN_RIGHT,MDOWN_RIGHT,MDOWN_RIGHT,MDOWN_RIGHT,MDOWN_RIGHT,MUP_LEFT,MUP_LEFT,MUP_LEFT,MUP_LEFT,MLEFT,MLEFT,MLEFT,MDOWN_LEFT,MDOWN_LEFT,W1,;3:W11,W1,W1,W17,; supportedPatrols=[0, 1, 2] supportSkeletonSignature=3:0@63/11,1@63/12,2@63/13
R3_ROOT_FAMILY_SELECTED day=1 selectedSupportServiceCount=3 selectedOwnSemiCollections=11 bestNoRefuelOwnSemiCollections=3 selectedGainVsNoRefuelSemi=8 selectedHybridMarginScore4=-14 bestNoRefuelHybridMarginScore4=null selectedGainVsNoRefuelHybridScore4=null globalRawTerminalCandidates=131 globalUniquePhysicalTerminals=48 globalPhysicalDedupRatio=0.633587786259542
R3_LIVE_FAMILY_AUDIT day=1 serviceCount=0 available=true bestStageAOwnSemiBrands=2 bestStageAOwnSemiCollections=3 shadowEvaluated=true shadowOwnSemiBrands=2 shadowOwnSemiCollections=3 shadowCoupledOwnCollections=3 shadowBaselineOpponentCollections=15 shadowCoupledOpponentCollections=13 shadowHybridMarginScore4=-46 supportedPatrols=[] supportSkeletonSignature=NO_REFUEL physicalSignature=0:W30,;1:W30,;2:W30,;3:W30,; shadowAuditSkippedForDeadline=false
R3_LIVE_FAMILY_AUDIT day=1 serviceCount=1 available=false bestStageAOwnSemiBrands=NA bestStageAOwnSemiCollections=NA shadowEvaluated=false shadowOwnSemiBrands=NA shadowOwnSemiCollections=NA shadowCoupledOwnCollections=NA shadowBaselineOpponentCollections=NA shadowCoupledOpponentCollections=NA shadowHybridMarginScore4=NA supportedPatrols=[] supportSkeletonSignature=UNAVAILABLE physicalSignature=UNAVAILABLE shadowAuditSkippedForDeadline=false
R3_LIVE_FAMILY_AUDIT day=1 serviceCount=2 available=false bestStageAOwnSemiBrands=NA bestStageAOwnSemiCollections=NA shadowEvaluated=false shadowOwnSemiBrands=NA shadowOwnSemiCollections=NA shadowCoupledOwnCollections=NA shadowBaselineOpponentCollections=NA shadowCoupledOpponentCollections=NA shadowHybridMarginScore4=NA supportedPatrols=[] supportSkeletonSignature=UNAVAILABLE physicalSignature=UNAVAILABLE shadowAuditSkippedForDeadline=false
R3_LIVE_FAMILY_AUDIT day=1 serviceCount=3 available=true bestStageAOwnSemiBrands=4 bestStageAOwnSemiCollections=11 shadowEvaluated=true shadowOwnSemiBrands=4 shadowOwnSemiCollections=11 shadowCoupledOwnCollections=7 shadowBaselineOpponentCollections=15 shadowCoupledOpponentCollections=11 shadowHybridMarginScore4=-16 supportedPatrols=[0, 1, 2] supportSkeletonSignature=3:0@63/11,1@63/12,2@63/13 physicalSignature=0:MDOWN_LEFT,MDOWN_LEFT,MDOWN_RIGHT,MDOWN_LEFT,MDOWN_RIGHT,MDOWN_RIGHT,MUP_LEFT,MUP_LEFT,MLEFT,MLEFT,MLEFT,MLEFT,MLEFT,MUP_RIGHT,MUP_RIGHT,W1,;1:MDOWN_RIGHT,MRIGHT,MDOWN_RIGHT,MRIGHT,MDOWN_RIGHT,MDOWN_RIGHT,MDOWN_RIGHT,MDOWN_RIGHT,MUP_LEFT,MUP_LEFT,MUP_RIGHT,MUP_LEFT,MUP_RIGHT,MUP_RIGHT,W7,;2:MDOWN_RIGHT,MDOWN_RIGHT,MDOWN_RIGHT,MDOWN_RIGHT,MDOWN_RIGHT,MDOWN_RIGHT,MDOWN_RIGHT,MUP_LEFT,MUP_LEFT,MUP_LEFT,MUP_LEFT,MLEFT,MLEFT,MLEFT,MDOWN_LEFT,MDOWN_LEFT,W1,;3:W11,W1,W1,W17,; shadowAuditSkippedForDeadline=false
R3_LIVE_FAMILY_COMPARISON day=1 selectedServiceCount=3 selectedOwnSemiCollections=11 selectedHybridMarginScore4=-14 noRefuelSemi=3 noRefuelHybridMarginScore4=-46 oneServiceSemi=NA oneServiceHybridMarginScore4=NA twoServiceSemi=NA twoServiceHybridMarginScore4=NA threeServiceSemi=11 threeServiceHybridMarginScore4=-16 selectedGainVsNoRefuelSemi=8 selectedGainVsNoRefuelHybridScore4=32 bestShadowFamilyByFrozenObjective=3 selectedMatchesBestShadowFamily=true shadowEvaluationsPerformed=1 shadowEvaluationsSkippedForDeadline=0
R3_SUPPORT_PRODUCTIVITY day=1 serviceCount=3 supportedPatrols=[0, 1, 2] prefixCollections=3 collectionsBeforeFirstService=5 postSupportCollections=5 totalSupportedPatrolCollections=13 supportMovementSteps=0 supportWaitSteps=13 selectedSupportSkeletonSignature=3:0@63/11,1@63/12,2@63/13
LOCAL_PLAN_VALID matchId=m-6408 day=1 mode=JointTeamBeamR3Planner
ACTION_REQUEST_FINGERPRINT matchId=m-6408 day=1 agentCount=4 serializedLength=118 fingerprint=7a197ecd
ACTION_DURATION_AUDIT matchId=m-6408 day=1 agent=0 dayBudget=30 plannerDuration=30 validatedDuration=30 encodedDuration=30 actionCount=14 finalAction=WAIT(5) paddingApplied=false
ACTION_WIRE_REPLAY_AUDIT matchId=m-6408 day=1 agent=0 dayBudget=30 simulatedDuration=30 wireReplayDuration=30 simulatedEndPosition=41 wireReplayEndPosition=41 simulatedPatrolFuel=53 wireReplayPatrolFuel=53 actionCount=14 durationMatch=true positionMatch=true fuelMatch=true fuelCheckReason=finiteFuelCompared
ACTION_DURATION_AUDIT matchId=m-6408 day=1 agent=1 dayBudget=30 plannerDuration=30 validatedDuration=30 encodedDuration=30 actionCount=15 finalAction=WAIT(7) paddingApplied=false
ACTION_WIRE_REPLAY_AUDIT matchId=m-6408 day=1 agent=1 dayBudget=30 simulatedDuration=30 wireReplayDuration=30 simulatedEndPosition=15 wireReplayEndPosition=15 simulatedPatrolFuel=53 wireReplayPatrolFuel=53 actionCount=15 durationMatch=true positionMatch=true fuelMatch=true fuelCheckReason=finiteFuelCompared
ACTION_DURATION_AUDIT matchId=m-6408 day=1 agent=2 dayBudget=30 plannerDuration=30 validatedDuration=30 encodedDuration=30 actionCount=17 finalAction=WAIT(1) paddingApplied=false
ACTION_WIRE_REPLAY_AUDIT matchId=m-6408 day=1 agent=2 dayBudget=30 simulatedDuration=30 wireReplayDuration=30 simulatedEndPosition=41 wireReplayEndPosition=41 simulatedPatrolFuel=49 wireReplayPatrolFuel=49 actionCount=17 durationMatch=true positionMatch=true fuelMatch=true fuelCheckReason=finiteFuelCompared
ACTION_DURATION_AUDIT matchId=m-6408 day=1 agent=3 dayBudget=30 plannerDuration=30 validatedDuration=30 encodedDuration=30 actionCount=4 finalAction=WAIT(17) paddingApplied=false
ACTION_WIRE_REPLAY_AUDIT matchId=m-6408 day=1 agent=3 dayBudget=30 simulatedDuration=30 wireReplayDuration=30 simulatedEndPosition=63 wireReplayEndPosition=63 simulatedPatrolFuel=UNAVAILABLE wireReplayPatrolFuel=UNAVAILABLE actionCount=4 durationMatch=true positionMatch=true fuelMatch=NA fuelCheckReason=nonPatrolOrUnavailableFuel
ACTIONS_SUBMITTED matchId=m-6408 day=1 fingerprint=7a197ecd
ACTION_RESPONSE_DAY_OBSERVED matchId=m-6408 submittedDay=1 responseDay=2 delta=1 fingerprint=7a197ecd
UDON_OBSERVABILITY matchId=m-6408 day=1 predictedDayUdon=13 authoritativeActual=UNAVAILABLE
ACTIONS_ACCEPTED matchId=m-6408 day=1
DAY_STATE_RECEIVED matchId=m-6408 day=1 agents=4
DAY_STATE_RECEIVED matchId=m-6408 day=1 agents=4
DAY_STATE_RECEIVED matchId=m-6408 day=1 agents=4
DAY_STATE_RECEIVED matchId=m-6408 day=1 agents=4
DAY_STATE_RECEIVED matchId=m-6408 day=1 agents=4
DAY_STATE_RECEIVED matchId=m-6408 day=1 agents=4
DAY_STATE_RECEIVED matchId=m-6408 day=1 agents=4
DAY_STATE_RECEIVED matchId=m-6408 day=1 agents=4
DAY_STATE_RECEIVED matchId=m-6408 day=1 agents=4
DAY_STATE_RECEIVED matchId=m-6408 day=1 agents=4
DAY_STATE_RECEIVED matchId=m-6408 day=1 agents=4
DAY_STATE_RECEIVED matchId=m-6408 day=1 agents=4
DAY_STATE_RECEIVED matchId=m-6408 day=1 agents=4
DAY_STATE_RECEIVED matchId=m-6408 day=1 agents=4
DAY_STATE_RECEIVED matchId=m-6408 day=1 agents=4
DAY_STATE_RECEIVED matchId=m-6408 day=1 agents=4
DAY_STATE_RECEIVED matchId=m-6408 day=2 agents=4
PARITY_OBSERVED matchId=m-6408 day=1 position=MATCH patrolFuel=MATCH
DAY_ADVANCED matchId=m-6408 from=1 to=2
V2_JOINT_BEAM_START day=2 beamWidth=48 maxExpandedStates=64 maxChildrenPerState=24 maxNextTargetsPerAgent=4 fullTerminalEvaluationLimit=16 searchPolicy=R1_CONTROL
V2_PATHFINDING_AUDIT day=2 catalogPathfindingExecutions=8 searchPathfindingExecutions=0
V2_BEAM_DEPTH_SUMMARY day=2 depth=0 statesConsidered=13 expanded=1 candidateAttempts=13 infeasibleRoutes=0 topKTruncations=2 generatedChildren=14 uniqueChildren=8 collectChildren=11 stopChildren=3 duplicates=5 dominance=0 terminalCandidates=8 bestSecuredCollections=8 bestPotentialCollections=18
V2_BEAM_DEPTH_SUMMARY day=2 depth=1 statesConsidered=14 expanded=1 candidateAttempts=10 infeasibleRoutes=4 topKTruncations=0 generatedChildren=9 uniqueChildren=14 collectChildren=6 stopChildren=3 duplicates=0 dominance=0 terminalCandidates=14 bestSecuredCollections=9 bestPotentialCollections=17
V2_BEAM_DEPTH_SUMMARY day=2 depth=2 statesConsidered=9 expanded=1 candidateAttempts=8 infeasibleRoutes=3 topKTruncations=0 generatedChildren=8 uniqueChildren=9 collectChildren=5 stopChildren=3 duplicates=0 dominance=0 terminalCandidates=9 bestSecuredCollections=10 bestPotentialCollections=15
V2_BEAM_DEPTH_SUMMARY day=2 depth=3 statesConsidered=8 expanded=2 candidateAttempts=14 infeasibleRoutes=6 topKTruncations=0 generatedChildren=14 uniqueChildren=8 collectChildren=8 stopChildren=6 duplicates=0 dominance=0 terminalCandidates=8 bestSecuredCollections=11 bestPotentialCollections=15
V2_BEAM_DEPTH_SUMMARY day=2 depth=4 statesConsidered=14 expanded=5 candidateAttempts=29 infeasibleRoutes=20 topKTruncations=0 generatedChildren=24 uniqueChildren=14 collectChildren=9 stopChildren=15 duplicates=0 dominance=0 terminalCandidates=14 bestSecuredCollections=12 bestPotentialCollections=15
V2_BEAM_DEPTH_SUMMARY day=2 depth=5 statesConsidered=24 expanded=18 candidateAttempts=72 infeasibleRoutes=60 topKTruncations=0 generatedChildren=54 uniqueChildren=21 collectChildren=12 stopChildren=42 duplicates=3 dominance=0 terminalCandidates=21 bestSecuredCollections=13 bestPotentialCollections=15
V2_BEAM_DEPTH_SUMMARY day=2 depth=6 statesConsidered=54 expanded=27 candidateAttempts=69 infeasibleRoutes=63 topKTruncations=0 generatedChildren=48 uniqueChildren=30 collectChildren=6 stopChildren=42 duplicates=24 dominance=0 terminalCandidates=30 bestSecuredCollections=13 bestPotentialCollections=15
V2_BEAM_DEPTH_SUMMARY day=2 depth=7 statesConsidered=48 expanded=9 candidateAttempts=13 infeasibleRoutes=13 topKTruncations=0 generatedChildren=9 uniqueChildren=21 collectChildren=0 stopChildren=9 duplicates=27 dominance=0 terminalCandidates=21 bestSecuredCollections=13 bestPotentialCollections=13
V2_BEAM_DEPTH_SUMMARY day=2 depth=8 statesConsidered=9 expanded=0 candidateAttempts=0 infeasibleRoutes=0 topKTruncations=0 generatedChildren=0 uniqueChildren=3 collectChildren=0 stopChildren=0 duplicates=6 dominance=0 terminalCandidates=3 bestSecuredCollections=13 bestPotentialCollections=13
V2_POTENTIAL_DISCRIMINATION_SUMMARY day=2 depth=0 stateCount=13 minPotential=6 maxPotential=15 distinctPotentialValues=7
V2_POTENTIAL_DISCRIMINATION_SUMMARY day=2 depth=1 stateCount=14 minPotential=6 maxPotential=9 distinctPotentialValues=3
V2_POTENTIAL_DISCRIMINATION_SUMMARY day=2 depth=2 stateCount=9 minPotential=2 maxPotential=6 distinctPotentialValues=5
V2_POTENTIAL_DISCRIMINATION_SUMMARY day=2 depth=3 stateCount=8 minPotential=2 maxPotential=5 distinctPotentialValues=4
V2_POTENTIAL_DISCRIMINATION_SUMMARY day=2 depth=4 stateCount=14 minPotential=1 maxPotential=4 distinctPotentialValues=3
V2_POTENTIAL_DISCRIMINATION_SUMMARY day=2 depth=5 stateCount=24 minPotential=0 maxPotential=3 distinctPotentialValues=3
V2_POTENTIAL_DISCRIMINATION_SUMMARY day=2 depth=6 stateCount=54 minPotential=0 maxPotential=3 distinctPotentialValues=3
V2_POTENTIAL_DISCRIMINATION_SUMMARY day=2 depth=7 stateCount=48 minPotential=0 maxPotential=0 distinctPotentialValues=1
V2_POTENTIAL_DISCRIMINATION_SUMMARY day=2 depth=8 stateCount=9 minPotential=0 maxPotential=0 distinctPotentialValues=1
V2_TERMINAL_PORTFOLIO day=2 rank=1 ownSemiBrands=4 ownSemiCollections=10 coupledOwnCollections=7 baselineOpponentCollections=14 coupledOpponentCollections=11 hybridMarginScore4=-16 strategicDecisionCount=5 movementCommandCount=80 signature=0:MRIGHT,MRIGHT,MRIGHT,MRIGHT,MRIGHT,MDOWN_RIGHT,MDOWN_RIGHT,MUP_LEFT,MUP_LEFT,MUP_LEFT,MUP_LEFT,MUP_LEFT,MUP_LEFT,MUP_LEFT,W3,;1:MDOWN_LEFT,MDOWN_LEFT,MDOWN_RIGHT,MDOWN_LEFT,MDOWN_RIGHT,MDOWN_RIGHT,MUP_LEFT,MUP_LEFT,MUP_LEFT,MUP_LEFT,MLEFT,MLEFT,MLEFT,MUP_LEFT,MUP_RIGHT,W3,;2:MRIGHT,MRIGHT,MRIGHT,MRIGHT,MRIGHT,MDOWN_RIGHT,MDOWN_RIGHT,MUP_LEFT,MUP_LEFT,MUP_RIGHT,MUP_LEFT,MUP_RIGHT,MUP_RIGHT,W4,;3:W12,W2,W16,;
V2_TERMINAL_PORTFOLIO day=2 rank=2 ownSemiBrands=4 ownSemiCollections=10 coupledOwnCollections=7 baselineOpponentCollections=14 coupledOpponentCollections=11 hybridMarginScore4=-16 strategicDecisionCount=5 movementCommandCount=80 signature=0:MRIGHT,MRIGHT,MRIGHT,MRIGHT,MRIGHT,MDOWN_RIGHT,MDOWN_RIGHT,MUP_LEFT,MUP_LEFT,MUP_LEFT,MUP_LEFT,MUP_LEFT,MUP_LEFT,MUP_LEFT,W3,;1:MDOWN_LEFT,MDOWN_LEFT,MDOWN_RIGHT,MDOWN_LEFT,MDOWN_RIGHT,MDOWN_RIGHT,MUP_LEFT,MUP_LEFT,MUP_LEFT,MUP_LEFT,MLEFT,MUP_LEFT,MLEFT,MUP_LEFT,MDOWN_RIGHT,MDOWN_LEFT,W3,;2:MRIGHT,MRIGHT,MRIGHT,MRIGHT,MRIGHT,MDOWN_RIGHT,MDOWN_RIGHT,MUP_LEFT,MUP_LEFT,MUP_RIGHT,MUP_LEFT,MUP_RIGHT,MUP_RIGHT,W4,;3:W12,W2,W16,;
V2_TERMINAL_PORTFOLIO day=2 rank=3 ownSemiBrands=4 ownSemiCollections=10 coupledOwnCollections=7 baselineOpponentCollections=14 coupledOpponentCollections=11 hybridMarginScore4=-16 strategicDecisionCount=4 movementCommandCount=77 signature=0:MRIGHT,MRIGHT,MRIGHT,MRIGHT,MRIGHT,MDOWN_RIGHT,MDOWN_RIGHT,MUP_LEFT,MUP_LEFT,MUP_LEFT,MUP_LEFT,MUP_LEFT,MUP_LEFT,MUP_LEFT,W3,;1:MDOWN_LEFT,MDOWN_LEFT,MDOWN_RIGHT,MDOWN_LEFT,MDOWN_RIGHT,MDOWN_RIGHT,MUP_LEFT,MUP_LEFT,MUP_LEFT,MUP_LEFT,MLEFT,MUP_LEFT,MLEFT,MUP_LEFT,W6,;2:MRIGHT,MRIGHT,MRIGHT,MRIGHT,MRIGHT,MDOWN_RIGHT,MDOWN_RIGHT,MUP_LEFT,MUP_LEFT,MUP_RIGHT,MUP_LEFT,MUP_RIGHT,MUP_RIGHT,W4,;3:W12,W2,W16,;
V2_TERMINAL_PORTFOLIO day=2 rank=4 ownSemiBrands=4 ownSemiCollections=9 coupledOwnCollections=7 baselineOpponentCollections=14 coupledOpponentCollections=11 hybridMarginScore4=-19 strategicDecisionCount=5 movementCommandCount=82 signature=0:MRIGHT,MRIGHT,MRIGHT,MRIGHT,MRIGHT,MDOWN_RIGHT,MDOWN_RIGHT,MUP_LEFT,MUP_LEFT,MUP_LEFT,MUP_LEFT,MUP_LEFT,MUP_LEFT,MUP_LEFT,W3,;1:MDOWN_LEFT,MDOWN_LEFT,MDOWN_RIGHT,MDOWN_LEFT,MDOWN_RIGHT,MDOWN_RIGHT,MUP_LEFT,MUP_LEFT,MUP_LEFT,MUP_LEFT,MLEFT,MLEFT,MLEFT,MUP_LEFT,MUP_RIGHT,W3,;2:MRIGHT,MRIGHT,MRIGHT,MRIGHT,MRIGHT,MDOWN_RIGHT,MDOWN_RIGHT,MUP_LEFT,MUP_LEFT,MUP_RIGHT,MUP_LEFT,MLEFT,MLEFT,MLEFT,MLEFT,W2,;3:W12,W2,W16,;
V2_TERMINAL_PORTFOLIO day=2 rank=5 ownSemiBrands=4 ownSemiCollections=9 coupledOwnCollections=7 baselineOpponentCollections=14 coupledOpponentCollections=11 hybridMarginScore4=-19 strategicDecisionCount=5 movementCommandCount=82 signature=0:MRIGHT,MRIGHT,MRIGHT,MRIGHT,MRIGHT,MDOWN_RIGHT,MDOWN_RIGHT,MUP_LEFT,MUP_LEFT,MUP_LEFT,MUP_LEFT,MUP_LEFT,MUP_LEFT,MUP_LEFT,W3,;1:MDOWN_LEFT,MDOWN_LEFT,MDOWN_RIGHT,MDOWN_LEFT,MDOWN_RIGHT,MDOWN_RIGHT,MUP_LEFT,MUP_LEFT,MUP_LEFT,MUP_LEFT,MLEFT,MLEFT,MLEFT,MUP_LEFT,MUP_RIGHT,W3,;2:MRIGHT,MRIGHT,MRIGHT,MRIGHT,MRIGHT,MDOWN_RIGHT,MDOWN_RIGHT,MUP_LEFT,MUP_LEFT,MUP_RIGHT,MUP_LEFT,MLEFT,MLEFT,MUP_LEFT,MLEFT,MUP_LEFT,W2,;3:W12,W2,W16,;
V2_TIMING_BREAKDOWN day=2 catalogWallMillis=6 searchWallMillis=88 stageBTerminalWallMillis=132 stageATerminalAccumulatedMillis=0 stageBTerminalAccumulatedMillis=123 totalWallMillis=226 fullCoupledEvaluationCount=16
V2_JOINT_BEAM_DONE day=2 beamWidth=48 maxExpandedStates=64 expanded=64 generatedChildren=180 uniqueStates=128 collectChildrenGenerated=57 stopChildrenGenerated=123 rootScheduleStates=12 duplicateStatesRejected=65 dominatedStatesRejected=0 terminalStates=128 continuingTerminalCandidates=121 fullyStoppedTerminalCandidates=7 stageATerminalEvaluations=128 stageBRequested=16 stageBDuplicateCandidatesSkipped=84 terminalPlansEvaluated=16 selectedOwnSemiBrands=4 selectedOwnSemiCollections=10 selectedCoupledOwnCollections=7 selectedBaselineOpponentCollections=14 selectedCoupledOpponentCollections=11 selectedHybridOwnScore4=37 selectedHybridOpponentScore4=53 selectedHybridMarginScore4=-16 catalogPathfindingExecutions=8 searchPathfindingExecutions=0 planningMillis=226 planningDeadlineTriggered=false deadlinePhase=NONE
R3_PORTFOLIO_SUMMARY day=2 partialToursGenerated=96 partialToursPruned=18 skeletonsConsidered=48 skeletonsValidated=24 skeletonsValid=15 skeletonsRetained=12 rootCandidates=13 rootsInitiallyAdmitted=13 rootsSurvivingMerge=13 selectedSupportServiceCount=3 selectedSupportedPatrols=[0, 1, 2] selectedSupportSkeletonSignature=3:1@63/12,0@63/14,2@63/14 stageATerminals=128 stageBRequested=16 stageBEvaluated=16 stageBSkippedForDeadline=0 tourCatalogPathfindingExecutions=20 tourSearchPathfindingExecutions=0 beamSearchPathfindingExecutions=0 planningDeadlineTriggered=false deadlinePhase=NONE incumbentSource=STAGE_B fallbackUsed=false terminalEvaluationWallMillis=132 terminalEvaluationAccumulatedMillis=123 wallPlanningMillis=240
R3_ROOT_FAMILY_SUMMARY day=2 serviceCount=0 available=true rootCandidates=1 rootsInitiallyAdmitted=1 rootsSurvivingMerge=1 rawTerminalCandidates=1 uniquePhysicalTerminals=1 physicalDedupRatio=0.0 bestStageAOwnSemiBrands=2 bestStageAOwnSemiCollections=3 stageBEligiblePhysicalPlans=1 stageBEvaluatedForFamily=1 bestFullyEvaluatedOwnSemiBrands=2 bestFullyEvaluatedOwnSemiCollections=3 bestFullyEvaluatedCoupledOwnCollections=3 bestFullyEvaluatedBaselineOpponentCollections=14 bestFullyEvaluatedCoupledOpponentCollections=14 bestFullyEvaluatedHybridMarginScore4=-44 bestPhysicalSignature=0:W30,;1:W30,;2:W30,;3:W30,; supportedPatrols=[] supportSkeletonSignature=NO_REFUEL
R3_ROOT_FAMILY_SUMMARY day=2 serviceCount=1 available=false rootCandidates=0 rootsInitiallyAdmitted=0 rootsSurvivingMerge=0 rawTerminalCandidates=0 uniquePhysicalTerminals=0 physicalDedupRatio=0.0 bestStageAOwnSemiBrands=-1 bestStageAOwnSemiCollections=-1 stageBEligiblePhysicalPlans=0 stageBEvaluatedForFamily=0 bestFullyEvaluatedOwnSemiBrands=-1 bestFullyEvaluatedOwnSemiCollections=-1 bestFullyEvaluatedCoupledOwnCollections=-1 bestFullyEvaluatedBaselineOpponentCollections=-1 bestFullyEvaluatedCoupledOpponentCollections=-1 bestFullyEvaluatedHybridMarginScore4=-1 bestPhysicalSignature=UNAVAILABLE supportedPatrols=[] supportSkeletonSignature=UNAVAILABLE
R3_ROOT_FAMILY_SUMMARY day=2 serviceCount=2 available=false rootCandidates=0 rootsInitiallyAdmitted=0 rootsSurvivingMerge=0 rawTerminalCandidates=0 uniquePhysicalTerminals=0 physicalDedupRatio=0.0 bestStageAOwnSemiBrands=-1 bestStageAOwnSemiCollections=-1 stageBEligiblePhysicalPlans=0 stageBEvaluatedForFamily=0 bestFullyEvaluatedOwnSemiBrands=-1 bestFullyEvaluatedOwnSemiCollections=-1 bestFullyEvaluatedCoupledOwnCollections=-1 bestFullyEvaluatedBaselineOpponentCollections=-1 bestFullyEvaluatedCoupledOpponentCollections=-1 bestFullyEvaluatedHybridMarginScore4=-1 bestPhysicalSignature=UNAVAILABLE supportedPatrols=[] supportSkeletonSignature=UNAVAILABLE
R3_ROOT_FAMILY_SUMMARY day=2 serviceCount=3 available=true rootCandidates=12 rootsInitiallyAdmitted=12 rootsSurvivingMerge=7 rawTerminalCandidates=252 uniquePhysicalTerminals=43 physicalDedupRatio=0.8293650793650793 bestStageAOwnSemiBrands=4 bestStageAOwnSemiCollections=10 stageBEligiblePhysicalPlans=43 stageBEvaluatedForFamily=16 bestFullyEvaluatedOwnSemiBrands=4 bestFullyEvaluatedOwnSemiCollections=10 bestFullyEvaluatedCoupledOwnCollections=7 bestFullyEvaluatedBaselineOpponentCollections=14 bestFullyEvaluatedCoupledOpponentCollections=11 bestFullyEvaluatedHybridMarginScore4=-16 bestPhysicalSignature=0:MRIGHT,MRIGHT,MRIGHT,MRIGHT,MRIGHT,MDOWN_RIGHT,MDOWN_RIGHT,MUP_LEFT,MUP_LEFT,MUP_LEFT,MUP_LEFT,MUP_LEFT,MUP_LEFT,MUP_LEFT,W3,;1:MDOWN_LEFT,MDOWN_LEFT,MDOWN_RIGHT,MDOWN_LEFT,MDOWN_RIGHT,MDOWN_RIGHT,MUP_LEFT,MUP_LEFT,MUP_LEFT,MUP_LEFT,MLEFT,MLEFT,MLEFT,MUP_LEFT,MUP_RIGHT,W3,;2:MRIGHT,MRIGHT,MRIGHT,MRIGHT,MRIGHT,MDOWN_RIGHT,MDOWN_RIGHT,MUP_LEFT,MUP_LEFT,MUP_RIGHT,MUP_LEFT,MUP_RIGHT,MUP_RIGHT,W4,;3:W12,W2,W16,; supportedPatrols=[0, 1, 2] supportSkeletonSignature=3:1@63/12,0@63/14,2@63/14
R3_ROOT_FAMILY_SELECTED day=2 selectedSupportServiceCount=3 selectedOwnSemiCollections=10 bestNoRefuelOwnSemiCollections=3 selectedGainVsNoRefuelSemi=7 selectedHybridMarginScore4=-16 bestNoRefuelHybridMarginScore4=null selectedGainVsNoRefuelHybridScore4=null globalRawTerminalCandidates=128 globalUniquePhysicalTerminals=44 globalPhysicalDedupRatio=0.65625
R3_LIVE_FAMILY_AUDIT day=2 serviceCount=0 available=true bestStageAOwnSemiBrands=2 bestStageAOwnSemiCollections=3 shadowEvaluated=true shadowOwnSemiBrands=2 shadowOwnSemiCollections=3 shadowCoupledOwnCollections=3 shadowBaselineOpponentCollections=14 shadowCoupledOpponentCollections=14 shadowHybridMarginScore4=-44 supportedPatrols=[] supportSkeletonSignature=NO_REFUEL physicalSignature=0:W30,;1:W30,;2:W30,;3:W30,; shadowAuditSkippedForDeadline=false
R3_LIVE_FAMILY_AUDIT day=2 serviceCount=1 available=false bestStageAOwnSemiBrands=NA bestStageAOwnSemiCollections=NA shadowEvaluated=false shadowOwnSemiBrands=NA shadowOwnSemiCollections=NA shadowCoupledOwnCollections=NA shadowBaselineOpponentCollections=NA shadowCoupledOpponentCollections=NA shadowHybridMarginScore4=NA supportedPatrols=[] supportSkeletonSignature=UNAVAILABLE physicalSignature=UNAVAILABLE shadowAuditSkippedForDeadline=false
R3_LIVE_FAMILY_AUDIT day=2 serviceCount=2 available=false bestStageAOwnSemiBrands=NA bestStageAOwnSemiCollections=NA shadowEvaluated=false shadowOwnSemiBrands=NA shadowOwnSemiCollections=NA shadowCoupledOwnCollections=NA shadowBaselineOpponentCollections=NA shadowCoupledOpponentCollections=NA shadowHybridMarginScore4=NA supportedPatrols=[] supportSkeletonSignature=UNAVAILABLE physicalSignature=UNAVAILABLE shadowAuditSkippedForDeadline=false
R3_LIVE_FAMILY_AUDIT day=2 serviceCount=3 available=true bestStageAOwnSemiBrands=4 bestStageAOwnSemiCollections=10 shadowEvaluated=true shadowOwnSemiBrands=4 shadowOwnSemiCollections=10 shadowCoupledOwnCollections=7 shadowBaselineOpponentCollections=14 shadowCoupledOpponentCollections=11 shadowHybridMarginScore4=-16 supportedPatrols=[0, 1, 2] supportSkeletonSignature=3:1@63/12,0@63/14,2@63/14 physicalSignature=0:MRIGHT,MRIGHT,MRIGHT,MRIGHT,MRIGHT,MDOWN_RIGHT,MDOWN_RIGHT,MUP_LEFT,MUP_LEFT,MUP_LEFT,MUP_LEFT,MUP_LEFT,MUP_LEFT,MUP_LEFT,W3,;1:MDOWN_LEFT,MDOWN_LEFT,MDOWN_RIGHT,MDOWN_LEFT,MDOWN_RIGHT,MDOWN_RIGHT,MUP_LEFT,MUP_LEFT,MUP_LEFT,MUP_LEFT,MLEFT,MLEFT,MLEFT,MUP_LEFT,MUP_RIGHT,W3,;2:MRIGHT,MRIGHT,MRIGHT,MRIGHT,MRIGHT,MDOWN_RIGHT,MDOWN_RIGHT,MUP_LEFT,MUP_LEFT,MUP_RIGHT,MUP_LEFT,MUP_RIGHT,MUP_RIGHT,W4,;3:W12,W2,W16,; shadowAuditSkippedForDeadline=false
R3_LIVE_FAMILY_COMPARISON day=2 selectedServiceCount=3 selectedOwnSemiCollections=10 selectedHybridMarginScore4=-16 noRefuelSemi=3 noRefuelHybridMarginScore4=-44 oneServiceSemi=NA oneServiceHybridMarginScore4=NA twoServiceSemi=NA twoServiceHybridMarginScore4=NA threeServiceSemi=10 threeServiceHybridMarginScore4=-16 selectedGainVsNoRefuelSemi=7 selectedGainVsNoRefuelHybridScore4=28 bestShadowFamilyByFrozenObjective=3 selectedMatchesBestShadowFamily=true shadowEvaluationsPerformed=1 shadowEvaluationsSkippedForDeadline=0
R3_SUPPORT_PRODUCTIVITY day=2 serviceCount=3 supportedPatrols=[0, 1, 2] prefixCollections=3 collectionsBeforeFirstService=5 postSupportCollections=5 totalSupportedPatrolCollections=13 supportMovementSteps=0 supportWaitSteps=14 selectedSupportSkeletonSignature=3:1@63/12,0@63/14,2@63/14
LOCAL_PLAN_VALID matchId=m-6408 day=2 mode=JointTeamBeamR3Planner
ACTION_REQUEST_FINGERPRINT matchId=m-6408 day=2 agentCount=4 serializedLength=113 fingerprint=25adad7c
ACTION_DURATION_AUDIT matchId=m-6408 day=2 agent=0 dayBudget=30 plannerDuration=30 validatedDuration=30 encodedDuration=30 actionCount=15 finalAction=WAIT(3) paddingApplied=false
ACTION_WIRE_REPLAY_AUDIT matchId=m-6408 day=2 agent=0 dayBudget=30 simulatedDuration=30 wireReplayDuration=30 simulatedEndPosition=3 wireReplayEndPosition=3 simulatedPatrolFuel=52 wireReplayPatrolFuel=52 actionCount=15 durationMatch=true positionMatch=true fuelMatch=true fuelCheckReason=finiteFuelCompared
ACTION_DURATION_AUDIT matchId=m-6408 day=2 agent=1 dayBudget=30 plannerDuration=30 validatedDuration=30 encodedDuration=30 actionCount=16 finalAction=WAIT(3) paddingApplied=false
ACTION_WIRE_REPLAY_AUDIT matchId=m-6408 day=2 agent=1 dayBudget=30 simulatedDuration=30 wireReplayDuration=30 simulatedEndPosition=10 wireReplayEndPosition=10 simulatedPatrolFuel=48 wireReplayPatrolFuel=48 actionCount=16 durationMatch=true positionMatch=true fuelMatch=true fuelCheckReason=finiteFuelCompared
ACTION_DURATION_AUDIT matchId=m-6408 day=2 agent=2 dayBudget=30 plannerDuration=30 validatedDuration=30 encodedDuration=30 actionCount=14 finalAction=WAIT(4) paddingApplied=false
ACTION_WIRE_REPLAY_AUDIT matchId=m-6408 day=2 agent=2 dayBudget=30 simulatedDuration=30 wireReplayDuration=30 simulatedEndPosition=15 wireReplayEndPosition=15 simulatedPatrolFuel=53 wireReplayPatrolFuel=53 actionCount=14 durationMatch=true positionMatch=true fuelMatch=true fuelCheckReason=finiteFuelCompared
ACTION_DURATION_AUDIT matchId=m-6408 day=2 agent=3 dayBudget=30 plannerDuration=30 validatedDuration=30 encodedDuration=30 actionCount=3 finalAction=WAIT(16) paddingApplied=false
ACTION_WIRE_REPLAY_AUDIT matchId=m-6408 day=2 agent=3 dayBudget=30 simulatedDuration=30 wireReplayDuration=30 simulatedEndPosition=63 wireReplayEndPosition=63 simulatedPatrolFuel=UNAVAILABLE wireReplayPatrolFuel=UNAVAILABLE actionCount=3 durationMatch=true positionMatch=true fuelMatch=NA fuelCheckReason=nonPatrolOrUnavailableFuel
ACTIONS_SUBMITTED matchId=m-6408 day=2 fingerprint=25adad7c
ACTION_RESPONSE_DAY_OBSERVED matchId=m-6408 submittedDay=2 responseDay=3 delta=1 fingerprint=25adad7c
UDON_OBSERVABILITY matchId=m-6408 day=2 predictedDayUdon=13 authoritativeActual=UNAVAILABLE
ACTIONS_ACCEPTED matchId=m-6408 day=2
DAY_STATE_RECEIVED matchId=m-6408 day=2 agents=4
DAY_STATE_RECEIVED matchId=m-6408 day=2 agents=4
DAY_STATE_RECEIVED matchId=m-6408 day=2 agents=4
DAY_STATE_RECEIVED matchId=m-6408 day=2 agents=4
DAY_STATE_RECEIVED matchId=m-6408 day=2 agents=4
DAY_STATE_RECEIVED matchId=m-6408 day=2 agents=4
DAY_STATE_RECEIVED matchId=m-6408 day=2 agents=4
DAY_STATE_RECEIVED matchId=m-6408 day=2 agents=4
DAY_STATE_RECEIVED matchId=m-6408 day=2 agents=4
DAY_STATE_RECEIVED matchId=m-6408 day=2 agents=4
DAY_STATE_RECEIVED matchId=m-6408 day=2 agents=4
DAY_STATE_RECEIVED matchId=m-6408 day=2 agents=4
DAY_STATE_RECEIVED matchId=m-6408 day=2 agents=4
DAY_STATE_RECEIVED matchId=m-6408 day=2 agents=4
DAY_STATE_RECEIVED matchId=m-6408 day=2 agents=4
DAY_STATE_RECEIVED matchId=m-6408 day=2 agents=4
DAY_STATE_RECEIVED matchId=m-6408 day=2 agents=4
DAY_STATE_RECEIVED matchId=m-6408 day=3 agents=4
PARITY_OBSERVED matchId=m-6408 day=2 position=MATCH patrolFuel=MATCH
DAY_ADVANCED matchId=m-6408 from=2 to=3
V2_JOINT_BEAM_START day=3 beamWidth=48 maxExpandedStates=64 maxChildrenPerState=24 maxNextTargetsPerAgent=4 fullTerminalEvaluationLimit=16 searchPolicy=R1_CONTROL
V2_PATHFINDING_AUDIT day=3 catalogPathfindingExecutions=8 searchPathfindingExecutions=0
V2_BEAM_DEPTH_SUMMARY day=3 depth=0 statesConsidered=13 expanded=1 candidateAttempts=12 infeasibleRoutes=0 topKTruncations=1 generatedChildren=14 uniqueChildren=5 collectChildren=11 stopChildren=3 duplicates=8 dominance=0 terminalCandidates=5 bestSecuredCollections=8 bestPotentialCollections=18
V2_BEAM_DEPTH_SUMMARY day=3 depth=1 statesConsidered=14 expanded=1 candidateAttempts=9 infeasibleRoutes=3 topKTruncations=0 generatedChildren=9 uniqueChildren=14 collectChildren=6 stopChildren=3 duplicates=0 dominance=0 terminalCandidates=14 bestSecuredCollections=10 bestPotentialCollections=17
V2_BEAM_DEPTH_SUMMARY day=3 depth=2 statesConsidered=9 expanded=1 candidateAttempts=8 infeasibleRoutes=3 topKTruncations=0 generatedChildren=8 uniqueChildren=9 collectChildren=5 stopChildren=3 duplicates=0 dominance=0 terminalCandidates=9 bestSecuredCollections=11 bestPotentialCollections=16
V2_BEAM_DEPTH_SUMMARY day=3 depth=3 statesConsidered=8 expanded=2 candidateAttempts=13 infeasibleRoutes=7 topKTruncations=0 generatedChildren=12 uniqueChildren=8 collectChildren=6 stopChildren=6 duplicates=0 dominance=0 terminalCandidates=8 bestSecuredCollections=12 bestPotentialCollections=16
V2_BEAM_DEPTH_SUMMARY day=3 depth=4 statesConsidered=12 expanded=7 candidateAttempts=33 infeasibleRoutes=23 topKTruncations=0 generatedChildren=29 uniqueChildren=12 collectChildren=10 stopChildren=19 duplicates=0 dominance=0 terminalCandidates=12 bestSecuredCollections=13 bestPotentialCollections=15
V2_BEAM_DEPTH_SUMMARY day=3 depth=5 statesConsidered=29 expanded=18 candidateAttempts=57 infeasibleRoutes=46 topKTruncations=0 generatedChildren=50 uniqueChildren=22 collectChildren=11 stopChildren=39 duplicates=7 dominance=0 terminalCandidates=22 bestSecuredCollections=14 bestPotentialCollections=15
V2_BEAM_DEPTH_SUMMARY day=3 depth=6 statesConsidered=50 expanded=22 candidateAttempts=40 infeasibleRoutes=37 topKTruncations=0 generatedChildren=37 uniqueChildren=28 collectChildren=3 stopChildren=34 duplicates=22 dominance=0 terminalCandidates=28 bestSecuredCollections=14 bestPotentialCollections=14
V2_BEAM_DEPTH_SUMMARY day=3 depth=7 statesConsidered=37 expanded=12 candidateAttempts=12 infeasibleRoutes=12 topKTruncations=0 generatedChildren=12 uniqueChildren=16 collectChildren=0 stopChildren=12 duplicates=21 dominance=0 terminalCandidates=16 bestSecuredCollections=14 bestPotentialCollections=14
V2_BEAM_DEPTH_SUMMARY day=3 depth=8 statesConsidered=12 expanded=0 candidateAttempts=0 infeasibleRoutes=0 topKTruncations=0 generatedChildren=0 uniqueChildren=4 collectChildren=0 stopChildren=0 duplicates=8 dominance=0 terminalCandidates=4 bestSecuredCollections=14 bestPotentialCollections=14
V2_POTENTIAL_DISCRIMINATION_SUMMARY day=3 depth=0 stateCount=13 minPotential=9 maxPotential=15 distinctPotentialValues=4
V2_POTENTIAL_DISCRIMINATION_SUMMARY day=3 depth=1 stateCount=14 minPotential=6 maxPotential=9 distinctPotentialValues=4
V2_POTENTIAL_DISCRIMINATION_SUMMARY day=3 depth=2 stateCount=9 minPotential=3 maxPotential=6 distinctPotentialValues=4
V2_POTENTIAL_DISCRIMINATION_SUMMARY day=3 depth=3 stateCount=8 minPotential=2 maxPotential=5 distinctPotentialValues=3
V2_POTENTIAL_DISCRIMINATION_SUMMARY day=3 depth=4 stateCount=12 minPotential=0 maxPotential=3 distinctPotentialValues=3
V2_POTENTIAL_DISCRIMINATION_SUMMARY day=3 depth=5 stateCount=29 minPotential=0 maxPotential=3 distinctPotentialValues=3
V2_POTENTIAL_DISCRIMINATION_SUMMARY day=3 depth=6 stateCount=50 minPotential=0 maxPotential=1 distinctPotentialValues=2
V2_POTENTIAL_DISCRIMINATION_SUMMARY day=3 depth=7 stateCount=37 minPotential=0 maxPotential=0 distinctPotentialValues=1
V2_POTENTIAL_DISCRIMINATION_SUMMARY day=3 depth=8 stateCount=12 minPotential=0 maxPotential=0 distinctPotentialValues=1
V2_TERMINAL_PORTFOLIO day=3 rank=1 ownSemiBrands=4 ownSemiCollections=12 coupledOwnCollections=6 baselineOpponentCollections=13 coupledOpponentCollections=11 hybridMarginScore4=-8 strategicDecisionCount=5 movementCommandCount=83 signature=0:MDOWN_RIGHT,MDOWN_RIGHT,MDOWN_RIGHT,MDOWN_RIGHT,MDOWN_RIGHT,MDOWN_RIGHT,MDOWN_RIGHT,MUP_LEFT,MUP_LEFT,MUP_RIGHT,MUP_RIGHT,MUP_RIGHT,MUP_LEFT,W5,;1:MDOWN_RIGHT,MRIGHT,MDOWN_RIGHT,MRIGHT,MDOWN_RIGHT,MDOWN_RIGHT,MDOWN_RIGHT,MDOWN_RIGHT,MUP_LEFT,MUP_LEFT,MLEFT,MLEFT,MLEFT,MLEFT,MLEFT,MUP_RIGHT,MUP_RIGHT,;2:MDOWN_RIGHT,MDOWN_LEFT,MDOWN_LEFT,MDOWN_LEFT,MDOWN_RIGHT,MDOWN_RIGHT,MUP_LEFT,MUP_LEFT,MUP_LEFT,MUP_LEFT,MLEFT,MLEFT,MLEFT,MDOWN_LEFT,MDOWN_LEFT,W2,;3:W12,W1,W17,;
V2_TERMINAL_PORTFOLIO day=3 rank=2 ownSemiBrands=4 ownSemiCollections=12 coupledOwnCollections=6 baselineOpponentCollections=13 coupledOpponentCollections=11 hybridMarginScore4=-8 strategicDecisionCount=5 movementCommandCount=82 signature=0:MDOWN_RIGHT,MDOWN_RIGHT,MDOWN_RIGHT,MDOWN_RIGHT,MDOWN_RIGHT,MDOWN_RIGHT,MDOWN_RIGHT,MUP_LEFT,MUP_LEFT,MUP_RIGHT,MUP_RIGHT,MUP_RIGHT,MUP_LEFT,W5,;1:MDOWN_RIGHT,MRIGHT,MDOWN_RIGHT,MRIGHT,MDOWN_RIGHT,MDOWN_RIGHT,MDOWN_RIGHT,MDOWN_RIGHT,MUP_LEFT,MUP_LEFT,MLEFT,MLEFT,MLEFT,MLEFT,MLEFT,MUP_RIGHT,MUP_RIGHT,;2:MDOWN_RIGHT,MDOWN_LEFT,MDOWN_LEFT,MDOWN_LEFT,MDOWN_RIGHT,MDOWN_RIGHT,MUP_LEFT,MUP_LEFT,MUP_LEFT,MUP_LEFT,MLEFT,MLEFT,MLEFT,MUP_LEFT,MUP_RIGHT,W3,;3:W12,W1,W17,;
V2_TERMINAL_PORTFOLIO day=3 rank=3 ownSemiBrands=4 ownSemiCollections=12 coupledOwnCollections=6 baselineOpponentCollections=13 coupledOpponentCollections=11 hybridMarginScore4=-8 strategicDecisionCount=5 movementCommandCount=81 signature=0:MDOWN_RIGHT,MDOWN_RIGHT,MDOWN_RIGHT,MDOWN_RIGHT,MDOWN_RIGHT,MDOWN_RIGHT,MDOWN_RIGHT,MUP_LEFT,MUP_LEFT,MUP_RIGHT,MUP_RIGHT,MUP_RIGHT,MUP_LEFT,W5,;1:MDOWN_RIGHT,MRIGHT,MDOWN_RIGHT,MRIGHT,MDOWN_RIGHT,MDOWN_RIGHT,MDOWN_RIGHT,MDOWN_RIGHT,MUP_LEFT,MUP_LEFT,MUP_LEFT,MUP_LEFT,MLEFT,MLEFT,MLEFT,MDOWN_LEFT,MDOWN_LEFT,W2,;2:MDOWN_RIGHT,MDOWN_LEFT,MDOWN_LEFT,MDOWN_LEFT,MDOWN_RIGHT,MDOWN_RIGHT,MUP_LEFT,MUP_LEFT,MUP_LEFT,MUP_LEFT,MLEFT,MLEFT,MLEFT,MDOWN_LEFT,MDOWN_LEFT,W2,;3:W12,W1,W17,;
V2_TERMINAL_PORTFOLIO day=3 rank=4 ownSemiBrands=4 ownSemiCollections=12 coupledOwnCollections=6 baselineOpponentCollections=13 coupledOpponentCollections=11 hybridMarginScore4=-8 strategicDecisionCount=5 movementCommandCount=80 signature=0:MDOWN_RIGHT,MDOWN_RIGHT,MDOWN_RIGHT,MDOWN_RIGHT,MDOWN_RIGHT,MDOWN_RIGHT,MDOWN_RIGHT,MUP_LEFT,MUP_LEFT,MUP_RIGHT,MUP_RIGHT,MUP_RIGHT,MUP_LEFT,W5,;1:MDOWN_RIGHT,MRIGHT,MDOWN_RIGHT,MRIGHT,MDOWN_RIGHT,MDOWN_RIGHT,MDOWN_RIGHT,MDOWN_RIGHT,MUP_LEFT,MUP_LEFT,MUP_LEFT,MUP_LEFT,MLEFT,MLEFT,MLEFT,MDOWN_LEFT,MDOWN_LEFT,W2,;2:MDOWN_RIGHT,MDOWN_LEFT,MDOWN_LEFT,MDOWN_LEFT,MDOWN_RIGHT,MDOWN_RIGHT,MUP_LEFT,MUP_LEFT,MUP_LEFT,MUP_LEFT,MLEFT,MLEFT,MLEFT,MUP_LEFT,MUP_RIGHT,W3,;3:W12,W1,W17,;
V2_TERMINAL_PORTFOLIO day=3 rank=5 ownSemiBrands=4 ownSemiCollections=11 coupledOwnCollections=7 baselineOpponentCollections=13 coupledOpponentCollections=11 hybridMarginScore4=-10 strategicDecisionCount=4 movementCommandCount=77 signature=0:MDOWN_RIGHT,MDOWN_RIGHT,MDOWN_RIGHT,MDOWN_RIGHT,MDOWN_RIGHT,MDOWN_RIGHT,MDOWN_RIGHT,MUP_LEFT,MUP_LEFT,MUP_RIGHT,MUP_RIGHT,MUP_RIGHT,MUP_LEFT,W5,;1:MDOWN_RIGHT,MRIGHT,MDOWN_RIGHT,MRIGHT,MDOWN_RIGHT,MDOWN_RIGHT,MDOWN_RIGHT,MDOWN_RIGHT,MUP_LEFT,MUP_LEFT,MUP_RIGHT,MUP_RIGHT,MUP_RIGHT,MUP_LEFT,W6,;2:MDOWN_RIGHT,MDOWN_LEFT,MDOWN_LEFT,MDOWN_LEFT,MDOWN_RIGHT,MDOWN_RIGHT,MUP_LEFT,MUP_LEFT,MUP_LEFT,MUP_LEFT,MLEFT,MLEFT,MLEFT,MDOWN_LEFT,MDOWN_LEFT,W2,;3:W12,W1,W17,;
V2_TIMING_BREAKDOWN day=3 catalogWallMillis=9 searchWallMillis=85 stageBTerminalWallMillis=4 stageATerminalAccumulatedMillis=4 stageBTerminalAccumulatedMillis=0 totalWallMillis=98 fullCoupledEvaluationCount=16
V2_JOINT_BEAM_DONE day=3 beamWidth=48 maxExpandedStates=64 expanded=64 generatedChildren=171 uniqueStates=118 collectChildrenGenerated=52 stopChildrenGenerated=119 rootScheduleStates=12 duplicateStatesRejected=66 dominatedStatesRejected=0 terminalStates=118 continuingTerminalCandidates=109 fullyStoppedTerminalCandidates=9 stageATerminalEvaluations=118 stageBRequested=16 stageBDuplicateCandidatesSkipped=81 terminalPlansEvaluated=16 selectedOwnSemiBrands=4 selectedOwnSemiCollections=12 selectedCoupledOwnCollections=6 selectedBaselineOpponentCollections=13 selectedCoupledOpponentCollections=11 selectedHybridOwnScore4=42 selectedHybridOpponentScore4=50 selectedHybridMarginScore4=-8 catalogPathfindingExecutions=8 searchPathfindingExecutions=0 planningMillis=98 planningDeadlineTriggered=false deadlinePhase=NONE
R3_PORTFOLIO_SUMMARY day=3 partialToursGenerated=105 partialToursPruned=18 skeletonsConsidered=48 skeletonsValidated=24 skeletonsValid=18 skeletonsRetained=12 rootCandidates=13 rootsInitiallyAdmitted=13 rootsSurvivingMerge=13 selectedSupportServiceCount=3 selectedSupportedPatrols=[0, 1, 2] selectedSupportSkeletonSignature=3:1@63/12,2@63/12,0@63/13 stageATerminals=118 stageBRequested=16 stageBEvaluated=16 stageBSkippedForDeadline=0 tourCatalogPathfindingExecutions=20 tourSearchPathfindingExecutions=0 beamSearchPathfindingExecutions=0 planningDeadlineTriggered=false deadlinePhase=NONE incumbentSource=STAGE_B fallbackUsed=false terminalEvaluationWallMillis=4 terminalEvaluationAccumulatedMillis=4 wallPlanningMillis=111
R3_ROOT_FAMILY_SUMMARY day=3 serviceCount=0 available=true rootCandidates=1 rootsInitiallyAdmitted=1 rootsSurvivingMerge=1 rawTerminalCandidates=1 uniquePhysicalTerminals=1 physicalDedupRatio=0.0 bestStageAOwnSemiBrands=2 bestStageAOwnSemiCollections=3 stageBEligiblePhysicalPlans=1 stageBEvaluatedForFamily=1 bestFullyEvaluatedOwnSemiBrands=2 bestFullyEvaluatedOwnSemiCollections=3 bestFullyEvaluatedCoupledOwnCollections=3 bestFullyEvaluatedBaselineOpponentCollections=13 bestFullyEvaluatedCoupledOpponentCollections=11 bestFullyEvaluatedHybridMarginScore4=-38 bestPhysicalSignature=0:W30,;1:W30,;2:W30,;3:W30,; supportedPatrols=[] supportSkeletonSignature=NO_REFUEL
R3_ROOT_FAMILY_SUMMARY day=3 serviceCount=1 available=false rootCandidates=0 rootsInitiallyAdmitted=0 rootsSurvivingMerge=0 rawTerminalCandidates=0 uniquePhysicalTerminals=0 physicalDedupRatio=0.0 bestStageAOwnSemiBrands=-1 bestStageAOwnSemiCollections=-1 stageBEligiblePhysicalPlans=0 stageBEvaluatedForFamily=0 bestFullyEvaluatedOwnSemiBrands=-1 bestFullyEvaluatedOwnSemiCollections=-1 bestFullyEvaluatedCoupledOwnCollections=-1 bestFullyEvaluatedBaselineOpponentCollections=-1 bestFullyEvaluatedCoupledOpponentCollections=-1 bestFullyEvaluatedHybridMarginScore4=-1 bestPhysicalSignature=UNAVAILABLE supportedPatrols=[] supportSkeletonSignature=UNAVAILABLE
R3_ROOT_FAMILY_SUMMARY day=3 serviceCount=2 available=false rootCandidates=0 rootsInitiallyAdmitted=0 rootsSurvivingMerge=0 rawTerminalCandidates=0 uniquePhysicalTerminals=0 physicalDedupRatio=0.0 bestStageAOwnSemiBrands=-1 bestStageAOwnSemiCollections=-1 stageBEligiblePhysicalPlans=0 stageBEvaluatedForFamily=0 bestFullyEvaluatedOwnSemiBrands=-1 bestFullyEvaluatedOwnSemiCollections=-1 bestFullyEvaluatedCoupledOwnCollections=-1 bestFullyEvaluatedBaselineOpponentCollections=-1 bestFullyEvaluatedCoupledOpponentCollections=-1 bestFullyEvaluatedHybridMarginScore4=-1 bestPhysicalSignature=UNAVAILABLE supportedPatrols=[] supportSkeletonSignature=UNAVAILABLE
R3_ROOT_FAMILY_SUMMARY day=3 serviceCount=3 available=true rootCandidates=12 rootsInitiallyAdmitted=12 rootsSurvivingMerge=4 rawTerminalCandidates=238 uniquePhysicalTerminals=36 physicalDedupRatio=0.8487394957983193 bestStageAOwnSemiBrands=4 bestStageAOwnSemiCollections=12 stageBEligiblePhysicalPlans=36 stageBEvaluatedForFamily=16 bestFullyEvaluatedOwnSemiBrands=4 bestFullyEvaluatedOwnSemiCollections=12 bestFullyEvaluatedCoupledOwnCollections=6 bestFullyEvaluatedBaselineOpponentCollections=13 bestFullyEvaluatedCoupledOpponentCollections=11 bestFullyEvaluatedHybridMarginScore4=-8 bestPhysicalSignature=0:MDOWN_RIGHT,MDOWN_RIGHT,MDOWN_RIGHT,MDOWN_RIGHT,MDOWN_RIGHT,MDOWN_RIGHT,MDOWN_RIGHT,MUP_LEFT,MUP_LEFT,MUP_RIGHT,MUP_RIGHT,MUP_RIGHT,MUP_LEFT,W5,;1:MDOWN_RIGHT,MRIGHT,MDOWN_RIGHT,MRIGHT,MDOWN_RIGHT,MDOWN_RIGHT,MDOWN_RIGHT,MDOWN_RIGHT,MUP_LEFT,MUP_LEFT,MLEFT,MLEFT,MLEFT,MLEFT,MLEFT,MUP_RIGHT,MUP_RIGHT,;2:MDOWN_RIGHT,MDOWN_LEFT,MDOWN_LEFT,MDOWN_LEFT,MDOWN_RIGHT,MDOWN_RIGHT,MUP_LEFT,MUP_LEFT,MUP_LEFT,MUP_LEFT,MLEFT,MLEFT,MLEFT,MDOWN_LEFT,MDOWN_LEFT,W2,;3:W12,W1,W17,; supportedPatrols=[0, 1, 2] supportSkeletonSignature=3:1@63/12,2@63/12,0@63/13
R3_ROOT_FAMILY_SELECTED day=3 selectedSupportServiceCount=3 selectedOwnSemiCollections=12 bestNoRefuelOwnSemiCollections=3 selectedGainVsNoRefuelSemi=9 selectedHybridMarginScore4=-8 bestNoRefuelHybridMarginScore4=null selectedGainVsNoRefuelHybridScore4=null globalRawTerminalCandidates=118 globalUniquePhysicalTerminals=37 globalPhysicalDedupRatio=0.6864406779661016
R3_LIVE_FAMILY_AUDIT day=3 serviceCount=0 available=true bestStageAOwnSemiBrands=2 bestStageAOwnSemiCollections=3 shadowEvaluated=true shadowOwnSemiBrands=2 shadowOwnSemiCollections=3 shadowCoupledOwnCollections=3 shadowBaselineOpponentCollections=13 shadowCoupledOpponentCollections=11 shadowHybridMarginScore4=-38 supportedPatrols=[] supportSkeletonSignature=NO_REFUEL physicalSignature=0:W30,;1:W30,;2:W30,;3:W30,; shadowAuditSkippedForDeadline=false
R3_LIVE_FAMILY_AUDIT day=3 serviceCount=1 available=false bestStageAOwnSemiBrands=NA bestStageAOwnSemiCollections=NA shadowEvaluated=false shadowOwnSemiBrands=NA shadowOwnSemiCollections=NA shadowCoupledOwnCollections=NA shadowBaselineOpponentCollections=NA shadowCoupledOpponentCollections=NA shadowHybridMarginScore4=NA supportedPatrols=[] supportSkeletonSignature=UNAVAILABLE physicalSignature=UNAVAILABLE shadowAuditSkippedForDeadline=false
R3_LIVE_FAMILY_AUDIT day=3 serviceCount=2 available=false bestStageAOwnSemiBrands=NA bestStageAOwnSemiCollections=NA shadowEvaluated=false shadowOwnSemiBrands=NA shadowOwnSemiCollections=NA shadowCoupledOwnCollections=NA shadowBaselineOpponentCollections=NA shadowCoupledOpponentCollections=NA shadowHybridMarginScore4=NA supportedPatrols=[] supportSkeletonSignature=UNAVAILABLE physicalSignature=UNAVAILABLE shadowAuditSkippedForDeadline=false
R3_LIVE_FAMILY_AUDIT day=3 serviceCount=3 available=true bestStageAOwnSemiBrands=4 bestStageAOwnSemiCollections=12 shadowEvaluated=true shadowOwnSemiBrands=4 shadowOwnSemiCollections=12 shadowCoupledOwnCollections=6 shadowBaselineOpponentCollections=13 shadowCoupledOpponentCollections=11 shadowHybridMarginScore4=-8 supportedPatrols=[0, 1, 2] supportSkeletonSignature=3:1@63/12,2@63/12,0@63/13 physicalSignature=0:MDOWN_RIGHT,MDOWN_RIGHT,MDOWN_RIGHT,MDOWN_RIGHT,MDOWN_RIGHT,MDOWN_RIGHT,MDOWN_RIGHT,MUP_LEFT,MUP_LEFT,MUP_RIGHT,MUP_RIGHT,MUP_RIGHT,MUP_LEFT,W5,;1:MDOWN_RIGHT,MRIGHT,MDOWN_RIGHT,MRIGHT,MDOWN_RIGHT,MDOWN_RIGHT,MDOWN_RIGHT,MDOWN_RIGHT,MUP_LEFT,MUP_LEFT,MLEFT,MLEFT,MLEFT,MLEFT,MLEFT,MUP_RIGHT,MUP_RIGHT,;2:MDOWN_RIGHT,MDOWN_LEFT,MDOWN_LEFT,MDOWN_LEFT,MDOWN_RIGHT,MDOWN_RIGHT,MUP_LEFT,MUP_LEFT,MUP_LEFT,MUP_LEFT,MLEFT,MLEFT,MLEFT,MDOWN_LEFT,MDOWN_LEFT,W2,;3:W12,W1,W17,; shadowAuditSkippedForDeadline=false
R3_LIVE_FAMILY_COMPARISON day=3 selectedServiceCount=3 selectedOwnSemiCollections=12 selectedHybridMarginScore4=-8 noRefuelSemi=3 noRefuelHybridMarginScore4=-38 oneServiceSemi=NA oneServiceHybridMarginScore4=NA twoServiceSemi=NA twoServiceHybridMarginScore4=NA threeServiceSemi=12 threeServiceHybridMarginScore4=-8 selectedGainVsNoRefuelSemi=9 selectedGainVsNoRefuelHybridScore4=30 bestShadowFamilyByFrozenObjective=3 selectedMatchesBestShadowFamily=true shadowEvaluationsPerformed=1 shadowEvaluationsSkippedForDeadline=0
R3_SUPPORT_PRODUCTIVITY day=3 serviceCount=3 supportedPatrols=[0, 1, 2] prefixCollections=3 collectionsBeforeFirstService=5 postSupportCollections=6 totalSupportedPatrolCollections=14 supportMovementSteps=0 supportWaitSteps=13 selectedSupportSkeletonSignature=3:1@63/12,2@63/12,0@63/13
LOCAL_PLAN_VALID matchId=m-6408 day=3 mode=JointTeamBeamR3Planner
ACTION_REQUEST_FINGERPRINT matchId=m-6408 day=3 agentCount=4 serializedLength=116 fingerprint=c90dc03d
ACTION_DURATION_AUDIT matchId=m-6408 day=3 agent=0 dayBudget=30 plannerDuration=30 validatedDuration=30 encodedDuration=30 actionCount=14 finalAction=WAIT(5) paddingApplied=false
ACTION_WIRE_REPLAY_AUDIT matchId=m-6408 day=3 agent=0 dayBudget=30 simulatedDuration=30 wireReplayDuration=30 simulatedEndPosition=15 wireReplayEndPosition=15 simulatedPatrolFuel=52 wireReplayPatrolFuel=52 actionCount=14 durationMatch=true positionMatch=true fuelMatch=true fuelCheckReason=finiteFuelCompared
ACTION_DURATION_AUDIT matchId=m-6408 day=3 agent=1 dayBudget=30 plannerDuration=30 validatedDuration=30 encodedDuration=30 actionCount=17 finalAction=MOVE(UP_RIGHT) paddingApplied=false
ACTION_WIRE_REPLAY_AUDIT matchId=m-6408 day=3 agent=1 dayBudget=30 simulatedDuration=30 wireReplayDuration=30 simulatedEndPosition=26 wireReplayEndPosition=26 simulatedPatrolFuel=51 wireReplayPatrolFuel=51 actionCount=17 durationMatch=true positionMatch=true fuelMatch=true fuelCheckReason=finiteFuelCompared
ACTION_DURATION_AUDIT matchId=m-6408 day=3 agent=2 dayBudget=30 plannerDuration=30 validatedDuration=30 encodedDuration=30 actionCount=16 finalAction=WAIT(2) paddingApplied=false
ACTION_WIRE_REPLAY_AUDIT matchId=m-6408 day=3 agent=2 dayBudget=30 simulatedDuration=30 wireReplayDuration=30 simulatedEndPosition=41 wireReplayEndPosition=41 simulatedPatrolFuel=49 wireReplayPatrolFuel=49 actionCount=16 durationMatch=true positionMatch=true fuelMatch=true fuelCheckReason=finiteFuelCompared
ACTION_DURATION_AUDIT matchId=m-6408 day=3 agent=3 dayBudget=30 plannerDuration=30 validatedDuration=30 encodedDuration=30 actionCount=3 finalAction=WAIT(17) paddingApplied=false
ACTION_WIRE_REPLAY_AUDIT matchId=m-6408 day=3 agent=3 dayBudget=30 simulatedDuration=30 wireReplayDuration=30 simulatedEndPosition=63 wireReplayEndPosition=63 simulatedPatrolFuel=UNAVAILABLE wireReplayPatrolFuel=UNAVAILABLE actionCount=3 durationMatch=true positionMatch=true fuelMatch=NA fuelCheckReason=nonPatrolOrUnavailableFuel
ACTIONS_SUBMITTED matchId=m-6408 day=3 fingerprint=c90dc03d
ACTION_RESPONSE_DAY_OBSERVED matchId=m-6408 submittedDay=3 responseDay=4 delta=1 fingerprint=c90dc03d
UDON_OBSERVABILITY matchId=m-6408 day=3 predictedDayUdon=14 authoritativeActual=UNAVAILABLE
ACTIONS_ACCEPTED matchId=m-6408 day=3
RESULT_WAITING matchId=m-6408 httpStatus=425
RESULT_WAITING matchId=m-6408 httpStatus=425
RESULT_WAITING matchId=m-6408 httpStatus=425
RESULT_WAITING matchId=m-6408 httpStatus=425
RESULT_WAITING matchId=m-6408 httpStatus=425
RESULT_WAITING matchId=m-6408 httpStatus=425
RESULT_WAITING matchId=m-6408 httpStatus=425
RESULT_WAITING matchId=m-6408 httpStatus=425
RESULT_WAITING matchId=m-6408 httpStatus=425
RESULT_WAITING matchId=m-6408 httpStatus=425
RESULT_WAITING matchId=m-6408 httpStatus=425
RESULT_WAITING matchId=m-6408 httpStatus=425
RESULT_WAITING matchId=m-6408 httpStatus=425
RESULT_WAITING matchId=m-6408 httpStatus=425
RESULT_WAITING matchId=m-6408 httpStatus=425
RESULT_WAITING matchId=m-6408 httpStatus=425
RESULT_WAITING matchId=m-6408 httpStatus=425
RESULT_WAITING matchId=m-6408 httpStatus=425
RESULT_RECEIVED matchId=m-6408 submittedDays=4
FINAL matchId=m-6408 submittedDays=4 rateLimits=0 result={"protocol_version":"v0.1-draft","type":"match_result","match_id":"m-6408","standings":[{"rank":1,"team_id":"team-B","udon_types":4,"daily_types_sum":16,"udon_total":53,"response_ms_total":1122},{"rank":2,"team_id":"team-A","udon_types":4,"daily_types_sum":16,"udon_total":41,"response_ms_total":2344}]}
