CONFIG_LOADED baseUrl=https://procon.ptit.edu.vn matchId=m-5103 plannerMode=JOINT_TEAM_BEAM_V2 PROCON_TOKEN=<set>
SETUP_WAITING matchId=m-5103
SETUP_RECEIVED matchId=m-5103 agents=6 days=4
ASSIGNMENT_SUBMITTED matchId=m-5103 agents=6
ASSIGNMENT_ACCEPTED matchId=m-5103 agents=6
MATCH_STARTED matchId=m-5103
DAY_STATE_RECEIVED matchId=m-5103 day=0 agents=6
V2_JOINT_BEAM_START day=0 beamWidth=48 maxExpandedStates=64 maxChildrenPerState=24 maxNextTargetsPerAgent=4 fullTerminalEvaluationLimit=0 searchPolicy=R1_CONTROL
V2_PATHFINDING_AUDIT day=0 catalogPathfindingExecutions=13 searchPathfindingExecutions=0
V2_BEAM_DEPTH_SUMMARY day=0 depth=0 statesConsidered=1 expanded=1 candidateAttempts=40 infeasibleRoutes=0 topKTruncations=20 generatedChildren=24 uniqueChildren=1 collectChildren=19 stopChildren=5 duplicates=0 dominance=0 terminalCandidates=1 bestSecuredCollections=0 bestPotentialCollections=23
V2_BEAM_DEPTH_SUMMARY day=0 depth=1 statesConsidered=24 expanded=1 candidateAttempts=39 infeasibleRoutes=0 topKTruncations=19 generatedChildren=24 uniqueChildren=24 collectChildren=19 stopChildren=5 duplicates=0 dominance=0 terminalCandidates=24 bestSecuredCollections=1 bestPotentialCollections=23
V2_BEAM_DEPTH_SUMMARY day=0 depth=2 statesConsidered=24 expanded=1 candidateAttempts=38 infeasibleRoutes=0 topKTruncations=18 generatedChildren=24 uniqueChildren=24 collectChildren=19 stopChildren=5 duplicates=0 dominance=0 terminalCandidates=24 bestSecuredCollections=2 bestPotentialCollections=23
V2_BEAM_DEPTH_SUMMARY day=0 depth=3 statesConsidered=24 expanded=1 candidateAttempts=37 infeasibleRoutes=0 topKTruncations=17 generatedChildren=24 uniqueChildren=24 collectChildren=19 stopChildren=5 duplicates=0 dominance=0 terminalCandidates=24 bestSecuredCollections=3 bestPotentialCollections=23
V2_BEAM_DEPTH_SUMMARY day=0 depth=4 statesConsidered=24 expanded=1 candidateAttempts=35 infeasibleRoutes=0 topKTruncations=15 generatedChildren=24 uniqueChildren=24 collectChildren=19 stopChildren=5 duplicates=0 dominance=0 terminalCandidates=24 bestSecuredCollections=5 bestPotentialCollections=23
V2_BEAM_DEPTH_SUMMARY day=0 depth=5 statesConsidered=24 expanded=1 candidateAttempts=31 infeasibleRoutes=0 topKTruncations=11 generatedChildren=24 uniqueChildren=24 collectChildren=19 stopChildren=5 duplicates=0 dominance=0 terminalCandidates=24 bestSecuredCollections=6 bestPotentialCollections=23
V2_BEAM_DEPTH_SUMMARY day=0 depth=6 statesConsidered=24 expanded=1 candidateAttempts=30 infeasibleRoutes=0 topKTruncations=10 generatedChildren=24 uniqueChildren=24 collectChildren=19 stopChildren=5 duplicates=0 dominance=0 terminalCandidates=24 bestSecuredCollections=7 bestPotentialCollections=23
V2_BEAM_DEPTH_SUMMARY day=0 depth=7 statesConsidered=24 expanded=1 candidateAttempts=29 infeasibleRoutes=0 topKTruncations=9 generatedChildren=24 uniqueChildren=24 collectChildren=19 stopChildren=5 duplicates=0 dominance=0 terminalCandidates=24 bestSecuredCollections=8 bestPotentialCollections=23
V2_BEAM_DEPTH_SUMMARY day=0 depth=8 statesConsidered=24 expanded=1 candidateAttempts=28 infeasibleRoutes=0 topKTruncations=8 generatedChildren=24 uniqueChildren=24 collectChildren=19 stopChildren=5 duplicates=0 dominance=0 terminalCandidates=24 bestSecuredCollections=9 bestPotentialCollections=23
V2_BEAM_DEPTH_SUMMARY day=0 depth=9 statesConsidered=24 expanded=1 candidateAttempts=23 infeasibleRoutes=0 topKTruncations=4 generatedChildren=24 uniqueChildren=24 collectChildren=19 stopChildren=5 duplicates=0 dominance=0 terminalCandidates=24 bestSecuredCollections=10 bestPotentialCollections=23
V2_BEAM_DEPTH_SUMMARY day=0 depth=10 statesConsidered=24 expanded=1 candidateAttempts=19 infeasibleRoutes=0 topKTruncations=2 generatedChildren=22 uniqueChildren=24 collectChildren=17 stopChildren=5 duplicates=0 dominance=0 terminalCandidates=24 bestSecuredCollections=11 bestPotentialCollections=23
V2_BEAM_DEPTH_SUMMARY day=0 depth=11 statesConsidered=22 expanded=1 candidateAttempts=18 infeasibleRoutes=0 topKTruncations=1 generatedChildren=22 uniqueChildren=22 collectChildren=17 stopChildren=5 duplicates=0 dominance=0 terminalCandidates=22 bestSecuredCollections=12 bestPotentialCollections=23
V2_BEAM_DEPTH_SUMMARY day=0 depth=12 statesConsidered=22 expanded=1 candidateAttempts=17 infeasibleRoutes=0 topKTruncations=0 generatedChildren=22 uniqueChildren=22 collectChildren=17 stopChildren=5 duplicates=0 dominance=0 terminalCandidates=22 bestSecuredCollections=13 bestPotentialCollections=23
V2_BEAM_DEPTH_SUMMARY day=0 depth=13 statesConsidered=22 expanded=1 candidateAttempts=16 infeasibleRoutes=0 topKTruncations=0 generatedChildren=21 uniqueChildren=22 collectChildren=16 stopChildren=5 duplicates=0 dominance=0 terminalCandidates=22 bestSecuredCollections=14 bestPotentialCollections=23
V2_BEAM_DEPTH_SUMMARY day=0 depth=14 statesConsidered=21 expanded=1 candidateAttempts=15 infeasibleRoutes=0 topKTruncations=0 generatedChildren=20 uniqueChildren=21 collectChildren=15 stopChildren=5 duplicates=0 dominance=0 terminalCandidates=21 bestSecuredCollections=15 bestPotentialCollections=23
V2_BEAM_DEPTH_SUMMARY day=0 depth=15 statesConsidered=20 expanded=1 candidateAttempts=14 infeasibleRoutes=0 topKTruncations=0 generatedChildren=19 uniqueChildren=20 collectChildren=14 stopChildren=5 duplicates=0 dominance=0 terminalCandidates=20 bestSecuredCollections=16 bestPotentialCollections=23
V2_BEAM_DEPTH_SUMMARY day=0 depth=16 statesConsidered=19 expanded=1 candidateAttempts=13 infeasibleRoutes=0 topKTruncations=0 generatedChildren=18 uniqueChildren=19 collectChildren=13 stopChildren=5 duplicates=0 dominance=0 terminalCandidates=19 bestSecuredCollections=17 bestPotentialCollections=23
V2_BEAM_DEPTH_SUMMARY day=0 depth=17 statesConsidered=18 expanded=1 candidateAttempts=10 infeasibleRoutes=0 topKTruncations=0 generatedChildren=15 uniqueChildren=18 collectChildren=10 stopChildren=5 duplicates=0 dominance=0 terminalCandidates=18 bestSecuredCollections=18 bestPotentialCollections=23
V2_BEAM_DEPTH_SUMMARY day=0 depth=18 statesConsidered=15 expanded=1 candidateAttempts=7 infeasibleRoutes=0 topKTruncations=0 generatedChildren=12 uniqueChildren=15 collectChildren=7 stopChildren=5 duplicates=0 dominance=0 terminalCandidates=15 bestSecuredCollections=19 bestPotentialCollections=23
V2_BEAM_DEPTH_SUMMARY day=0 depth=19 statesConsidered=12 expanded=1 candidateAttempts=5 infeasibleRoutes=0 topKTruncations=0 generatedChildren=10 uniqueChildren=12 collectChildren=5 stopChildren=5 duplicates=0 dominance=0 terminalCandidates=12 bestSecuredCollections=20 bestPotentialCollections=23
V2_BEAM_DEPTH_SUMMARY day=0 depth=20 statesConsidered=10 expanded=1 candidateAttempts=3 infeasibleRoutes=0 topKTruncations=0 generatedChildren=8 uniqueChildren=10 collectChildren=3 stopChildren=5 duplicates=0 dominance=0 terminalCandidates=10 bestSecuredCollections=21 bestPotentialCollections=23
V2_BEAM_DEPTH_SUMMARY day=0 depth=21 statesConsidered=8 expanded=1 candidateAttempts=2 infeasibleRoutes=0 topKTruncations=0 generatedChildren=7 uniqueChildren=8 collectChildren=2 stopChildren=5 duplicates=0 dominance=0 terminalCandidates=8 bestSecuredCollections=22 bestPotentialCollections=23
V2_BEAM_DEPTH_SUMMARY day=0 depth=22 statesConsidered=7 expanded=2 candidateAttempts=0 infeasibleRoutes=0 topKTruncations=0 generatedChildren=10 uniqueChildren=7 collectChildren=0 stopChildren=10 duplicates=0 dominance=0 terminalCandidates=7 bestSecuredCollections=23 bestPotentialCollections=23
V2_BEAM_DEPTH_SUMMARY day=0 depth=23 statesConsidered=10 expanded=10 candidateAttempts=0 infeasibleRoutes=0 topKTruncations=0 generatedChildren=40 uniqueChildren=10 collectChildren=0 stopChildren=40 duplicates=0 dominance=0 terminalCandidates=10 bestSecuredCollections=23 bestPotentialCollections=23
V2_BEAM_DEPTH_SUMMARY day=0 depth=24 statesConsidered=40 expanded=20 candidateAttempts=0 infeasibleRoutes=0 topKTruncations=0 generatedChildren=60 uniqueChildren=20 collectChildren=0 stopChildren=60 duplicates=20 dominance=0 terminalCandidates=20 bestSecuredCollections=23 bestPotentialCollections=23
V2_BEAM_DEPTH_SUMMARY day=0 depth=25 statesConsidered=60 expanded=10 candidateAttempts=0 infeasibleRoutes=0 topKTruncations=0 generatedChildren=20 uniqueChildren=20 collectChildren=0 stopChildren=20 duplicates=40 dominance=0 terminalCandidates=20 bestSecuredCollections=23 bestPotentialCollections=23
V2_BEAM_DEPTH_SUMMARY day=0 depth=26 statesConsidered=20 expanded=0 candidateAttempts=0 infeasibleRoutes=0 topKTruncations=0 generatedChildren=0 uniqueChildren=10 collectChildren=0 stopChildren=0 duplicates=10 dominance=0 terminalCandidates=10 bestSecuredCollections=23 bestPotentialCollections=23
V2_POTENTIAL_DISCRIMINATION_SUMMARY day=0 depth=0 stateCount=1 minPotential=23 maxPotential=23 distinctPotentialValues=1
V2_POTENTIAL_DISCRIMINATION_SUMMARY day=0 depth=1 stateCount=24 minPotential=22 maxPotential=23 distinctPotentialValues=2
V2_POTENTIAL_DISCRIMINATION_SUMMARY day=0 depth=2 stateCount=24 minPotential=21 maxPotential=22 distinctPotentialValues=2
V2_POTENTIAL_DISCRIMINATION_SUMMARY day=0 depth=3 stateCount=24 minPotential=20 maxPotential=21 distinctPotentialValues=2
V2_POTENTIAL_DISCRIMINATION_SUMMARY day=0 depth=4 stateCount=24 minPotential=18 maxPotential=20 distinctPotentialValues=3
V2_POTENTIAL_DISCRIMINATION_SUMMARY day=0 depth=5 stateCount=24 minPotential=17 maxPotential=18 distinctPotentialValues=2
V2_POTENTIAL_DISCRIMINATION_SUMMARY day=0 depth=6 stateCount=24 minPotential=16 maxPotential=17 distinctPotentialValues=2
V2_POTENTIAL_DISCRIMINATION_SUMMARY day=0 depth=7 stateCount=24 minPotential=15 maxPotential=16 distinctPotentialValues=2
V2_POTENTIAL_DISCRIMINATION_SUMMARY day=0 depth=8 stateCount=24 minPotential=14 maxPotential=15 distinctPotentialValues=2
V2_POTENTIAL_DISCRIMINATION_SUMMARY day=0 depth=9 stateCount=24 minPotential=13 maxPotential=14 distinctPotentialValues=2
V2_POTENTIAL_DISCRIMINATION_SUMMARY day=0 depth=10 stateCount=24 minPotential=12 maxPotential=13 distinctPotentialValues=2
V2_POTENTIAL_DISCRIMINATION_SUMMARY day=0 depth=11 stateCount=22 minPotential=11 maxPotential=12 distinctPotentialValues=2
V2_POTENTIAL_DISCRIMINATION_SUMMARY day=0 depth=12 stateCount=22 minPotential=10 maxPotential=11 distinctPotentialValues=2
V2_POTENTIAL_DISCRIMINATION_SUMMARY day=0 depth=13 stateCount=22 minPotential=9 maxPotential=10 distinctPotentialValues=2
V2_POTENTIAL_DISCRIMINATION_SUMMARY day=0 depth=14 stateCount=21 minPotential=8 maxPotential=9 distinctPotentialValues=2
V2_POTENTIAL_DISCRIMINATION_SUMMARY day=0 depth=15 stateCount=20 minPotential=7 maxPotential=8 distinctPotentialValues=2
V2_POTENTIAL_DISCRIMINATION_SUMMARY day=0 depth=16 stateCount=19 minPotential=6 maxPotential=7 distinctPotentialValues=2
V2_POTENTIAL_DISCRIMINATION_SUMMARY day=0 depth=17 stateCount=18 minPotential=5 maxPotential=6 distinctPotentialValues=2
V2_POTENTIAL_DISCRIMINATION_SUMMARY day=0 depth=18 stateCount=15 minPotential=4 maxPotential=5 distinctPotentialValues=2
V2_POTENTIAL_DISCRIMINATION_SUMMARY day=0 depth=19 stateCount=12 minPotential=3 maxPotential=4 distinctPotentialValues=2
V2_POTENTIAL_DISCRIMINATION_SUMMARY day=0 depth=20 stateCount=10 minPotential=2 maxPotential=3 distinctPotentialValues=2
V2_POTENTIAL_DISCRIMINATION_SUMMARY day=0 depth=21 stateCount=8 minPotential=1 maxPotential=2 distinctPotentialValues=2
V2_POTENTIAL_DISCRIMINATION_SUMMARY day=0 depth=22 stateCount=7 minPotential=0 maxPotential=1 distinctPotentialValues=2
V2_POTENTIAL_DISCRIMINATION_SUMMARY day=0 depth=23 stateCount=10 minPotential=0 maxPotential=0 distinctPotentialValues=1
V2_POTENTIAL_DISCRIMINATION_SUMMARY day=0 depth=24 stateCount=40 minPotential=0 maxPotential=0 distinctPotentialValues=1
V2_POTENTIAL_DISCRIMINATION_SUMMARY day=0 depth=25 stateCount=60 minPotential=0 maxPotential=0 distinctPotentialValues=1
V2_POTENTIAL_DISCRIMINATION_SUMMARY day=0 depth=26 stateCount=20 minPotential=0 maxPotential=0 distinctPotentialValues=1
V2_TERMINAL_PORTFOLIO day=0 rank=1 ownSemiBrands=4 ownSemiCollections=20 coupledOwnCollections=9 baselineOpponentCollections=23 coupledOpponentCollections=14 hybridMarginScore4=-14 strategicDecisionCount=22 movementCommandCount=207 signature=0:MUP_RIGHT,MRIGHT,MUP_LEFT,MUP_LEFT,MUP_LEFT,MLEFT,MLEFT,MLEFT,MLEFT,MLEFT,MLEFT,MDOWN_RIGHT,MDOWN_LEFT,MDOWN_LEFT,MDOWN_RIGHT,MDOWN_RIGHT,MRIGHT,MDOWN_RIGHT,MDOWN_RIGHT,MDOWN_RIGHT,MRIGHT,MDOWN_RIGHT,MDOWN_RIGHT,W21,;1:MLEFT,MUP_LEFT,MLEFT,MLEFT,MRIGHT,MRIGHT,MRIGHT,MRIGHT,MRIGHT,MRIGHT,MDOWN_RIGHT,MUP_LEFT,MUP_LEFT,MUP_RIGHT,MUP_RIGHT,MUP_RIGHT,MUP_LEFT,MUP_RIGHT,MUP_RIGHT,MUP_RIGHT,MUP_LEFT,MLEFT,MLEFT,MLEFT,MLEFT,MLEFT,MLEFT,W10,;2:MUP_RIGHT,MUP_RIGHT,MUP_LEFT,MUP_LEFT,MLEFT,MRIGHT,MRIGHT,MRIGHT,MRIGHT,MRIGHT,MRIGHT,MDOWN_RIGHT,MDOWN_RIGHT,MDOWN_RIGHT,MDOWN_RIGHT,MDOWN_LEFT,MDOWN_LEFT,MDOWN_LEFT,MDOWN_LEFT,MDOWN_LEFT,MDOWN_LEFT,MLEFT,MLEFT,MLEFT,MLEFT,MUP_LEFT,MLEFT,MLEFT,W7,;3:MLEFT,MRIGHT,MDOWN_RIGHT,MRIGHT,MRIGHT,MRIGHT,MRIGHT,MUP_LEFT,MUP_LEFT,MUP_LEFT,MLEFT,MLEFT,MLEFT,MLEFT,MLEFT,MLEFT,W29,;4:MDOWN_LEFT,MDOWN_LEFT,MUP_LEFT,MLEFT,MLEFT,MUP_LEFT,MUP_LEFT,MLEFT,MUP_RIGHT,MRIGHT,MUP_RIGHT,MRIGHT,MRIGHT,MRIGHT,MDOWN_RIGHT,MDOWN_RIGHT,MDOWN_RIGHT,MRIGHT,MDOWN_RIGHT,MDOWN_RIGHT,W26,;5:W60,;
V2_TERMINAL_PORTFOLIO day=0 rank=2 ownSemiBrands=4 ownSemiCollections=20 coupledOwnCollections=9 baselineOpponentCollections=23 coupledOpponentCollections=14 hybridMarginScore4=-14 strategicDecisionCount=23 movementCommandCount=207 signature=0:MUP_RIGHT,MRIGHT,MUP_LEFT,MUP_LEFT,MUP_LEFT,MLEFT,MLEFT,MLEFT,MLEFT,MLEFT,MLEFT,MDOWN_RIGHT,MDOWN_LEFT,MDOWN_LEFT,MDOWN_RIGHT,MDOWN_RIGHT,MRIGHT,MDOWN_RIGHT,MDOWN_RIGHT,MDOWN_RIGHT,MRIGHT,MDOWN_RIGHT,MDOWN_RIGHT,W21,;1:MLEFT,MUP_LEFT,MLEFT,MLEFT,MRIGHT,MRIGHT,MRIGHT,MRIGHT,MRIGHT,MRIGHT,MDOWN_RIGHT,MUP_LEFT,MUP_LEFT,MUP_RIGHT,MUP_RIGHT,MUP_RIGHT,MUP_LEFT,MUP_RIGHT,MUP_RIGHT,MUP_RIGHT,MUP_LEFT,MLEFT,MLEFT,MLEFT,MLEFT,MLEFT,MLEFT,W10,;2:MUP_RIGHT,MUP_RIGHT,MUP_LEFT,MUP_LEFT,MLEFT,MRIGHT,MRIGHT,MRIGHT,MRIGHT,MRIGHT,MRIGHT,MDOWN_RIGHT,MDOWN_RIGHT,MDOWN_RIGHT,MDOWN_RIGHT,MDOWN_LEFT,MDOWN_LEFT,MDOWN_LEFT,MDOWN_LEFT,MDOWN_LEFT,MDOWN_LEFT,MLEFT,MLEFT,MLEFT,MLEFT,MUP_LEFT,MLEFT,MLEFT,W7,;3:MLEFT,MRIGHT,MDOWN_RIGHT,MRIGHT,MRIGHT,MRIGHT,MRIGHT,MUP_LEFT,MUP_LEFT,MUP_LEFT,MLEFT,MLEFT,MLEFT,MLEFT,MLEFT,MLEFT,W29,;4:MDOWN_LEFT,MDOWN_LEFT,MUP_LEFT,MLEFT,MLEFT,MUP_LEFT,MUP_LEFT,MLEFT,MUP_RIGHT,MRIGHT,MUP_RIGHT,MRIGHT,MRIGHT,MRIGHT,MDOWN_RIGHT,MDOWN_RIGHT,MDOWN_RIGHT,MRIGHT,MDOWN_RIGHT,MDOWN_RIGHT,W26,;5:W60,;
V2_TERMINAL_PORTFOLIO day=0 rank=3 ownSemiBrands=4 ownSemiCollections=20 coupledOwnCollections=9 baselineOpponentCollections=23 coupledOpponentCollections=14 hybridMarginScore4=-14 strategicDecisionCount=23 movementCommandCount=207 signature=0:MUP_RIGHT,MRIGHT,MUP_LEFT,MUP_LEFT,MUP_LEFT,MLEFT,MLEFT,MLEFT,MLEFT,MLEFT,MLEFT,MDOWN_RIGHT,MDOWN_LEFT,MDOWN_LEFT,MDOWN_RIGHT,MDOWN_RIGHT,MRIGHT,MDOWN_RIGHT,MDOWN_RIGHT,MDOWN_RIGHT,MRIGHT,MDOWN_RIGHT,MDOWN_RIGHT,W21,;1:MLEFT,MUP_LEFT,MLEFT,MLEFT,MRIGHT,MRIGHT,MRIGHT,MRIGHT,MRIGHT,MRIGHT,MDOWN_RIGHT,MUP_LEFT,MUP_LEFT,MUP_RIGHT,MUP_RIGHT,MUP_RIGHT,MUP_LEFT,MUP_RIGHT,MUP_RIGHT,MUP_RIGHT,MUP_LEFT,MLEFT,MLEFT,MLEFT,MLEFT,MLEFT,MLEFT,W10,;2:MUP_RIGHT,MUP_RIGHT,MUP_LEFT,MUP_LEFT,MLEFT,MRIGHT,MRIGHT,MRIGHT,MRIGHT,MRIGHT,MRIGHT,MDOWN_RIGHT,MDOWN_RIGHT,MDOWN_RIGHT,MDOWN_RIGHT,MDOWN_LEFT,MDOWN_LEFT,MDOWN_LEFT,MDOWN_LEFT,MDOWN_LEFT,MDOWN_LEFT,MLEFT,MLEFT,MLEFT,MLEFT,MUP_LEFT,MLEFT,MLEFT,W7,;3:MLEFT,MRIGHT,MDOWN_RIGHT,MRIGHT,MRIGHT,MRIGHT,MRIGHT,MUP_LEFT,MUP_LEFT,MUP_LEFT,MLEFT,MLEFT,MLEFT,MLEFT,MLEFT,MLEFT,W29,;4:MDOWN_LEFT,MDOWN_LEFT,MUP_LEFT,MLEFT,MLEFT,MUP_LEFT,MUP_LEFT,MLEFT,MUP_RIGHT,MRIGHT,MUP_RIGHT,MRIGHT,MRIGHT,MRIGHT,MDOWN_RIGHT,MDOWN_RIGHT,MDOWN_RIGHT,MRIGHT,MDOWN_RIGHT,MDOWN_RIGHT,W26,;5:W60,;
V2_TERMINAL_PORTFOLIO day=0 rank=4 ownSemiBrands=4 ownSemiCollections=20 coupledOwnCollections=9 baselineOpponentCollections=23 coupledOpponentCollections=14 hybridMarginScore4=-14 strategicDecisionCount=23 movementCommandCount=207 signature=0:MUP_RIGHT,MRIGHT,MUP_LEFT,MUP_LEFT,MUP_LEFT,MLEFT,MLEFT,MLEFT,MLEFT,MLEFT,MLEFT,MDOWN_RIGHT,MDOWN_LEFT,MDOWN_LEFT,MDOWN_RIGHT,MDOWN_RIGHT,MRIGHT,MDOWN_RIGHT,MDOWN_RIGHT,MDOWN_RIGHT,MRIGHT,MDOWN_RIGHT,MDOWN_RIGHT,W21,;1:MLEFT,MUP_LEFT,MLEFT,MLEFT,MRIGHT,MRIGHT,MRIGHT,MRIGHT,MRIGHT,MRIGHT,MDOWN_RIGHT,MUP_LEFT,MUP_LEFT,MUP_RIGHT,MUP_RIGHT,MUP_RIGHT,MUP_LEFT,MUP_RIGHT,MUP_RIGHT,MUP_RIGHT,MUP_LEFT,MLEFT,MLEFT,MLEFT,MLEFT,MLEFT,MLEFT,W10,;2:MUP_RIGHT,MUP_RIGHT,MUP_LEFT,MUP_LEFT,MLEFT,MRIGHT,MRIGHT,MRIGHT,MRIGHT,MRIGHT,MRIGHT,MDOWN_RIGHT,MDOWN_RIGHT,MDOWN_RIGHT,MDOWN_RIGHT,MDOWN_LEFT,MDOWN_LEFT,MDOWN_LEFT,MDOWN_LEFT,MDOWN_LEFT,MDOWN_LEFT,MLEFT,MLEFT,MLEFT,MLEFT,MUP_LEFT,MLEFT,MLEFT,W7,;3:MLEFT,MRIGHT,MDOWN_RIGHT,MRIGHT,MRIGHT,MRIGHT,MRIGHT,MUP_LEFT,MUP_LEFT,MUP_LEFT,MLEFT,MLEFT,MLEFT,MLEFT,MLEFT,MLEFT,W29,;4:MDOWN_LEFT,MDOWN_LEFT,MUP_LEFT,MLEFT,MLEFT,MUP_LEFT,MUP_LEFT,MLEFT,MUP_RIGHT,MRIGHT,MUP_RIGHT,MRIGHT,MRIGHT,MRIGHT,MDOWN_RIGHT,MDOWN_RIGHT,MDOWN_RIGHT,MRIGHT,MDOWN_RIGHT,MDOWN_RIGHT,W26,;5:W60,;
V2_TERMINAL_PORTFOLIO day=0 rank=5 ownSemiBrands=4 ownSemiCollections=20 coupledOwnCollections=9 baselineOpponentCollections=23 coupledOpponentCollections=14 hybridMarginScore4=-14 strategicDecisionCount=23 movementCommandCount=207 signature=0:MUP_RIGHT,MRIGHT,MUP_LEFT,MUP_LEFT,MUP_LEFT,MLEFT,MLEFT,MLEFT,MLEFT,MLEFT,MLEFT,MDOWN_RIGHT,MDOWN_LEFT,MDOWN_LEFT,MDOWN_RIGHT,MDOWN_RIGHT,MRIGHT,MDOWN_RIGHT,MDOWN_RIGHT,MDOWN_RIGHT,MRIGHT,MDOWN_RIGHT,MDOWN_RIGHT,W21,;1:MLEFT,MUP_LEFT,MLEFT,MLEFT,MRIGHT,MRIGHT,MRIGHT,MRIGHT,MRIGHT,MRIGHT,MDOWN_RIGHT,MUP_LEFT,MUP_LEFT,MUP_RIGHT,MUP_RIGHT,MUP_RIGHT,MUP_LEFT,MUP_RIGHT,MUP_RIGHT,MUP_RIGHT,MUP_LEFT,MLEFT,MLEFT,MLEFT,MLEFT,MLEFT,MLEFT,W10,;2:MUP_RIGHT,MUP_RIGHT,MUP_LEFT,MUP_LEFT,MLEFT,MRIGHT,MRIGHT,MRIGHT,MRIGHT,MRIGHT,MRIGHT,MDOWN_RIGHT,MDOWN_RIGHT,MDOWN_RIGHT,MDOWN_RIGHT,MDOWN_LEFT,MDOWN_LEFT,MDOWN_LEFT,MDOWN_LEFT,MDOWN_LEFT,MDOWN_LEFT,MLEFT,MLEFT,MLEFT,MLEFT,MUP_LEFT,MLEFT,MLEFT,W7,;3:MLEFT,MRIGHT,MDOWN_RIGHT,MRIGHT,MRIGHT,MRIGHT,MRIGHT,MUP_LEFT,MUP_LEFT,MUP_LEFT,MLEFT,MLEFT,MLEFT,MLEFT,MLEFT,MLEFT,W29,;4:MDOWN_LEFT,MDOWN_LEFT,MUP_LEFT,MLEFT,MLEFT,MUP_LEFT,MUP_LEFT,MLEFT,MUP_RIGHT,MRIGHT,MUP_RIGHT,MRIGHT,MRIGHT,MRIGHT,MDOWN_RIGHT,MDOWN_RIGHT,MDOWN_RIGHT,MRIGHT,MDOWN_RIGHT,MDOWN_RIGHT,W26,;5:W60,;
V2_TIMING_BREAKDOWN day=0 catalogMillis=41 searchMillis=0 terminalEvaluationMillis=72058 totalMillis=36555 fullCoupledEvaluationCount=497
V2_JOINT_BEAM_DONE day=0 beamWidth=48 maxExpandedStates=64 expanded=64 generatedChildren=566 uniqueStates=497 collectChildrenGenerated=326 stopChildrenGenerated=240 rootScheduleStates=0 duplicateStatesRejected=70 dominatedStatesRejected=0 terminalStates=497 continuingTerminalCandidates=497 fullyStoppedTerminalCandidates=0 stageATerminalEvaluations=497 terminalPlansEvaluated=497 selectedOwnSemiBrands=4 selectedOwnSemiCollections=20 selectedCoupledOwnCollections=9 selectedBaselineOpponentCollections=23 selectedCoupledOpponentCollections=14 selectedHybridOwnScore4=69 selectedHybridOpponentScore4=83 selectedHybridMarginScore4=-14 catalogPathfindingExecutions=13 searchPathfindingExecutions=0 planningMillis=36555
LOCAL_PLAN_VALID matchId=m-5103 day=0 mode=JointTeamBeamPlanner
ACTION_REQUEST_FINGERPRINT matchId=m-5103 day=0 agentCount=6 serializedLength=264 fingerprint=c40da390
ACTION_DURATION_AUDIT matchId=m-5103 day=0 agent=0 dayBudget=60 plannerDuration=60 validatedDuration=60 encodedDuration=60 actionCount=24 finalAction=WAIT(21) paddingApplied=false
ACTION_WIRE_REPLAY_AUDIT matchId=m-5103 day=0 agent=0 dayBudget=60 simulatedDuration=60 wireReplayDuration=60 simulatedEndPosition=128 wireReplayEndPosition=128 simulatedPatrolFuel=90 wireReplayPatrolFuel=90 actionCount=24 durationMatch=true positionMatch=true fuelMatch=true fuelCheckReason=finiteFuelCompared
ACTION_DURATION_AUDIT matchId=m-5103 day=0 agent=1 dayBudget=60 plannerDuration=60 validatedDuration=60 encodedDuration=60 actionCount=28 finalAction=WAIT(10) paddingApplied=false
ACTION_WIRE_REPLAY_AUDIT matchId=m-5103 day=0 agent=1 dayBudget=60 simulatedDuration=60 wireReplayDuration=60 simulatedEndPosition=3 wireReplayEndPosition=3 simulatedPatrolFuel=89 wireReplayPatrolFuel=89 actionCount=28 durationMatch=true positionMatch=true fuelMatch=true fuelCheckReason=finiteFuelCompared
ACTION_DURATION_AUDIT matchId=m-5103 day=0 agent=2 dayBudget=60 plannerDuration=60 validatedDuration=60 encodedDuration=60 actionCount=29 finalAction=WAIT(7) paddingApplied=false
ACTION_WIRE_REPLAY_AUDIT matchId=m-5103 day=0 agent=2 dayBudget=60 simulatedDuration=60 wireReplayDuration=60 simulatedEndPosition=110 wireReplayEndPosition=110 simulatedPatrolFuel=105 wireReplayPatrolFuel=105 actionCount=29 durationMatch=true positionMatch=true fuelMatch=true fuelCheckReason=finiteFuelCompared
ACTION_DURATION_AUDIT matchId=m-5103 day=0 agent=3 dayBudget=60 plannerDuration=60 validatedDuration=60 encodedDuration=60 actionCount=17 finalAction=WAIT(29) paddingApplied=false
ACTION_WIRE_REPLAY_AUDIT matchId=m-5103 day=0 agent=3 dayBudget=60 simulatedDuration=60 wireReplayDuration=60 simulatedEndPosition=3 wireReplayEndPosition=3 simulatedPatrolFuel=103 wireReplayPatrolFuel=103 actionCount=17 durationMatch=true positionMatch=true fuelMatch=true fuelCheckReason=finiteFuelCompared
ACTION_DURATION_AUDIT matchId=m-5103 day=0 agent=4 dayBudget=60 plannerDuration=60 validatedDuration=60 encodedDuration=60 actionCount=21 finalAction=WAIT(26) paddingApplied=false
ACTION_WIRE_REPLAY_AUDIT matchId=m-5103 day=0 agent=4 dayBudget=60 simulatedDuration=60 wireReplayDuration=60 simulatedEndPosition=128 wireReplayEndPosition=128 simulatedPatrolFuel=92 wireReplayPatrolFuel=92 actionCount=21 durationMatch=true positionMatch=true fuelMatch=true fuelCheckReason=finiteFuelCompared
ACTION_DURATION_AUDIT matchId=m-5103 day=0 agent=5 dayBudget=60 plannerDuration=60 validatedDuration=60 encodedDuration=60 actionCount=1 finalAction=WAIT(60) paddingApplied=false
ACTION_WIRE_REPLAY_AUDIT matchId=m-5103 day=0 agent=5 dayBudget=60 simulatedDuration=60 wireReplayDuration=60 simulatedEndPosition=71 wireReplayEndPosition=71 simulatedPatrolFuel=UNAVAILABLE wireReplayPatrolFuel=UNAVAILABLE actionCount=1 durationMatch=true positionMatch=true fuelMatch=NA fuelCheckReason=nonPatrolOrUnavailableFuel
ACTIONS_SUBMITTED matchId=m-5103 day=0 fingerprint=c40da390
SERVER_ACTION_REJECTED matchId=m-5103 submittedDay=0 responseDay=5 httpStatus=200 reason=E_STALE_DAY: không trong giai đoạn thi đấu fingerprint=c40da390 rejectedAgent=NA serverStep=NA serverRequiredSteps=NA serverRemainingSteps=NA
REJECTED_ACTION_ARRAY matchId=m-5103 submittedDay=0 agent=0 fingerprint=c40da390 actions=[1, 2, 0, 0, 0, 5, 5, 5, 5, 5, 5, 3, 4, 4, 3, 3, 2, 3, 3, 3, 2, 3, 3, -21] truncated=false
REJECTED_ACTION_ARRAY matchId=m-5103 submittedDay=0 agent=1 fingerprint=c40da390 actions=[5, 0, 5, 5, 2, 2, 2, 2, 2, 2, 3, 0, 0, 1, 1, 1, 0, 1, 1, 1, 0, 5, 5, 5, 5, 5, 5, -10] truncated=false
REJECTED_ACTION_ARRAY matchId=m-5103 submittedDay=0 agent=2 fingerprint=c40da390 actions=[1, 1, 0, 0, 5, 2, 2, 2, 2, 2, 2, 3, 3, 3, 3, 4, 4, 4, 4, 4, 4, 5, 5, 5, 5, 0, 5, 5, -7] truncated=false
REJECTED_ACTION_ARRAY matchId=m-5103 submittedDay=0 agent=3 fingerprint=c40da390 actions=[5, 2, 3, 2, 2, 2, 2, 0, 0, 0, 5, 5, 5, 5, 5, 5, -29] truncated=false
REJECTED_ACTION_ARRAY matchId=m-5103 submittedDay=0 agent=4 fingerprint=c40da390 actions=[4, 4, 0, 5, 5, 0, 0, 5, 1, 2, 1, 2, 2, 2, 3, 3, 3, 2, 3, 3, -26] truncated=false
REJECTED_ACTION_ARRAY matchId=m-5103 submittedDay=0 agent=5 fingerprint=c40da390 actions=[-60] truncated=false
WIRE_MOVEMENT_DURATION_TRACE matchId=m-5103 day=0 agent=0 fingerprint=c40da390 commandIndex=0 wireValue=1 actionType=MOVE sourcePosition=57 destinationPosition=46 sourceTerrain=PLAIN rawTrafficValue=NA decodedTrafficState=NA localStartStep=0 localStepCost=2 localEndStep=2 patrolFuelCost=1
WIRE_MOVEMENT_DURATION_TRACE matchId=m-5103 day=0 agent=0 fingerprint=c40da390 commandIndex=1 wireValue=2 actionType=MOVE sourcePosition=46 destinationPosition=47 sourceTerrain=PLAIN rawTrafficValue=NA decodedTrafficState=NA localStartStep=2 localStepCost=2 localEndStep=4 patrolFuelCost=1
WIRE_MOVEMENT_DURATION_TRACE matchId=m-5103 day=0 agent=0 fingerprint=c40da390 commandIndex=2 wireValue=0 actionType=MOVE sourcePosition=47 destinationPosition=34 sourceTerrain=PLAIN rawTrafficValue=NA decodedTrafficState=NA localStartStep=4 localStepCost=2 localEndStep=6 patrolFuelCost=1
WIRE_MOVEMENT_DURATION_TRACE matchId=m-5103 day=0 agent=0 fingerprint=c40da390 commandIndex=3 wireValue=0 actionType=MOVE sourcePosition=34 destinationPosition=22 sourceTerrain=PLAIN rawTrafficValue=NA decodedTrafficState=NA localStartStep=6 localStepCost=2 localEndStep=8 patrolFuelCost=1
WIRE_MOVEMENT_DURATION_TRACE matchId=m-5103 day=0 agent=0 fingerprint=c40da390 commandIndex=4 wireValue=0 actionType=MOVE sourcePosition=22 destinationPosition=9 sourceTerrain=PLAIN rawTrafficValue=NA decodedTrafficState=NA localStartStep=8 localStepCost=2 localEndStep=10 patrolFuelCost=1
WIRE_MOVEMENT_DURATION_TRACE matchId=m-5103 day=0 agent=0 fingerprint=c40da390 commandIndex=5 wireValue=5 actionType=MOVE sourcePosition=9 destinationPosition=8 sourceTerrain=PLAIN rawTrafficValue=NA decodedTrafficState=NA localStartStep=10 localStepCost=2 localEndStep=12 patrolFuelCost=1
WIRE_MOVEMENT_DURATION_TRACE matchId=m-5103 day=0 agent=0 fingerprint=c40da390 commandIndex=6 wireValue=5 actionType=MOVE sourcePosition=8 destinationPosition=7 sourceTerrain=PLAIN rawTrafficValue=NA decodedTrafficState=NA localStartStep=12 localStepCost=2 localEndStep=14 patrolFuelCost=1
WIRE_MOVEMENT_DURATION_TRACE matchId=m-5103 day=0 agent=0 fingerprint=c40da390 commandIndex=7 wireValue=5 actionType=MOVE sourcePosition=7 destinationPosition=6 sourceTerrain=PLAIN rawTrafficValue=NA decodedTrafficState=NA localStartStep=14 localStepCost=2 localEndStep=16 patrolFuelCost=1
WIRE_MOVEMENT_DURATION_TRACE matchId=m-5103 day=0 agent=0 fingerprint=c40da390 commandIndex=8 wireValue=5 actionType=MOVE sourcePosition=6 destinationPosition=5 sourceTerrain=PLAIN rawTrafficValue=NA decodedTrafficState=NA localStartStep=16 localStepCost=2 localEndStep=18 patrolFuelCost=1
WIRE_MOVEMENT_DURATION_TRACE matchId=m-5103 day=0 agent=0 fingerprint=c40da390 commandIndex=9 wireValue=5 actionType=MOVE sourcePosition=5 destinationPosition=4 sourceTerrain=PLAIN rawTrafficValue=NA decodedTrafficState=NA localStartStep=18 localStepCost=2 localEndStep=20 patrolFuelCost=1
WIRE_MOVEMENT_DURATION_TRACE matchId=m-5103 day=0 agent=0 fingerprint=c40da390 commandIndex=10 wireValue=5 actionType=MOVE sourcePosition=4 destinationPosition=3 sourceTerrain=ROAD rawTrafficValue=0 decodedTrafficState=CLEAR localStartStep=20 localStepCost=1 localEndStep=21 patrolFuelCost=2
WIRE_MOVEMENT_DURATION_TRACE matchId=m-5103 day=0 agent=0 fingerprint=c40da390 commandIndex=11 wireValue=3 actionType=MOVE sourcePosition=3 destinationPosition=16 sourceTerrain=PLAIN rawTrafficValue=NA decodedTrafficState=NA localStartStep=21 localStepCost=2 localEndStep=23 patrolFuelCost=1
WIRE_MOVEMENT_DURATION_TRACE matchId=m-5103 day=0 agent=0 fingerprint=c40da390 commandIndex=12 wireValue=4 actionType=MOVE sourcePosition=16 destinationPosition=27 sourceTerrain=ROAD rawTrafficValue=0 decodedTrafficState=CLEAR localStartStep=23 localStepCost=1 localEndStep=24 patrolFuelCost=2
WIRE_MOVEMENT_DURATION_TRACE matchId=m-5103 day=0 agent=0 fingerprint=c40da390 commandIndex=13 wireValue=4 actionType=MOVE sourcePosition=27 destinationPosition=39 sourceTerrain=ROAD rawTrafficValue=0 decodedTrafficState=CLEAR localStartStep=24 localStepCost=1 localEndStep=25 patrolFuelCost=2
WIRE_MOVEMENT_DURATION_TRACE matchId=m-5103 day=0 agent=0 fingerprint=c40da390 commandIndex=14 wireValue=3 actionType=MOVE sourcePosition=39 destinationPosition=51 sourceTerrain=ROAD rawTrafficValue=0 decodedTrafficState=CLEAR localStartStep=25 localStepCost=1 localEndStep=26 patrolFuelCost=2
WIRE_MOVEMENT_DURATION_TRACE matchId=m-5103 day=0 agent=0 fingerprint=c40da390 commandIndex=15 wireValue=3 actionType=MOVE sourcePosition=51 destinationPosition=64 sourceTerrain=ROAD rawTrafficValue=0 decodedTrafficState=CLEAR localStartStep=26 localStepCost=1 localEndStep=27 patrolFuelCost=2
WIRE_MOVEMENT_DURATION_TRACE matchId=m-5103 day=0 agent=0 fingerprint=c40da390 commandIndex=16 wireValue=2 actionType=MOVE sourcePosition=64 destinationPosition=65 sourceTerrain=ROAD rawTrafficValue=0 decodedTrafficState=CLEAR localStartStep=27 localStepCost=1 localEndStep=28 patrolFuelCost=2
WIRE_MOVEMENT_DURATION_TRACE matchId=m-5103 day=0 agent=0 fingerprint=c40da390 commandIndex=17 wireValue=3 actionType=MOVE sourcePosition=65 destinationPosition=77 sourceTerrain=ROAD rawTrafficValue=0 decodedTrafficState=CLEAR localStartStep=28 localStepCost=1 localEndStep=29 patrolFuelCost=2
WIRE_MOVEMENT_DURATION_TRACE matchId=m-5103 day=0 agent=0 fingerprint=c40da390 commandIndex=18 wireValue=3 actionType=MOVE sourcePosition=77 destinationPosition=90 sourceTerrain=PLAIN rawTrafficValue=NA decodedTrafficState=NA localStartStep=29 localStepCost=2 localEndStep=31 patrolFuelCost=1
WIRE_MOVEMENT_DURATION_TRACE matchId=m-5103 day=0 agent=0 fingerprint=c40da390 commandIndex=19 wireValue=3 actionType=MOVE sourcePosition=90 destinationPosition=102 sourceTerrain=PLAIN rawTrafficValue=NA decodedTrafficState=NA localStartStep=31 localStepCost=2 localEndStep=33 patrolFuelCost=1
WIRE_MOVEMENT_DURATION_TRACE matchId=m-5103 day=0 agent=0 fingerprint=c40da390 commandIndex=20 wireValue=2 actionType=MOVE sourcePosition=102 destinationPosition=103 sourceTerrain=PLAIN rawTrafficValue=NA decodedTrafficState=NA localStartStep=33 localStepCost=2 localEndStep=35 patrolFuelCost=1
WIRE_MOVEMENT_DURATION_TRACE matchId=m-5103 day=0 agent=0 fingerprint=c40da390 commandIndex=21 wireValue=3 actionType=MOVE sourcePosition=103 destinationPosition=116 sourceTerrain=PLAIN rawTrafficValue=NA decodedTrafficState=NA localStartStep=35 localStepCost=2 localEndStep=37 patrolFuelCost=1
WIRE_MOVEMENT_DURATION_TRACE matchId=m-5103 day=0 agent=0 fingerprint=c40da390 commandIndex=22 wireValue=3 actionType=MOVE sourcePosition=116 destinationPosition=128 sourceTerrain=PLAIN rawTrafficValue=NA decodedTrafficState=NA localStartStep=37 localStepCost=2 localEndStep=39 patrolFuelCost=1
WIRE_MOVEMENT_DURATION_TRACE matchId=m-5103 day=0 agent=0 fingerprint=c40da390 commandIndex=23 wireValue=-21 actionType=WAIT sourcePosition=128 destinationPosition=NA sourceTerrain=PLAIN rawTrafficValue=NA decodedTrafficState=NA localStartStep=39 localStepCost=21 localEndStep=60 patrolFuelCost=NA
WIRE_ROAD_ALTERNATE_COST matchId=m-5103 day=0 agent=0 fingerprint=c40da390 commandIndex=10 sourcePosition=4 localTraffic=CLEAR alternateTraffic=CONGESTED localCost=1 alternateCost=2 alternateRouteDuration=61 cumulativeDelta=1
WIRE_ROAD_ALTERNATE_COST matchId=m-5103 day=0 agent=0 fingerprint=c40da390 commandIndex=10 sourcePosition=4 localTraffic=CLEAR alternateTraffic=JAMMED localCost=1 alternateCost=4 alternateRouteDuration=63 cumulativeDelta=3
WIRE_ROAD_ALTERNATE_COST matchId=m-5103 day=0 agent=0 fingerprint=c40da390 commandIndex=12 sourcePosition=16 localTraffic=CLEAR alternateTraffic=CONGESTED localCost=1 alternateCost=2 alternateRouteDuration=61 cumulativeDelta=1
WIRE_ROAD_ALTERNATE_COST matchId=m-5103 day=0 agent=0 fingerprint=c40da390 commandIndex=12 sourcePosition=16 localTraffic=CLEAR alternateTraffic=JAMMED localCost=1 alternateCost=4 alternateRouteDuration=63 cumulativeDelta=3
WIRE_ROAD_ALTERNATE_COST matchId=m-5103 day=0 agent=0 fingerprint=c40da390 commandIndex=13 sourcePosition=27 localTraffic=CLEAR alternateTraffic=CONGESTED localCost=1 alternateCost=2 alternateRouteDuration=61 cumulativeDelta=1
WIRE_ROAD_ALTERNATE_COST matchId=m-5103 day=0 agent=0 fingerprint=c40da390 commandIndex=13 sourcePosition=27 localTraffic=CLEAR alternateTraffic=JAMMED localCost=1 alternateCost=4 alternateRouteDuration=63 cumulativeDelta=3
WIRE_ROAD_ALTERNATE_COST matchId=m-5103 day=0 agent=0 fingerprint=c40da390 commandIndex=14 sourcePosition=39 localTraffic=CLEAR alternateTraffic=CONGESTED localCost=1 alternateCost=2 alternateRouteDuration=61 cumulativeDelta=1
WIRE_ROAD_ALTERNATE_COST matchId=m-5103 day=0 agent=0 fingerprint=c40da390 commandIndex=14 sourcePosition=39 localTraffic=CLEAR alternateTraffic=JAMMED localCost=1 alternateCost=4 alternateRouteDuration=63 cumulativeDelta=3
WIRE_ROAD_ALTERNATE_COST matchId=m-5103 day=0 agent=0 fingerprint=c40da390 commandIndex=15 sourcePosition=51 localTraffic=CLEAR alternateTraffic=CONGESTED localCost=1 alternateCost=2 alternateRouteDuration=61 cumulativeDelta=1
WIRE_ROAD_ALTERNATE_COST matchId=m-5103 day=0 agent=0 fingerprint=c40da390 commandIndex=15 sourcePosition=51 localTraffic=CLEAR alternateTraffic=JAMMED localCost=1 alternateCost=4 alternateRouteDuration=63 cumulativeDelta=3
WIRE_ROAD_ALTERNATE_COST matchId=m-5103 day=0 agent=0 fingerprint=c40da390 commandIndex=16 sourcePosition=64 localTraffic=CLEAR alternateTraffic=CONGESTED localCost=1 alternateCost=2 alternateRouteDuration=61 cumulativeDelta=1
WIRE_ROAD_ALTERNATE_COST matchId=m-5103 day=0 agent=0 fingerprint=c40da390 commandIndex=16 sourcePosition=64 localTraffic=CLEAR alternateTraffic=JAMMED localCost=1 alternateCost=4 alternateRouteDuration=63 cumulativeDelta=3
WIRE_ROAD_ALTERNATE_COST matchId=m-5103 day=0 agent=0 fingerprint=c40da390 commandIndex=17 sourcePosition=65 localTraffic=CLEAR alternateTraffic=CONGESTED localCost=1 alternateCost=2 alternateRouteDuration=61 cumulativeDelta=1
WIRE_ROAD_ALTERNATE_COST matchId=m-5103 day=0 agent=0 fingerprint=c40da390 commandIndex=17 sourcePosition=65 localTraffic=CLEAR alternateTraffic=JAMMED localCost=1 alternateCost=4 alternateRouteDuration=63 cumulativeDelta=3
WIRE_MOVEMENT_DURATION_TRACE matchId=m-5103 day=0 agent=1 fingerprint=c40da390 commandIndex=0 wireValue=5 actionType=MOVE sourcePosition=125 destinationPosition=124 sourceTerrain=PLAIN rawTrafficValue=NA decodedTrafficState=NA localStartStep=0 localStepCost=2 localEndStep=2 patrolFuelCost=1
WIRE_MOVEMENT_DURATION_TRACE matchId=m-5103 day=0 agent=1 fingerprint=c40da390 commandIndex=1 wireValue=0 actionType=MOVE sourcePosition=124 destinationPosition=112 sourceTerrain=PLAIN rawTrafficValue=NA decodedTrafficState=NA localStartStep=2 localStepCost=2 localEndStep=4 patrolFuelCost=1
WIRE_MOVEMENT_DURATION_TRACE matchId=m-5103 day=0 agent=1 fingerprint=c40da390 commandIndex=2 wireValue=5 actionType=MOVE sourcePosition=112 destinationPosition=111 sourceTerrain=PLAIN rawTrafficValue=NA decodedTrafficState=NA localStartStep=4 localStepCost=2 localEndStep=6 patrolFuelCost=1
WIRE_MOVEMENT_DURATION_TRACE matchId=m-5103 day=0 agent=1 fingerprint=c40da390 commandIndex=3 wireValue=5 actionType=MOVE sourcePosition=111 destinationPosition=110 sourceTerrain=ROAD rawTrafficValue=0 decodedTrafficState=CLEAR localStartStep=6 localStepCost=1 localEndStep=7 patrolFuelCost=2
WIRE_MOVEMENT_DURATION_TRACE matchId=m-5103 day=0 agent=1 fingerprint=c40da390 commandIndex=4 wireValue=2 actionType=MOVE sourcePosition=110 destinationPosition=111 sourceTerrain=PLAIN rawTrafficValue=NA decodedTrafficState=NA localStartStep=7 localStepCost=2 localEndStep=9 patrolFuelCost=1
WIRE_MOVEMENT_DURATION_TRACE matchId=m-5103 day=0 agent=1 fingerprint=c40da390 commandIndex=5 wireValue=2 actionType=MOVE sourcePosition=111 destinationPosition=112 sourceTerrain=ROAD rawTrafficValue=0 decodedTrafficState=CLEAR localStartStep=9 localStepCost=1 localEndStep=10 patrolFuelCost=2
WIRE_MOVEMENT_DURATION_TRACE matchId=m-5103 day=0 agent=1 fingerprint=c40da390 commandIndex=6 wireValue=2 actionType=MOVE sourcePosition=112 destinationPosition=113 sourceTerrain=PLAIN rawTrafficValue=NA decodedTrafficState=NA localStartStep=10 localStepCost=2 localEndStep=12 patrolFuelCost=1
WIRE_MOVEMENT_DURATION_TRACE matchId=m-5103 day=0 agent=1 fingerprint=c40da390 commandIndex=7 wireValue=2 actionType=MOVE sourcePosition=113 destinationPosition=114 sourceTerrain=PLAIN rawTrafficValue=NA decodedTrafficState=NA localStartStep=12 localStepCost=2 localEndStep=14 patrolFuelCost=1
WIRE_MOVEMENT_DURATION_TRACE matchId=m-5103 day=0 agent=1 fingerprint=c40da390 commandIndex=8 wireValue=2 actionType=MOVE sourcePosition=114 destinationPosition=115 sourceTerrain=PLAIN rawTrafficValue=NA decodedTrafficState=NA localStartStep=14 localStepCost=2 localEndStep=16 patrolFuelCost=1
WIRE_MOVEMENT_DURATION_TRACE matchId=m-5103 day=0 agent=1 fingerprint=c40da390 commandIndex=9 wireValue=2 actionType=MOVE sourcePosition=115 destinationPosition=116 sourceTerrain=PLAIN rawTrafficValue=NA decodedTrafficState=NA localStartStep=16 localStepCost=2 localEndStep=18 patrolFuelCost=1
WIRE_MOVEMENT_DURATION_TRACE matchId=m-5103 day=0 agent=1 fingerprint=c40da390 commandIndex=10 wireValue=3 actionType=MOVE sourcePosition=116 destinationPosition=128 sourceTerrain=PLAIN rawTrafficValue=NA decodedTrafficState=NA localStartStep=18 localStepCost=2 localEndStep=20 patrolFuelCost=1
WIRE_MOVEMENT_DURATION_TRACE matchId=m-5103 day=0 agent=1 fingerprint=c40da390 commandIndex=11 wireValue=0 actionType=MOVE sourcePosition=128 destinationPosition=116 sourceTerrain=PLAIN rawTrafficValue=NA decodedTrafficState=NA localStartStep=20 localStepCost=2 localEndStep=22 patrolFuelCost=1
WIRE_MOVEMENT_DURATION_TRACE matchId=m-5103 day=0 agent=1 fingerprint=c40da390 commandIndex=12 wireValue=0 actionType=MOVE sourcePosition=116 destinationPosition=103 sourceTerrain=PLAIN rawTrafficValue=NA decodedTrafficState=NA localStartStep=22 localStepCost=2 localEndStep=24 patrolFuelCost=1
WIRE_MOVEMENT_DURATION_TRACE matchId=m-5103 day=0 agent=1 fingerprint=c40da390 commandIndex=13 wireValue=1 actionType=MOVE sourcePosition=103 destinationPosition=92 sourceTerrain=PLAIN rawTrafficValue=NA decodedTrafficState=NA localStartStep=24 localStepCost=2 localEndStep=26 patrolFuelCost=1
WIRE_MOVEMENT_DURATION_TRACE matchId=m-5103 day=0 agent=1 fingerprint=c40da390 commandIndex=14 wireValue=1 actionType=MOVE sourcePosition=92 destinationPosition=80 sourceTerrain=PLAIN rawTrafficValue=NA decodedTrafficState=NA localStartStep=26 localStepCost=2 localEndStep=28 patrolFuelCost=1
WIRE_MOVEMENT_DURATION_TRACE matchId=m-5103 day=0 agent=1 fingerprint=c40da390 commandIndex=15 wireValue=1 actionType=MOVE sourcePosition=80 destinationPosition=69 sourceTerrain=ROAD rawTrafficValue=0 decodedTrafficState=CLEAR localStartStep=28 localStepCost=1 localEndStep=29 patrolFuelCost=2
WIRE_MOVEMENT_DURATION_TRACE matchId=m-5103 day=0 agent=1 fingerprint=c40da390 commandIndex=16 wireValue=0 actionType=MOVE sourcePosition=69 destinationPosition=56 sourceTerrain=PLAIN rawTrafficValue=NA decodedTrafficState=NA localStartStep=29 localStepCost=2 localEndStep=31 patrolFuelCost=1
WIRE_MOVEMENT_DURATION_TRACE matchId=m-5103 day=0 agent=1 fingerprint=c40da390 commandIndex=17 wireValue=1 actionType=MOVE sourcePosition=56 destinationPosition=45 sourceTerrain=PLAIN rawTrafficValue=NA decodedTrafficState=NA localStartStep=31 localStepCost=2 localEndStep=33 patrolFuelCost=1
WIRE_MOVEMENT_DURATION_TRACE matchId=m-5103 day=0 agent=1 fingerprint=c40da390 commandIndex=18 wireValue=1 actionType=MOVE sourcePosition=45 destinationPosition=33 sourceTerrain=PLAIN rawTrafficValue=NA decodedTrafficState=NA localStartStep=33 localStepCost=2 localEndStep=35 patrolFuelCost=1
WIRE_MOVEMENT_DURATION_TRACE matchId=m-5103 day=0 agent=1 fingerprint=c40da390 commandIndex=19 wireValue=1 actionType=MOVE sourcePosition=33 destinationPosition=22 sourceTerrain=PLAIN rawTrafficValue=NA decodedTrafficState=NA localStartStep=35 localStepCost=2 localEndStep=37 patrolFuelCost=1
WIRE_MOVEMENT_DURATION_TRACE matchId=m-5103 day=0 agent=1 fingerprint=c40da390 commandIndex=20 wireValue=0 actionType=MOVE sourcePosition=22 destinationPosition=9 sourceTerrain=PLAIN rawTrafficValue=NA decodedTrafficState=NA localStartStep=37 localStepCost=2 localEndStep=39 patrolFuelCost=1
WIRE_MOVEMENT_DURATION_TRACE matchId=m-5103 day=0 agent=1 fingerprint=c40da390 commandIndex=21 wireValue=5 actionType=MOVE sourcePosition=9 destinationPosition=8 sourceTerrain=PLAIN rawTrafficValue=NA decodedTrafficState=NA localStartStep=39 localStepCost=2 localEndStep=41 patrolFuelCost=1
WIRE_MOVEMENT_DURATION_TRACE matchId=m-5103 day=0 agent=1 fingerprint=c40da390 commandIndex=22 wireValue=5 actionType=MOVE sourcePosition=8 destinationPosition=7 sourceTerrain=PLAIN rawTrafficValue=NA decodedTrafficState=NA localStartStep=41 localStepCost=2 localEndStep=43 patrolFuelCost=1
WIRE_MOVEMENT_DURATION_TRACE matchId=m-5103 day=0 agent=1 fingerprint=c40da390 commandIndex=23 wireValue=5 actionType=MOVE sourcePosition=7 destinationPosition=6 sourceTerrain=PLAIN rawTrafficValue=NA decodedTrafficState=NA localStartStep=43 localStepCost=2 localEndStep=45 patrolFuelCost=1
WIRE_MOVEMENT_DURATION_TRACE matchId=m-5103 day=0 agent=1 fingerprint=c40da390 commandIndex=24 wireValue=5 actionType=MOVE sourcePosition=6 destinationPosition=5 sourceTerrain=PLAIN rawTrafficValue=NA decodedTrafficState=NA localStartStep=45 localStepCost=2 localEndStep=47 patrolFuelCost=1
WIRE_MOVEMENT_DURATION_TRACE matchId=m-5103 day=0 agent=1 fingerprint=c40da390 commandIndex=25 wireValue=5 actionType=MOVE sourcePosition=5 destinationPosition=4 sourceTerrain=PLAIN rawTrafficValue=NA decodedTrafficState=NA localStartStep=47 localStepCost=2 localEndStep=49 patrolFuelCost=1
WIRE_MOVEMENT_DURATION_TRACE matchId=m-5103 day=0 agent=1 fingerprint=c40da390 commandIndex=26 wireValue=5 actionType=MOVE sourcePosition=4 destinationPosition=3 sourceTerrain=ROAD rawTrafficValue=0 decodedTrafficState=CLEAR localStartStep=49 localStepCost=1 localEndStep=50 patrolFuelCost=2
WIRE_MOVEMENT_DURATION_TRACE matchId=m-5103 day=0 agent=1 fingerprint=c40da390 commandIndex=27 wireValue=-10 actionType=WAIT sourcePosition=3 destinationPosition=NA sourceTerrain=PLAIN rawTrafficValue=NA decodedTrafficState=NA localStartStep=50 localStepCost=10 localEndStep=60 patrolFuelCost=NA
WIRE_ROAD_ALTERNATE_COST matchId=m-5103 day=0 agent=1 fingerprint=c40da390 commandIndex=3 sourcePosition=111 localTraffic=CLEAR alternateTraffic=CONGESTED localCost=1 alternateCost=2 alternateRouteDuration=61 cumulativeDelta=1
WIRE_ROAD_ALTERNATE_COST matchId=m-5103 day=0 agent=1 fingerprint=c40da390 commandIndex=3 sourcePosition=111 localTraffic=CLEAR alternateTraffic=JAMMED localCost=1 alternateCost=4 alternateRouteDuration=63 cumulativeDelta=3
WIRE_ROAD_ALTERNATE_COST matchId=m-5103 day=0 agent=1 fingerprint=c40da390 commandIndex=5 sourcePosition=111 localTraffic=CLEAR alternateTraffic=CONGESTED localCost=1 alternateCost=2 alternateRouteDuration=61 cumulativeDelta=1
WIRE_ROAD_ALTERNATE_COST matchId=m-5103 day=0 agent=1 fingerprint=c40da390 commandIndex=5 sourcePosition=111 localTraffic=CLEAR alternateTraffic=JAMMED localCost=1 alternateCost=4 alternateRouteDuration=63 cumulativeDelta=3
WIRE_ROAD_ALTERNATE_COST matchId=m-5103 day=0 agent=1 fingerprint=c40da390 commandIndex=15 sourcePosition=80 localTraffic=CLEAR alternateTraffic=CONGESTED localCost=1 alternateCost=2 alternateRouteDuration=61 cumulativeDelta=1
WIRE_ROAD_ALTERNATE_COST matchId=m-5103 day=0 agent=1 fingerprint=c40da390 commandIndex=15 sourcePosition=80 localTraffic=CLEAR alternateTraffic=JAMMED localCost=1 alternateCost=4 alternateRouteDuration=63 cumulativeDelta=3
WIRE_ROAD_ALTERNATE_COST matchId=m-5103 day=0 agent=1 fingerprint=c40da390 commandIndex=26 sourcePosition=4 localTraffic=CLEAR alternateTraffic=CONGESTED localCost=1 alternateCost=2 alternateRouteDuration=61 cumulativeDelta=1
WIRE_ROAD_ALTERNATE_COST matchId=m-5103 day=0 agent=1 fingerprint=c40da390 commandIndex=26 sourcePosition=4 localTraffic=CLEAR alternateTraffic=JAMMED localCost=1 alternateCost=4 alternateRouteDuration=63 cumulativeDelta=3
WIRE_MOVEMENT_DURATION_TRACE matchId=m-5103 day=0 agent=2 fingerprint=c40da390 commandIndex=0 wireValue=1 actionType=MOVE sourcePosition=52 destinationPosition=41 sourceTerrain=PLAIN rawTrafficValue=NA decodedTrafficState=NA localStartStep=0 localStepCost=2 localEndStep=2 patrolFuelCost=1
WIRE_MOVEMENT_DURATION_TRACE matchId=m-5103 day=0 agent=2 fingerprint=c40da390 commandIndex=1 wireValue=1 actionType=MOVE sourcePosition=41 destinationPosition=29 sourceTerrain=PLAIN rawTrafficValue=NA decodedTrafficState=NA localStartStep=2 localStepCost=2 localEndStep=4 patrolFuelCost=1
WIRE_MOVEMENT_DURATION_TRACE matchId=m-5103 day=0 agent=2 fingerprint=c40da390 commandIndex=2 wireValue=0 actionType=MOVE sourcePosition=29 destinationPosition=17 sourceTerrain=PLAIN rawTrafficValue=NA decodedTrafficState=NA localStartStep=4 localStepCost=2 localEndStep=6 patrolFuelCost=1
WIRE_MOVEMENT_DURATION_TRACE matchId=m-5103 day=0 agent=2 fingerprint=c40da390 commandIndex=3 wireValue=0 actionType=MOVE sourcePosition=17 destinationPosition=4 sourceTerrain=PLAIN rawTrafficValue=NA decodedTrafficState=NA localStartStep=6 localStepCost=2 localEndStep=8 patrolFuelCost=1
WIRE_MOVEMENT_DURATION_TRACE matchId=m-5103 day=0 agent=2 fingerprint=c40da390 commandIndex=4 wireValue=5 actionType=MOVE sourcePosition=4 destinationPosition=3 sourceTerrain=ROAD rawTrafficValue=0 decodedTrafficState=CLEAR localStartStep=8 localStepCost=1 localEndStep=9 patrolFuelCost=2
WIRE_MOVEMENT_DURATION_TRACE matchId=m-5103 day=0 agent=2 fingerprint=c40da390 commandIndex=5 wireValue=2 actionType=MOVE sourcePosition=3 destinationPosition=4 sourceTerrain=PLAIN rawTrafficValue=NA decodedTrafficState=NA localStartStep=9 localStepCost=2 localEndStep=11 patrolFuelCost=1
WIRE_MOVEMENT_DURATION_TRACE matchId=m-5103 day=0 agent=2 fingerprint=c40da390 commandIndex=6 wireValue=2 actionType=MOVE sourcePosition=4 destinationPosition=5 sourceTerrain=ROAD rawTrafficValue=0 decodedTrafficState=CLEAR localStartStep=11 localStepCost=1 localEndStep=12 patrolFuelCost=2
WIRE_MOVEMENT_DURATION_TRACE matchId=m-5103 day=0 agent=2 fingerprint=c40da390 commandIndex=7 wireValue=2 actionType=MOVE sourcePosition=5 destinationPosition=6 sourceTerrain=PLAIN rawTrafficValue=NA decodedTrafficState=NA localStartStep=12 localStepCost=2 localEndStep=14 patrolFuelCost=1
WIRE_MOVEMENT_DURATION_TRACE matchId=m-5103 day=0 agent=2 fingerprint=c40da390 commandIndex=8 wireValue=2 actionType=MOVE sourcePosition=6 destinationPosition=7 sourceTerrain=PLAIN rawTrafficValue=NA decodedTrafficState=NA localStartStep=14 localStepCost=2 localEndStep=16 patrolFuelCost=1
WIRE_MOVEMENT_DURATION_TRACE matchId=m-5103 day=0 agent=2 fingerprint=c40da390 commandIndex=9 wireValue=2 actionType=MOVE sourcePosition=7 destinationPosition=8 sourceTerrain=PLAIN rawTrafficValue=NA decodedTrafficState=NA localStartStep=16 localStepCost=2 localEndStep=18 patrolFuelCost=1
WIRE_MOVEMENT_DURATION_TRACE matchId=m-5103 day=0 agent=2 fingerprint=c40da390 commandIndex=10 wireValue=2 actionType=MOVE sourcePosition=8 destinationPosition=9 sourceTerrain=PLAIN rawTrafficValue=NA decodedTrafficState=NA localStartStep=18 localStepCost=2 localEndStep=20 patrolFuelCost=1
WIRE_MOVEMENT_DURATION_TRACE matchId=m-5103 day=0 agent=2 fingerprint=c40da390 commandIndex=11 wireValue=3 actionType=MOVE sourcePosition=9 destinationPosition=22 sourceTerrain=PLAIN rawTrafficValue=NA decodedTrafficState=NA localStartStep=20 localStepCost=2 localEndStep=22 patrolFuelCost=1
WIRE_MOVEMENT_DURATION_TRACE matchId=m-5103 day=0 agent=2 fingerprint=c40da390 commandIndex=12 wireValue=3 actionType=MOVE sourcePosition=22 destinationPosition=34 sourceTerrain=PLAIN rawTrafficValue=NA decodedTrafficState=NA localStartStep=22 localStepCost=2 localEndStep=24 patrolFuelCost=1
WIRE_MOVEMENT_DURATION_TRACE matchId=m-5103 day=0 agent=2 fingerprint=c40da390 commandIndex=13 wireValue=3 actionType=MOVE sourcePosition=34 destinationPosition=47 sourceTerrain=PLAIN rawTrafficValue=NA decodedTrafficState=NA localStartStep=24 localStepCost=2 localEndStep=26 patrolFuelCost=1
WIRE_MOVEMENT_DURATION_TRACE matchId=m-5103 day=0 agent=2 fingerprint=c40da390 commandIndex=14 wireValue=3 actionType=MOVE sourcePosition=47 destinationPosition=59 sourceTerrain=PLAIN rawTrafficValue=NA decodedTrafficState=NA localStartStep=26 localStepCost=2 localEndStep=28 patrolFuelCost=1
WIRE_MOVEMENT_DURATION_TRACE matchId=m-5103 day=0 agent=2 fingerprint=c40da390 commandIndex=15 wireValue=4 actionType=MOVE sourcePosition=59 destinationPosition=71 sourceTerrain=PLAIN rawTrafficValue=NA decodedTrafficState=NA localStartStep=28 localStepCost=2 localEndStep=30 patrolFuelCost=1
WIRE_MOVEMENT_DURATION_TRACE matchId=m-5103 day=0 agent=2 fingerprint=c40da390 commandIndex=16 wireValue=4 actionType=MOVE sourcePosition=71 destinationPosition=82 sourceTerrain=PLAIN rawTrafficValue=NA decodedTrafficState=NA localStartStep=30 localStepCost=2 localEndStep=32 patrolFuelCost=1
WIRE_MOVEMENT_DURATION_TRACE matchId=m-5103 day=0 agent=2 fingerprint=c40da390 commandIndex=17 wireValue=4 actionType=MOVE sourcePosition=82 destinationPosition=94 sourceTerrain=ROAD rawTrafficValue=0 decodedTrafficState=CLEAR localStartStep=32 localStepCost=1 localEndStep=33 patrolFuelCost=2
WIRE_MOVEMENT_DURATION_TRACE matchId=m-5103 day=0 agent=2 fingerprint=c40da390 commandIndex=18 wireValue=4 actionType=MOVE sourcePosition=94 destinationPosition=105 sourceTerrain=PLAIN rawTrafficValue=NA decodedTrafficState=NA localStartStep=33 localStepCost=2 localEndStep=35 patrolFuelCost=1
WIRE_MOVEMENT_DURATION_TRACE matchId=m-5103 day=0 agent=2 fingerprint=c40da390 commandIndex=19 wireValue=4 actionType=MOVE sourcePosition=105 destinationPosition=117 sourceTerrain=PLAIN rawTrafficValue=NA decodedTrafficState=NA localStartStep=35 localStepCost=2 localEndStep=37 patrolFuelCost=1
WIRE_MOVEMENT_DURATION_TRACE matchId=m-5103 day=0 agent=2 fingerprint=c40da390 commandIndex=20 wireValue=4 actionType=MOVE sourcePosition=117 destinationPosition=128 sourceTerrain=PLAIN rawTrafficValue=NA decodedTrafficState=NA localStartStep=37 localStepCost=2 localEndStep=39 patrolFuelCost=1
WIRE_MOVEMENT_DURATION_TRACE matchId=m-5103 day=0 agent=2 fingerprint=c40da390 commandIndex=21 wireValue=5 actionType=MOVE sourcePosition=128 destinationPosition=127 sourceTerrain=PLAIN rawTrafficValue=NA decodedTrafficState=NA localStartStep=39 localStepCost=2 localEndStep=41 patrolFuelCost=1
WIRE_MOVEMENT_DURATION_TRACE matchId=m-5103 day=0 agent=2 fingerprint=c40da390 commandIndex=22 wireValue=5 actionType=MOVE sourcePosition=127 destinationPosition=126 sourceTerrain=MOUNTAIN rawTrafficValue=NA decodedTrafficState=NA localStartStep=41 localStepCost=3 localEndStep=44 patrolFuelCost=2
WIRE_MOVEMENT_DURATION_TRACE matchId=m-5103 day=0 agent=2 fingerprint=c40da390 commandIndex=23 wireValue=5 actionType=MOVE sourcePosition=126 destinationPosition=125 sourceTerrain=PLAIN rawTrafficValue=NA decodedTrafficState=NA localStartStep=44 localStepCost=2 localEndStep=46 patrolFuelCost=1
WIRE_MOVEMENT_DURATION_TRACE matchId=m-5103 day=0 agent=2 fingerprint=c40da390 commandIndex=24 wireValue=5 actionType=MOVE sourcePosition=125 destinationPosition=124 sourceTerrain=PLAIN rawTrafficValue=NA decodedTrafficState=NA localStartStep=46 localStepCost=2 localEndStep=48 patrolFuelCost=1
WIRE_MOVEMENT_DURATION_TRACE matchId=m-5103 day=0 agent=2 fingerprint=c40da390 commandIndex=25 wireValue=0 actionType=MOVE sourcePosition=124 destinationPosition=112 sourceTerrain=PLAIN rawTrafficValue=NA decodedTrafficState=NA localStartStep=48 localStepCost=2 localEndStep=50 patrolFuelCost=1
WIRE_MOVEMENT_DURATION_TRACE matchId=m-5103 day=0 agent=2 fingerprint=c40da390 commandIndex=26 wireValue=5 actionType=MOVE sourcePosition=112 destinationPosition=111 sourceTerrain=PLAIN rawTrafficValue=NA decodedTrafficState=NA localStartStep=50 localStepCost=2 localEndStep=52 patrolFuelCost=1
WIRE_MOVEMENT_DURATION_TRACE matchId=m-5103 day=0 agent=2 fingerprint=c40da390 commandIndex=27 wireValue=5 actionType=MOVE sourcePosition=111 destinationPosition=110 sourceTerrain=ROAD rawTrafficValue=0 decodedTrafficState=CLEAR localStartStep=52 localStepCost=1 localEndStep=53 patrolFuelCost=2
WIRE_MOVEMENT_DURATION_TRACE matchId=m-5103 day=0 agent=2 fingerprint=c40da390 commandIndex=28 wireValue=-7 actionType=WAIT sourcePosition=110 destinationPosition=NA sourceTerrain=PLAIN rawTrafficValue=NA decodedTrafficState=NA localStartStep=53 localStepCost=7 localEndStep=60 patrolFuelCost=NA
WIRE_ROAD_ALTERNATE_COST matchId=m-5103 day=0 agent=2 fingerprint=c40da390 commandIndex=4 sourcePosition=4 localTraffic=CLEAR alternateTraffic=CONGESTED localCost=1 alternateCost=2 alternateRouteDuration=61 cumulativeDelta=1
WIRE_ROAD_ALTERNATE_COST matchId=m-5103 day=0 agent=2 fingerprint=c40da390 commandIndex=4 sourcePosition=4 localTraffic=CLEAR alternateTraffic=JAMMED localCost=1 alternateCost=4 alternateRouteDuration=63 cumulativeDelta=3
WIRE_ROAD_ALTERNATE_COST matchId=m-5103 day=0 agent=2 fingerprint=c40da390 commandIndex=6 sourcePosition=4 localTraffic=CLEAR alternateTraffic=CONGESTED localCost=1 alternateCost=2 alternateRouteDuration=61 cumulativeDelta=1
WIRE_ROAD_ALTERNATE_COST matchId=m-5103 day=0 agent=2 fingerprint=c40da390 commandIndex=6 sourcePosition=4 localTraffic=CLEAR alternateTraffic=JAMMED localCost=1 alternateCost=4 alternateRouteDuration=63 cumulativeDelta=3
WIRE_ROAD_ALTERNATE_COST matchId=m-5103 day=0 agent=2 fingerprint=c40da390 commandIndex=17 sourcePosition=82 localTraffic=CLEAR alternateTraffic=CONGESTED localCost=1 alternateCost=2 alternateRouteDuration=61 cumulativeDelta=1
WIRE_ROAD_ALTERNATE_COST matchId=m-5103 day=0 agent=2 fingerprint=c40da390 commandIndex=17 sourcePosition=82 localTraffic=CLEAR alternateTraffic=JAMMED localCost=1 alternateCost=4 alternateRouteDuration=63 cumulativeDelta=3
WIRE_ROAD_ALTERNATE_COST matchId=m-5103 day=0 agent=2 fingerprint=c40da390 commandIndex=27 sourcePosition=111 localTraffic=CLEAR alternateTraffic=CONGESTED localCost=1 alternateCost=2 alternateRouteDuration=61 cumulativeDelta=1
WIRE_ROAD_ALTERNATE_COST matchId=m-5103 day=0 agent=2 fingerprint=c40da390 commandIndex=27 sourcePosition=111 localTraffic=CLEAR alternateTraffic=JAMMED localCost=1 alternateCost=4 alternateRouteDuration=63 cumulativeDelta=3
WIRE_MOVEMENT_DURATION_TRACE matchId=m-5103 day=0 agent=3 fingerprint=c40da390 commandIndex=0 wireValue=5 actionType=MOVE sourcePosition=30 destinationPosition=29 sourceTerrain=PLAIN rawTrafficValue=NA decodedTrafficState=NA localStartStep=0 localStepCost=2 localEndStep=2 patrolFuelCost=1
WIRE_MOVEMENT_DURATION_TRACE matchId=m-5103 day=0 agent=3 fingerprint=c40da390 commandIndex=1 wireValue=2 actionType=MOVE sourcePosition=29 destinationPosition=30 sourceTerrain=PLAIN rawTrafficValue=NA decodedTrafficState=NA localStartStep=2 localStepCost=2 localEndStep=4 patrolFuelCost=1
WIRE_MOVEMENT_DURATION_TRACE matchId=m-5103 day=0 agent=3 fingerprint=c40da390 commandIndex=2 wireValue=3 actionType=MOVE sourcePosition=30 destinationPosition=43 sourceTerrain=PLAIN rawTrafficValue=NA decodedTrafficState=NA localStartStep=4 localStepCost=2 localEndStep=6 patrolFuelCost=1
WIRE_MOVEMENT_DURATION_TRACE matchId=m-5103 day=0 agent=3 fingerprint=c40da390 commandIndex=3 wireValue=2 actionType=MOVE sourcePosition=43 destinationPosition=44 sourceTerrain=PLAIN rawTrafficValue=NA decodedTrafficState=NA localStartStep=6 localStepCost=2 localEndStep=8 patrolFuelCost=1
WIRE_MOVEMENT_DURATION_TRACE matchId=m-5103 day=0 agent=3 fingerprint=c40da390 commandIndex=4 wireValue=2 actionType=MOVE sourcePosition=44 destinationPosition=45 sourceTerrain=PLAIN rawTrafficValue=NA decodedTrafficState=NA localStartStep=8 localStepCost=2 localEndStep=10 patrolFuelCost=1
WIRE_MOVEMENT_DURATION_TRACE matchId=m-5103 day=0 agent=3 fingerprint=c40da390 commandIndex=5 wireValue=2 actionType=MOVE sourcePosition=45 destinationPosition=46 sourceTerrain=PLAIN rawTrafficValue=NA decodedTrafficState=NA localStartStep=10 localStepCost=2 localEndStep=12 patrolFuelCost=1
WIRE_MOVEMENT_DURATION_TRACE matchId=m-5103 day=0 agent=3 fingerprint=c40da390 commandIndex=6 wireValue=2 actionType=MOVE sourcePosition=46 destinationPosition=47 sourceTerrain=PLAIN rawTrafficValue=NA decodedTrafficState=NA localStartStep=12 localStepCost=2 localEndStep=14 patrolFuelCost=1
WIRE_MOVEMENT_DURATION_TRACE matchId=m-5103 day=0 agent=3 fingerprint=c40da390 commandIndex=7 wireValue=0 actionType=MOVE sourcePosition=47 destinationPosition=34 sourceTerrain=PLAIN rawTrafficValue=NA decodedTrafficState=NA localStartStep=14 localStepCost=2 localEndStep=16 patrolFuelCost=1
WIRE_MOVEMENT_DURATION_TRACE matchId=m-5103 day=0 agent=3 fingerprint=c40da390 commandIndex=8 wireValue=0 actionType=MOVE sourcePosition=34 destinationPosition=22 sourceTerrain=PLAIN rawTrafficValue=NA decodedTrafficState=NA localStartStep=16 localStepCost=2 localEndStep=18 patrolFuelCost=1
WIRE_MOVEMENT_DURATION_TRACE matchId=m-5103 day=0 agent=3 fingerprint=c40da390 commandIndex=9 wireValue=0 actionType=MOVE sourcePosition=22 destinationPosition=9 sourceTerrain=PLAIN rawTrafficValue=NA decodedTrafficState=NA localStartStep=18 localStepCost=2 localEndStep=20 patrolFuelCost=1
WIRE_MOVEMENT_DURATION_TRACE matchId=m-5103 day=0 agent=3 fingerprint=c40da390 commandIndex=10 wireValue=5 actionType=MOVE sourcePosition=9 destinationPosition=8 sourceTerrain=PLAIN rawTrafficValue=NA decodedTrafficState=NA localStartStep=20 localStepCost=2 localEndStep=22 patrolFuelCost=1
WIRE_MOVEMENT_DURATION_TRACE matchId=m-5103 day=0 agent=3 fingerprint=c40da390 commandIndex=11 wireValue=5 actionType=MOVE sourcePosition=8 destinationPosition=7 sourceTerrain=PLAIN rawTrafficValue=NA decodedTrafficState=NA localStartStep=22 localStepCost=2 localEndStep=24 patrolFuelCost=1
WIRE_MOVEMENT_DURATION_TRACE matchId=m-5103 day=0 agent=3 fingerprint=c40da390 commandIndex=12 wireValue=5 actionType=MOVE sourcePosition=7 destinationPosition=6 sourceTerrain=PLAIN rawTrafficValue=NA decodedTrafficState=NA localStartStep=24 localStepCost=2 localEndStep=26 patrolFuelCost=1
WIRE_MOVEMENT_DURATION_TRACE matchId=m-5103 day=0 agent=3 fingerprint=c40da390 commandIndex=13 wireValue=5 actionType=MOVE sourcePosition=6 destinationPosition=5 sourceTerrain=PLAIN rawTrafficValue=NA decodedTrafficState=NA localStartStep=26 localStepCost=2 localEndStep=28 patrolFuelCost=1
WIRE_MOVEMENT_DURATION_TRACE matchId=m-5103 day=0 agent=3 fingerprint=c40da390 commandIndex=14 wireValue=5 actionType=MOVE sourcePosition=5 destinationPosition=4 sourceTerrain=PLAIN rawTrafficValue=NA decodedTrafficState=NA localStartStep=28 localStepCost=2 localEndStep=30 patrolFuelCost=1
WIRE_MOVEMENT_DURATION_TRACE matchId=m-5103 day=0 agent=3 fingerprint=c40da390 commandIndex=15 wireValue=5 actionType=MOVE sourcePosition=4 destinationPosition=3 sourceTerrain=ROAD rawTrafficValue=0 decodedTrafficState=CLEAR localStartStep=30 localStepCost=1 localEndStep=31 patrolFuelCost=2
WIRE_MOVEMENT_DURATION_TRACE matchId=m-5103 day=0 agent=3 fingerprint=c40da390 commandIndex=16 wireValue=-29 actionType=WAIT sourcePosition=3 destinationPosition=NA sourceTerrain=PLAIN rawTrafficValue=NA decodedTrafficState=NA localStartStep=31 localStepCost=29 localEndStep=60 patrolFuelCost=NA
WIRE_ROAD_ALTERNATE_COST matchId=m-5103 day=0 agent=3 fingerprint=c40da390 commandIndex=15 sourcePosition=4 localTraffic=CLEAR alternateTraffic=CONGESTED localCost=1 alternateCost=2 alternateRouteDuration=61 cumulativeDelta=1
WIRE_ROAD_ALTERNATE_COST matchId=m-5103 day=0 agent=3 fingerprint=c40da390 commandIndex=15 sourcePosition=4 localTraffic=CLEAR alternateTraffic=JAMMED localCost=1 alternateCost=4 alternateRouteDuration=63 cumulativeDelta=3
WIRE_MOVEMENT_DURATION_TRACE matchId=m-5103 day=0 agent=4 fingerprint=c40da390 commandIndex=0 wireValue=4 actionType=MOVE sourcePosition=101 destinationPosition=113 sourceTerrain=PLAIN rawTrafficValue=NA decodedTrafficState=NA localStartStep=0 localStepCost=2 localEndStep=2 patrolFuelCost=1
WIRE_MOVEMENT_DURATION_TRACE matchId=m-5103 day=0 agent=4 fingerprint=c40da390 commandIndex=1 wireValue=4 actionType=MOVE sourcePosition=113 destinationPosition=124 sourceTerrain=PLAIN rawTrafficValue=NA decodedTrafficState=NA localStartStep=2 localStepCost=2 localEndStep=4 patrolFuelCost=1
WIRE_MOVEMENT_DURATION_TRACE matchId=m-5103 day=0 agent=4 fingerprint=c40da390 commandIndex=2 wireValue=0 actionType=MOVE sourcePosition=124 destinationPosition=112 sourceTerrain=PLAIN rawTrafficValue=NA decodedTrafficState=NA localStartStep=4 localStepCost=2 localEndStep=6 patrolFuelCost=1
WIRE_MOVEMENT_DURATION_TRACE matchId=m-5103 day=0 agent=4 fingerprint=c40da390 commandIndex=3 wireValue=5 actionType=MOVE sourcePosition=112 destinationPosition=111 sourceTerrain=PLAIN rawTrafficValue=NA decodedTrafficState=NA localStartStep=6 localStepCost=2 localEndStep=8 patrolFuelCost=1
WIRE_MOVEMENT_DURATION_TRACE matchId=m-5103 day=0 agent=4 fingerprint=c40da390 commandIndex=4 wireValue=5 actionType=MOVE sourcePosition=111 destinationPosition=110 sourceTerrain=ROAD rawTrafficValue=0 decodedTrafficState=CLEAR localStartStep=8 localStepCost=1 localEndStep=9 patrolFuelCost=2
WIRE_MOVEMENT_DURATION_TRACE matchId=m-5103 day=0 agent=4 fingerprint=c40da390 commandIndex=5 wireValue=0 actionType=MOVE sourcePosition=110 destinationPosition=97 sourceTerrain=PLAIN rawTrafficValue=NA decodedTrafficState=NA localStartStep=9 localStepCost=2 localEndStep=11 patrolFuelCost=1
WIRE_MOVEMENT_DURATION_TRACE matchId=m-5103 day=0 agent=4 fingerprint=c40da390 commandIndex=6 wireValue=0 actionType=MOVE sourcePosition=97 destinationPosition=85 sourceTerrain=PLAIN rawTrafficValue=NA decodedTrafficState=NA localStartStep=11 localStepCost=2 localEndStep=13 patrolFuelCost=1
WIRE_MOVEMENT_DURATION_TRACE matchId=m-5103 day=0 agent=4 fingerprint=c40da390 commandIndex=7 wireValue=5 actionType=MOVE sourcePosition=85 destinationPosition=84 sourceTerrain=MOUNTAIN rawTrafficValue=NA decodedTrafficState=NA localStartStep=13 localStepCost=3 localEndStep=16 patrolFuelCost=2
WIRE_MOVEMENT_DURATION_TRACE matchId=m-5103 day=0 agent=4 fingerprint=c40da390 commandIndex=8 wireValue=1 actionType=MOVE sourcePosition=84 destinationPosition=72 sourceTerrain=PLAIN rawTrafficValue=NA decodedTrafficState=NA localStartStep=16 localStepCost=2 localEndStep=18 patrolFuelCost=1
WIRE_MOVEMENT_DURATION_TRACE matchId=m-5103 day=0 agent=4 fingerprint=c40da390 commandIndex=9 wireValue=2 actionType=MOVE sourcePosition=72 destinationPosition=73 sourceTerrain=ROAD rawTrafficValue=0 decodedTrafficState=CLEAR localStartStep=18 localStepCost=1 localEndStep=19 patrolFuelCost=2
WIRE_MOVEMENT_DURATION_TRACE matchId=m-5103 day=0 agent=4 fingerprint=c40da390 commandIndex=10 wireValue=1 actionType=MOVE sourcePosition=73 destinationPosition=62 sourceTerrain=ROAD rawTrafficValue=0 decodedTrafficState=CLEAR localStartStep=19 localStepCost=1 localEndStep=20 patrolFuelCost=2
WIRE_MOVEMENT_DURATION_TRACE matchId=m-5103 day=0 agent=4 fingerprint=c40da390 commandIndex=11 wireValue=2 actionType=MOVE sourcePosition=62 destinationPosition=63 sourceTerrain=ROAD rawTrafficValue=0 decodedTrafficState=CLEAR localStartStep=20 localStepCost=1 localEndStep=21 patrolFuelCost=2
WIRE_MOVEMENT_DURATION_TRACE matchId=m-5103 day=0 agent=4 fingerprint=c40da390 commandIndex=12 wireValue=2 actionType=MOVE sourcePosition=63 destinationPosition=64 sourceTerrain=ROAD rawTrafficValue=0 decodedTrafficState=CLEAR localStartStep=21 localStepCost=1 localEndStep=22 patrolFuelCost=2
WIRE_MOVEMENT_DURATION_TRACE matchId=m-5103 day=0 agent=4 fingerprint=c40da390 commandIndex=13 wireValue=2 actionType=MOVE sourcePosition=64 destinationPosition=65 sourceTerrain=ROAD rawTrafficValue=0 decodedTrafficState=CLEAR localStartStep=22 localStepCost=1 localEndStep=23 patrolFuelCost=2
WIRE_MOVEMENT_DURATION_TRACE matchId=m-5103 day=0 agent=4 fingerprint=c40da390 commandIndex=14 wireValue=3 actionType=MOVE sourcePosition=65 destinationPosition=77 sourceTerrain=ROAD rawTrafficValue=0 decodedTrafficState=CLEAR localStartStep=23 localStepCost=1 localEndStep=24 patrolFuelCost=2
WIRE_MOVEMENT_DURATION_TRACE matchId=m-5103 day=0 agent=4 fingerprint=c40da390 commandIndex=15 wireValue=3 actionType=MOVE sourcePosition=77 destinationPosition=90 sourceTerrain=PLAIN rawTrafficValue=NA decodedTrafficState=NA localStartStep=24 localStepCost=2 localEndStep=26 patrolFuelCost=1
WIRE_MOVEMENT_DURATION_TRACE matchId=m-5103 day=0 agent=4 fingerprint=c40da390 commandIndex=16 wireValue=3 actionType=MOVE sourcePosition=90 destinationPosition=102 sourceTerrain=PLAIN rawTrafficValue=NA decodedTrafficState=NA localStartStep=26 localStepCost=2 localEndStep=28 patrolFuelCost=1
WIRE_MOVEMENT_DURATION_TRACE matchId=m-5103 day=0 agent=4 fingerprint=c40da390 commandIndex=17 wireValue=2 actionType=MOVE sourcePosition=102 destinationPosition=103 sourceTerrain=PLAIN rawTrafficValue=NA decodedTrafficState=NA localStartStep=28 localStepCost=2 localEndStep=30 patrolFuelCost=1
WIRE_MOVEMENT_DURATION_TRACE matchId=m-5103 day=0 agent=4 fingerprint=c40da390 commandIndex=18 wireValue=3 actionType=MOVE sourcePosition=103 destinationPosition=116 sourceTerrain=PLAIN rawTrafficValue=NA decodedTrafficState=NA localStartStep=30 localStepCost=2 localEndStep=32 patrolFuelCost=1
WIRE_MOVEMENT_DURATION_TRACE matchId=m-5103 day=0 agent=4 fingerprint=c40da390 commandIndex=19 wireValue=3 actionType=MOVE sourcePosition=116 destinationPosition=128 sourceTerrain=PLAIN rawTrafficValue=NA decodedTrafficState=NA localStartStep=32 localStepCost=2 localEndStep=34 patrolFuelCost=1
WIRE_MOVEMENT_DURATION_TRACE matchId=m-5103 day=0 agent=4 fingerprint=c40da390 commandIndex=20 wireValue=-26 actionType=WAIT sourcePosition=128 destinationPosition=NA sourceTerrain=PLAIN rawTrafficValue=NA decodedTrafficState=NA localStartStep=34 localStepCost=26 localEndStep=60 patrolFuelCost=NA
WIRE_ROAD_ALTERNATE_COST matchId=m-5103 day=0 agent=4 fingerprint=c40da390 commandIndex=4 sourcePosition=111 localTraffic=CLEAR alternateTraffic=CONGESTED localCost=1 alternateCost=2 alternateRouteDuration=61 cumulativeDelta=1
WIRE_ROAD_ALTERNATE_COST matchId=m-5103 day=0 agent=4 fingerprint=c40da390 commandIndex=4 sourcePosition=111 localTraffic=CLEAR alternateTraffic=JAMMED localCost=1 alternateCost=4 alternateRouteDuration=63 cumulativeDelta=3
WIRE_ROAD_ALTERNATE_COST matchId=m-5103 day=0 agent=4 fingerprint=c40da390 commandIndex=9 sourcePosition=72 localTraffic=CLEAR alternateTraffic=CONGESTED localCost=1 alternateCost=2 alternateRouteDuration=61 cumulativeDelta=1
WIRE_ROAD_ALTERNATE_COST matchId=m-5103 day=0 agent=4 fingerprint=c40da390 commandIndex=9 sourcePosition=72 localTraffic=CLEAR alternateTraffic=JAMMED localCost=1 alternateCost=4 alternateRouteDuration=63 cumulativeDelta=3
WIRE_ROAD_ALTERNATE_COST matchId=m-5103 day=0 agent=4 fingerprint=c40da390 commandIndex=10 sourcePosition=73 localTraffic=CLEAR alternateTraffic=CONGESTED localCost=1 alternateCost=2 alternateRouteDuration=61 cumulativeDelta=1
WIRE_ROAD_ALTERNATE_COST matchId=m-5103 day=0 agent=4 fingerprint=c40da390 commandIndex=10 sourcePosition=73 localTraffic=CLEAR alternateTraffic=JAMMED localCost=1 alternateCost=4 alternateRouteDuration=63 cumulativeDelta=3
WIRE_ROAD_ALTERNATE_COST matchId=m-5103 day=0 agent=4 fingerprint=c40da390 commandIndex=11 sourcePosition=62 localTraffic=CLEAR alternateTraffic=CONGESTED localCost=1 alternateCost=2 alternateRouteDuration=61 cumulativeDelta=1
WIRE_ROAD_ALTERNATE_COST matchId=m-5103 day=0 agent=4 fingerprint=c40da390 commandIndex=11 sourcePosition=62 localTraffic=CLEAR alternateTraffic=JAMMED localCost=1 alternateCost=4 alternateRouteDuration=63 cumulativeDelta=3
WIRE_ROAD_ALTERNATE_COST matchId=m-5103 day=0 agent=4 fingerprint=c40da390 commandIndex=12 sourcePosition=63 localTraffic=CLEAR alternateTraffic=CONGESTED localCost=1 alternateCost=2 alternateRouteDuration=61 cumulativeDelta=1
WIRE_ROAD_ALTERNATE_COST matchId=m-5103 day=0 agent=4 fingerprint=c40da390 commandIndex=12 sourcePosition=63 localTraffic=CLEAR alternateTraffic=JAMMED localCost=1 alternateCost=4 alternateRouteDuration=63 cumulativeDelta=3
WIRE_ROAD_ALTERNATE_COST matchId=m-5103 day=0 agent=4 fingerprint=c40da390 commandIndex=13 sourcePosition=64 localTraffic=CLEAR alternateTraffic=CONGESTED localCost=1 alternateCost=2 alternateRouteDuration=61 cumulativeDelta=1
WIRE_ROAD_ALTERNATE_COST matchId=m-5103 day=0 agent=4 fingerprint=c40da390 commandIndex=13 sourcePosition=64 localTraffic=CLEAR alternateTraffic=JAMMED localCost=1 alternateCost=4 alternateRouteDuration=63 cumulativeDelta=3
WIRE_ROAD_ALTERNATE_COST matchId=m-5103 day=0 agent=4 fingerprint=c40da390 commandIndex=14 sourcePosition=65 localTraffic=CLEAR alternateTraffic=CONGESTED localCost=1 alternateCost=2 alternateRouteDuration=61 cumulativeDelta=1
WIRE_ROAD_ALTERNATE_COST matchId=m-5103 day=0 agent=4 fingerprint=c40da390 commandIndex=14 sourcePosition=65 localTraffic=CLEAR alternateTraffic=JAMMED localCost=1 alternateCost=4 alternateRouteDuration=63 cumulativeDelta=3
WIRE_MOVEMENT_DURATION_TRACE matchId=m-5103 day=0 agent=5 fingerprint=c40da390 commandIndex=0 wireValue=-60 actionType=WAIT sourcePosition=71 destinationPosition=NA sourceTerrain=PLAIN rawTrafficValue=NA decodedTrafficState=NA localStartStep=0 localStepCost=60 localEndStep=60 patrolFuelCost=NA
RUNTIME_FAILED type=IllegalStateException message=Server rejected day 0 actions: type=action_result httpStatus=200 day=5 reason=E_STALE_DAY: không trong giai đoạn thi đấu
