CONFIG_LOADED baseUrl=https://procon.ptit.edu.vn matchId=m-5093 plannerMode=JOINT_TEAM_BEAM_V2 PROCON_TOKEN=<set>
SETUP_WAITING matchId=m-5093
SETUP_RECEIVED matchId=m-5093 agents=4 days=4
ASSIGNMENT_SUBMITTED matchId=m-5093 agents=4
ASSIGNMENT_ACCEPTED matchId=m-5093 agents=4
MATCH_STARTED matchId=m-5093
DAY_STATE_RECEIVED matchId=m-5093 day=0 agents=4
V2_JOINT_BEAM_START day=0 beamWidth=48 maxExpandedStates=64 maxChildrenPerState=24 maxNextTargetsPerAgent=4 fullTerminalEvaluationLimit=0
V2_PATHFINDING_AUDIT day=0 catalogPathfindingExecutions=11 searchPathfindingExecutions=0
V2_BEAM_DEPTH_SUMMARY day=0 depth=0 statesConsidered=1 expanded=1 candidateAttempts=24 infeasibleRoutes=0 topKTruncations=12 generatedChildren=15 uniqueChildren=1 duplicates=0 dominance=0 terminalCandidates=1 bestSecuredCollections=0 bestPotentialCollections=18
V2_BEAM_DEPTH_SUMMARY day=0 depth=1 statesConsidered=15 expanded=1 candidateAttempts=23 infeasibleRoutes=0 topKTruncations=11 generatedChildren=15 uniqueChildren=15 duplicates=0 dominance=0 terminalCandidates=15 bestSecuredCollections=1 bestPotentialCollections=18
V2_BEAM_DEPTH_SUMMARY day=0 depth=2 statesConsidered=15 expanded=1 candidateAttempts=20 infeasibleRoutes=0 topKTruncations=8 generatedChildren=15 uniqueChildren=15 duplicates=0 dominance=0 terminalCandidates=15 bestSecuredCollections=2 bestPotentialCollections=18
V2_BEAM_DEPTH_SUMMARY day=0 depth=3 statesConsidered=15 expanded=3 candidateAttempts=49 infeasibleRoutes=3 topKTruncations=13 generatedChildren=42 uniqueChildren=15 duplicates=0 dominance=0 terminalCandidates=15 bestSecuredCollections=4 bestPotentialCollections=18
V2_BEAM_DEPTH_SUMMARY day=0 depth=4 statesConsidered=42 expanded=12 candidateAttempts=181 infeasibleRoutes=12 topKTruncations=37 generatedChildren=168 uniqueChildren=40 duplicates=2 dominance=0 terminalCandidates=40 bestSecuredCollections=6 bestPotentialCollections=18
V2_BEAM_DEPTH_SUMMARY day=0 depth=5 statesConsidered=168 expanded=19 candidateAttempts=260 infeasibleRoutes=17 topKTruncations=35 generatedChildren=265 uniqueChildren=152 duplicates=16 dominance=0 terminalCandidates=152 bestSecuredCollections=7 bestPotentialCollections=18
V2_BEAM_DEPTH_SUMMARY day=0 depth=6 statesConsidered=265 expanded=18 candidateAttempts=225 infeasibleRoutes=9 topKTruncations=19 generatedChildren=251 uniqueChildren=242 duplicates=23 dominance=0 terminalCandidates=242 bestSecuredCollections=8 bestPotentialCollections=18
V2_BEAM_DEPTH_SUMMARY day=0 depth=7 statesConsidered=251 expanded=9 candidateAttempts=100 infeasibleRoutes=2 topKTruncations=6 generatedChildren=119 uniqueChildren=227 duplicates=24 dominance=0 terminalCandidates=227 bestSecuredCollections=9 bestPotentialCollections=18
V2_BEAM_DEPTH_SUMMARY day=0 depth=8 statesConsidered=119 expanded=0 candidateAttempts=0 infeasibleRoutes=0 topKTruncations=0 generatedChildren=0 uniqueChildren=105 duplicates=13 dominance=1 terminalCandidates=105 bestSecuredCollections=10 bestPotentialCollections=17
V2_TERMINAL_PORTFOLIO day=0 rank=1 ownSemiBrands=4 ownSemiCollections=10 coupledOwnCollections=8 baselineOpponentCollections=13 coupledOpponentCollections=9 hybridMarginScore4=-10 strategicDecisionCount=8 movementCommandCount=58 signature=0:MUP_RIGHT,MUP_RIGHT,MUP_RIGHT,MUP_RIGHT,MUP_RIGHT,MRIGHT,MDOWN_RIGHT,MLEFT,MLEFT,MLEFT,MLEFT,MLEFT,W6,;1:MLEFT,MLEFT,MDOWN_LEFT,MLEFT,MUP_LEFT,MUP_LEFT,MUP_LEFT,MUP_RIGHT,MUP_RIGHT,W16,;2:MLEFT,MUP_RIGHT,MRIGHT,MRIGHT,MDOWN_RIGHT,MDOWN_LEFT,MDOWN_LEFT,MDOWN_LEFT,MDOWN_RIGHT,MDOWN_RIGHT,MDOWN_RIGHT,W10,;3:W30,;
V2_TERMINAL_PORTFOLIO day=0 rank=2 ownSemiBrands=4 ownSemiCollections=10 coupledOwnCollections=8 baselineOpponentCollections=13 coupledOpponentCollections=10 hybridMarginScore4=-11 strategicDecisionCount=8 movementCommandCount=58 signature=0:MUP_RIGHT,MUP_RIGHT,MUP_RIGHT,MUP_RIGHT,MUP_RIGHT,MRIGHT,MDOWN_RIGHT,W16,;1:MLEFT,MLEFT,MDOWN_LEFT,MLEFT,MUP_LEFT,MUP_LEFT,MUP_LEFT,MUP_RIGHT,MUP_RIGHT,MRIGHT,MRIGHT,MRIGHT,MRIGHT,MRIGHT,W6,;2:MLEFT,MUP_RIGHT,MRIGHT,MRIGHT,MDOWN_RIGHT,MDOWN_LEFT,MDOWN_LEFT,MDOWN_LEFT,MDOWN_RIGHT,MDOWN_RIGHT,MDOWN_RIGHT,W10,;3:W30,;
V2_TERMINAL_PORTFOLIO day=0 rank=3 ownSemiBrands=4 ownSemiCollections=9 coupledOwnCollections=8 baselineOpponentCollections=13 coupledOpponentCollections=10 hybridMarginScore4=-14 strategicDecisionCount=8 movementCommandCount=52 signature=0:MUP_RIGHT,MUP_RIGHT,MUP_RIGHT,MUP_RIGHT,MUP_RIGHT,MRIGHT,MDOWN_RIGHT,W16,;1:MLEFT,MLEFT,MDOWN_LEFT,MLEFT,MUP_LEFT,MUP_LEFT,MUP_LEFT,MUP_RIGHT,MUP_RIGHT,MRIGHT,MRIGHT,W12,;2:MLEFT,MUP_RIGHT,MRIGHT,MRIGHT,MDOWN_RIGHT,MDOWN_LEFT,MDOWN_LEFT,MDOWN_LEFT,MDOWN_RIGHT,MDOWN_RIGHT,MDOWN_RIGHT,W10,;3:W30,;
V2_TERMINAL_PORTFOLIO day=0 rank=4 ownSemiBrands=4 ownSemiCollections=9 coupledOwnCollections=7 baselineOpponentCollections=13 coupledOpponentCollections=10 hybridMarginScore4=-15 strategicDecisionCount=7 movementCommandCount=50 signature=0:MUP_RIGHT,MUP_RIGHT,MUP_RIGHT,MUP_RIGHT,MUP_RIGHT,MRIGHT,MDOWN_RIGHT,MLEFT,MLEFT,MLEFT,MLEFT,MLEFT,W6,;1:MLEFT,MLEFT,MDOWN_LEFT,MLEFT,W24,;2:MLEFT,MUP_RIGHT,MRIGHT,MRIGHT,MDOWN_RIGHT,MDOWN_LEFT,MDOWN_LEFT,MDOWN_LEFT,MDOWN_RIGHT,MDOWN_RIGHT,MDOWN_RIGHT,W10,;3:W30,;
V2_TERMINAL_PORTFOLIO day=0 rank=5 ownSemiBrands=4 ownSemiCollections=9 coupledOwnCollections=7 baselineOpponentCollections=13 coupledOpponentCollections=11 hybridMarginScore4=-16 strategicDecisionCount=7 movementCommandCount=58 signature=0:MUP_RIGHT,MUP_RIGHT,MUP_RIGHT,MUP_RIGHT,MUP_RIGHT,MRIGHT,MDOWN_RIGHT,W16,;1:MLEFT,MLEFT,MDOWN_LEFT,MLEFT,MUP_LEFT,MUP_LEFT,MUP_LEFT,MUP_RIGHT,MUP_RIGHT,MUP_RIGHT,MUP_LEFT,MLEFT,MDOWN_LEFT,MLEFT,W6,;2:MLEFT,MUP_RIGHT,MRIGHT,MRIGHT,MDOWN_RIGHT,MDOWN_LEFT,MDOWN_LEFT,MDOWN_LEFT,MDOWN_RIGHT,MDOWN_RIGHT,MDOWN_RIGHT,W10,;3:W30,;
V2_TIMING_BREAKDOWN day=0 catalogMillis=22 searchMillis=453 terminalEvaluationMillis=2074 totalMillis=2549 fullCoupledEvaluationCount=812
V2_JOINT_BEAM_DONE day=0 beamWidth=48 maxExpandedStates=64 expanded=64 generatedChildren=890 uniqueStates=812 duplicateStatesRejected=78 dominatedStatesRejected=1 terminalStates=812 stageATerminalEvaluations=812 terminalPlansEvaluated=812 selectedOwnSemiBrands=4 selectedOwnSemiCollections=10 selectedCoupledOwnCollections=8 selectedBaselineOpponentCollections=13 selectedCoupledOpponentCollections=9 selectedHybridOwnScore4=38 selectedHybridOpponentScore4=48 selectedHybridMarginScore4=-10 catalogPathfindingExecutions=11 searchPathfindingExecutions=0 planningMillis=2549
LOCAL_PLAN_VALID matchId=m-5093 day=0 mode=JointTeamBeamPlanner
ACTION_REQUEST_FINGERPRINT matchId=m-5093 day=0 agentCount=4 serializedLength=88 fingerprint=92c91a41
ACTION_DURATION_AUDIT matchId=m-5093 day=0 agent=0 dayBudget=30 plannerDuration=30 validatedDuration=30 encodedDuration=30 actionCount=13 finalAction=WAIT(6) paddingApplied=false
ACTION_WIRE_REPLAY_AUDIT matchId=m-5093 day=0 agent=0 dayBudget=30 simulatedDuration=30 wireReplayDuration=30 simulatedEndPosition=18 wireReplayEndPosition=18 simulatedPatrolFuel=48 wireReplayPatrolFuel=48 actionCount=13 durationMatch=true positionMatch=true fuelMatch=true fuelCheckReason=finiteFuelCompared
ACTION_DURATION_AUDIT matchId=m-5093 day=0 agent=1 dayBudget=30 plannerDuration=30 validatedDuration=30 encodedDuration=30 actionCount=10 finalAction=WAIT(16) paddingApplied=false
ACTION_WIRE_REPLAY_AUDIT matchId=m-5093 day=0 agent=1 dayBudget=30 simulatedDuration=30 wireReplayDuration=30 simulatedEndPosition=18 wireReplayEndPosition=18 simulatedPatrolFuel=47 wireReplayPatrolFuel=47 actionCount=10 durationMatch=true positionMatch=true fuelMatch=true fuelCheckReason=finiteFuelCompared
ACTION_DURATION_AUDIT matchId=m-5093 day=0 agent=2 dayBudget=30 plannerDuration=30 validatedDuration=30 encodedDuration=30 actionCount=12 finalAction=WAIT(10) paddingApplied=false
ACTION_WIRE_REPLAY_AUDIT matchId=m-5093 day=0 agent=2 dayBudget=30 simulatedDuration=30 wireReplayDuration=30 simulatedEndPosition=59 wireReplayEndPosition=59 simulatedPatrolFuel=47 wireReplayPatrolFuel=47 actionCount=12 durationMatch=true positionMatch=true fuelMatch=true fuelCheckReason=finiteFuelCompared
ACTION_DURATION_AUDIT matchId=m-5093 day=0 agent=3 dayBudget=30 plannerDuration=30 validatedDuration=30 encodedDuration=30 actionCount=1 finalAction=WAIT(30) paddingApplied=false
ACTION_WIRE_REPLAY_AUDIT matchId=m-5093 day=0 agent=3 dayBudget=30 simulatedDuration=30 wireReplayDuration=30 simulatedEndPosition=56 wireReplayEndPosition=56 simulatedPatrolFuel=UNAVAILABLE wireReplayPatrolFuel=UNAVAILABLE actionCount=1 durationMatch=true positionMatch=true fuelMatch=NA fuelCheckReason=nonPatrolOrUnavailableFuel
ACTIONS_SUBMITTED matchId=m-5093 day=0 fingerprint=92c91a41
ACTION_RESPONSE_DAY_OBSERVED matchId=m-5093 submittedDay=0 responseDay=1 delta=1 fingerprint=92c91a41
UDON_OBSERVABILITY matchId=m-5093 day=0 predictedDayUdon=10 authoritativeActual=UNAVAILABLE
ACTIONS_ACCEPTED matchId=m-5093 day=0
DAY_STATE_RECEIVED matchId=m-5093 day=0 agents=4
DAY_STATE_RECEIVED matchId=m-5093 day=0 agents=4
DAY_STATE_RECEIVED matchId=m-5093 day=0 agents=4
DAY_STATE_RECEIVED matchId=m-5093 day=0 agents=4
DAY_STATE_RECEIVED matchId=m-5093 day=0 agents=4
DAY_STATE_RECEIVED matchId=m-5093 day=0 agents=4
DAY_STATE_RECEIVED matchId=m-5093 day=0 agents=4
DAY_STATE_RECEIVED matchId=m-5093 day=0 agents=4
DAY_STATE_RECEIVED matchId=m-5093 day=0 agents=4
DAY_STATE_RECEIVED matchId=m-5093 day=1 agents=4
PARITY_OBSERVED matchId=m-5093 day=0 position=MATCH patrolFuel=MATCH
DAY_ADVANCED matchId=m-5093 from=0 to=1
V2_JOINT_BEAM_START day=1 beamWidth=48 maxExpandedStates=64 maxChildrenPerState=24 maxNextTargetsPerAgent=4 fullTerminalEvaluationLimit=0
V2_PATHFINDING_AUDIT day=1 catalogPathfindingExecutions=8 searchPathfindingExecutions=0
V2_BEAM_DEPTH_SUMMARY day=1 depth=0 statesConsidered=4 expanded=1 candidateAttempts=21 infeasibleRoutes=0 topKTruncations=9 generatedChildren=15 uniqueChildren=4 duplicates=0 dominance=0 terminalCandidates=4 bestSecuredCollections=3 bestPotentialCollections=18
V2_BEAM_DEPTH_SUMMARY day=1 depth=1 statesConsidered=15 expanded=1 candidateAttempts=17 infeasibleRoutes=0 topKTruncations=5 generatedChildren=15 uniqueChildren=15 duplicates=0 dominance=0 terminalCandidates=15 bestSecuredCollections=5 bestPotentialCollections=18
V2_BEAM_DEPTH_SUMMARY day=1 depth=2 statesConsidered=15 expanded=6 candidateAttempts=81 infeasibleRoutes=0 topKTruncations=10 generatedChildren=89 uniqueChildren=15 duplicates=0 dominance=0 terminalCandidates=15 bestSecuredCollections=7 bestPotentialCollections=18
V2_BEAM_DEPTH_SUMMARY day=1 depth=3 statesConsidered=89 expanded=32 candidateAttempts=373 infeasibleRoutes=11 topKTruncations=11 generatedChildren=447 uniqueChildren=81 duplicates=8 dominance=0 terminalCandidates=81 bestSecuredCollections=8 bestPotentialCollections=18
V2_BEAM_DEPTH_SUMMARY day=1 depth=4 statesConsidered=447 expanded=24 candidateAttempts=253 infeasibleRoutes=9 topKTruncations=2 generatedChildren=314 uniqueChildren=377 duplicates=68 dominance=2 terminalCandidates=377 bestSecuredCollections=9 bestPotentialCollections=18
V2_BEAM_DEPTH_SUMMARY day=1 depth=5 statesConsidered=314 expanded=0 candidateAttempts=0 infeasibleRoutes=0 topKTruncations=0 generatedChildren=0 uniqueChildren=295 duplicates=17 dominance=2 terminalCandidates=295 bestSecuredCollections=10 bestPotentialCollections=17
V2_TERMINAL_PORTFOLIO day=1 rank=1 ownSemiBrands=4 ownSemiCollections=10 coupledOwnCollections=9 baselineOpponentCollections=13 coupledOpponentCollections=9 hybridMarginScore4=-9 strategicDecisionCount=5 movementCommandCount=54 signature=0:MRIGHT,MRIGHT,MRIGHT,MRIGHT,MRIGHT,MDOWN_LEFT,MDOWN_LEFT,MDOWN_LEFT,MDOWN_LEFT,MLEFT,MDOWN_LEFT,MLEFT,W8,;1:MRIGHT,MRIGHT,MRIGHT,MRIGHT,MRIGHT,MUP_LEFT,MLEFT,W16,;2:MUP_LEFT,MUP_LEFT,MUP_LEFT,MUP_RIGHT,MUP_RIGHT,MUP_RIGHT,MUP_LEFT,MLEFT,MDOWN_LEFT,MLEFT,W12,;3:W30,;
V2_TERMINAL_PORTFOLIO day=1 rank=2 ownSemiBrands=4 ownSemiCollections=10 coupledOwnCollections=7 baselineOpponentCollections=13 coupledOpponentCollections=8 hybridMarginScore4=-10 strategicDecisionCount=5 movementCommandCount=44 signature=0:MRIGHT,MDOWN_RIGHT,MDOWN_RIGHT,MDOWN_LEFT,MDOWN_LEFT,MDOWN_LEFT,W18,;1:MRIGHT,MRIGHT,MRIGHT,MRIGHT,MRIGHT,MUP_LEFT,MLEFT,W16,;2:MUP_LEFT,MUP_LEFT,MUP_LEFT,MUP_RIGHT,MUP_RIGHT,MUP_RIGHT,MUP_LEFT,MLEFT,MDOWN_LEFT,MLEFT,W12,;3:W30,;
V2_TERMINAL_PORTFOLIO day=1 rank=3 ownSemiBrands=4 ownSemiCollections=10 coupledOwnCollections=8 baselineOpponentCollections=13 coupledOpponentCollections=10 hybridMarginScore4=-11 strategicDecisionCount=5 movementCommandCount=48 signature=0:MUP_RIGHT,MUP_LEFT,MLEFT,MDOWN_LEFT,MLEFT,W20,;1:MRIGHT,MRIGHT,MRIGHT,MRIGHT,MRIGHT,MUP_LEFT,MLEFT,MDOWN_LEFT,MDOWN_LEFT,MDOWN_LEFT,MDOWN_LEFT,MDOWN_LEFT,MDOWN_LEFT,W4,;2:MUP_RIGHT,MRIGHT,MRIGHT,MUP_RIGHT,MUP_RIGHT,MUP_RIGHT,MUP_RIGHT,W18,;3:W30,;
V2_TERMINAL_PORTFOLIO day=1 rank=4 ownSemiBrands=4 ownSemiCollections=10 coupledOwnCollections=7 baselineOpponentCollections=13 coupledOpponentCollections=10 hybridMarginScore4=-12 strategicDecisionCount=5 movementCommandCount=48 signature=0:MRIGHT,MRIGHT,MRIGHT,MRIGHT,MRIGHT,MDOWN_LEFT,MDOWN_LEFT,MDOWN_LEFT,MDOWN_LEFT,MLEFT,MDOWN_LEFT,MLEFT,W8,;1:MRIGHT,MRIGHT,MRIGHT,MRIGHT,MRIGHT,MUP_LEFT,MLEFT,MDOWN_LEFT,MDOWN_LEFT,MDOWN_LEFT,MDOWN_LEFT,MDOWN_LEFT,MDOWN_LEFT,W4,;2:W30,;3:W30,;
V2_TERMINAL_PORTFOLIO day=1 rank=5 ownSemiBrands=4 ownSemiCollections=10 coupledOwnCollections=7 baselineOpponentCollections=13 coupledOpponentCollections=10 hybridMarginScore4=-12 strategicDecisionCount=5 movementCommandCount=46 signature=0:MDOWN_LEFT,MDOWN_LEFT,MDOWN_RIGHT,MDOWN_RIGHT,MDOWN_RIGHT,W22,;1:MRIGHT,MRIGHT,MRIGHT,MRIGHT,MRIGHT,MUP_LEFT,MLEFT,MDOWN_LEFT,MDOWN_LEFT,MDOWN_LEFT,MDOWN_LEFT,MDOWN_LEFT,MDOWN_LEFT,W4,;2:MUP_RIGHT,MRIGHT,MRIGHT,MUP_RIGHT,MUP_RIGHT,MUP_RIGHT,MUP_RIGHT,W18,;3:W30,;
V2_TIMING_BREAKDOWN day=1 catalogMillis=2 searchMillis=220 terminalEvaluationMillis=1984 totalMillis=2206 fullCoupledEvaluationCount=787
V2_JOINT_BEAM_DONE day=1 beamWidth=48 maxExpandedStates=64 expanded=64 generatedChildren=880 uniqueStates=787 duplicateStatesRejected=93 dominatedStatesRejected=4 terminalStates=787 stageATerminalEvaluations=787 terminalPlansEvaluated=787 selectedOwnSemiBrands=4 selectedOwnSemiCollections=10 selectedCoupledOwnCollections=9 selectedBaselineOpponentCollections=13 selectedCoupledOpponentCollections=9 selectedHybridOwnScore4=39 selectedHybridOpponentScore4=48 selectedHybridMarginScore4=-9 catalogPathfindingExecutions=8 searchPathfindingExecutions=0 planningMillis=2206
LOCAL_PLAN_VALID matchId=m-5093 day=1 mode=JointTeamBeamPlanner
ACTION_REQUEST_FINGERPRINT matchId=m-5093 day=1 agentCount=4 serializedLength=82 fingerprint=43b6217d
ACTION_DURATION_AUDIT matchId=m-5093 day=1 agent=0 dayBudget=30 plannerDuration=30 validatedDuration=30 encodedDuration=30 actionCount=13 finalAction=WAIT(8) paddingApplied=false
ACTION_WIRE_REPLAY_AUDIT matchId=m-5093 day=1 agent=0 dayBudget=30 simulatedDuration=30 wireReplayDuration=30 simulatedEndPosition=59 wireReplayEndPosition=59 simulatedPatrolFuel=32 wireReplayPatrolFuel=32 actionCount=13 durationMatch=true positionMatch=true fuelMatch=true fuelCheckReason=finiteFuelCompared
ACTION_DURATION_AUDIT matchId=m-5093 day=1 agent=1 dayBudget=30 plannerDuration=30 validatedDuration=30 encodedDuration=30 actionCount=8 finalAction=WAIT(16) paddingApplied=false
ACTION_WIRE_REPLAY_AUDIT matchId=m-5093 day=1 agent=1 dayBudget=30 simulatedDuration=30 wireReplayDuration=30 simulatedEndPosition=14 wireReplayEndPosition=14 simulatedPatrolFuel=40 wireReplayPatrolFuel=40 actionCount=8 durationMatch=true positionMatch=true fuelMatch=true fuelCheckReason=finiteFuelCompared
ACTION_DURATION_AUDIT matchId=m-5093 day=1 agent=2 dayBudget=30 plannerDuration=30 validatedDuration=30 encodedDuration=30 actionCount=11 finalAction=WAIT(12) paddingApplied=false
ACTION_WIRE_REPLAY_AUDIT matchId=m-5093 day=1 agent=2 dayBudget=30 simulatedDuration=30 wireReplayDuration=30 simulatedEndPosition=8 wireReplayEndPosition=8 simulatedPatrolFuel=35 wireReplayPatrolFuel=35 actionCount=11 durationMatch=true positionMatch=true fuelMatch=true fuelCheckReason=finiteFuelCompared
ACTION_DURATION_AUDIT matchId=m-5093 day=1 agent=3 dayBudget=30 plannerDuration=30 validatedDuration=30 encodedDuration=30 actionCount=1 finalAction=WAIT(30) paddingApplied=false
ACTION_WIRE_REPLAY_AUDIT matchId=m-5093 day=1 agent=3 dayBudget=30 simulatedDuration=30 wireReplayDuration=30 simulatedEndPosition=56 wireReplayEndPosition=56 simulatedPatrolFuel=UNAVAILABLE wireReplayPatrolFuel=UNAVAILABLE actionCount=1 durationMatch=true positionMatch=true fuelMatch=NA fuelCheckReason=nonPatrolOrUnavailableFuel
ACTIONS_SUBMITTED matchId=m-5093 day=1 fingerprint=43b6217d
ACTION_RESPONSE_DAY_OBSERVED matchId=m-5093 submittedDay=1 responseDay=2 delta=1 fingerprint=43b6217d
UDON_OBSERVABILITY matchId=m-5093 day=1 predictedDayUdon=10 authoritativeActual=UNAVAILABLE
ACTIONS_ACCEPTED matchId=m-5093 day=1
DAY_STATE_RECEIVED matchId=m-5093 day=1 agents=4
DAY_STATE_RECEIVED matchId=m-5093 day=1 agents=4
DAY_STATE_RECEIVED matchId=m-5093 day=1 agents=4
DAY_STATE_RECEIVED matchId=m-5093 day=1 agents=4
DAY_STATE_RECEIVED matchId=m-5093 day=1 agents=4
DAY_STATE_RECEIVED matchId=m-5093 day=1 agents=4
DAY_STATE_RECEIVED matchId=m-5093 day=1 agents=4
DAY_STATE_RECEIVED matchId=m-5093 day=1 agents=4
DAY_STATE_RECEIVED matchId=m-5093 day=1 agents=4
DAY_STATE_RECEIVED matchId=m-5093 day=2 agents=4
PARITY_OBSERVED matchId=m-5093 day=1 position=MATCH patrolFuel=MATCH
DAY_ADVANCED matchId=m-5093 from=1 to=2
V2_JOINT_BEAM_START day=2 beamWidth=48 maxExpandedStates=64 maxChildrenPerState=24 maxNextTargetsPerAgent=4 fullTerminalEvaluationLimit=0
V2_PATHFINDING_AUDIT day=2 catalogPathfindingExecutions=8 searchPathfindingExecutions=0
V2_BEAM_DEPTH_SUMMARY day=2 depth=0 statesConsidered=4 expanded=1 candidateAttempts=19 infeasibleRoutes=0 topKTruncations=7 generatedChildren=15 uniqueChildren=4 duplicates=0 dominance=0 terminalCandidates=4 bestSecuredCollections=3 bestPotentialCollections=18
V2_BEAM_DEPTH_SUMMARY day=2 depth=1 statesConsidered=15 expanded=2 candidateAttempts=31 infeasibleRoutes=0 topKTruncations=7 generatedChildren=30 uniqueChildren=15 duplicates=0 dominance=0 terminalCandidates=15 bestSecuredCollections=5 bestPotentialCollections=18
V2_BEAM_DEPTH_SUMMARY day=2 depth=2 statesConsidered=30 expanded=12 candidateAttempts=155 infeasibleRoutes=3 topKTruncations=12 generatedChildren=176 uniqueChildren=29 duplicates=1 dominance=0 terminalCandidates=29 bestSecuredCollections=7 bestPotentialCollections=18
V2_BEAM_DEPTH_SUMMARY day=2 depth=3 statesConsidered=176 expanded=28 candidateAttempts=328 infeasibleRoutes=7 topKTruncations=15 generatedChildren=390 uniqueChildren=152 duplicates=24 dominance=0 terminalCandidates=152 bestSecuredCollections=8 bestPotentialCollections=18
V2_BEAM_DEPTH_SUMMARY day=2 depth=4 statesConsidered=390 expanded=17 candidateAttempts=185 infeasibleRoutes=3 topKTruncations=6 generatedChildren=227 uniqueChildren=335 duplicates=53 dominance=2 terminalCandidates=335 bestSecuredCollections=9 bestPotentialCollections=18
V2_BEAM_DEPTH_SUMMARY day=2 depth=5 statesConsidered=227 expanded=4 candidateAttempts=40 infeasibleRoutes=0 topKTruncations=0 generatedChildren=52 uniqueChildren=211 duplicates=14 dominance=2 terminalCandidates=211 bestSecuredCollections=9 bestPotentialCollections=18
V2_BEAM_DEPTH_SUMMARY day=2 depth=6 statesConsidered=52 expanded=0 candidateAttempts=0 infeasibleRoutes=0 topKTruncations=0 generatedChildren=0 uniqueChildren=50 duplicates=2 dominance=0 terminalCandidates=50 bestSecuredCollections=10 bestPotentialCollections=17
V2_TERMINAL_PORTFOLIO day=2 rank=1 ownSemiBrands=4 ownSemiCollections=9 coupledOwnCollections=7 baselineOpponentCollections=12 coupledOpponentCollections=10 hybridMarginScore4=-12 strategicDecisionCount=6 movementCommandCount=52 signature=0:MUP_LEFT,MLEFT,MUP_LEFT,MUP_RIGHT,MUP_RIGHT,MUP_RIGHT,MUP_RIGHT,MUP_LEFT,MLEFT,MDOWN_LEFT,MLEFT,W8,;1:MDOWN_LEFT,MLEFT,MRIGHT,MRIGHT,MRIGHT,MLEFT,MLEFT,MLEFT,MLEFT,MLEFT,W10,;2:MUP_RIGHT,MRIGHT,MRIGHT,MDOWN_RIGHT,MDOWN_LEFT,W20,;3:W30,;
V2_TERMINAL_PORTFOLIO day=2 rank=2 ownSemiBrands=4 ownSemiCollections=9 coupledOwnCollections=7 baselineOpponentCollections=12 coupledOpponentCollections=10 hybridMarginScore4=-12 strategicDecisionCount=6 movementCommandCount=42 signature=0:MUP_LEFT,MLEFT,MUP_LEFT,MUP_RIGHT,MUP_RIGHT,MUP_RIGHT,MUP_RIGHT,MUP_LEFT,MLEFT,MDOWN_LEFT,MLEFT,W8,;1:MDOWN_LEFT,MLEFT,MRIGHT,MRIGHT,MRIGHT,W20,;2:MUP_RIGHT,MRIGHT,MRIGHT,MDOWN_RIGHT,MDOWN_LEFT,W20,;3:W30,;
V2_TERMINAL_PORTFOLIO day=2 rank=3 ownSemiBrands=4 ownSemiCollections=9 coupledOwnCollections=6 baselineOpponentCollections=12 coupledOpponentCollections=9 hybridMarginScore4=-12 strategicDecisionCount=5 movementCommandCount=47 signature=0:MUP_RIGHT,MRIGHT,MRIGHT,MUP_RIGHT,MUP_RIGHT,MUP_RIGHT,MUP_RIGHT,W18,;1:MDOWN_LEFT,MLEFT,MLEFT,MLEFT,MDOWN_RIGHT,MDOWN_LEFT,MDOWN_LEFT,MDOWN_LEFT,W14,;2:MUP_RIGHT,MRIGHT,MRIGHT,MDOWN_RIGHT,MDOWN_LEFT,MDOWN_RIGHT,MDOWN_RIGHT,MDOWN_LEFT,MDOWN_RIGHT,MDOWN_LEFT,W11,;3:W30,;
V2_TERMINAL_PORTFOLIO day=2 rank=4 ownSemiBrands=4 ownSemiCollections=9 coupledOwnCollections=6 baselineOpponentCollections=12 coupledOpponentCollections=10 hybridMarginScore4=-13 strategicDecisionCount=6 movementCommandCount=40 signature=0:MUP_LEFT,MLEFT,MRIGHT,MUP_RIGHT,MUP_RIGHT,MRIGHT,MUP_LEFT,MUP_LEFT,MLEFT,W13,;1:MRIGHT,MDOWN_RIGHT,W26,;2:MUP_RIGHT,MRIGHT,MRIGHT,MDOWN_RIGHT,MDOWN_LEFT,MDOWN_RIGHT,MDOWN_RIGHT,MDOWN_LEFT,MDOWN_RIGHT,MDOWN_LEFT,W11,;3:W30,;
V2_TERMINAL_PORTFOLIO day=2 rank=5 ownSemiBrands=4 ownSemiCollections=9 coupledOwnCollections=6 baselineOpponentCollections=12 coupledOpponentCollections=10 hybridMarginScore4=-13 strategicDecisionCount=6 movementCommandCount=41 signature=0:MUP_LEFT,MLEFT,MUP_LEFT,MUP_RIGHT,MUP_RIGHT,MUP_RIGHT,W18,;1:MDOWN_LEFT,MLEFT,MRIGHT,MRIGHT,MRIGHT,W20,;2:MUP_RIGHT,MRIGHT,MRIGHT,MDOWN_RIGHT,MDOWN_LEFT,MDOWN_RIGHT,MDOWN_RIGHT,MDOWN_LEFT,MDOWN_RIGHT,MDOWN_LEFT,W11,;3:W30,;
V2_TIMING_BREAKDOWN day=2 catalogMillis=2 searchMillis=138 terminalEvaluationMillis=1857 totalMillis=1997 fullCoupledEvaluationCount=796
V2_JOINT_BEAM_DONE day=2 beamWidth=48 maxExpandedStates=64 expanded=64 generatedChildren=890 uniqueStates=796 duplicateStatesRejected=94 dominatedStatesRejected=4 terminalStates=796 stageATerminalEvaluations=796 terminalPlansEvaluated=796 selectedOwnSemiBrands=4 selectedOwnSemiCollections=9 selectedCoupledOwnCollections=7 selectedBaselineOpponentCollections=12 selectedCoupledOpponentCollections=10 selectedHybridOwnScore4=34 selectedHybridOpponentScore4=46 selectedHybridMarginScore4=-12 catalogPathfindingExecutions=8 searchPathfindingExecutions=0 planningMillis=1997
LOCAL_PLAN_VALID matchId=m-5093 day=2 mode=JointTeamBeamPlanner
ACTION_REQUEST_FINGERPRINT matchId=m-5093 day=2 agentCount=4 serializedLength=76 fingerprint=e7168295
ACTION_DURATION_AUDIT matchId=m-5093 day=2 agent=0 dayBudget=30 plannerDuration=30 validatedDuration=30 encodedDuration=30 actionCount=12 finalAction=WAIT(8) paddingApplied=false
ACTION_WIRE_REPLAY_AUDIT matchId=m-5093 day=2 agent=0 dayBudget=30 simulatedDuration=30 wireReplayDuration=30 simulatedEndPosition=8 wireReplayEndPosition=8 simulatedPatrolFuel=20 wireReplayPatrolFuel=20 actionCount=12 durationMatch=true positionMatch=true fuelMatch=true fuelCheckReason=finiteFuelCompared
ACTION_DURATION_AUDIT matchId=m-5093 day=2 agent=1 dayBudget=30 plannerDuration=30 validatedDuration=30 encodedDuration=30 actionCount=11 finalAction=WAIT(10) paddingApplied=false
ACTION_WIRE_REPLAY_AUDIT matchId=m-5093 day=2 agent=1 dayBudget=30 simulatedDuration=30 wireReplayDuration=30 simulatedEndPosition=18 wireReplayEndPosition=18 simulatedPatrolFuel=30 wireReplayPatrolFuel=30 actionCount=11 durationMatch=true positionMatch=true fuelMatch=true fuelCheckReason=finiteFuelCompared
ACTION_DURATION_AUDIT matchId=m-5093 day=2 agent=2 dayBudget=30 plannerDuration=30 validatedDuration=30 encodedDuration=30 actionCount=6 finalAction=WAIT(20) paddingApplied=false
ACTION_WIRE_REPLAY_AUDIT matchId=m-5093 day=2 agent=2 dayBudget=30 simulatedDuration=30 wireReplayDuration=30 simulatedEndPosition=18 wireReplayEndPosition=18 simulatedPatrolFuel=30 wireReplayPatrolFuel=30 actionCount=6 durationMatch=true positionMatch=true fuelMatch=true fuelCheckReason=finiteFuelCompared
ACTION_DURATION_AUDIT matchId=m-5093 day=2 agent=3 dayBudget=30 plannerDuration=30 validatedDuration=30 encodedDuration=30 actionCount=1 finalAction=WAIT(30) paddingApplied=false
ACTION_WIRE_REPLAY_AUDIT matchId=m-5093 day=2 agent=3 dayBudget=30 simulatedDuration=30 wireReplayDuration=30 simulatedEndPosition=56 wireReplayEndPosition=56 simulatedPatrolFuel=UNAVAILABLE wireReplayPatrolFuel=UNAVAILABLE actionCount=1 durationMatch=true positionMatch=true fuelMatch=NA fuelCheckReason=nonPatrolOrUnavailableFuel
ACTIONS_SUBMITTED matchId=m-5093 day=2 fingerprint=e7168295
ACTION_RESPONSE_DAY_OBSERVED matchId=m-5093 submittedDay=2 responseDay=3 delta=1 fingerprint=e7168295
UDON_OBSERVABILITY matchId=m-5093 day=2 predictedDayUdon=10 authoritativeActual=UNAVAILABLE
ACTIONS_ACCEPTED matchId=m-5093 day=2
DAY_STATE_RECEIVED matchId=m-5093 day=2 agents=4
DAY_STATE_RECEIVED matchId=m-5093 day=2 agents=4
DAY_STATE_RECEIVED matchId=m-5093 day=2 agents=4
DAY_STATE_RECEIVED matchId=m-5093 day=2 agents=4
DAY_STATE_RECEIVED matchId=m-5093 day=2 agents=4
DAY_STATE_RECEIVED matchId=m-5093 day=2 agents=4
DAY_STATE_RECEIVED matchId=m-5093 day=2 agents=4
DAY_STATE_RECEIVED matchId=m-5093 day=2 agents=4
DAY_STATE_RECEIVED matchId=m-5093 day=2 agents=4
DAY_STATE_RECEIVED matchId=m-5093 day=2 agents=4
DAY_STATE_RECEIVED matchId=m-5093 day=2 agents=4
DAY_STATE_RECEIVED matchId=m-5093 day=3 agents=4
PARITY_OBSERVED matchId=m-5093 day=2 position=MATCH patrolFuel=MATCH
DAY_ADVANCED matchId=m-5093 from=2 to=3
V2_JOINT_BEAM_START day=3 beamWidth=48 maxExpandedStates=64 maxChildrenPerState=24 maxNextTargetsPerAgent=4 fullTerminalEvaluationLimit=0
V2_PATHFINDING_AUDIT day=3 catalogPathfindingExecutions=8 searchPathfindingExecutions=0
V2_BEAM_DEPTH_SUMMARY day=3 depth=0 statesConsidered=4 expanded=1 candidateAttempts=21 infeasibleRoutes=0 topKTruncations=9 generatedChildren=15 uniqueChildren=4 duplicates=0 dominance=0 terminalCandidates=4 bestSecuredCollections=3 bestPotentialCollections=18
V2_BEAM_DEPTH_SUMMARY day=3 depth=1 statesConsidered=15 expanded=1 candidateAttempts=18 infeasibleRoutes=0 topKTruncations=6 generatedChildren=15 uniqueChildren=15 duplicates=0 dominance=0 terminalCandidates=15 bestSecuredCollections=5 bestPotentialCollections=18
V2_BEAM_DEPTH_SUMMARY day=3 depth=2 statesConsidered=15 expanded=1 candidateAttempts=17 infeasibleRoutes=0 topKTruncations=5 generatedChildren=15 uniqueChildren=15 duplicates=0 dominance=0 terminalCandidates=15 bestSecuredCollections=6 bestPotentialCollections=18
V2_BEAM_DEPTH_SUMMARY day=3 depth=3 statesConsidered=15 expanded=5 candidateAttempts=72 infeasibleRoutes=1 topKTruncations=12 generatedChildren=74 uniqueChildren=15 duplicates=0 dominance=0 terminalCandidates=15 bestSecuredCollections=7 bestPotentialCollections=18
V2_BEAM_DEPTH_SUMMARY day=3 depth=4 statesConsidered=74 expanded=26 candidateAttempts=321 infeasibleRoutes=17 topKTruncations=21 generatedChildren=361 uniqueChildren=68 duplicates=6 dominance=0 terminalCandidates=68 bestSecuredCollections=8 bestPotentialCollections=18
V2_BEAM_DEPTH_SUMMARY day=3 depth=5 statesConsidered=361 expanded=30 candidateAttempts=324 infeasibleRoutes=20 topKTruncations=10 generatedChildren=383 uniqueChildren=307 duplicates=51 dominance=3 terminalCandidates=307 bestSecuredCollections=9 bestPotentialCollections=18
V2_BEAM_DEPTH_SUMMARY day=3 depth=6 statesConsidered=383 expanded=0 candidateAttempts=0 infeasibleRoutes=0 topKTruncations=0 generatedChildren=0 uniqueChildren=333 duplicates=42 dominance=8 terminalCandidates=333 bestSecuredCollections=10 bestPotentialCollections=17
V2_TERMINAL_PORTFOLIO day=3 rank=1 ownSemiBrands=4 ownSemiCollections=9 coupledOwnCollections=6 baselineOpponentCollections=13 coupledOpponentCollections=10 hybridMarginScore4=-16 strategicDecisionCount=6 movementCommandCount=50 signature=0:MUP_RIGHT,MRIGHT,MRIGHT,MDOWN_RIGHT,MDOWN_LEFT,MDOWN_LEFT,MDOWN_LEFT,MDOWN_RIGHT,MDOWN_LEFT,W14,;1:MRIGHT,MDOWN_RIGHT,MDOWN_RIGHT,MDOWN_LEFT,MDOWN_LEFT,MDOWN_LEFT,W18,;2:MRIGHT,MRIGHT,MRIGHT,MRIGHT,MRIGHT,MDOWN_LEFT,MDOWN_LEFT,MDOWN_LEFT,MDOWN_LEFT,MLEFT,MDOWN_LEFT,MLEFT,W8,;3:W30,;
V2_TERMINAL_PORTFOLIO day=3 rank=2 ownSemiBrands=4 ownSemiCollections=9 coupledOwnCollections=6 baselineOpponentCollections=13 coupledOpponentCollections=10 hybridMarginScore4=-16 strategicDecisionCount=6 movementCommandCount=42 signature=0:MUP_RIGHT,MRIGHT,MRIGHT,MDOWN_RIGHT,MDOWN_LEFT,MDOWN_LEFT,MDOWN_LEFT,MDOWN_RIGHT,MDOWN_RIGHT,MDOWN_RIGHT,W12,;1:MDOWN_LEFT,MDOWN_LEFT,MDOWN_RIGHT,MDOWN_LEFT,MRIGHT,MDOWN_RIGHT,W20,;2:MRIGHT,MRIGHT,MRIGHT,MRIGHT,MRIGHT,MUP_LEFT,MLEFT,W16,;3:W30,;
V2_TERMINAL_PORTFOLIO day=3 rank=3 ownSemiBrands=4 ownSemiCollections=9 coupledOwnCollections=6 baselineOpponentCollections=13 coupledOpponentCollections=10 hybridMarginScore4=-16 strategicDecisionCount=6 movementCommandCount=44 signature=0:MUP_RIGHT,MRIGHT,MRIGHT,MDOWN_RIGHT,MDOWN_LEFT,MDOWN_LEFT,MDOWN_LEFT,MDOWN_RIGHT,MDOWN_LEFT,W14,;1:MDOWN_LEFT,MDOWN_LEFT,MDOWN_RIGHT,MDOWN_RIGHT,MDOWN_RIGHT,MUP_RIGHT,MUP_RIGHT,MUP_RIGHT,W16,;2:MRIGHT,MRIGHT,MRIGHT,MRIGHT,MRIGHT,MUP_LEFT,MLEFT,W16,;3:W30,;
V2_TERMINAL_PORTFOLIO day=3 rank=4 ownSemiBrands=4 ownSemiCollections=9 coupledOwnCollections=6 baselineOpponentCollections=13 coupledOpponentCollections=10 hybridMarginScore4=-16 strategicDecisionCount=6 movementCommandCount=44 signature=0:MUP_RIGHT,MRIGHT,MRIGHT,MDOWN_RIGHT,MDOWN_LEFT,MDOWN_LEFT,MDOWN_LEFT,MDOWN_RIGHT,MDOWN_RIGHT,MDOWN_RIGHT,W12,;1:MDOWN_LEFT,MDOWN_LEFT,MDOWN_RIGHT,MDOWN_LEFT,MRIGHT,MDOWN_RIGHT,MUP_RIGHT,MUP_RIGHT,MUP_RIGHT,W14,;2:MRIGHT,MRIGHT,MRIGHT,MRIGHT,MRIGHT,W20,;3:W30,;
V2_TERMINAL_PORTFOLIO day=3 rank=5 ownSemiBrands=4 ownSemiCollections=9 coupledOwnCollections=6 baselineOpponentCollections=13 coupledOpponentCollections=10 hybridMarginScore4=-16 strategicDecisionCount=6 movementCommandCount=44 signature=0:MUP_RIGHT,MRIGHT,MRIGHT,MDOWN_RIGHT,MDOWN_LEFT,MDOWN_LEFT,MDOWN_LEFT,MDOWN_RIGHT,MDOWN_RIGHT,MDOWN_RIGHT,W12,;1:MDOWN_LEFT,MDOWN_LEFT,MDOWN_RIGHT,MDOWN_RIGHT,MDOWN_RIGHT,MUP_LEFT,MLEFT,W18,;2:MRIGHT,MRIGHT,MRIGHT,MRIGHT,MRIGHT,MUP_LEFT,MLEFT,W16,;3:W30,;
V2_TIMING_BREAKDOWN day=3 catalogMillis=1 searchMillis=152 terminalEvaluationMillis=28 totalMillis=181 fullCoupledEvaluationCount=757
V2_JOINT_BEAM_DONE day=3 beamWidth=48 maxExpandedStates=64 expanded=64 generatedChildren=863 uniqueStates=757 duplicateStatesRejected=99 dominatedStatesRejected=11 terminalStates=757 stageATerminalEvaluations=757 terminalPlansEvaluated=757 selectedOwnSemiBrands=4 selectedOwnSemiCollections=9 selectedCoupledOwnCollections=6 selectedBaselineOpponentCollections=13 selectedCoupledOpponentCollections=10 selectedHybridOwnScore4=33 selectedHybridOpponentScore4=49 selectedHybridMarginScore4=-16 catalogPathfindingExecutions=8 searchPathfindingExecutions=0 planningMillis=181
LOCAL_PLAN_VALID matchId=m-5093 day=3 mode=JointTeamBeamPlanner
ACTION_REQUEST_FINGERPRINT matchId=m-5093 day=3 agentCount=4 serializedLength=78 fingerprint=97fb8cba
ACTION_DURATION_AUDIT matchId=m-5093 day=3 agent=0 dayBudget=30 plannerDuration=30 validatedDuration=30 encodedDuration=30 actionCount=10 finalAction=WAIT(14) paddingApplied=false
ACTION_WIRE_REPLAY_AUDIT matchId=m-5093 day=3 agent=0 dayBudget=30 simulatedDuration=30 wireReplayDuration=30 simulatedEndPosition=49 wireReplayEndPosition=49 simulatedPatrolFuel=9 wireReplayPatrolFuel=9 actionCount=10 durationMatch=true positionMatch=true fuelMatch=true fuelCheckReason=finiteFuelCompared
ACTION_DURATION_AUDIT matchId=m-5093 day=3 agent=1 dayBudget=30 plannerDuration=30 validatedDuration=30 encodedDuration=30 actionCount=7 finalAction=WAIT(18) paddingApplied=false
ACTION_WIRE_REPLAY_AUDIT matchId=m-5093 day=3 agent=1 dayBudget=30 simulatedDuration=30 wireReplayDuration=30 simulatedEndPosition=59 wireReplayEndPosition=59 simulatedPatrolFuel=24 wireReplayPatrolFuel=24 actionCount=7 durationMatch=true positionMatch=true fuelMatch=true fuelCheckReason=finiteFuelCompared
ACTION_DURATION_AUDIT matchId=m-5093 day=3 agent=2 dayBudget=30 plannerDuration=30 validatedDuration=30 encodedDuration=30 actionCount=13 finalAction=WAIT(8) paddingApplied=false
ACTION_WIRE_REPLAY_AUDIT matchId=m-5093 day=3 agent=2 dayBudget=30 simulatedDuration=30 wireReplayDuration=30 simulatedEndPosition=59 wireReplayEndPosition=59 simulatedPatrolFuel=14 wireReplayPatrolFuel=14 actionCount=13 durationMatch=true positionMatch=true fuelMatch=true fuelCheckReason=finiteFuelCompared
ACTION_DURATION_AUDIT matchId=m-5093 day=3 agent=3 dayBudget=30 plannerDuration=30 validatedDuration=30 encodedDuration=30 actionCount=1 finalAction=WAIT(30) paddingApplied=false
ACTION_WIRE_REPLAY_AUDIT matchId=m-5093 day=3 agent=3 dayBudget=30 simulatedDuration=30 wireReplayDuration=30 simulatedEndPosition=56 wireReplayEndPosition=56 simulatedPatrolFuel=UNAVAILABLE wireReplayPatrolFuel=UNAVAILABLE actionCount=1 durationMatch=true positionMatch=true fuelMatch=NA fuelCheckReason=nonPatrolOrUnavailableFuel
ACTIONS_SUBMITTED matchId=m-5093 day=3 fingerprint=97fb8cba
ACTION_RESPONSE_DAY_OBSERVED matchId=m-5093 submittedDay=3 responseDay=4 delta=1 fingerprint=97fb8cba
UDON_OBSERVABILITY matchId=m-5093 day=3 predictedDayUdon=10 authoritativeActual=UNAVAILABLE
ACTIONS_ACCEPTED matchId=m-5093 day=3
RESULT_WAITING matchId=m-5093 httpStatus=425
RESULT_WAITING matchId=m-5093 httpStatus=425
RESULT_WAITING matchId=m-5093 httpStatus=425
RESULT_WAITING matchId=m-5093 httpStatus=425
RESULT_WAITING matchId=m-5093 httpStatus=425
RESULT_WAITING matchId=m-5093 httpStatus=425
RESULT_WAITING matchId=m-5093 httpStatus=425
RESULT_WAITING matchId=m-5093 httpStatus=425
RESULT_WAITING matchId=m-5093 httpStatus=425
RESULT_WAITING matchId=m-5093 httpStatus=425
RESULT_WAITING matchId=m-5093 httpStatus=425
RESULT_WAITING matchId=m-5093 httpStatus=425
RESULT_WAITING matchId=m-5093 httpStatus=425
RESULT_WAITING matchId=m-5093 httpStatus=425
RESULT_WAITING matchId=m-5093 httpStatus=425
RESULT_WAITING matchId=m-5093 httpStatus=425
RESULT_WAITING matchId=m-5093 httpStatus=425
RESULT_WAITING matchId=m-5093 httpStatus=425
RESULT_RECEIVED matchId=m-5093 submittedDays=4
FINAL matchId=m-5093 submittedDays=4 rateLimits=0 result={"protocol_version":"v0.1-draft","type":"match_result","match_id":"m-5093","standings":[{"rank":1,"team_id":"team-B","udon_types":4,"daily_types_sum":16,"udon_total":48,"response_ms_total":1666},{"rank":2,"team_id":"team-A","udon_types":4,"daily_types_sum":16,"udon_total":31,"response_ms_total":7544}]}
