CONFIG_LOADED baseUrl=https://procon.ptit.edu.vn matchId=m-5330 plannerMode=JOINT_TEAM_BEAM_V2_R3 PROCON_TOKEN=<set>
SETUP_WAITING matchId=m-5330
SETUP_RECEIVED matchId=m-5330 agents=4 days=4
ASSIGNMENT_SUBMITTED matchId=m-5330 agents=4
ASSIGNMENT_ACCEPTED matchId=m-5330 agents=4
MATCH_STARTED matchId=m-5330
DAY_STATE_RECEIVED matchId=m-5330 day=0 agents=4
V2_JOINT_BEAM_START day=0 beamWidth=48 maxExpandedStates=64 maxChildrenPerState=24 maxNextTargetsPerAgent=4 fullTerminalEvaluationLimit=16 searchPolicy=R1_CONTROL
V2_PATHFINDING_AUDIT day=0 catalogPathfindingExecutions=11 searchPathfindingExecutions=0
V2_BEAM_DEPTH_SUMMARY day=0 depth=0 statesConsidered=7 expanded=1 candidateAttempts=19 infeasibleRoutes=1 topKTruncations=6 generatedChildren=15 uniqueChildren=5 collectChildren=12 stopChildren=3 duplicates=2 dominance=0 terminalCandidates=5 bestSecuredCollections=5 bestPotentialCollections=19
V2_BEAM_DEPTH_SUMMARY day=0 depth=1 statesConsidered=15 expanded=1 candidateAttempts=17 infeasibleRoutes=5 topKTruncations=4 generatedChildren=11 uniqueChildren=15 collectChildren=8 stopChildren=3 duplicates=0 dominance=0 terminalCandidates=15 bestSecuredCollections=7 bestPotentialCollections=19
V2_BEAM_DEPTH_SUMMARY day=0 depth=2 statesConsidered=11 expanded=1 candidateAttempts=12 infeasibleRoutes=7 topKTruncations=0 generatedChildren=8 uniqueChildren=11 collectChildren=5 stopChildren=3 duplicates=0 dominance=0 terminalCandidates=11 bestSecuredCollections=9 bestPotentialCollections=19
V2_BEAM_DEPTH_SUMMARY day=0 depth=3 statesConsidered=8 expanded=3 candidateAttempts=29 infeasibleRoutes=19 topKTruncations=0 generatedChildren=19 uniqueChildren=8 collectChildren=10 stopChildren=9 duplicates=0 dominance=0 terminalCandidates=8 bestSecuredCollections=11 bestPotentialCollections=14
V2_BEAM_DEPTH_SUMMARY day=0 depth=4 statesConsidered=19 expanded=10 candidateAttempts=71 infeasibleRoutes=55 topKTruncations=0 generatedChildren=42 uniqueChildren=18 collectChildren=16 stopChildren=26 duplicates=1 dominance=0 terminalCandidates=18 bestSecuredCollections=12 bestPotentialCollections=14
V2_BEAM_DEPTH_SUMMARY day=0 depth=5 statesConsidered=42 expanded=21 candidateAttempts=109 infeasibleRoutes=95 topKTruncations=0 generatedChildren=56 uniqueChildren=27 collectChildren=14 stopChildren=42 duplicates=15 dominance=0 terminalCandidates=27 bestSecuredCollections=12 bestPotentialCollections=13
V2_BEAM_DEPTH_SUMMARY day=0 depth=6 statesConsidered=56 expanded=21 candidateAttempts=69 infeasibleRoutes=63 topKTruncations=0 generatedChildren=33 uniqueChildren=25 collectChildren=6 stopChildren=27 duplicates=31 dominance=0 terminalCandidates=25 bestSecuredCollections=12 bestPotentialCollections=13
V2_BEAM_DEPTH_SUMMARY day=0 depth=7 statesConsidered=33 expanded=6 candidateAttempts=15 infeasibleRoutes=15 topKTruncations=0 generatedChildren=6 uniqueChildren=11 collectChildren=0 stopChildren=6 duplicates=22 dominance=0 terminalCandidates=11 bestSecuredCollections=12 bestPotentialCollections=12
V2_BEAM_DEPTH_SUMMARY day=0 depth=8 statesConsidered=6 expanded=0 candidateAttempts=0 infeasibleRoutes=0 topKTruncations=0 generatedChildren=0 uniqueChildren=2 collectChildren=0 stopChildren=0 duplicates=4 dominance=0 terminalCandidates=2 bestSecuredCollections=12 bestPotentialCollections=12
V2_POTENTIAL_DISCRIMINATION_SUMMARY day=0 depth=0 stateCount=7 minPotential=13 maxPotential=19 distinctPotentialValues=4
V2_POTENTIAL_DISCRIMINATION_SUMMARY day=0 depth=1 stateCount=15 minPotential=10 maxPotential=13 distinctPotentialValues=4
V2_POTENTIAL_DISCRIMINATION_SUMMARY day=0 depth=2 stateCount=11 minPotential=5 maxPotential=12 distinctPotentialValues=7
V2_POTENTIAL_DISCRIMINATION_SUMMARY day=0 depth=3 stateCount=8 minPotential=2 maxPotential=5 distinctPotentialValues=4
V2_POTENTIAL_DISCRIMINATION_SUMMARY day=0 depth=4 stateCount=19 minPotential=0 maxPotential=4 distinctPotentialValues=3
V2_POTENTIAL_DISCRIMINATION_SUMMARY day=0 depth=5 stateCount=42 minPotential=0 maxPotential=2 distinctPotentialValues=2
V2_POTENTIAL_DISCRIMINATION_SUMMARY day=0 depth=6 stateCount=56 minPotential=0 maxPotential=2 distinctPotentialValues=2
V2_POTENTIAL_DISCRIMINATION_SUMMARY day=0 depth=7 stateCount=33 minPotential=0 maxPotential=0 distinctPotentialValues=1
V2_POTENTIAL_DISCRIMINATION_SUMMARY day=0 depth=8 stateCount=6 minPotential=0 maxPotential=0 distinctPotentialValues=1
V2_TERMINAL_PORTFOLIO day=0 rank=1 ownSemiBrands=4 ownSemiCollections=11 coupledOwnCollections=6 baselineOpponentCollections=15 coupledOpponentCollections=12 hybridMarginScore4=-18 strategicDecisionCount=5 movementCommandCount=87 signature=0:MUP_LEFT,MUP_LEFT,MUP_LEFT,MUP_RIGHT,MUP_RIGHT,MUP_RIGHT,MUP_RIGHT,W2,MLEFT,MLEFT,MLEFT,MLEFT,MLEFT,MLEFT,W2,;1:MUP_RIGHT,MUP_RIGHT,MRIGHT,MRIGHT,MUP_RIGHT,MUP_RIGHT,MRIGHT,MUP_RIGHT,MUP_RIGHT,MDOWN_LEFT,MLEFT,MLEFT,MUP_LEFT,W6,;2:MUP_LEFT,MUP_RIGHT,MUP_LEFT,W4,MDOWN_RIGHT,MDOWN_RIGHT,MDOWN_RIGHT,MDOWN_LEFT,MDOWN_LEFT,MDOWN_LEFT,MRIGHT,MRIGHT,MRIGHT,W4,;3:MUP_RIGHT,MRIGHT,MUP_RIGHT,MUP_RIGHT,MUP_LEFT,MUP_RIGHT,MRIGHT,MRIGHT,W1,W14,;
V2_TERMINAL_PORTFOLIO day=0 rank=2 ownSemiBrands=4 ownSemiCollections=11 coupledOwnCollections=6 baselineOpponentCollections=15 coupledOpponentCollections=12 hybridMarginScore4=-18 strategicDecisionCount=5 movementCommandCount=87 signature=0:MUP_LEFT,MUP_LEFT,MUP_LEFT,MUP_RIGHT,MUP_RIGHT,MUP_RIGHT,MUP_RIGHT,W2,MLEFT,MLEFT,MLEFT,MLEFT,MLEFT,MLEFT,W2,;1:MUP_RIGHT,MUP_RIGHT,MRIGHT,MRIGHT,MUP_RIGHT,MUP_RIGHT,MRIGHT,MUP_RIGHT,MUP_RIGHT,MLEFT,MLEFT,MLEFT,MDOWN_RIGHT,W6,;2:MUP_LEFT,MUP_RIGHT,MUP_LEFT,W4,MDOWN_RIGHT,MDOWN_RIGHT,MDOWN_RIGHT,MDOWN_LEFT,MDOWN_LEFT,MDOWN_LEFT,MRIGHT,MRIGHT,MRIGHT,W4,;3:MUP_RIGHT,MRIGHT,MUP_RIGHT,MUP_RIGHT,MUP_LEFT,MUP_RIGHT,MRIGHT,MRIGHT,W1,W14,;
V2_TERMINAL_PORTFOLIO day=0 rank=3 ownSemiBrands=4 ownSemiCollections=11 coupledOwnCollections=6 baselineOpponentCollections=15 coupledOpponentCollections=12 hybridMarginScore4=-18 strategicDecisionCount=4 movementCommandCount=92 signature=0:MUP_LEFT,MUP_LEFT,MUP_LEFT,MUP_RIGHT,MUP_RIGHT,MUP_RIGHT,MUP_RIGHT,W2,MLEFT,MLEFT,MLEFT,MLEFT,MLEFT,MLEFT,W2,;1:MUP_RIGHT,MUP_RIGHT,MRIGHT,MRIGHT,MUP_RIGHT,MUP_RIGHT,MRIGHT,MUP_RIGHT,MUP_RIGHT,MLEFT,MLEFT,MLEFT,MLEFT,MLEFT,MLEFT,W1,;2:MUP_LEFT,MUP_RIGHT,MUP_LEFT,W4,MDOWN_RIGHT,MDOWN_RIGHT,MDOWN_RIGHT,MDOWN_LEFT,MDOWN_LEFT,MDOWN_LEFT,MRIGHT,MRIGHT,MRIGHT,W4,;3:MUP_RIGHT,MRIGHT,MUP_RIGHT,MUP_RIGHT,MUP_LEFT,MUP_RIGHT,MRIGHT,MRIGHT,W1,W14,;
V2_TERMINAL_PORTFOLIO day=0 rank=4 ownSemiBrands=4 ownSemiCollections=10 coupledOwnCollections=6 baselineOpponentCollections=15 coupledOpponentCollections=12 hybridMarginScore4=-21 strategicDecisionCount=4 movementCommandCount=85 signature=0:MUP_LEFT,MUP_LEFT,MUP_LEFT,MUP_RIGHT,MUP_RIGHT,MUP_RIGHT,MUP_RIGHT,W2,MLEFT,MLEFT,MLEFT,MLEFT,MLEFT,MLEFT,W2,;1:MUP_RIGHT,MUP_RIGHT,MRIGHT,MRIGHT,MUP_RIGHT,MUP_RIGHT,MRIGHT,MUP_RIGHT,MUP_RIGHT,MDOWN_LEFT,MLEFT,MLEFT,W8,;2:MUP_LEFT,MUP_RIGHT,MUP_LEFT,W4,MDOWN_RIGHT,MDOWN_RIGHT,MDOWN_RIGHT,MDOWN_LEFT,MDOWN_LEFT,MDOWN_LEFT,MRIGHT,MRIGHT,MRIGHT,W4,;3:MUP_RIGHT,MRIGHT,MUP_RIGHT,MUP_RIGHT,MUP_LEFT,MUP_RIGHT,MRIGHT,MRIGHT,W1,W14,;
V2_TERMINAL_PORTFOLIO day=0 rank=5 ownSemiBrands=4 ownSemiCollections=10 coupledOwnCollections=6 baselineOpponentCollections=15 coupledOpponentCollections=12 hybridMarginScore4=-21 strategicDecisionCount=4 movementCommandCount=85 signature=0:MUP_LEFT,MUP_LEFT,MUP_LEFT,MUP_RIGHT,MUP_RIGHT,MUP_RIGHT,MUP_RIGHT,W2,MLEFT,MLEFT,MLEFT,MLEFT,MLEFT,MLEFT,W2,;1:MUP_RIGHT,MUP_RIGHT,MRIGHT,MRIGHT,MUP_RIGHT,MUP_RIGHT,MRIGHT,MUP_RIGHT,MUP_RIGHT,MLEFT,MLEFT,MLEFT,W8,;2:MUP_LEFT,MUP_RIGHT,MUP_LEFT,W4,MDOWN_RIGHT,MDOWN_RIGHT,MDOWN_RIGHT,MDOWN_LEFT,MDOWN_LEFT,MDOWN_LEFT,MRIGHT,MRIGHT,MRIGHT,W4,;3:MUP_RIGHT,MRIGHT,MUP_RIGHT,MUP_RIGHT,MUP_LEFT,MUP_RIGHT,MRIGHT,MRIGHT,W1,W14,;
V2_TIMING_BREAKDOWN day=0 catalogWallMillis=15 searchWallMillis=358 stageBTerminalWallMillis=230 stageATerminalAccumulatedMillis=23 stageBTerminalAccumulatedMillis=221 totalWallMillis=603 fullCoupledEvaluationCount=16
V2_JOINT_BEAM_DONE day=0 beamWidth=48 maxExpandedStates=64 expanded=64 generatedChildren=190 uniqueStates=122 collectChildrenGenerated=71 stopChildrenGenerated=119 rootScheduleStates=6 duplicateStatesRejected=75 dominatedStatesRejected=0 terminalStates=122 continuingTerminalCandidates=114 fullyStoppedTerminalCandidates=8 stageATerminalEvaluations=122 stageBRequested=16 stageBDuplicateCandidatesSkipped=79 terminalPlansEvaluated=16 selectedOwnSemiBrands=4 selectedOwnSemiCollections=11 selectedCoupledOwnCollections=6 selectedBaselineOpponentCollections=15 selectedCoupledOpponentCollections=12 selectedHybridOwnScore4=39 selectedHybridOpponentScore4=57 selectedHybridMarginScore4=-18 catalogPathfindingExecutions=11 searchPathfindingExecutions=0 planningMillis=603 planningDeadlineTriggered=false deadlinePhase=NONE
R3_PORTFOLIO_SUMMARY day=0 partialToursGenerated=116 partialToursPruned=18 skeletonsConsidered=48 skeletonsValidated=24 skeletonsValid=6 skeletonsRetained=6 rootCandidates=7 rootsInitiallyAdmitted=7 rootsSurvivingMerge=7 selectedSupportServiceCount=3 selectedSupportedPatrols=[0, 1, 2] selectedSupportSkeletonSignature=3:2@12/9,0@6/15,1@6/16 stageATerminals=122 stageBRequested=16 stageBEvaluated=16 stageBSkippedForDeadline=0 tourCatalogPathfindingExecutions=36 tourSearchPathfindingExecutions=0 beamSearchPathfindingExecutions=0 planningDeadlineTriggered=false deadlinePhase=NONE incumbentSource=STAGE_B fallbackUsed=false terminalEvaluationWallMillis=230 terminalEvaluationAccumulatedMillis=244 wallPlanningMillis=761
LOCAL_PLAN_VALID matchId=m-5330 day=0 mode=JointTeamBeamR3Planner
ACTION_REQUEST_FINGERPRINT matchId=m-5330 day=0 agentCount=4 serializedLength=123 fingerprint=dbd7806b
ACTION_DURATION_AUDIT matchId=m-5330 day=0 agent=0 dayBudget=30 plannerDuration=30 validatedDuration=30 encodedDuration=30 actionCount=15 finalAction=WAIT(2) paddingApplied=false
ACTION_WIRE_REPLAY_AUDIT matchId=m-5330 day=0 agent=0 dayBudget=30 simulatedDuration=30 wireReplayDuration=30 simulatedEndPosition=0 wireReplayEndPosition=0 simulatedPatrolFuel=53 wireReplayPatrolFuel=53 actionCount=15 durationMatch=true positionMatch=true fuelMatch=true fuelCheckReason=finiteFuelCompared
ACTION_DURATION_AUDIT matchId=m-5330 day=0 agent=1 dayBudget=30 plannerDuration=30 validatedDuration=30 encodedDuration=30 actionCount=14 finalAction=WAIT(6) paddingApplied=false
ACTION_WIRE_REPLAY_AUDIT matchId=m-5330 day=0 agent=1 dayBudget=30 simulatedDuration=30 wireReplayDuration=30 simulatedEndPosition=3 wireReplayEndPosition=3 simulatedPatrolFuel=56 wireReplayPatrolFuel=56 actionCount=14 durationMatch=true positionMatch=true fuelMatch=true fuelCheckReason=finiteFuelCompared
ACTION_DURATION_AUDIT matchId=m-5330 day=0 agent=2 dayBudget=30 plannerDuration=30 validatedDuration=30 encodedDuration=30 actionCount=14 finalAction=WAIT(4) paddingApplied=false
ACTION_WIRE_REPLAY_AUDIT matchId=m-5330 day=0 agent=2 dayBudget=30 simulatedDuration=30 wireReplayDuration=30 simulatedEndPosition=63 wireReplayEndPosition=63 simulatedPatrolFuel=50 wireReplayPatrolFuel=50 actionCount=14 durationMatch=true positionMatch=true fuelMatch=true fuelCheckReason=finiteFuelCompared
ACTION_DURATION_AUDIT matchId=m-5330 day=0 agent=3 dayBudget=30 plannerDuration=30 validatedDuration=30 encodedDuration=30 actionCount=10 finalAction=WAIT(14) paddingApplied=false
ACTION_WIRE_REPLAY_AUDIT matchId=m-5330 day=0 agent=3 dayBudget=30 simulatedDuration=30 wireReplayDuration=30 simulatedEndPosition=6 wireReplayEndPosition=6 simulatedPatrolFuel=UNAVAILABLE wireReplayPatrolFuel=UNAVAILABLE actionCount=10 durationMatch=true positionMatch=true fuelMatch=NA fuelCheckReason=nonPatrolOrUnavailableFuel
ACTIONS_SUBMITTED matchId=m-5330 day=0 fingerprint=dbd7806b
ACTION_RESPONSE_DAY_OBSERVED matchId=m-5330 submittedDay=0 responseDay=1 delta=1 fingerprint=dbd7806b
UDON_OBSERVABILITY matchId=m-5330 day=0 predictedDayUdon=12 authoritativeActual=UNAVAILABLE
ACTIONS_ACCEPTED matchId=m-5330 day=0
DAY_STATE_RECEIVED matchId=m-5330 day=0 agents=4
DAY_STATE_RECEIVED matchId=m-5330 day=0 agents=4
DAY_STATE_RECEIVED matchId=m-5330 day=0 agents=4
DAY_STATE_RECEIVED matchId=m-5330 day=0 agents=4
DAY_STATE_RECEIVED matchId=m-5330 day=0 agents=4
DAY_STATE_RECEIVED matchId=m-5330 day=0 agents=4
DAY_STATE_RECEIVED matchId=m-5330 day=0 agents=4
DAY_STATE_RECEIVED matchId=m-5330 day=0 agents=4
DAY_STATE_RECEIVED matchId=m-5330 day=0 agents=4
DAY_STATE_RECEIVED matchId=m-5330 day=0 agents=4
DAY_STATE_RECEIVED matchId=m-5330 day=1 agents=4
PARITY_OBSERVED matchId=m-5330 day=0 position=MATCH patrolFuel=MATCH
DAY_ADVANCED matchId=m-5330 from=0 to=1
V2_JOINT_BEAM_START day=1 beamWidth=48 maxExpandedStates=64 maxChildrenPerState=24 maxNextTargetsPerAgent=4 fullTerminalEvaluationLimit=16 searchPolicy=R1_CONTROL
V2_PATHFINDING_AUDIT day=1 catalogPathfindingExecutions=8 searchPathfindingExecutions=0
V2_BEAM_DEPTH_SUMMARY day=1 depth=0 statesConsidered=13 expanded=1 candidateAttempts=15 infeasibleRoutes=0 topKTruncations=3 generatedChildren=15 uniqueChildren=13 collectChildren=12 stopChildren=3 duplicates=0 dominance=0 terminalCandidates=13 bestSecuredCollections=8 bestPotentialCollections=19
V2_BEAM_DEPTH_SUMMARY day=1 depth=1 statesConsidered=15 expanded=1 candidateAttempts=10 infeasibleRoutes=1 topKTruncations=0 generatedChildren=12 uniqueChildren=15 collectChildren=9 stopChildren=3 duplicates=0 dominance=0 terminalCandidates=15 bestSecuredCollections=10 bestPotentialCollections=19
V2_BEAM_DEPTH_SUMMARY day=1 depth=2 statesConsidered=12 expanded=1 candidateAttempts=9 infeasibleRoutes=2 topKTruncations=0 generatedChildren=10 uniqueChildren=12 collectChildren=7 stopChildren=3 duplicates=0 dominance=0 terminalCandidates=12 bestSecuredCollections=11 bestPotentialCollections=19
V2_BEAM_DEPTH_SUMMARY day=1 depth=3 statesConsidered=10 expanded=1 candidateAttempts=8 infeasibleRoutes=2 topKTruncations=0 generatedChildren=9 uniqueChildren=10 collectChildren=6 stopChildren=3 duplicates=0 dominance=0 terminalCandidates=10 bestSecuredCollections=12 bestPotentialCollections=18
V2_BEAM_DEPTH_SUMMARY day=1 depth=4 statesConsidered=9 expanded=2 candidateAttempts=13 infeasibleRoutes=4 topKTruncations=0 generatedChildren=15 uniqueChildren=9 collectChildren=9 stopChildren=6 duplicates=0 dominance=0 terminalCandidates=9 bestSecuredCollections=13 bestPotentialCollections=18
V2_BEAM_DEPTH_SUMMARY day=1 depth=5 statesConsidered=15 expanded=5 candidateAttempts=25 infeasibleRoutes=17 topKTruncations=0 generatedChildren=23 uniqueChildren=14 collectChildren=8 stopChildren=15 duplicates=1 dominance=0 terminalCandidates=14 bestSecuredCollections=14 bestPotentialCollections=18
V2_BEAM_DEPTH_SUMMARY day=1 depth=6 statesConsidered=23 expanded=17 candidateAttempts=59 infeasibleRoutes=47 topKTruncations=0 generatedChildren=51 uniqueChildren=20 collectChildren=12 stopChildren=39 duplicates=3 dominance=0 terminalCandidates=20 bestSecuredCollections=15 bestPotentialCollections=17
V2_BEAM_DEPTH_SUMMARY day=1 depth=7 statesConsidered=51 expanded=27 candidateAttempts=58 infeasibleRoutes=52 topKTruncations=0 generatedChildren=48 uniqueChildren=27 collectChildren=6 stopChildren=42 duplicates=24 dominance=0 terminalCandidates=27 bestSecuredCollections=15 bestPotentialCollections=17
V2_BEAM_DEPTH_SUMMARY day=1 depth=8 statesConsidered=48 expanded=9 candidateAttempts=11 infeasibleRoutes=11 topKTruncations=0 generatedChildren=9 uniqueChildren=19 collectChildren=0 stopChildren=9 duplicates=29 dominance=0 terminalCandidates=19 bestSecuredCollections=15 bestPotentialCollections=15
V2_BEAM_DEPTH_SUMMARY day=1 depth=9 statesConsidered=9 expanded=0 candidateAttempts=0 infeasibleRoutes=0 topKTruncations=0 generatedChildren=0 uniqueChildren=3 collectChildren=0 stopChildren=0 duplicates=6 dominance=0 terminalCandidates=3 bestSecuredCollections=15 bestPotentialCollections=15
V2_POTENTIAL_DISCRIMINATION_SUMMARY day=1 depth=0 stateCount=13 minPotential=10 maxPotential=16 distinctPotentialValues=5
V2_POTENTIAL_DISCRIMINATION_SUMMARY day=1 depth=1 stateCount=15 minPotential=7 maxPotential=11 distinctPotentialValues=5
V2_POTENTIAL_DISCRIMINATION_SUMMARY day=1 depth=2 stateCount=12 minPotential=6 maxPotential=8 distinctPotentialValues=3
V2_POTENTIAL_DISCRIMINATION_SUMMARY day=1 depth=3 stateCount=10 minPotential=3 maxPotential=6 distinctPotentialValues=3
V2_POTENTIAL_DISCRIMINATION_SUMMARY day=1 depth=4 stateCount=9 minPotential=2 maxPotential=5 distinctPotentialValues=4
V2_POTENTIAL_DISCRIMINATION_SUMMARY day=1 depth=5 stateCount=15 minPotential=1 maxPotential=5 distinctPotentialValues=5
V2_POTENTIAL_DISCRIMINATION_SUMMARY day=1 depth=6 stateCount=23 minPotential=0 maxPotential=3 distinctPotentialValues=4
V2_POTENTIAL_DISCRIMINATION_SUMMARY day=1 depth=7 stateCount=51 minPotential=0 maxPotential=3 distinctPotentialValues=3
V2_POTENTIAL_DISCRIMINATION_SUMMARY day=1 depth=8 stateCount=48 minPotential=0 maxPotential=0 distinctPotentialValues=1
V2_POTENTIAL_DISCRIMINATION_SUMMARY day=1 depth=9 stateCount=9 minPotential=0 maxPotential=0 distinctPotentialValues=1
V2_TERMINAL_PORTFOLIO day=1 rank=1 ownSemiBrands=4 ownSemiCollections=13 coupledOwnCollections=7 baselineOpponentCollections=15 coupledOpponentCollections=11 hybridMarginScore4=-10 strategicDecisionCount=6 movementCommandCount=85 signature=0:MRIGHT,MRIGHT,MRIGHT,MRIGHT,MRIGHT,MRIGHT,MDOWN_LEFT,MLEFT,MLEFT,MLEFT,MLEFT,MDOWN_LEFT,MDOWN_LEFT,MDOWN_RIGHT,W4,;1:MDOWN_RIGHT,W4,MDOWN_RIGHT,MDOWN_RIGHT,MDOWN_RIGHT,MDOWN_LEFT,MDOWN_LEFT,MDOWN_LEFT,MRIGHT,MRIGHT,MRIGHT,W7,;2:MLEFT,MUP_LEFT,MUP_LEFT,MUP_LEFT,MUP_RIGHT,MUP_RIGHT,MUP_RIGHT,MUP_RIGHT,MDOWN_LEFT,MLEFT,MLEFT,MLEFT,MLEFT,MUP_LEFT,MLEFT,W2,;3:MLEFT,MLEFT,MDOWN_LEFT,MUP_RIGHT,MRIGHT,MRIGHT,W1,W2,W15,;
V2_TERMINAL_PORTFOLIO day=1 rank=2 ownSemiBrands=4 ownSemiCollections=13 coupledOwnCollections=6 baselineOpponentCollections=15 coupledOpponentCollections=11 hybridMarginScore4=-11 strategicDecisionCount=6 movementCommandCount=92 signature=0:MRIGHT,MRIGHT,MRIGHT,MRIGHT,MRIGHT,MRIGHT,MDOWN_LEFT,MLEFT,MLEFT,MLEFT,MLEFT,MDOWN_LEFT,MDOWN_LEFT,MDOWN_RIGHT,W4,;1:MDOWN_RIGHT,W4,MDOWN_RIGHT,MDOWN_RIGHT,MDOWN_RIGHT,MDOWN_LEFT,MDOWN_LEFT,MDOWN_LEFT,MUP_LEFT,MUP_RIGHT,MUP_RIGHT,MUP_RIGHT,MUP_RIGHT,MUP_RIGHT,MUP_RIGHT,;2:MLEFT,MUP_LEFT,MUP_LEFT,MUP_LEFT,MUP_RIGHT,MUP_RIGHT,MUP_RIGHT,MUP_RIGHT,MDOWN_LEFT,MLEFT,MLEFT,MLEFT,MLEFT,MUP_LEFT,MLEFT,W2,;3:MLEFT,MLEFT,MDOWN_LEFT,MUP_RIGHT,MRIGHT,MRIGHT,W1,W2,W15,;
V2_TERMINAL_PORTFOLIO day=1 rank=3 ownSemiBrands=4 ownSemiCollections=13 coupledOwnCollections=6 baselineOpponentCollections=15 coupledOpponentCollections=11 hybridMarginScore4=-11 strategicDecisionCount=6 movementCommandCount=92 signature=0:MRIGHT,MRIGHT,MRIGHT,MRIGHT,MRIGHT,MRIGHT,MDOWN_LEFT,MLEFT,MLEFT,MLEFT,MLEFT,MDOWN_LEFT,MDOWN_LEFT,MDOWN_RIGHT,W4,;1:MDOWN_RIGHT,W4,MDOWN_RIGHT,MDOWN_RIGHT,MDOWN_RIGHT,MDOWN_LEFT,MDOWN_LEFT,MDOWN_LEFT,MUP_LEFT,MUP_RIGHT,MUP_RIGHT,MUP_RIGHT,MUP_RIGHT,MUP_RIGHT,MUP_RIGHT,;2:MLEFT,MUP_LEFT,MUP_LEFT,MUP_LEFT,MUP_RIGHT,MUP_RIGHT,MUP_RIGHT,MUP_RIGHT,MDOWN_LEFT,MLEFT,MLEFT,MLEFT,MLEFT,MDOWN_LEFT,MDOWN_LEFT,MDOWN_RIGHT,W2,;3:MLEFT,MLEFT,MDOWN_LEFT,MUP_RIGHT,MRIGHT,MRIGHT,W1,W2,W15,;
V2_TERMINAL_PORTFOLIO day=1 rank=4 ownSemiBrands=4 ownSemiCollections=13 coupledOwnCollections=6 baselineOpponentCollections=15 coupledOpponentCollections=11 hybridMarginScore4=-11 strategicDecisionCount=6 movementCommandCount=87 signature=0:MRIGHT,MRIGHT,MRIGHT,MRIGHT,MRIGHT,MRIGHT,MDOWN_LEFT,MLEFT,MLEFT,MLEFT,MLEFT,MDOWN_LEFT,MDOWN_LEFT,MDOWN_RIGHT,W4,;1:MDOWN_RIGHT,W4,MDOWN_RIGHT,MDOWN_RIGHT,MDOWN_RIGHT,MDOWN_LEFT,MDOWN_LEFT,MDOWN_LEFT,MUP_LEFT,MUP_LEFT,MUP_LEFT,MLEFT,W5,;2:MLEFT,MUP_LEFT,MUP_LEFT,MUP_LEFT,MUP_RIGHT,MUP_RIGHT,MUP_RIGHT,MUP_RIGHT,MDOWN_LEFT,MLEFT,MLEFT,MLEFT,MLEFT,MUP_LEFT,MLEFT,W2,;3:MLEFT,MLEFT,MDOWN_LEFT,MUP_RIGHT,MRIGHT,MRIGHT,W1,W2,W15,;
V2_TERMINAL_PORTFOLIO day=1 rank=5 ownSemiBrands=4 ownSemiCollections=13 coupledOwnCollections=6 baselineOpponentCollections=15 coupledOpponentCollections=13 hybridMarginScore4=-13 strategicDecisionCount=6 movementCommandCount=85 signature=0:MRIGHT,MRIGHT,MRIGHT,MRIGHT,MRIGHT,MRIGHT,MDOWN_LEFT,MLEFT,MLEFT,MLEFT,MLEFT,MDOWN_LEFT,MDOWN_LEFT,MDOWN_RIGHT,W4,;1:MDOWN_RIGHT,W4,MDOWN_RIGHT,MDOWN_RIGHT,MDOWN_RIGHT,MDOWN_LEFT,MDOWN_LEFT,MDOWN_LEFT,MRIGHT,MRIGHT,MRIGHT,W7,;2:MLEFT,MUP_LEFT,MUP_LEFT,MUP_LEFT,MUP_RIGHT,MUP_RIGHT,MUP_RIGHT,MUP_RIGHT,MDOWN_LEFT,MLEFT,MLEFT,MLEFT,MLEFT,MDOWN_LEFT,MDOWN_LEFT,MDOWN_RIGHT,W2,;3:MLEFT,MLEFT,MDOWN_LEFT,MUP_RIGHT,MRIGHT,MRIGHT,W1,W2,W15,;
V2_TIMING_BREAKDOWN day=1 catalogWallMillis=14 searchWallMillis=167 stageBTerminalWallMillis=141 stageATerminalAccumulatedMillis=2 stageBTerminalAccumulatedMillis=133 totalWallMillis=322 fullCoupledEvaluationCount=16
V2_JOINT_BEAM_DONE day=1 beamWidth=48 maxExpandedStates=64 expanded=64 generatedChildren=192 uniqueStates=142 collectChildrenGenerated=69 stopChildrenGenerated=123 rootScheduleStates=12 duplicateStatesRejected=63 dominatedStatesRejected=0 terminalStates=142 continuingTerminalCandidates=135 fullyStoppedTerminalCandidates=7 stageATerminalEvaluations=142 stageBRequested=16 stageBDuplicateCandidatesSkipped=82 terminalPlansEvaluated=16 selectedOwnSemiBrands=4 selectedOwnSemiCollections=13 selectedCoupledOwnCollections=7 selectedBaselineOpponentCollections=15 selectedCoupledOpponentCollections=11 selectedHybridOwnScore4=46 selectedHybridOpponentScore4=56 selectedHybridMarginScore4=-10 catalogPathfindingExecutions=8 searchPathfindingExecutions=0 planningMillis=322 planningDeadlineTriggered=false deadlinePhase=NONE
R3_PORTFOLIO_SUMMARY day=1 partialToursGenerated=112 partialToursPruned=15 skeletonsConsidered=48 skeletonsValidated=24 skeletonsValid=12 skeletonsRetained=12 rootCandidates=13 rootsInitiallyAdmitted=13 rootsSurvivingMerge=13 selectedSupportServiceCount=3 selectedSupportedPatrols=[0, 1, 2] selectedSupportSkeletonSignature=3:1@12/6,0@6/13,2@6/15 stageATerminals=142 stageBRequested=16 stageBEvaluated=16 stageBSkippedForDeadline=0 tourCatalogPathfindingExecutions=28 tourSearchPathfindingExecutions=0 beamSearchPathfindingExecutions=0 planningDeadlineTriggered=false deadlinePhase=NONE incumbentSource=STAGE_B fallbackUsed=false terminalEvaluationWallMillis=141 terminalEvaluationAccumulatedMillis=135 wallPlanningMillis=387
LOCAL_PLAN_VALID matchId=m-5330 day=1 mode=JointTeamBeamR3Planner
ACTION_REQUEST_FINGERPRINT matchId=m-5330 day=1 agentCount=4 serializedLength=121 fingerprint=f5bcfd95
ACTION_DURATION_AUDIT matchId=m-5330 day=1 agent=0 dayBudget=30 plannerDuration=30 validatedDuration=30 encodedDuration=30 actionCount=15 finalAction=WAIT(4) paddingApplied=false
ACTION_WIRE_REPLAY_AUDIT matchId=m-5330 day=1 agent=0 dayBudget=30 simulatedDuration=30 wireReplayDuration=30 simulatedEndPosition=33 wireReplayEndPosition=33 simulatedPatrolFuel=49 wireReplayPatrolFuel=49 actionCount=15 durationMatch=true positionMatch=true fuelMatch=true fuelCheckReason=finiteFuelCompared
ACTION_DURATION_AUDIT matchId=m-5330 day=1 agent=1 dayBudget=30 plannerDuration=30 validatedDuration=30 encodedDuration=30 actionCount=12 finalAction=WAIT(7) paddingApplied=false
ACTION_WIRE_REPLAY_AUDIT matchId=m-5330 day=1 agent=1 dayBudget=30 simulatedDuration=30 wireReplayDuration=30 simulatedEndPosition=63 wireReplayEndPosition=63 simulatedPatrolFuel=50 wireReplayPatrolFuel=50 actionCount=12 durationMatch=true positionMatch=true fuelMatch=true fuelCheckReason=finiteFuelCompared
ACTION_DURATION_AUDIT matchId=m-5330 day=1 agent=2 dayBudget=30 plannerDuration=30 validatedDuration=30 encodedDuration=30 actionCount=16 finalAction=WAIT(2) paddingApplied=false
ACTION_WIRE_REPLAY_AUDIT matchId=m-5330 day=1 agent=2 dayBudget=30 simulatedDuration=30 wireReplayDuration=30 simulatedEndPosition=0 wireReplayEndPosition=0 simulatedPatrolFuel=50 wireReplayPatrolFuel=50 actionCount=16 durationMatch=true positionMatch=true fuelMatch=true fuelCheckReason=finiteFuelCompared
ACTION_DURATION_AUDIT matchId=m-5330 day=1 agent=3 dayBudget=30 plannerDuration=30 validatedDuration=30 encodedDuration=30 actionCount=9 finalAction=WAIT(15) paddingApplied=false
ACTION_WIRE_REPLAY_AUDIT matchId=m-5330 day=1 agent=3 dayBudget=30 simulatedDuration=30 wireReplayDuration=30 simulatedEndPosition=6 wireReplayEndPosition=6 simulatedPatrolFuel=UNAVAILABLE wireReplayPatrolFuel=UNAVAILABLE actionCount=9 durationMatch=true positionMatch=true fuelMatch=NA fuelCheckReason=nonPatrolOrUnavailableFuel
ACTIONS_SUBMITTED matchId=m-5330 day=1 fingerprint=f5bcfd95
ACTION_RESPONSE_DAY_OBSERVED matchId=m-5330 submittedDay=1 responseDay=2 delta=1 fingerprint=f5bcfd95
UDON_OBSERVABILITY matchId=m-5330 day=1 predictedDayUdon=15 authoritativeActual=UNAVAILABLE
ACTIONS_ACCEPTED matchId=m-5330 day=1
DAY_STATE_RECEIVED matchId=m-5330 day=1 agents=4
DAY_STATE_RECEIVED matchId=m-5330 day=1 agents=4
DAY_STATE_RECEIVED matchId=m-5330 day=1 agents=4
DAY_STATE_RECEIVED matchId=m-5330 day=1 agents=4
DAY_STATE_RECEIVED matchId=m-5330 day=1 agents=4
DAY_STATE_RECEIVED matchId=m-5330 day=1 agents=4
DAY_STATE_RECEIVED matchId=m-5330 day=1 agents=4
DAY_STATE_RECEIVED matchId=m-5330 day=1 agents=4
DAY_STATE_RECEIVED matchId=m-5330 day=1 agents=4
DAY_STATE_RECEIVED matchId=m-5330 day=1 agents=4
DAY_STATE_RECEIVED matchId=m-5330 day=1 agents=4
DAY_STATE_RECEIVED matchId=m-5330 day=1 agents=4
DAY_STATE_RECEIVED matchId=m-5330 day=1 agents=4
DAY_STATE_RECEIVED matchId=m-5330 day=2 agents=4
PARITY_OBSERVED matchId=m-5330 day=1 position=MATCH patrolFuel=MATCH
DAY_ADVANCED matchId=m-5330 from=1 to=2
V2_JOINT_BEAM_START day=2 beamWidth=48 maxExpandedStates=64 maxChildrenPerState=24 maxNextTargetsPerAgent=4 fullTerminalEvaluationLimit=16 searchPolicy=R1_CONTROL
V2_PATHFINDING_AUDIT day=2 catalogPathfindingExecutions=8 searchPathfindingExecutions=0
V2_BEAM_DEPTH_SUMMARY day=2 depth=0 statesConsidered=13 expanded=1 candidateAttempts=16 infeasibleRoutes=0 topKTruncations=4 generatedChildren=15 uniqueChildren=10 collectChildren=12 stopChildren=3 duplicates=3 dominance=0 terminalCandidates=10 bestSecuredCollections=8 bestPotentialCollections=19
V2_BEAM_DEPTH_SUMMARY day=2 depth=1 statesConsidered=15 expanded=1 candidateAttempts=11 infeasibleRoutes=3 topKTruncations=0 generatedChildren=11 uniqueChildren=15 collectChildren=8 stopChildren=3 duplicates=0 dominance=0 terminalCandidates=15 bestSecuredCollections=10 bestPotentialCollections=19
V2_BEAM_DEPTH_SUMMARY day=2 depth=2 statesConsidered=11 expanded=2 candidateAttempts=16 infeasibleRoutes=8 topKTruncations=0 generatedChildren=14 uniqueChildren=11 collectChildren=8 stopChildren=6 duplicates=0 dominance=0 terminalCandidates=11 bestSecuredCollections=12 bestPotentialCollections=18
V2_BEAM_DEPTH_SUMMARY day=2 depth=3 statesConsidered=14 expanded=6 candidateAttempts=34 infeasibleRoutes=24 topKTruncations=0 generatedChildren=25 uniqueChildren=14 collectChildren=10 stopChildren=15 duplicates=0 dominance=0 terminalCandidates=14 bestSecuredCollections=13 bestPotentialCollections=17
V2_BEAM_DEPTH_SUMMARY day=2 depth=4 statesConsidered=25 expanded=11 candidateAttempts=42 infeasibleRoutes=35 topKTruncations=0 generatedChildren=28 uniqueChildren=18 collectChildren=7 stopChildren=21 duplicates=7 dominance=0 terminalCandidates=18 bestSecuredCollections=14 bestPotentialCollections=17
V2_BEAM_DEPTH_SUMMARY day=2 depth=5 statesConsidered=28 expanded=12 candidateAttempts=36 infeasibleRoutes=32 topKTruncations=0 generatedChildren=25 uniqueChildren=16 collectChildren=4 stopChildren=21 duplicates=12 dominance=0 terminalCandidates=16 bestSecuredCollections=14 bestPotentialCollections=16
V2_BEAM_DEPTH_SUMMARY day=2 depth=6 statesConsidered=25 expanded=11 candidateAttempts=32 infeasibleRoutes=26 topKTruncations=0 generatedChildren=28 uniqueChildren=17 collectChildren=6 stopChildren=22 duplicates=8 dominance=0 terminalCandidates=17 bestSecuredCollections=15 bestPotentialCollections=16
V2_BEAM_DEPTH_SUMMARY day=2 depth=7 statesConsidered=28 expanded=11 candidateAttempts=24 infeasibleRoutes=21 topKTruncations=0 generatedChildren=23 uniqueChildren=18 collectChildren=3 stopChildren=20 duplicates=10 dominance=0 terminalCandidates=18 bestSecuredCollections=15 bestPotentialCollections=16
V2_BEAM_DEPTH_SUMMARY day=2 depth=8 statesConsidered=23 expanded=9 candidateAttempts=10 infeasibleRoutes=10 topKTruncations=0 generatedChildren=9 uniqueChildren=11 collectChildren=0 stopChildren=9 duplicates=12 dominance=0 terminalCandidates=11 bestSecuredCollections=15 bestPotentialCollections=15
V2_BEAM_DEPTH_SUMMARY day=2 depth=9 statesConsidered=9 expanded=0 candidateAttempts=0 infeasibleRoutes=0 topKTruncations=0 generatedChildren=0 uniqueChildren=3 collectChildren=0 stopChildren=0 duplicates=6 dominance=0 terminalCandidates=3 bestSecuredCollections=15 bestPotentialCollections=15
V2_POTENTIAL_DISCRIMINATION_SUMMARY day=2 depth=0 stateCount=13 minPotential=10 maxPotential=16 distinctPotentialValues=5
V2_POTENTIAL_DISCRIMINATION_SUMMARY day=2 depth=1 stateCount=15 minPotential=7 maxPotential=11 distinctPotentialValues=5
V2_POTENTIAL_DISCRIMINATION_SUMMARY day=2 depth=2 stateCount=11 minPotential=2 maxPotential=8 distinctPotentialValues=6
V2_POTENTIAL_DISCRIMINATION_SUMMARY day=2 depth=3 stateCount=14 minPotential=0 maxPotential=6 distinctPotentialValues=6
V2_POTENTIAL_DISCRIMINATION_SUMMARY day=2 depth=4 stateCount=25 minPotential=0 maxPotential=5 distinctPotentialValues=6
V2_POTENTIAL_DISCRIMINATION_SUMMARY day=2 depth=5 stateCount=28 minPotential=0 maxPotential=3 distinctPotentialValues=4
V2_POTENTIAL_DISCRIMINATION_SUMMARY day=2 depth=6 stateCount=25 minPotential=0 maxPotential=2 distinctPotentialValues=3
V2_POTENTIAL_DISCRIMINATION_SUMMARY day=2 depth=7 stateCount=28 minPotential=0 maxPotential=2 distinctPotentialValues=3
V2_POTENTIAL_DISCRIMINATION_SUMMARY day=2 depth=8 stateCount=23 minPotential=0 maxPotential=0 distinctPotentialValues=1
V2_POTENTIAL_DISCRIMINATION_SUMMARY day=2 depth=9 stateCount=9 minPotential=0 maxPotential=0 distinctPotentialValues=1
V2_TERMINAL_PORTFOLIO day=2 rank=1 ownSemiBrands=4 ownSemiCollections=12 coupledOwnCollections=8 baselineOpponentCollections=16 coupledOpponentCollections=11 hybridMarginScore4=-15 strategicDecisionCount=6 movementCommandCount=94 signature=0:MUP_LEFT,MUP_RIGHT,MUP_RIGHT,MRIGHT,MRIGHT,MUP_LEFT,MRIGHT,MRIGHT,MRIGHT,MLEFT,MLEFT,MLEFT,MLEFT,MLEFT,MLEFT,W2,;1:MLEFT,MUP_LEFT,MUP_LEFT,MUP_LEFT,MUP_RIGHT,MUP_RIGHT,MUP_RIGHT,MUP_RIGHT,MDOWN_LEFT,MLEFT,MLEFT,MLEFT,MLEFT,MDOWN_LEFT,MDOWN_LEFT,MDOWN_RIGHT,W2,;2:MRIGHT,MRIGHT,MRIGHT,MRIGHT,MRIGHT,MRIGHT,MDOWN_RIGHT,MDOWN_LEFT,MDOWN_LEFT,MDOWN_LEFT,MDOWN_LEFT,MDOWN_LEFT,MDOWN_LEFT,W4,;3:MLEFT,MLEFT,MDOWN_LEFT,W1,MUP_RIGHT,MRIGHT,MRIGHT,W2,W15,;
V2_TERMINAL_PORTFOLIO day=2 rank=2 ownSemiBrands=4 ownSemiCollections=12 coupledOwnCollections=8 baselineOpponentCollections=16 coupledOpponentCollections=11 hybridMarginScore4=-15 strategicDecisionCount=6 movementCommandCount=96 signature=0:MUP_LEFT,MUP_RIGHT,MUP_RIGHT,MRIGHT,MRIGHT,MUP_LEFT,MRIGHT,MRIGHT,MRIGHT,MDOWN_RIGHT,MDOWN_RIGHT,MDOWN_LEFT,MDOWN_LEFT,MDOWN_LEFT,MDOWN_LEFT,MDOWN_RIGHT,MRIGHT,;1:MLEFT,MUP_LEFT,MUP_LEFT,MUP_LEFT,MUP_RIGHT,MUP_RIGHT,MUP_RIGHT,MUP_RIGHT,MDOWN_LEFT,MLEFT,MLEFT,MLEFT,MLEFT,MDOWN_LEFT,MDOWN_LEFT,MDOWN_RIGHT,W2,;2:MRIGHT,MRIGHT,MRIGHT,MRIGHT,MRIGHT,MRIGHT,MDOWN_RIGHT,MDOWN_LEFT,MDOWN_LEFT,MDOWN_LEFT,MDOWN_LEFT,MDOWN_LEFT,MDOWN_LEFT,W4,;3:MLEFT,MLEFT,MDOWN_LEFT,W1,MUP_RIGHT,MRIGHT,MRIGHT,W2,W15,;
V2_TERMINAL_PORTFOLIO day=2 rank=3 ownSemiBrands=4 ownSemiCollections=12 coupledOwnCollections=7 baselineOpponentCollections=16 coupledOpponentCollections=12 hybridMarginScore4=-17 strategicDecisionCount=6 movementCommandCount=95 signature=0:MUP_LEFT,MUP_RIGHT,MUP_RIGHT,MRIGHT,MRIGHT,MUP_LEFT,MLEFT,MLEFT,MLEFT,MRIGHT,MRIGHT,MRIGHT,MRIGHT,MRIGHT,MRIGHT,W1,;1:MLEFT,MUP_LEFT,MUP_LEFT,MUP_LEFT,MUP_RIGHT,MUP_RIGHT,MUP_RIGHT,MUP_RIGHT,MDOWN_LEFT,MLEFT,MLEFT,MLEFT,MLEFT,MDOWN_LEFT,MDOWN_LEFT,MDOWN_RIGHT,W2,;2:MRIGHT,MRIGHT,MRIGHT,MRIGHT,MRIGHT,MRIGHT,MDOWN_RIGHT,MDOWN_LEFT,MDOWN_LEFT,MDOWN_LEFT,MDOWN_LEFT,MDOWN_LEFT,MDOWN_LEFT,W4,;3:MLEFT,MLEFT,MDOWN_LEFT,W1,MUP_RIGHT,MRIGHT,MRIGHT,W2,W15,;
V2_TERMINAL_PORTFOLIO day=2 rank=4 ownSemiBrands=4 ownSemiCollections=11 coupledOwnCollections=8 baselineOpponentCollections=16 coupledOpponentCollections=11 hybridMarginScore4=-18 strategicDecisionCount=5 movementCommandCount=81 signature=0:MUP_LEFT,MUP_RIGHT,MUP_RIGHT,MRIGHT,MRIGHT,MUP_LEFT,MRIGHT,MRIGHT,MRIGHT,W15,;1:MLEFT,MUP_LEFT,MUP_LEFT,MUP_LEFT,MUP_RIGHT,MUP_RIGHT,MUP_RIGHT,MUP_RIGHT,MDOWN_LEFT,MLEFT,MLEFT,MLEFT,MLEFT,MDOWN_LEFT,MDOWN_LEFT,MDOWN_RIGHT,W2,;2:MRIGHT,MRIGHT,MRIGHT,MRIGHT,MRIGHT,MRIGHT,MDOWN_RIGHT,MDOWN_LEFT,MDOWN_LEFT,MDOWN_LEFT,MDOWN_LEFT,MDOWN_LEFT,MDOWN_LEFT,W4,;3:MLEFT,MLEFT,MDOWN_LEFT,W1,MUP_RIGHT,MRIGHT,MRIGHT,W2,W15,;
V2_TERMINAL_PORTFOLIO day=2 rank=5 ownSemiBrands=4 ownSemiCollections=11 coupledOwnCollections=8 baselineOpponentCollections=16 coupledOpponentCollections=11 hybridMarginScore4=-18 strategicDecisionCount=5 movementCommandCount=90 signature=0:MUP_LEFT,MUP_RIGHT,MUP_RIGHT,MRIGHT,MRIGHT,MUP_LEFT,MDOWN_RIGHT,MDOWN_RIGHT,MDOWN_RIGHT,MDOWN_RIGHT,MDOWN_RIGHT,MDOWN_LEFT,MDOWN_RIGHT,MRIGHT,W6,;1:MLEFT,MUP_LEFT,MUP_LEFT,MUP_LEFT,MUP_RIGHT,MUP_RIGHT,MUP_RIGHT,MUP_RIGHT,MDOWN_LEFT,MLEFT,MLEFT,MLEFT,MLEFT,MDOWN_LEFT,MDOWN_LEFT,MDOWN_RIGHT,W2,;2:MRIGHT,MRIGHT,MRIGHT,MRIGHT,MRIGHT,MRIGHT,MDOWN_RIGHT,MDOWN_LEFT,MDOWN_LEFT,MDOWN_LEFT,MDOWN_LEFT,MDOWN_LEFT,MDOWN_LEFT,W4,;3:MLEFT,MLEFT,MDOWN_LEFT,W1,MUP_RIGHT,MRIGHT,MRIGHT,W2,W15,;
V2_TIMING_BREAKDOWN day=2 catalogWallMillis=5 searchWallMillis=120 stageBTerminalWallMillis=84 stageATerminalAccumulatedMillis=0 stageBTerminalAccumulatedMillis=75 totalWallMillis=209 fullCoupledEvaluationCount=16
V2_JOINT_BEAM_DONE day=2 beamWidth=48 maxExpandedStates=64 expanded=64 generatedChildren=178 uniqueStates=133 collectChildrenGenerated=58 stopChildrenGenerated=120 rootScheduleStates=12 duplicateStatesRejected=58 dominatedStatesRejected=0 terminalStates=133 continuingTerminalCandidates=124 fullyStoppedTerminalCandidates=9 stageATerminalEvaluations=133 stageBRequested=16 stageBDuplicateCandidatesSkipped=83 terminalPlansEvaluated=16 selectedOwnSemiBrands=4 selectedOwnSemiCollections=12 selectedCoupledOwnCollections=8 selectedBaselineOpponentCollections=16 selectedCoupledOpponentCollections=11 selectedHybridOwnScore4=44 selectedHybridOpponentScore4=59 selectedHybridMarginScore4=-15 catalogPathfindingExecutions=8 searchPathfindingExecutions=0 planningMillis=209 planningDeadlineTriggered=false deadlinePhase=NONE
R3_PORTFOLIO_SUMMARY day=2 partialToursGenerated=108 partialToursPruned=15 skeletonsConsidered=48 skeletonsValidated=24 skeletonsValid=14 skeletonsRetained=12 rootCandidates=13 rootsInitiallyAdmitted=13 rootsSurvivingMerge=13 selectedSupportServiceCount=3 selectedSupportedPatrols=[0, 1, 2] selectedSupportSkeletonSignature=3:0@12/7,2@12/7,1@6/15 stageATerminals=133 stageBRequested=16 stageBEvaluated=16 stageBSkippedForDeadline=0 tourCatalogPathfindingExecutions=28 tourSearchPathfindingExecutions=0 beamSearchPathfindingExecutions=0 planningDeadlineTriggered=false deadlinePhase=NONE incumbentSource=STAGE_B fallbackUsed=false terminalEvaluationWallMillis=84 terminalEvaluationAccumulatedMillis=75 wallPlanningMillis=237
LOCAL_PLAN_VALID matchId=m-5330 day=2 mode=JointTeamBeamR3Planner
ACTION_REQUEST_FINGERPRINT matchId=m-5330 day=2 agentCount=4 serializedLength=128 fingerprint=8e747f81
ACTION_DURATION_AUDIT matchId=m-5330 day=2 agent=0 dayBudget=30 plannerDuration=30 validatedDuration=30 encodedDuration=30 actionCount=16 finalAction=WAIT(2) paddingApplied=false
ACTION_WIRE_REPLAY_AUDIT matchId=m-5330 day=2 agent=0 dayBudget=30 simulatedDuration=30 wireReplayDuration=30 simulatedEndPosition=0 wireReplayEndPosition=0 simulatedPatrolFuel=53 wireReplayPatrolFuel=53 actionCount=16 durationMatch=true positionMatch=true fuelMatch=true fuelCheckReason=finiteFuelCompared
ACTION_DURATION_AUDIT matchId=m-5330 day=2 agent=1 dayBudget=30 plannerDuration=30 validatedDuration=30 encodedDuration=30 actionCount=17 finalAction=WAIT(2) paddingApplied=false
ACTION_WIRE_REPLAY_AUDIT matchId=m-5330 day=2 agent=1 dayBudget=30 simulatedDuration=30 wireReplayDuration=30 simulatedEndPosition=33 wireReplayEndPosition=33 simulatedPatrolFuel=49 wireReplayPatrolFuel=49 actionCount=17 durationMatch=true positionMatch=true fuelMatch=true fuelCheckReason=finiteFuelCompared
ACTION_DURATION_AUDIT matchId=m-5330 day=2 agent=2 dayBudget=30 plannerDuration=30 validatedDuration=30 encodedDuration=30 actionCount=14 finalAction=WAIT(4) paddingApplied=false
ACTION_WIRE_REPLAY_AUDIT matchId=m-5330 day=2 agent=2 dayBudget=30 simulatedDuration=30 wireReplayDuration=30 simulatedEndPosition=60 wireReplayEndPosition=60 simulatedPatrolFuel=52 wireReplayPatrolFuel=52 actionCount=14 durationMatch=true positionMatch=true fuelMatch=true fuelCheckReason=finiteFuelCompared
ACTION_DURATION_AUDIT matchId=m-5330 day=2 agent=3 dayBudget=30 plannerDuration=30 validatedDuration=30 encodedDuration=30 actionCount=9 finalAction=WAIT(15) paddingApplied=false
ACTION_WIRE_REPLAY_AUDIT matchId=m-5330 day=2 agent=3 dayBudget=30 simulatedDuration=30 wireReplayDuration=30 simulatedEndPosition=6 wireReplayEndPosition=6 simulatedPatrolFuel=UNAVAILABLE wireReplayPatrolFuel=UNAVAILABLE actionCount=9 durationMatch=true positionMatch=true fuelMatch=NA fuelCheckReason=nonPatrolOrUnavailableFuel
ACTIONS_SUBMITTED matchId=m-5330 day=2 fingerprint=8e747f81
ACTION_RESPONSE_DAY_OBSERVED matchId=m-5330 submittedDay=2 responseDay=3 delta=1 fingerprint=8e747f81
UDON_OBSERVABILITY matchId=m-5330 day=2 predictedDayUdon=15 authoritativeActual=UNAVAILABLE
ACTIONS_ACCEPTED matchId=m-5330 day=2
DAY_STATE_RECEIVED matchId=m-5330 day=2 agents=4
DAY_STATE_RECEIVED matchId=m-5330 day=2 agents=4
DAY_STATE_RECEIVED matchId=m-5330 day=2 agents=4
DAY_STATE_RECEIVED matchId=m-5330 day=2 agents=4
DAY_STATE_RECEIVED matchId=m-5330 day=2 agents=4
DAY_STATE_RECEIVED matchId=m-5330 day=2 agents=4
DAY_STATE_RECEIVED matchId=m-5330 day=2 agents=4
DAY_STATE_RECEIVED matchId=m-5330 day=2 agents=4
DAY_STATE_RECEIVED matchId=m-5330 day=2 agents=4
DAY_STATE_RECEIVED matchId=m-5330 day=2 agents=4
DAY_STATE_RECEIVED matchId=m-5330 day=2 agents=4
DAY_STATE_RECEIVED matchId=m-5330 day=2 agents=4
DAY_STATE_RECEIVED matchId=m-5330 day=2 agents=4
DAY_STATE_RECEIVED matchId=m-5330 day=2 agents=4
DAY_STATE_RECEIVED matchId=m-5330 day=2 agents=4
DAY_STATE_RECEIVED matchId=m-5330 day=3 agents=4
PARITY_OBSERVED matchId=m-5330 day=2 position=MATCH patrolFuel=MATCH
DAY_ADVANCED matchId=m-5330 from=2 to=3
V2_JOINT_BEAM_START day=3 beamWidth=48 maxExpandedStates=64 maxChildrenPerState=24 maxNextTargetsPerAgent=4 fullTerminalEvaluationLimit=16 searchPolicy=R1_CONTROL
V2_PATHFINDING_AUDIT day=3 catalogPathfindingExecutions=8 searchPathfindingExecutions=0
V2_BEAM_DEPTH_SUMMARY day=3 depth=0 statesConsidered=13 expanded=1 candidateAttempts=15 infeasibleRoutes=0 topKTruncations=3 generatedChildren=15 uniqueChildren=8 collectChildren=12 stopChildren=3 duplicates=5 dominance=0 terminalCandidates=8 bestSecuredCollections=7 bestPotentialCollections=19
V2_BEAM_DEPTH_SUMMARY day=3 depth=1 statesConsidered=15 expanded=1 candidateAttempts=11 infeasibleRoutes=4 topKTruncations=0 generatedChildren=10 uniqueChildren=15 collectChildren=7 stopChildren=3 duplicates=0 dominance=0 terminalCandidates=15 bestSecuredCollections=9 bestPotentialCollections=19
V2_BEAM_DEPTH_SUMMARY day=3 depth=2 statesConsidered=10 expanded=1 candidateAttempts=10 infeasibleRoutes=4 topKTruncations=0 generatedChildren=9 uniqueChildren=10 collectChildren=6 stopChildren=3 duplicates=0 dominance=0 terminalCandidates=10 bestSecuredCollections=10 bestPotentialCollections=16
V2_BEAM_DEPTH_SUMMARY day=3 depth=3 statesConsidered=9 expanded=1 candidateAttempts=8 infeasibleRoutes=3 topKTruncations=0 generatedChildren=8 uniqueChildren=9 collectChildren=5 stopChildren=3 duplicates=0 dominance=0 terminalCandidates=9 bestSecuredCollections=11 bestPotentialCollections=16
V2_BEAM_DEPTH_SUMMARY day=3 depth=4 statesConsidered=8 expanded=5 candidateAttempts=34 infeasibleRoutes=22 topKTruncations=0 generatedChildren=27 uniqueChildren=8 collectChildren=12 stopChildren=15 duplicates=0 dominance=0 terminalCandidates=8 bestSecuredCollections=12 bestPotentialCollections=16
V2_BEAM_DEPTH_SUMMARY day=3 depth=5 statesConsidered=27 expanded=15 candidateAttempts=76 infeasibleRoutes=54 topKTruncations=0 generatedChildren=58 uniqueChildren=21 collectChildren=22 stopChildren=36 duplicates=6 dominance=0 terminalCandidates=21 bestSecuredCollections=13 bestPotentialCollections=15
V2_BEAM_DEPTH_SUMMARY day=3 depth=6 statesConsidered=58 expanded=22 candidateAttempts=78 infeasibleRoutes=68 topKTruncations=0 generatedChildren=50 uniqueChildren=32 collectChildren=10 stopChildren=40 duplicates=26 dominance=0 terminalCandidates=32 bestSecuredCollections=13 bestPotentialCollections=15
V2_BEAM_DEPTH_SUMMARY day=3 depth=7 statesConsidered=50 expanded=18 candidateAttempts=34 infeasibleRoutes=34 topKTruncations=0 generatedChildren=18 uniqueChildren=22 collectChildren=0 stopChildren=18 duplicates=28 dominance=0 terminalCandidates=22 bestSecuredCollections=13 bestPotentialCollections=13
V2_BEAM_DEPTH_SUMMARY day=3 depth=8 statesConsidered=18 expanded=0 candidateAttempts=0 infeasibleRoutes=0 topKTruncations=0 generatedChildren=0 uniqueChildren=6 collectChildren=0 stopChildren=0 duplicates=12 dominance=0 terminalCandidates=6 bestSecuredCollections=13 bestPotentialCollections=13
V2_POTENTIAL_DISCRIMINATION_SUMMARY day=3 depth=0 stateCount=13 minPotential=11 maxPotential=16 distinctPotentialValues=4
V2_POTENTIAL_DISCRIMINATION_SUMMARY day=3 depth=1 stateCount=15 minPotential=7 maxPotential=11 distinctPotentialValues=5
V2_POTENTIAL_DISCRIMINATION_SUMMARY day=3 depth=2 stateCount=10 minPotential=3 maxPotential=7 distinctPotentialValues=5
V2_POTENTIAL_DISCRIMINATION_SUMMARY day=3 depth=3 stateCount=9 minPotential=2 maxPotential=6 distinctPotentialValues=4
V2_POTENTIAL_DISCRIMINATION_SUMMARY day=3 depth=4 stateCount=8 minPotential=2 maxPotential=5 distinctPotentialValues=3
V2_POTENTIAL_DISCRIMINATION_SUMMARY day=3 depth=5 stateCount=27 minPotential=0 maxPotential=3 distinctPotentialValues=3
V2_POTENTIAL_DISCRIMINATION_SUMMARY day=3 depth=6 stateCount=58 minPotential=0 maxPotential=3 distinctPotentialValues=3
V2_POTENTIAL_DISCRIMINATION_SUMMARY day=3 depth=7 stateCount=50 minPotential=0 maxPotential=0 distinctPotentialValues=1
V2_POTENTIAL_DISCRIMINATION_SUMMARY day=3 depth=8 stateCount=18 minPotential=0 maxPotential=0 distinctPotentialValues=1
V2_TERMINAL_PORTFOLIO day=3 rank=1 ownSemiBrands=4 ownSemiCollections=11 coupledOwnCollections=7 baselineOpponentCollections=15 coupledOpponentCollections=12 hybridMarginScore4=-17 strategicDecisionCount=5 movementCommandCount=86 signature=0:MRIGHT,MRIGHT,MRIGHT,MRIGHT,MRIGHT,MRIGHT,MDOWN_RIGHT,MDOWN_LEFT,MDOWN_LEFT,MDOWN_LEFT,MDOWN_LEFT,MDOWN_RIGHT,MDOWN_RIGHT,MRIGHT,W2,;1:MUP_LEFT,MUP_RIGHT,MUP_RIGHT,MRIGHT,MRIGHT,MDOWN_RIGHT,MDOWN_RIGHT,MDOWN_RIGHT,MDOWN_LEFT,MDOWN_RIGHT,MDOWN_RIGHT,MRIGHT,W10,;2:MUP_LEFT,MUP_RIGHT,MUP_RIGHT,MUP_RIGHT,MUP_RIGHT,MUP_RIGHT,MUP_RIGHT,MLEFT,MLEFT,MLEFT,MLEFT,MLEFT,MLEFT,W4,;3:MLEFT,MLEFT,MDOWN_LEFT,W1,MUP_RIGHT,MRIGHT,MRIGHT,W17,;
V2_TERMINAL_PORTFOLIO day=3 rank=2 ownSemiBrands=4 ownSemiCollections=11 coupledOwnCollections=7 baselineOpponentCollections=15 coupledOpponentCollections=12 hybridMarginScore4=-17 strategicDecisionCount=5 movementCommandCount=88 signature=0:MRIGHT,MRIGHT,MRIGHT,MRIGHT,MRIGHT,MRIGHT,MDOWN_RIGHT,MDOWN_LEFT,MDOWN_LEFT,MDOWN_LEFT,MDOWN_LEFT,MUP_LEFT,MLEFT,MLEFT,MLEFT,;1:MUP_LEFT,MUP_RIGHT,MUP_RIGHT,MRIGHT,MRIGHT,MDOWN_RIGHT,MDOWN_RIGHT,MDOWN_RIGHT,MDOWN_LEFT,MDOWN_RIGHT,MDOWN_RIGHT,MRIGHT,W10,;2:MUP_LEFT,MUP_RIGHT,MUP_RIGHT,MUP_RIGHT,MUP_RIGHT,MUP_RIGHT,MUP_RIGHT,MLEFT,MLEFT,MLEFT,MLEFT,MLEFT,MLEFT,W4,;3:MLEFT,MLEFT,MDOWN_LEFT,W1,MUP_RIGHT,MRIGHT,MRIGHT,W17,;
V2_TERMINAL_PORTFOLIO day=3 rank=3 ownSemiBrands=4 ownSemiCollections=11 coupledOwnCollections=6 baselineOpponentCollections=15 coupledOpponentCollections=13 hybridMarginScore4=-19 strategicDecisionCount=5 movementCommandCount=89 signature=0:MRIGHT,MRIGHT,MRIGHT,MRIGHT,MRIGHT,MRIGHT,MDOWN_RIGHT,MDOWN_LEFT,MDOWN_LEFT,MDOWN_LEFT,MDOWN_LEFT,MDOWN_RIGHT,MDOWN_RIGHT,MRIGHT,W2,;1:MUP_LEFT,MUP_RIGHT,MUP_RIGHT,MRIGHT,MRIGHT,MDOWN_RIGHT,MDOWN_RIGHT,MDOWN_RIGHT,MDOWN_LEFT,MUP_LEFT,MUP_RIGHT,MUP_RIGHT,MUP_RIGHT,MUP_RIGHT,W7,;2:MUP_LEFT,MUP_RIGHT,MUP_RIGHT,MUP_RIGHT,MUP_RIGHT,MUP_RIGHT,MUP_RIGHT,MLEFT,MLEFT,MLEFT,MLEFT,MLEFT,MLEFT,W4,;3:MLEFT,MLEFT,MDOWN_LEFT,W1,MUP_RIGHT,MRIGHT,MRIGHT,W17,;
V2_TERMINAL_PORTFOLIO day=3 rank=4 ownSemiBrands=4 ownSemiCollections=11 coupledOwnCollections=6 baselineOpponentCollections=15 coupledOpponentCollections=13 hybridMarginScore4=-19 strategicDecisionCount=5 movementCommandCount=91 signature=0:MRIGHT,MRIGHT,MRIGHT,MRIGHT,MRIGHT,MRIGHT,MDOWN_RIGHT,MDOWN_LEFT,MDOWN_LEFT,MDOWN_LEFT,MDOWN_LEFT,MUP_LEFT,MLEFT,MLEFT,MLEFT,;1:MUP_LEFT,MUP_RIGHT,MUP_RIGHT,MRIGHT,MRIGHT,MDOWN_RIGHT,MDOWN_RIGHT,MDOWN_RIGHT,MDOWN_LEFT,MUP_LEFT,MUP_RIGHT,MUP_RIGHT,MUP_RIGHT,MUP_RIGHT,W7,;2:MUP_LEFT,MUP_RIGHT,MUP_RIGHT,MUP_RIGHT,MUP_RIGHT,MUP_RIGHT,MUP_RIGHT,MLEFT,MLEFT,MLEFT,MLEFT,MLEFT,MLEFT,W4,;3:MLEFT,MLEFT,MDOWN_LEFT,W1,MUP_RIGHT,MRIGHT,MRIGHT,W17,;
V2_TERMINAL_PORTFOLIO day=3 rank=5 ownSemiBrands=4 ownSemiCollections=10 coupledOwnCollections=7 baselineOpponentCollections=15 coupledOpponentCollections=12 hybridMarginScore4=-20 strategicDecisionCount=5 movementCommandCount=87 signature=0:MRIGHT,MRIGHT,MRIGHT,MRIGHT,MRIGHT,MRIGHT,MDOWN_RIGHT,MDOWN_LEFT,MDOWN_LEFT,MDOWN_LEFT,MDOWN_LEFT,MUP_LEFT,MUP_LEFT,MUP_RIGHT,MUP_LEFT,W1,;1:MUP_LEFT,MUP_RIGHT,MUP_RIGHT,MRIGHT,MRIGHT,MDOWN_RIGHT,MDOWN_RIGHT,MDOWN_RIGHT,MDOWN_LEFT,MDOWN_RIGHT,MDOWN_RIGHT,MRIGHT,W10,;2:MUP_LEFT,MUP_RIGHT,MUP_RIGHT,MUP_RIGHT,MUP_RIGHT,MUP_RIGHT,MUP_RIGHT,MLEFT,MLEFT,MLEFT,MLEFT,MLEFT,MLEFT,W4,;3:MLEFT,MLEFT,MDOWN_LEFT,W1,MUP_RIGHT,MRIGHT,MRIGHT,W17,;
V2_TIMING_BREAKDOWN day=3 catalogWallMillis=7 searchWallMillis=161 stageBTerminalWallMillis=7 stageATerminalAccumulatedMillis=10 stageBTerminalAccumulatedMillis=0 totalWallMillis=175 fullCoupledEvaluationCount=16
V2_JOINT_BEAM_DONE day=3 beamWidth=48 maxExpandedStates=64 expanded=64 generatedChildren=195 uniqueStates=131 collectChildrenGenerated=74 stopChildrenGenerated=121 rootScheduleStates=12 duplicateStatesRejected=77 dominatedStatesRejected=0 terminalStates=131 continuingTerminalCandidates=121 fullyStoppedTerminalCandidates=10 stageATerminalEvaluations=131 stageBRequested=16 stageBDuplicateCandidatesSkipped=87 terminalPlansEvaluated=16 selectedOwnSemiBrands=4 selectedOwnSemiCollections=11 selectedCoupledOwnCollections=7 selectedBaselineOpponentCollections=15 selectedCoupledOpponentCollections=12 selectedHybridOwnScore4=40 selectedHybridOpponentScore4=57 selectedHybridMarginScore4=-17 catalogPathfindingExecutions=8 searchPathfindingExecutions=0 planningMillis=175 planningDeadlineTriggered=false deadlinePhase=NONE
R3_PORTFOLIO_SUMMARY day=3 partialToursGenerated=112 partialToursPruned=18 skeletonsConsidered=48 skeletonsValidated=24 skeletonsValid=14 skeletonsRetained=12 rootCandidates=13 rootsInitiallyAdmitted=13 rootsSurvivingMerge=13 selectedSupportServiceCount=3 selectedSupportedPatrols=[0, 1, 2] selectedSupportSkeletonSignature=3:0@12/7,1@12/7,2@6/13 stageATerminals=131 stageBRequested=16 stageBEvaluated=16 stageBSkippedForDeadline=0 tourCatalogPathfindingExecutions=28 tourSearchPathfindingExecutions=0 beamSearchPathfindingExecutions=0 planningDeadlineTriggered=false deadlinePhase=NONE incumbentSource=STAGE_B fallbackUsed=false terminalEvaluationWallMillis=7 terminalEvaluationAccumulatedMillis=10 wallPlanningMillis=209
LOCAL_PLAN_VALID matchId=m-5330 day=3 mode=JointTeamBeamR3Planner
ACTION_REQUEST_FINGERPRINT matchId=m-5330 day=3 agentCount=4 serializedLength=116 fingerprint=8c238dc4
ACTION_DURATION_AUDIT matchId=m-5330 day=3 agent=0 dayBudget=30 plannerDuration=30 validatedDuration=30 encodedDuration=30 actionCount=15 finalAction=WAIT(2) paddingApplied=false
ACTION_WIRE_REPLAY_AUDIT matchId=m-5330 day=3 agent=0 dayBudget=30 simulatedDuration=30 wireReplayDuration=30 simulatedEndPosition=63 wireReplayEndPosition=63 simulatedPatrolFuel=51 wireReplayPatrolFuel=51 actionCount=15 durationMatch=true positionMatch=true fuelMatch=true fuelCheckReason=finiteFuelCompared
ACTION_DURATION_AUDIT matchId=m-5330 day=3 agent=1 dayBudget=30 plannerDuration=30 validatedDuration=30 encodedDuration=30 actionCount=13 finalAction=WAIT(10) paddingApplied=false
ACTION_WIRE_REPLAY_AUDIT matchId=m-5330 day=3 agent=1 dayBudget=30 simulatedDuration=30 wireReplayDuration=30 simulatedEndPosition=63 wireReplayEndPosition=63 simulatedPatrolFuel=52 wireReplayPatrolFuel=52 actionCount=13 durationMatch=true positionMatch=true fuelMatch=true fuelCheckReason=finiteFuelCompared
ACTION_DURATION_AUDIT matchId=m-5330 day=3 agent=2 dayBudget=30 plannerDuration=30 validatedDuration=30 encodedDuration=30 actionCount=14 finalAction=WAIT(4) paddingApplied=false
ACTION_WIRE_REPLAY_AUDIT matchId=m-5330 day=3 agent=2 dayBudget=30 simulatedDuration=30 wireReplayDuration=30 simulatedEndPosition=0 wireReplayEndPosition=0 simulatedPatrolFuel=53 wireReplayPatrolFuel=53 actionCount=14 durationMatch=true positionMatch=true fuelMatch=true fuelCheckReason=finiteFuelCompared
ACTION_DURATION_AUDIT matchId=m-5330 day=3 agent=3 dayBudget=30 plannerDuration=30 validatedDuration=30 encodedDuration=30 actionCount=8 finalAction=WAIT(17) paddingApplied=false
ACTION_WIRE_REPLAY_AUDIT matchId=m-5330 day=3 agent=3 dayBudget=30 simulatedDuration=30 wireReplayDuration=30 simulatedEndPosition=6 wireReplayEndPosition=6 simulatedPatrolFuel=UNAVAILABLE wireReplayPatrolFuel=UNAVAILABLE actionCount=8 durationMatch=true positionMatch=true fuelMatch=NA fuelCheckReason=nonPatrolOrUnavailableFuel
ACTIONS_SUBMITTED matchId=m-5330 day=3 fingerprint=8c238dc4
ACTION_RESPONSE_DAY_OBSERVED matchId=m-5330 submittedDay=3 responseDay=4 delta=1 fingerprint=8c238dc4
UDON_OBSERVABILITY matchId=m-5330 day=3 predictedDayUdon=13 authoritativeActual=UNAVAILABLE
ACTIONS_ACCEPTED matchId=m-5330 day=3
RESULT_WAITING matchId=m-5330 httpStatus=425
RESULT_WAITING matchId=m-5330 httpStatus=425
RESULT_WAITING matchId=m-5330 httpStatus=425
RESULT_WAITING matchId=m-5330 httpStatus=425
RESULT_WAITING matchId=m-5330 httpStatus=425
RESULT_WAITING matchId=m-5330 httpStatus=425
RESULT_WAITING matchId=m-5330 httpStatus=425
RESULT_WAITING matchId=m-5330 httpStatus=425
RESULT_WAITING matchId=m-5330 httpStatus=425
RESULT_WAITING matchId=m-5330 httpStatus=425
RESULT_WAITING matchId=m-5330 httpStatus=425
RESULT_WAITING matchId=m-5330 httpStatus=425
RESULT_WAITING matchId=m-5330 httpStatus=425
RESULT_WAITING matchId=m-5330 httpStatus=425
RESULT_RECEIVED matchId=m-5330 submittedDays=4
FINAL matchId=m-5330 submittedDays=4 rateLimits=0 result={"protocol_version":"v0.1-draft","type":"match_result","match_id":"m-5330","standings":[{"rank":1,"team_id":"team-B","udon_types":4,"daily_types_sum":16,"udon_total":52,"response_ms_total":971},{"rank":2,"team_id":"team-A","udon_types":4,"daily_types_sum":15,"udon_total":46,"response_ms_total":2637}]}
